血統vocab読み込み中...
vocab読み込み済み: 1738種類 (c:\keiba_ai\keiba_ai_ver3.0\data\prediction\models\pedigree_vocab_v5.json)
  1738種類

評価年: 2026
対象場: ['02_hakodate', '03_fukushima', '04_nigata', '05_tokyo', '06_nakayama', '07_chukyo', '08_kyoto', '09_hanshin', '10_kokura']
レースデータ収集中...
src.logic.prediction.race_prediction_engine:c:\keiba_ai\keiba_ai_ver3.0\src\logic\prediction\race_prediction_engine.py
FileNotFoundError: c:\keiba_ai\keiba_ai_ver3.0\data\prediction\models\03_fukushima\dirt2750_lambdarank_model_v5prime_no26.txt
src.logic.prediction.race_prediction_engine:c:\keiba_ai\keiba_ai_ver3.0\src\logic\prediction\race_prediction_engine.py
FileNotFoundError: c:\keiba_ai\keiba_ai_ver3.0\data\prediction\models\03_fukushima\dirt2750_lambdarank_model_v6hit_extreme_no26.txt
src.logic.prediction.race_prediction_engine:c:\keiba_ai\keiba_ai_ver3.0\src\logic\prediction\race_prediction_engine.py
FileNotFoundError: c:\keiba_ai\keiba_ai_ver3.0\data\prediction\models\03_fukushima\dirt2750_lambdarank_model_v5prime.txt
src.logic.prediction.race_prediction_engine:c:\keiba_ai\keiba_ai_ver3.0\src\logic\prediction\race_prediction_engine.py
FileNotFoundError: c:\keiba_ai\keiba_ai_ver3.0\data\prediction\models\03_fukushima\dirt2750_lambdarank_model_v6hit_extreme.txt
src.logic.prediction.race_prediction_engine:c:\keiba_ai\keiba_ai_ver3.0\src\logic\prediction\race_prediction_engine.py
FileNotFoundError: c:\keiba_ai\keiba_ai_ver3.0\data\prediction\models\03_fukushima\dirt2750_lambdarank_model_v5prime_no26.txt
src.logic.prediction.race_prediction_engine:c:\keiba_ai\keiba_ai_ver3.0\src\logic\prediction\race_prediction_engine.py
FileNotFoundError: c:\keiba_ai\keiba_ai_ver3.0\data\prediction\models\03_fukushima\dirt2750_lambdarank_model_v6hit_extreme_no26.txt
src.logic.prediction.race_prediction_engine:c:\keiba_ai\keiba_ai_ver3.0\src\logic\prediction\race_prediction_engine.py
FileNotFoundError: c:\keiba_ai\keiba_ai_ver3.0\data\prediction\models\03_fukushima\dirt2750_lambdarank_model_v5prime.txt
src.logic.prediction.race_prediction_engine:c:\keiba_ai\keiba_ai_ver3.0\src\logic\prediction\race_prediction_engine.py
FileNotFoundError: c:\keiba_ai\keiba_ai_ver3.0\data\prediction\models\03_fukushima\dirt2750_lambdarank_model_v6hit_extreme.txt
src.logic.prediction.race_prediction_engine:c:\keiba_ai\keiba_ai_ver3.0\src\logic\prediction\race_prediction_engine.py
FileNotFoundError: c:\keiba_ai\keiba_ai_ver3.0\data\prediction\models\03_fukushima\dirt2750_lambdarank_model_v5prime_no26.txt
src.logic.prediction.race_prediction_engine:c:\keiba_ai\keiba_ai_ver3.0\src\logic\prediction\race_prediction_engine.py
FileNotFoundError: c:\keiba_ai\keiba_ai_ver3.0\data\prediction\models\03_fukushima\dirt2750_lambdarank_model_v6hit_extreme_no26.txt
src.logic.prediction.race_prediction_engine:c:\keiba_ai\keiba_ai_ver3.0\src\logic\prediction\race_prediction_engine.py
FileNotFoundError: c:\keiba_ai\keiba_ai_ver3.0\data\prediction\models\03_fukushima\dirt2750_lambdarank_model_v5prime.txt
src.logic.prediction.race_prediction_engine:c:\keiba_ai\keiba_ai_ver3.0\src\logic\prediction\race_prediction_engine.py
FileNotFoundError: c:\keiba_ai\keiba_ai_ver3.0\data\prediction\models\03_fukushima\dirt2750_lambdarank_model_v6hit_extreme.txt
  200R収集済み (629秒)
src.logic.prediction.race_prediction_engine:c:\keiba_ai\keiba_ai_ver3.0\src\logic\prediction\race_prediction_engine.py
FileNotFoundError: c:\keiba_ai\keiba_ai_ver3.0\data\prediction\models\04_nigata\dirt2890_lambdarank_model_v5prime_no26.txt
src.logic.prediction.race_prediction_engine:c:\keiba_ai\keiba_ai_ver3.0\src\logic\prediction\race_prediction_engine.py
FileNotFoundError: c:\keiba_ai\keiba_ai_ver3.0\data\prediction\models\04_nigata\dirt2890_lambdarank_model_v6hit_extreme_no26.txt
src.logic.prediction.race_prediction_engine:c:\keiba_ai\keiba_ai_ver3.0\src\logic\prediction\race_prediction_engine.py
FileNotFoundError: c:\keiba_ai\keiba_ai_ver3.0\data\prediction\models\04_nigata\dirt2890_lambdarank_model_v5prime.txt
src.logic.prediction.race_prediction_engine:c:\keiba_ai\keiba_ai_ver3.0\src\logic\prediction\race_prediction_engine.py
FileNotFoundError: c:\keiba_ai\keiba_ai_ver3.0\data\prediction\models\04_nigata\dirt2890_lambdarank_model_v6hit_extreme.txt
src.logic.prediction.race_prediction_engine:c:\keiba_ai\keiba_ai_ver3.0\src\logic\prediction\race_prediction_engine.py
FileNotFoundError: c:\keiba_ai\keiba_ai_ver3.0\data\prediction\models\04_nigata\dirt2890_lambdarank_model_v5prime_no26.txt
src.logic.prediction.race_prediction_engine:c:\keiba_ai\keiba_ai_ver3.0\src\logic\prediction\race_prediction_engine.py
FileNotFoundError: c:\keiba_ai\keiba_ai_ver3.0\data\prediction\models\04_nigata\dirt2890_lambdarank_model_v6hit_extreme_no26.txt
src.logic.prediction.race_prediction_engine:c:\keiba_ai\keiba_ai_ver3.0\src\logic\prediction\race_prediction_engine.py
FileNotFoundError: c:\keiba_ai\keiba_ai_ver3.0\data\prediction\models\04_nigata\dirt2890_lambdarank_model_v5prime.txt
src.logic.prediction.race_prediction_engine:c:\keiba_ai\keiba_ai_ver3.0\src\logic\prediction\race_prediction_engine.py
FileNotFoundError: c:\keiba_ai\keiba_ai_ver3.0\data\prediction\models\04_nigata\dirt2890_lambdarank_model_v6hit_extreme.txt
src.logic.prediction.race_prediction_engine:c:\keiba_ai\keiba_ai_ver3.0\src\logic\prediction\race_prediction_engine.py
FileNotFoundError: c:\keiba_ai\keiba_ai_ver3.0\data\prediction\models\04_nigata\dirt2890_lambdarank_model_v5prime_no26.txt
src.logic.prediction.race_prediction_engine:c:\keiba_ai\keiba_ai_ver3.0\src\logic\prediction\race_prediction_engine.py
FileNotFoundError: c:\keiba_ai\keiba_ai_ver3.0\data\prediction\models\04_nigata\dirt2890_lambdarank_model_v6hit_extreme_no26.txt
src.logic.prediction.race_prediction_engine:c:\keiba_ai\keiba_ai_ver3.0\src\logic\prediction\race_prediction_engine.py
FileNotFoundError: c:\keiba_ai\keiba_ai_ver3.0\data\prediction\models\04_nigata\dirt2890_lambdarank_model_v5prime.txt
src.logic.prediction.race_prediction_engine:c:\keiba_ai\keiba_ai_ver3.0\src\logic\prediction\race_prediction_engine.py
FileNotFoundError: c:\keiba_ai\keiba_ai_ver3.0\data\prediction\models\04_nigata\dirt2890_lambdarank_model_v6hit_extreme.txt
src.logic.prediction.race_prediction_engine:c:\keiba_ai\keiba_ai_ver3.0\src\logic\prediction\race_prediction_engine.py
FileNotFoundError: c:\keiba_ai\keiba_ai_ver3.0\data\prediction\models\04_nigata\dirt2890_lambdarank_model_v5prime_no26.txt
src.logic.prediction.race_prediction_engine:c:\keiba_ai\keiba_ai_ver3.0\src\logic\prediction\race_prediction_engine.py
FileNotFoundError: c:\keiba_ai\keiba_ai_ver3.0\data\prediction\models\04_nigata\dirt2890_lambdarank_model_v6hit_extreme_no26.txt
src.logic.prediction.race_prediction_engine:c:\keiba_ai\keiba_ai_ver3.0\src\logic\prediction\race_prediction_engine.py
FileNotFoundError: c:\keiba_ai\keiba_ai_ver3.0\data\prediction\models\04_nigata\dirt2890_lambdarank_model_v5prime.txt
src.logic.prediction.race_prediction_engine:c:\keiba_ai\keiba_ai_ver3.0\src\logic\prediction\race_prediction_engine.py
FileNotFoundError: c:\keiba_ai\keiba_ai_ver3.0\data\prediction\models\04_nigata\dirt2890_lambdarank_model_v6hit_extreme.txt
src.logic.prediction.race_prediction_engine:c:\keiba_ai\keiba_ai_ver3.0\src\logic\prediction\race_prediction_engine.py
FileNotFoundError: c:\keiba_ai\keiba_ai_ver3.0\data\prediction\models\04_nigata\dirt2890_lambdarank_model_v5prime_no26.txt
src.logic.prediction.race_prediction_engine:c:\keiba_ai\keiba_ai_ver3.0\src\logic\prediction\race_prediction_engine.py
FileNotFoundError: c:\keiba_ai\keiba_ai_ver3.0\data\prediction\models\04_nigata\dirt2890_lambdarank_model_v6hit_extreme_no26.txt
src.logic.prediction.race_prediction_engine:c:\keiba_ai\keiba_ai_ver3.0\src\logic\prediction\race_prediction_engine.py
FileNotFoundError: c:\keiba_ai\keiba_ai_ver3.0\data\prediction\models\04_nigata\dirt2890_lambdarank_model_v5prime.txt
src.logic.prediction.race_prediction_engine:c:\keiba_ai\keiba_ai_ver3.0\src\logic\prediction\race_prediction_engine.py
FileNotFoundError: c:\keiba_ai\keiba_ai_ver3.0\data\prediction\models\04_nigata\dirt2890_lambdarank_model_v6hit_extreme.txt
src.logic.prediction.race_prediction_engine:c:\keiba_ai\keiba_ai_ver3.0\src\logic\prediction\race_prediction_engine.py
FileNotFoundError: c:\keiba_ai\keiba_ai_ver3.0\data\prediction\models\04_nigata\dirt2890_lambdarank_model_v5prime_no26.txt
src.logic.prediction.race_prediction_engine:c:\keiba_ai\keiba_ai_ver3.0\src\logic\prediction\race_prediction_engine.py
FileNotFoundError: c:\keiba_ai\keiba_ai_ver3.0\data\prediction\models\04_nigata\dirt2890_lambdarank_model_v6hit_extreme_no26.txt
src.logic.prediction.race_prediction_engine:c:\keiba_ai\keiba_ai_ver3.0\src\logic\prediction\race_prediction_engine.py
FileNotFoundError: c:\keiba_ai\keiba_ai_ver3.0\data\prediction\models\04_nigata\dirt2890_lambdarank_model_v5prime.txt
src.logic.prediction.race_prediction_engine:c:\keiba_ai\keiba_ai_ver3.0\src\logic\prediction\race_prediction_engine.py
FileNotFoundError: c:\keiba_ai\keiba_ai_ver3.0\data\prediction\models\04_nigata\dirt2890_lambdarank_model_v6hit_extreme.txt
src.logic.prediction.race_prediction_engine:c:\keiba_ai\keiba_ai_ver3.0\src\logic\prediction\race_prediction_engine.py
FileNotFoundError: c:\keiba_ai\keiba_ai_ver3.0\data\prediction\models\04_nigata\dirt2890_lambdarank_model_v5prime_no26.txt
src.logic.prediction.race_prediction_engine:c:\keiba_ai\keiba_ai_ver3.0\src\logic\prediction\race_prediction_engine.py
FileNotFoundError: c:\keiba_ai\keiba_ai_ver3.0\data\prediction\models\04_nigata\dirt2890_lambdarank_model_v6hit_extreme_no26.txt
src.logic.prediction.race_prediction_engine:c:\keiba_ai\keiba_ai_ver3.0\src\logic\prediction\race_prediction_engine.py
FileNotFoundError: c:\keiba_ai\keiba_ai_ver3.0\data\prediction\models\04_nigata\dirt2890_lambdarank_model_v5prime.txt
src.logic.prediction.race_prediction_engine:c:\keiba_ai\keiba_ai_ver3.0\src\logic\prediction\race_prediction_engine.py
FileNotFoundError: c:\keiba_ai\keiba_ai_ver3.0\data\prediction\models\04_nigata\dirt2890_lambdarank_model_v6hit_extreme.txt
src.logic.prediction.race_prediction_engine:c:\keiba_ai\keiba_ai_ver3.0\src\logic\prediction\race_prediction_engine.py
FileNotFoundError: c:\keiba_ai\keiba_ai_ver3.0\data\prediction\models\04_nigata\dirt2890_lambdarank_model_v5prime_no26.txt
src.logic.prediction.race_prediction_engine:c:\keiba_ai\keiba_ai_ver3.0\src\logic\prediction\race_prediction_engine.py
FileNotFoundError: c:\keiba_ai\keiba_ai_ver3.0\data\prediction\models\04_nigata\dirt2890_lambdarank_model_v6hit_extreme_no26.txt
src.logic.prediction.race_prediction_engine:c:\keiba_ai\keiba_ai_ver3.0\src\logic\prediction\race_prediction_engine.py
FileNotFoundError: c:\keiba_ai\keiba_ai_ver3.0\data\prediction\models\04_nigata\dirt2890_lambdarank_model_v5prime.txt
src.logic.prediction.race_prediction_engine:c:\keiba_ai\keiba_ai_ver3.0\src\logic\prediction\race_prediction_engine.py
FileNotFoundError: c:\keiba_ai\keiba_ai_ver3.0\data\prediction\models\04_nigata\dirt2890_lambdarank_model_v6hit_extreme.txt
src.logic.prediction.race_prediction_engine:c:\keiba_ai\keiba_ai_ver3.0\src\logic\prediction\race_prediction_engine.py
FileNotFoundError: c:\keiba_ai\keiba_ai_ver3.0\data\prediction\models\04_nigata\dirt2890_lambdarank_model_v5prime_no26.txt
src.logic.prediction.race_prediction_engine:c:\keiba_ai\keiba_ai_ver3.0\src\logic\prediction\race_prediction_engine.py
FileNotFoundError: c:\keiba_ai\keiba_ai_ver3.0\data\prediction\models\04_nigata\dirt2890_lambdarank_model_v6hit_extreme_no26.txt
src.logic.prediction.race_prediction_engine:c:\keiba_ai\keiba_ai_ver3.0\src\logic\prediction\race_prediction_engine.py
FileNotFoundError: c:\keiba_ai\keiba_ai_ver3.0\data\prediction\models\04_nigata\dirt2890_lambdarank_model_v5prime.txt
src.logic.prediction.race_prediction_engine:c:\keiba_ai\keiba_ai_ver3.0\src\logic\prediction\race_prediction_engine.py
FileNotFoundError: c:\keiba_ai\keiba_ai_ver3.0\data\prediction\models\04_nigata\dirt2890_lambdarank_model_v6hit_extreme.txt
src.logic.prediction.race_prediction_engine:c:\keiba_ai\keiba_ai_ver3.0\src\logic\prediction\race_prediction_engine.py
FileNotFoundError: c:\keiba_ai\keiba_ai_ver3.0\data\prediction\models\04_nigata\dirt3290_lambdarank_model_v5prime_no26.txt
src.logic.prediction.race_prediction_engine:c:\keiba_ai\keiba_ai_ver3.0\src\logic\prediction\race_prediction_engine.py
FileNotFoundError: c:\keiba_ai\keiba_ai_ver3.0\data\prediction\models\04_nigata\dirt3290_lambdarank_model_v6hit_extreme_no26.txt
src.logic.prediction.race_prediction_engine:c:\keiba_ai\keiba_ai_ver3.0\src\logic\prediction\race_prediction_engine.py
FileNotFoundError: c:\keiba_ai\keiba_ai_ver3.0\data\prediction\models\04_nigata\dirt3290_lambdarank_model_v5prime.txt
src.logic.prediction.race_prediction_engine:c:\keiba_ai\keiba_ai_ver3.0\src\logic\prediction\race_prediction_engine.py
FileNotFoundError: c:\keiba_ai\keiba_ai_ver3.0\data\prediction\models\04_nigata\dirt3290_lambdarank_model_v6hit_extreme.txt
src.logic.prediction.race_prediction_engine:c:\keiba_ai\keiba_ai_ver3.0\src\logic\prediction\race_prediction_engine.py
FileNotFoundError: c:\keiba_ai\keiba_ai_ver3.0\data\prediction\models\04_nigata\dirt2890_lambdarank_model_v5prime_no26.txt
src.logic.prediction.race_prediction_engine:c:\keiba_ai\keiba_ai_ver3.0\src\logic\prediction\race_prediction_engine.py
FileNotFoundError: c:\keiba_ai\keiba_ai_ver3.0\data\prediction\models\04_nigata\dirt2890_lambdarank_model_v6hit_extreme_no26.txt
src.logic.prediction.race_prediction_engine:c:\keiba_ai\keiba_ai_ver3.0\src\logic\prediction\race_prediction_engine.py
FileNotFoundError: c:\keiba_ai\keiba_ai_ver3.0\data\prediction\models\04_nigata\dirt2890_lambdarank_model_v5prime.txt
src.logic.prediction.race_prediction_engine:c:\keiba_ai\keiba_ai_ver3.0\src\logic\prediction\race_prediction_engine.py
FileNotFoundError: c:\keiba_ai\keiba_ai_ver3.0\data\prediction\models\04_nigata\dirt2890_lambdarank_model_v6hit_extreme.txt
  400R収集済み (1996秒)
src.logic.prediction.race_prediction_engine:c:\keiba_ai\keiba_ai_ver3.0\src\logic\prediction\race_prediction_engine.py
FileNotFoundError: c:\keiba_ai\keiba_ai_ver3.0\data\prediction\models\05_tokyo\dirt3000_lambdarank_model_v5prime_no26.txt
src.logic.prediction.race_prediction_engine:c:\keiba_ai\keiba_ai_ver3.0\src\logic\prediction\race_prediction_engine.py
FileNotFoundError: c:\keiba_ai\keiba_ai_ver3.0\data\prediction\models\05_tokyo\dirt3000_lambdarank_model_v6hit_extreme_no26.txt
src.logic.prediction.race_prediction_engine:c:\keiba_ai\keiba_ai_ver3.0\src\logic\prediction\race_prediction_engine.py
FileNotFoundError: c:\keiba_ai\keiba_ai_ver3.0\data\prediction\models\05_tokyo\dirt3000_lambdarank_model_v5prime.txt
src.logic.prediction.race_prediction_engine:c:\keiba_ai\keiba_ai_ver3.0\src\logic\prediction\race_prediction_engine.py
FileNotFoundError: c:\keiba_ai\keiba_ai_ver3.0\data\prediction\models\05_tokyo\dirt3000_lambdarank_model_v6hit_extreme.txt
src.logic.prediction.race_prediction_engine:c:\keiba_ai\keiba_ai_ver3.0\src\logic\prediction\race_prediction_engine.py
FileNotFoundError: c:\keiba_ai\keiba_ai_ver3.0\data\prediction\models\05_tokyo\dirt3000_lambdarank_model_v5prime_no26.txt
src.logic.prediction.race_prediction_engine:c:\keiba_ai\keiba_ai_ver3.0\src\logic\prediction\race_prediction_engine.py
FileNotFoundError: c:\keiba_ai\keiba_ai_ver3.0\data\prediction\models\05_tokyo\dirt3000_lambdarank_model_v6hit_extreme_no26.txt
src.logic.prediction.race_prediction_engine:c:\keiba_ai\keiba_ai_ver3.0\src\logic\prediction\race_prediction_engine.py
FileNotFoundError: c:\keiba_ai\keiba_ai_ver3.0\data\prediction\models\05_tokyo\dirt3000_lambdarank_model_v5prime.txt
src.logic.prediction.race_prediction_engine:c:\keiba_ai\keiba_ai_ver3.0\src\logic\prediction\race_prediction_engine.py
FileNotFoundError: c:\keiba_ai\keiba_ai_ver3.0\data\prediction\models\05_tokyo\dirt3000_lambdarank_model_v6hit_extreme.txt
src.logic.prediction.race_prediction_engine:c:\keiba_ai\keiba_ai_ver3.0\src\logic\prediction\race_prediction_engine.py
FileNotFoundError: c:\keiba_ai\keiba_ai_ver3.0\data\prediction\models\05_tokyo\dirt3110_lambdarank_model_v5prime_no26.txt
src.logic.prediction.race_prediction_engine:c:\keiba_ai\keiba_ai_ver3.0\src\logic\prediction\race_prediction_engine.py
FileNotFoundError: c:\keiba_ai\keiba_ai_ver3.0\data\prediction\models\05_tokyo\dirt3110_lambdarank_model_v6hit_extreme_no26.txt
src.logic.prediction.race_prediction_engine:c:\keiba_ai\keiba_ai_ver3.0\src\logic\prediction\race_prediction_engine.py
FileNotFoundError: c:\keiba_ai\keiba_ai_ver3.0\data\prediction\models\05_tokyo\dirt3110_lambdarank_model_v5prime.txt
src.logic.prediction.race_prediction_engine:c:\keiba_ai\keiba_ai_ver3.0\src\logic\prediction\race_prediction_engine.py
FileNotFoundError: c:\keiba_ai\keiba_ai_ver3.0\data\prediction\models\05_tokyo\dirt3110_lambdarank_model_v6hit_extreme.txt
src.logic.prediction.race_prediction_engine:c:\keiba_ai\keiba_ai_ver3.0\src\logic\prediction\race_prediction_engine.py
FileNotFoundError: c:\keiba_ai\keiba_ai_ver3.0\data\prediction\models\05_tokyo\dirt3000_lambdarank_model_v5prime_no26.txt
src.logic.prediction.race_prediction_engine:c:\keiba_ai\keiba_ai_ver3.0\src\logic\prediction\race_prediction_engine.py
FileNotFoundError: c:\keiba_ai\keiba_ai_ver3.0\data\prediction\models\05_tokyo\dirt3000_lambdarank_model_v6hit_extreme_no26.txt
src.logic.prediction.race_prediction_engine:c:\keiba_ai\keiba_ai_ver3.0\src\logic\prediction\race_prediction_engine.py
FileNotFoundError: c:\keiba_ai\keiba_ai_ver3.0\data\prediction\models\05_tokyo\dirt3000_lambdarank_model_v5prime.txt
src.logic.prediction.race_prediction_engine:c:\keiba_ai\keiba_ai_ver3.0\src\logic\prediction\race_prediction_engine.py
FileNotFoundError: c:\keiba_ai\keiba_ai_ver3.0\data\prediction\models\05_tokyo\dirt3000_lambdarank_model_v6hit_extreme.txt
  600R収集済み (3597秒)
src.logic.prediction.race_prediction_engine:c:\keiba_ai\keiba_ai_ver3.0\src\logic\prediction\race_prediction_engine.py
FileNotFoundError: c:\keiba_ai\keiba_ai_ver3.0\data\prediction\models\06_nakayama\dirt3200_lambdarank_model_v5prime_no26.txt
src.logic.prediction.race_prediction_engine:c:\keiba_ai\keiba_ai_ver3.0\src\logic\prediction\race_prediction_engine.py
FileNotFoundError: c:\keiba_ai\keiba_ai_ver3.0\data\prediction\models\06_nakayama\dirt3200_lambdarank_model_v6hit_extreme_no26.txt
src.logic.prediction.race_prediction_engine:c:\keiba_ai\keiba_ai_ver3.0\src\logic\prediction\race_prediction_engine.py
FileNotFoundError: c:\keiba_ai\keiba_ai_ver3.0\data\prediction\models\06_nakayama\dirt3200_lambdarank_model_v5prime.txt
src.logic.prediction.race_prediction_engine:c:\keiba_ai\keiba_ai_ver3.0\src\logic\prediction\race_prediction_engine.py
FileNotFoundError: c:\keiba_ai\keiba_ai_ver3.0\data\prediction\models\06_nakayama\dirt3200_lambdarank_model_v6hit_extreme.txt
src.logic.prediction.race_prediction_engine:c:\keiba_ai\keiba_ai_ver3.0\src\logic\prediction\race_prediction_engine.py
FileNotFoundError: c:\keiba_ai\keiba_ai_ver3.0\data\prediction\models\06_nakayama\dirt2880_lambdarank_model_v5prime_no26.txt
src.logic.prediction.race_prediction_engine:c:\keiba_ai\keiba_ai_ver3.0\src\logic\prediction\race_prediction_engine.py
FileNotFoundError: c:\keiba_ai\keiba_ai_ver3.0\data\prediction\models\06_nakayama\dirt2880_lambdarank_model_v6hit_extreme_no26.txt
src.logic.prediction.race_prediction_engine:c:\keiba_ai\keiba_ai_ver3.0\src\logic\prediction\race_prediction_engine.py
FileNotFoundError: c:\keiba_ai\keiba_ai_ver3.0\data\prediction\models\06_nakayama\dirt2880_lambdarank_model_v5prime.txt
src.logic.prediction.race_prediction_engine:c:\keiba_ai\keiba_ai_ver3.0\src\logic\prediction\race_prediction_engine.py
FileNotFoundError: c:\keiba_ai\keiba_ai_ver3.0\data\prediction\models\06_nakayama\dirt2880_lambdarank_model_v6hit_extreme.txt
src.logic.prediction.race_prediction_engine:c:\keiba_ai\keiba_ai_ver3.0\src\logic\prediction\race_prediction_engine.py
FileNotFoundError: c:\keiba_ai\keiba_ai_ver3.0\data\prediction\models\06_nakayama\dirt2880_lambdarank_model_v5prime_no26.txt
src.logic.prediction.race_prediction_engine:c:\keiba_ai\keiba_ai_ver3.0\src\logic\prediction\race_prediction_engine.py
FileNotFoundError: c:\keiba_ai\keiba_ai_ver3.0\data\prediction\models\06_nakayama\dirt2880_lambdarank_model_v6hit_extreme_no26.txt
src.logic.prediction.race_prediction_engine:c:\keiba_ai\keiba_ai_ver3.0\src\logic\prediction\race_prediction_engine.py
FileNotFoundError: c:\keiba_ai\keiba_ai_ver3.0\data\prediction\models\06_nakayama\dirt2880_lambdarank_model_v5prime.txt
src.logic.prediction.race_prediction_engine:c:\keiba_ai\keiba_ai_ver3.0\src\logic\prediction\race_prediction_engine.py
FileNotFoundError: c:\keiba_ai\keiba_ai_ver3.0\data\prediction\models\06_nakayama\dirt2880_lambdarank_model_v6hit_extreme.txt
src.logic.prediction.race_prediction_engine:c:\keiba_ai\keiba_ai_ver3.0\src\logic\prediction\race_prediction_engine.py
FileNotFoundError: c:\keiba_ai\keiba_ai_ver3.0\data\prediction\models\06_nakayama\dirt2880_lambdarank_model_v5prime_no26.txt
src.logic.prediction.race_prediction_engine:c:\keiba_ai\keiba_ai_ver3.0\src\logic\prediction\race_prediction_engine.py
FileNotFoundError: c:\keiba_ai\keiba_ai_ver3.0\data\prediction\models\06_nakayama\dirt2880_lambdarank_model_v6hit_extreme_no26.txt
src.logic.prediction.race_prediction_engine:c:\keiba_ai\keiba_ai_ver3.0\src\logic\prediction\race_prediction_engine.py
FileNotFoundError: c:\keiba_ai\keiba_ai_ver3.0\data\prediction\models\06_nakayama\dirt2880_lambdarank_model_v5prime.txt
src.logic.prediction.race_prediction_engine:c:\keiba_ai\keiba_ai_ver3.0\src\logic\prediction\race_prediction_engine.py
FileNotFoundError: c:\keiba_ai\keiba_ai_ver3.0\data\prediction\models\06_nakayama\dirt2880_lambdarank_model_v6hit_extreme.txt
src.logic.prediction.race_prediction_engine:c:\keiba_ai\keiba_ai_ver3.0\src\logic\prediction\race_prediction_engine.py
FileNotFoundError: c:\keiba_ai\keiba_ai_ver3.0\data\prediction\models\06_nakayama\dirt3200_lambdarank_model_v5prime_no26.txt
src.logic.prediction.race_prediction_engine:c:\keiba_ai\keiba_ai_ver3.0\src\logic\prediction\race_prediction_engine.py
FileNotFoundError: c:\keiba_ai\keiba_ai_ver3.0\data\prediction\models\06_nakayama\dirt3200_lambdarank_model_v6hit_extreme_no26.txt
src.logic.prediction.race_prediction_engine:c:\keiba_ai\keiba_ai_ver3.0\src\logic\prediction\race_prediction_engine.py
FileNotFoundError: c:\keiba_ai\keiba_ai_ver3.0\data\prediction\models\06_nakayama\dirt3200_lambdarank_model_v5prime.txt
src.logic.prediction.race_prediction_engine:c:\keiba_ai\keiba_ai_ver3.0\src\logic\prediction\race_prediction_engine.py
FileNotFoundError: c:\keiba_ai\keiba_ai_ver3.0\data\prediction\models\06_nakayama\dirt3200_lambdarank_model_v6hit_extreme.txt
src.logic.prediction.race_prediction_engine:c:\keiba_ai\keiba_ai_ver3.0\src\logic\prediction\race_prediction_engine.py
FileNotFoundError: c:\keiba_ai\keiba_ai_ver3.0\data\prediction\models\06_nakayama\dirt2880_lambdarank_model_v5prime_no26.txt
src.logic.prediction.race_prediction_engine:c:\keiba_ai\keiba_ai_ver3.0\src\logic\prediction\race_prediction_engine.py
FileNotFoundError: c:\keiba_ai\keiba_ai_ver3.0\data\prediction\models\06_nakayama\dirt2880_lambdarank_model_v6hit_extreme_no26.txt
src.logic.prediction.race_prediction_engine:c:\keiba_ai\keiba_ai_ver3.0\src\logic\prediction\race_prediction_engine.py
FileNotFoundError: c:\keiba_ai\keiba_ai_ver3.0\data\prediction\models\06_nakayama\dirt2880_lambdarank_model_v5prime.txt
src.logic.prediction.race_prediction_engine:c:\keiba_ai\keiba_ai_ver3.0\src\logic\prediction\race_prediction_engine.py
FileNotFoundError: c:\keiba_ai\keiba_ai_ver3.0\data\prediction\models\06_nakayama\dirt2880_lambdarank_model_v6hit_extreme.txt
src.logic.prediction.race_prediction_engine:c:\keiba_ai\keiba_ai_ver3.0\src\logic\prediction\race_prediction_engine.py
FileNotFoundError: c:\keiba_ai\keiba_ai_ver3.0\data\prediction\models\06_nakayama\dirt3350_lambdarank_model_v5prime_no26.txt
src.logic.prediction.race_prediction_engine:c:\keiba_ai\keiba_ai_ver3.0\src\logic\prediction\race_prediction_engine.py
FileNotFoundError: c:\keiba_ai\keiba_ai_ver3.0\data\prediction\models\06_nakayama\dirt3350_lambdarank_model_v6hit_extreme_no26.txt
src.logic.prediction.race_prediction_engine:c:\keiba_ai\keiba_ai_ver3.0\src\logic\prediction\race_prediction_engine.py
FileNotFoundError: c:\keiba_ai\keiba_ai_ver3.0\data\prediction\models\06_nakayama\dirt3350_lambdarank_model_v5prime.txt
src.logic.prediction.race_prediction_engine:c:\keiba_ai\keiba_ai_ver3.0\src\logic\prediction\race_prediction_engine.py
FileNotFoundError: c:\keiba_ai\keiba_ai_ver3.0\data\prediction\models\06_nakayama\dirt3350_lambdarank_model_v6hit_extreme.txt
src.logic.prediction.race_prediction_engine:c:\keiba_ai\keiba_ai_ver3.0\src\logic\prediction\race_prediction_engine.py
FileNotFoundError: c:\keiba_ai\keiba_ai_ver3.0\data\prediction\models\06_nakayama\dirt2880_lambdarank_model_v5prime_no26.txt
src.logic.prediction.race_prediction_engine:c:\keiba_ai\keiba_ai_ver3.0\src\logic\prediction\race_prediction_engine.py
FileNotFoundError: c:\keiba_ai\keiba_ai_ver3.0\data\prediction\models\06_nakayama\dirt2880_lambdarank_model_v6hit_extreme_no26.txt
src.logic.prediction.race_prediction_engine:c:\keiba_ai\keiba_ai_ver3.0\src\logic\prediction\race_prediction_engine.py
FileNotFoundError: c:\keiba_ai\keiba_ai_ver3.0\data\prediction\models\06_nakayama\dirt2880_lambdarank_model_v5prime.txt
src.logic.prediction.race_prediction_engine:c:\keiba_ai\keiba_ai_ver3.0\src\logic\prediction\race_prediction_engine.py
FileNotFoundError: c:\keiba_ai\keiba_ai_ver3.0\data\prediction\models\06_nakayama\dirt2880_lambdarank_model_v6hit_extreme.txt
  800R収集済み (5214秒)
src.logic.prediction.race_prediction_engine:c:\keiba_ai\keiba_ai_ver3.0\src\logic\prediction\race_prediction_engine.py
FileNotFoundError: c:\keiba_ai\keiba_ai_ver3.0\data\prediction\models\06_nakayama\dirt2880_lambdarank_model_v5prime_no26.txt
src.logic.prediction.race_prediction_engine:c:\keiba_ai\keiba_ai_ver3.0\src\logic\prediction\race_prediction_engine.py
FileNotFoundError: c:\keiba_ai\keiba_ai_ver3.0\data\prediction\models\06_nakayama\dirt2880_lambdarank_model_v6hit_extreme_no26.txt
src.logic.prediction.race_prediction_engine:c:\keiba_ai\keiba_ai_ver3.0\src\logic\prediction\race_prediction_engine.py
FileNotFoundError: c:\keiba_ai\keiba_ai_ver3.0\data\prediction\models\06_nakayama\dirt2880_lambdarank_model_v5prime.txt
src.logic.prediction.race_prediction_engine:c:\keiba_ai\keiba_ai_ver3.0\src\logic\prediction\race_prediction_engine.py
FileNotFoundError: c:\keiba_ai\keiba_ai_ver3.0\data\prediction\models\06_nakayama\dirt2880_lambdarank_model_v6hit_extreme.txt
src.logic.prediction.race_prediction_engine:c:\keiba_ai\keiba_ai_ver3.0\src\logic\prediction\race_prediction_engine.py
FileNotFoundError: c:\keiba_ai\keiba_ai_ver3.0\data\prediction\models\06_nakayama\dirt2880_lambdarank_model_v5prime_no26.txt
src.logic.prediction.race_prediction_engine:c:\keiba_ai\keiba_ai_ver3.0\src\logic\prediction\race_prediction_engine.py
FileNotFoundError: c:\keiba_ai\keiba_ai_ver3.0\data\prediction\models\06_nakayama\dirt2880_lambdarank_model_v6hit_extreme_no26.txt
src.logic.prediction.race_prediction_engine:c:\keiba_ai\keiba_ai_ver3.0\src\logic\prediction\race_prediction_engine.py
FileNotFoundError: c:\keiba_ai\keiba_ai_ver3.0\data\prediction\models\06_nakayama\dirt2880_lambdarank_model_v5prime.txt
src.logic.prediction.race_prediction_engine:c:\keiba_ai\keiba_ai_ver3.0\src\logic\prediction\race_prediction_engine.py
FileNotFoundError: c:\keiba_ai\keiba_ai_ver3.0\data\prediction\models\06_nakayama\dirt2880_lambdarank_model_v6hit_extreme.txt
src.logic.prediction.race_prediction_engine:c:\keiba_ai\keiba_ai_ver3.0\src\logic\prediction\race_prediction_engine.py
FileNotFoundError: c:\keiba_ai\keiba_ai_ver3.0\data\prediction\models\06_nakayama\dirt3200_lambdarank_model_v5prime_no26.txt
src.logic.prediction.race_prediction_engine:c:\keiba_ai\keiba_ai_ver3.0\src\logic\prediction\race_prediction_engine.py
FileNotFoundError: c:\keiba_ai\keiba_ai_ver3.0\data\prediction\models\06_nakayama\dirt3200_lambdarank_model_v6hit_extreme_no26.txt
src.logic.prediction.race_prediction_engine:c:\keiba_ai\keiba_ai_ver3.0\src\logic\prediction\race_prediction_engine.py
FileNotFoundError: c:\keiba_ai\keiba_ai_ver3.0\data\prediction\models\06_nakayama\dirt3200_lambdarank_model_v5prime.txt
src.logic.prediction.race_prediction_engine:c:\keiba_ai\keiba_ai_ver3.0\src\logic\prediction\race_prediction_engine.py
FileNotFoundError: c:\keiba_ai\keiba_ai_ver3.0\data\prediction\models\06_nakayama\dirt3200_lambdarank_model_v6hit_extreme.txt
src.logic.prediction.race_prediction_engine:c:\keiba_ai\keiba_ai_ver3.0\src\logic\prediction\race_prediction_engine.py
FileNotFoundError: c:\keiba_ai\keiba_ai_ver3.0\data\prediction\models\06_nakayama\dirt2880_lambdarank_model_v5prime_no26.txt
src.logic.prediction.race_prediction_engine:c:\keiba_ai\keiba_ai_ver3.0\src\logic\prediction\race_prediction_engine.py
FileNotFoundError: c:\keiba_ai\keiba_ai_ver3.0\data\prediction\models\06_nakayama\dirt2880_lambdarank_model_v6hit_extreme_no26.txt
src.logic.prediction.race_prediction_engine:c:\keiba_ai\keiba_ai_ver3.0\src\logic\prediction\race_prediction_engine.py
FileNotFoundError: c:\keiba_ai\keiba_ai_ver3.0\data\prediction\models\06_nakayama\dirt2880_lambdarank_model_v5prime.txt
src.logic.prediction.race_prediction_engine:c:\keiba_ai\keiba_ai_ver3.0\src\logic\prediction\race_prediction_engine.py
FileNotFoundError: c:\keiba_ai\keiba_ai_ver3.0\data\prediction\models\06_nakayama\dirt2880_lambdarank_model_v6hit_extreme.txt
src.logic.prediction.race_prediction_engine:c:\keiba_ai\keiba_ai_ver3.0\src\logic\prediction\race_prediction_engine.py
FileNotFoundError: c:\keiba_ai\keiba_ai_ver3.0\data\prediction\models\06_nakayama\dirt4260_lambdarank_model_v5prime_no26.txt
src.logic.prediction.race_prediction_engine:c:\keiba_ai\keiba_ai_ver3.0\src\logic\prediction\race_prediction_engine.py
FileNotFoundError: c:\keiba_ai\keiba_ai_ver3.0\data\prediction\models\06_nakayama\dirt4260_lambdarank_model_v6hit_extreme_no26.txt
src.logic.prediction.race_prediction_engine:c:\keiba_ai\keiba_ai_ver3.0\src\logic\prediction\race_prediction_engine.py
FileNotFoundError: c:\keiba_ai\keiba_ai_ver3.0\data\prediction\models\06_nakayama\dirt4260_lambdarank_model_v5prime.txt
src.logic.prediction.race_prediction_engine:c:\keiba_ai\keiba_ai_ver3.0\src\logic\prediction\race_prediction_engine.py
FileNotFoundError: c:\keiba_ai\keiba_ai_ver3.0\data\prediction\models\06_nakayama\dirt4260_lambdarank_model_v6hit_extreme.txt
src.logic.prediction.race_prediction_engine:c:\keiba_ai\keiba_ai_ver3.0\src\logic\prediction\race_prediction_engine.py
FileNotFoundError: c:\keiba_ai\keiba_ai_ver3.0\data\prediction\models\08_kyoto\dirt3170_lambdarank_model_v5prime_no26.txt
src.logic.prediction.race_prediction_engine:c:\keiba_ai\keiba_ai_ver3.0\src\logic\prediction\race_prediction_engine.py
FileNotFoundError: c:\keiba_ai\keiba_ai_ver3.0\data\prediction\models\08_kyoto\dirt3170_lambdarank_model_v6hit_extreme_no26.txt
src.logic.prediction.race_prediction_engine:c:\keiba_ai\keiba_ai_ver3.0\src\logic\prediction\race_prediction_engine.py
FileNotFoundError: c:\keiba_ai\keiba_ai_ver3.0\data\prediction\models\08_kyoto\dirt3170_lambdarank_model_v5prime.txt
src.logic.prediction.race_prediction_engine:c:\keiba_ai\keiba_ai_ver3.0\src\logic\prediction\race_prediction_engine.py
FileNotFoundError: c:\keiba_ai\keiba_ai_ver3.0\data\prediction\models\08_kyoto\dirt3170_lambdarank_model_v6hit_extreme.txt
src.logic.prediction.race_prediction_engine:c:\keiba_ai\keiba_ai_ver3.0\src\logic\prediction\race_prediction_engine.py
FileNotFoundError: c:\keiba_ai\keiba_ai_ver3.0\data\prediction\models\08_kyoto\dirt2910_lambdarank_model_v5prime_no26.txt
src.logic.prediction.race_prediction_engine:c:\keiba_ai\keiba_ai_ver3.0\src\logic\prediction\race_prediction_engine.py
FileNotFoundError: c:\keiba_ai\keiba_ai_ver3.0\data\prediction\models\08_kyoto\dirt2910_lambdarank_model_v6hit_extreme_no26.txt
src.logic.prediction.race_prediction_engine:c:\keiba_ai\keiba_ai_ver3.0\src\logic\prediction\race_prediction_engine.py
FileNotFoundError: c:\keiba_ai\keiba_ai_ver3.0\data\prediction\models\08_kyoto\dirt2910_lambdarank_model_v5prime.txt
src.logic.prediction.race_prediction_engine:c:\keiba_ai\keiba_ai_ver3.0\src\logic\prediction\race_prediction_engine.py
FileNotFoundError: c:\keiba_ai\keiba_ai_ver3.0\data\prediction\models\08_kyoto\dirt2910_lambdarank_model_v6hit_extreme.txt
  1000R収集済み (6490秒)
src.logic.prediction.race_prediction_engine:c:\keiba_ai\keiba_ai_ver3.0\src\logic\prediction\race_prediction_engine.py
FileNotFoundError: c:\keiba_ai\keiba_ai_ver3.0\data\prediction\models\08_kyoto\dirt3170_lambdarank_model_v5prime_no26.txt
src.logic.prediction.race_prediction_engine:c:\keiba_ai\keiba_ai_ver3.0\src\logic\prediction\race_prediction_engine.py
FileNotFoundError: c:\keiba_ai\keiba_ai_ver3.0\data\prediction\models\08_kyoto\dirt3170_lambdarank_model_v6hit_extreme_no26.txt
src.logic.prediction.race_prediction_engine:c:\keiba_ai\keiba_ai_ver3.0\src\logic\prediction\race_prediction_engine.py
FileNotFoundError: c:\keiba_ai\keiba_ai_ver3.0\data\prediction\models\08_kyoto\dirt3170_lambdarank_model_v5prime.txt
src.logic.prediction.race_prediction_engine:c:\keiba_ai\keiba_ai_ver3.0\src\logic\prediction\race_prediction_engine.py
FileNotFoundError: c:\keiba_ai\keiba_ai_ver3.0\data\prediction\models\08_kyoto\dirt3170_lambdarank_model_v6hit_extreme.txt
src.logic.prediction.race_prediction_engine:c:\keiba_ai\keiba_ai_ver3.0\src\logic\prediction\race_prediction_engine.py
FileNotFoundError: c:\keiba_ai\keiba_ai_ver3.0\data\prediction\models\08_kyoto\dirt2910_lambdarank_model_v5prime_no26.txt
src.logic.prediction.race_prediction_engine:c:\keiba_ai\keiba_ai_ver3.0\src\logic\prediction\race_prediction_engine.py
FileNotFoundError: c:\keiba_ai\keiba_ai_ver3.0\data\prediction\models\08_kyoto\dirt2910_lambdarank_model_v6hit_extreme_no26.txt
src.logic.prediction.race_prediction_engine:c:\keiba_ai\keiba_ai_ver3.0\src\logic\prediction\race_prediction_engine.py
FileNotFoundError: c:\keiba_ai\keiba_ai_ver3.0\data\prediction\models\08_kyoto\dirt2910_lambdarank_model_v5prime.txt
src.logic.prediction.race_prediction_engine:c:\keiba_ai\keiba_ai_ver3.0\src\logic\prediction\race_prediction_engine.py
FileNotFoundError: c:\keiba_ai\keiba_ai_ver3.0\data\prediction\models\08_kyoto\dirt2910_lambdarank_model_v6hit_extreme.txt
src.logic.prediction.race_prediction_engine:c:\keiba_ai\keiba_ai_ver3.0\src\logic\prediction\race_prediction_engine.py
FileNotFoundError: c:\keiba_ai\keiba_ai_ver3.0\data\prediction\models\08_kyoto\dirt3930_lambdarank_model_v5prime_no26.txt
src.logic.prediction.race_prediction_engine:c:\keiba_ai\keiba_ai_ver3.0\src\logic\prediction\race_prediction_engine.py
FileNotFoundError: c:\keiba_ai\keiba_ai_ver3.0\data\prediction\models\08_kyoto\dirt3930_lambdarank_model_v6hit_extreme_no26.txt
src.logic.prediction.race_prediction_engine:c:\keiba_ai\keiba_ai_ver3.0\src\logic\prediction\race_prediction_engine.py
FileNotFoundError: c:\keiba_ai\keiba_ai_ver3.0\data\prediction\models\08_kyoto\dirt3930_lambdarank_model_v5prime.txt
src.logic.prediction.race_prediction_engine:c:\keiba_ai\keiba_ai_ver3.0\src\logic\prediction\race_prediction_engine.py
FileNotFoundError: c:\keiba_ai\keiba_ai_ver3.0\data\prediction\models\08_kyoto\dirt3930_lambdarank_model_v6hit_extreme.txt
  1200R収集済み (7378秒)
src.logic.prediction.race_prediction_engine:c:\keiba_ai\keiba_ai_ver3.0\src\logic\prediction\race_prediction_engine.py
FileNotFoundError: c:\keiba_ai\keiba_ai_ver3.0\data\prediction\models\08_kyoto\dirt3170_lambdarank_model_v5prime_no26.txt
src.logic.prediction.race_prediction_engine:c:\keiba_ai\keiba_ai_ver3.0\src\logic\prediction\race_prediction_engine.py
FileNotFoundError: c:\keiba_ai\keiba_ai_ver3.0\data\prediction\models\08_kyoto\dirt3170_lambdarank_model_v6hit_extreme_no26.txt
src.logic.prediction.race_prediction_engine:c:\keiba_ai\keiba_ai_ver3.0\src\logic\prediction\race_prediction_engine.py
FileNotFoundError: c:\keiba_ai\keiba_ai_ver3.0\data\prediction\models\08_kyoto\dirt3170_lambdarank_model_v5prime.txt
src.logic.prediction.race_prediction_engine:c:\keiba_ai\keiba_ai_ver3.0\src\logic\prediction\race_prediction_engine.py
FileNotFoundError: c:\keiba_ai\keiba_ai_ver3.0\data\prediction\models\08_kyoto\dirt3170_lambdarank_model_v6hit_extreme.txt
src.logic.prediction.race_prediction_engine:c:\keiba_ai\keiba_ai_ver3.0\src\logic\prediction\race_prediction_engine.py
FileNotFoundError: c:\keiba_ai\keiba_ai_ver3.0\data\prediction\models\09_hanshin\dirt3900_lambdarank_model_v5prime_no26.txt
src.logic.prediction.race_prediction_engine:c:\keiba_ai\keiba_ai_ver3.0\src\logic\prediction\race_prediction_engine.py
FileNotFoundError: c:\keiba_ai\keiba_ai_ver3.0\data\prediction\models\09_hanshin\dirt3900_lambdarank_model_v6hit_extreme_no26.txt
src.logic.prediction.race_prediction_engine:c:\keiba_ai\keiba_ai_ver3.0\src\logic\prediction\race_prediction_engine.py
FileNotFoundError: c:\keiba_ai\keiba_ai_ver3.0\data\prediction\models\09_hanshin\dirt3900_lambdarank_model_v5prime.txt
src.logic.prediction.race_prediction_engine:c:\keiba_ai\keiba_ai_ver3.0\src\logic\prediction\race_prediction_engine.py
FileNotFoundError: c:\keiba_ai\keiba_ai_ver3.0\data\prediction\models\09_hanshin\dirt3900_lambdarank_model_v6hit_extreme.txt
src.logic.prediction.race_prediction_engine:c:\keiba_ai\keiba_ai_ver3.0\src\logic\prediction\race_prediction_engine.py
FileNotFoundError: c:\keiba_ai\keiba_ai_ver3.0\data\prediction\models\09_hanshin\dirt2970_lambdarank_model_v5prime_no26.txt
src.logic.prediction.race_prediction_engine:c:\keiba_ai\keiba_ai_ver3.0\src\logic\prediction\race_prediction_engine.py
FileNotFoundError: c:\keiba_ai\keiba_ai_ver3.0\data\prediction\models\09_hanshin\dirt2970_lambdarank_model_v6hit_extreme_no26.txt
src.logic.prediction.race_prediction_engine:c:\keiba_ai\keiba_ai_ver3.0\src\logic\prediction\race_prediction_engine.py
FileNotFoundError: c:\keiba_ai\keiba_ai_ver3.0\data\prediction\models\09_hanshin\dirt2970_lambdarank_model_v5prime.txt
src.logic.prediction.race_prediction_engine:c:\keiba_ai\keiba_ai_ver3.0\src\logic\prediction\race_prediction_engine.py
FileNotFoundError: c:\keiba_ai\keiba_ai_ver3.0\data\prediction\models\09_hanshin\dirt2970_lambdarank_model_v6hit_extreme.txt
src.logic.prediction.race_prediction_engine:c:\keiba_ai\keiba_ai_ver3.0\src\logic\prediction\race_prediction_engine.py
FileNotFoundError: c:\keiba_ai\keiba_ai_ver3.0\data\prediction\models\09_hanshin\dirt3140_lambdarank_model_v5prime_no26.txt
src.logic.prediction.race_prediction_engine:c:\keiba_ai\keiba_ai_ver3.0\src\logic\prediction\race_prediction_engine.py
FileNotFoundError: c:\keiba_ai\keiba_ai_ver3.0\data\prediction\models\09_hanshin\dirt3140_lambdarank_model_v6hit_extreme_no26.txt
src.logic.prediction.race_prediction_engine:c:\keiba_ai\keiba_ai_ver3.0\src\logic\prediction\race_prediction_engine.py
FileNotFoundError: c:\keiba_ai\keiba_ai_ver3.0\data\prediction\models\09_hanshin\dirt3140_lambdarank_model_v5prime.txt
src.logic.prediction.race_prediction_engine:c:\keiba_ai\keiba_ai_ver3.0\src\logic\prediction\race_prediction_engine.py
FileNotFoundError: c:\keiba_ai\keiba_ai_ver3.0\data\prediction\models\09_hanshin\dirt3140_lambdarank_model_v6hit_extreme.txt
src.logic.prediction.race_prediction_engine:c:\keiba_ai\keiba_ai_ver3.0\src\logic\prediction\race_prediction_engine.py
FileNotFoundError: c:\keiba_ai\keiba_ai_ver3.0\data\prediction\models\09_hanshin\dirt2970_lambdarank_model_v5prime_no26.txt
src.logic.prediction.race_prediction_engine:c:\keiba_ai\keiba_ai_ver3.0\src\logic\prediction\race_prediction_engine.py
FileNotFoundError: c:\keiba_ai\keiba_ai_ver3.0\data\prediction\models\09_hanshin\dirt2970_lambdarank_model_v6hit_extreme_no26.txt
src.logic.prediction.race_prediction_engine:c:\keiba_ai\keiba_ai_ver3.0\src\logic\prediction\race_prediction_engine.py
FileNotFoundError: c:\keiba_ai\keiba_ai_ver3.0\data\prediction\models\09_hanshin\dirt2970_lambdarank_model_v5prime.txt
src.logic.prediction.race_prediction_engine:c:\keiba_ai\keiba_ai_ver3.0\src\logic\prediction\race_prediction_engine.py
FileNotFoundError: c:\keiba_ai\keiba_ai_ver3.0\data\prediction\models\09_hanshin\dirt2970_lambdarank_model_v6hit_extreme.txt
  1400R収集済み (8605秒)
src.logic.prediction.race_prediction_engine:c:\keiba_ai\keiba_ai_ver3.0\src\logic\prediction\race_prediction_engine.py
FileNotFoundError: c:\keiba_ai\keiba_ai_ver3.0\data\prediction\models\09_hanshin\dirt2970_lambdarank_model_v5prime_no26.txt
src.logic.prediction.race_prediction_engine:c:\keiba_ai\keiba_ai_ver3.0\src\logic\prediction\race_prediction_engine.py
FileNotFoundError: c:\keiba_ai\keiba_ai_ver3.0\data\prediction\models\09_hanshin\dirt2970_lambdarank_model_v6hit_extreme_no26.txt
src.logic.prediction.race_prediction_engine:c:\keiba_ai\keiba_ai_ver3.0\src\logic\prediction\race_prediction_engine.py
FileNotFoundError: c:\keiba_ai\keiba_ai_ver3.0\data\prediction\models\09_hanshin\dirt2970_lambdarank_model_v5prime.txt
src.logic.prediction.race_prediction_engine:c:\keiba_ai\keiba_ai_ver3.0\src\logic\prediction\race_prediction_engine.py
FileNotFoundError: c:\keiba_ai\keiba_ai_ver3.0\data\prediction\models\09_hanshin\dirt2970_lambdarank_model_v6hit_extreme.txt
src.logic.prediction.race_prediction_engine:c:\keiba_ai\keiba_ai_ver3.0\src\logic\prediction\race_prediction_engine.py
FileNotFoundError: c:\keiba_ai\keiba_ai_ver3.0\data\prediction\models\09_hanshin\dirt2970_lambdarank_model_v5prime_no26.txt
src.logic.prediction.race_prediction_engine:c:\keiba_ai\keiba_ai_ver3.0\src\logic\prediction\race_prediction_engine.py
FileNotFoundError: c:\keiba_ai\keiba_ai_ver3.0\data\prediction\models\09_hanshin\dirt2970_lambdarank_model_v6hit_extreme_no26.txt
src.logic.prediction.race_prediction_engine:c:\keiba_ai\keiba_ai_ver3.0\src\logic\prediction\race_prediction_engine.py
FileNotFoundError: c:\keiba_ai\keiba_ai_ver3.0\data\prediction\models\09_hanshin\dirt2970_lambdarank_model_v5prime.txt
src.logic.prediction.race_prediction_engine:c:\keiba_ai\keiba_ai_ver3.0\src\logic\prediction\race_prediction_engine.py
FileNotFoundError: c:\keiba_ai\keiba_ai_ver3.0\data\prediction\models\09_hanshin\dirt2970_lambdarank_model_v6hit_extreme.txt
src.logic.prediction.race_prediction_engine:c:\keiba_ai\keiba_ai_ver3.0\src\logic\prediction\race_prediction_engine.py
FileNotFoundError: c:\keiba_ai\keiba_ai_ver3.0\data\prediction\models\09_hanshin\dirt3110_lambdarank_model_v5prime_no26.txt
src.logic.prediction.race_prediction_engine:c:\keiba_ai\keiba_ai_ver3.0\src\logic\prediction\race_prediction_engine.py
FileNotFoundError: c:\keiba_ai\keiba_ai_ver3.0\data\prediction\models\09_hanshin\dirt3110_lambdarank_model_v6hit_extreme_no26.txt
src.logic.prediction.race_prediction_engine:c:\keiba_ai\keiba_ai_ver3.0\src\logic\prediction\race_prediction_engine.py
FileNotFoundError: c:\keiba_ai\keiba_ai_ver3.0\data\prediction\models\09_hanshin\dirt3110_lambdarank_model_v5prime.txt
src.logic.prediction.race_prediction_engine:c:\keiba_ai\keiba_ai_ver3.0\src\logic\prediction\race_prediction_engine.py
FileNotFoundError: c:\keiba_ai\keiba_ai_ver3.0\data\prediction\models\09_hanshin\dirt3110_lambdarank_model_v6hit_extreme.txt
src.logic.prediction.race_prediction_engine:c:\keiba_ai\keiba_ai_ver3.0\src\logic\prediction\race_prediction_engine.py
FileNotFoundError: c:\keiba_ai\keiba_ai_ver3.0\data\prediction\models\10_kokura\dirt3390_lambdarank_model_v5prime_no26.txt
src.logic.prediction.race_prediction_engine:c:\keiba_ai\keiba_ai_ver3.0\src\logic\prediction\race_prediction_engine.py
FileNotFoundError: c:\keiba_ai\keiba_ai_ver3.0\data\prediction\models\10_kokura\dirt3390_lambdarank_model_v6hit_extreme_no26.txt
src.logic.prediction.race_prediction_engine:c:\keiba_ai\keiba_ai_ver3.0\src\logic\prediction\race_prediction_engine.py
FileNotFoundError: c:\keiba_ai\keiba_ai_ver3.0\data\prediction\models\10_kokura\dirt3390_lambdarank_model_v5prime.txt
src.logic.prediction.race_prediction_engine:c:\keiba_ai\keiba_ai_ver3.0\src\logic\prediction\race_prediction_engine.py
FileNotFoundError: c:\keiba_ai\keiba_ai_ver3.0\data\prediction\models\10_kokura\dirt3390_lambdarank_model_v6hit_extreme.txt
src.logic.prediction.race_prediction_engine:c:\keiba_ai\keiba_ai_ver3.0\src\logic\prediction\race_prediction_engine.py
FileNotFoundError: c:\keiba_ai\keiba_ai_ver3.0\data\prediction\models\10_kokura\dirt2860_lambdarank_model_v5prime_no26.txt
src.logic.prediction.race_prediction_engine:c:\keiba_ai\keiba_ai_ver3.0\src\logic\prediction\race_prediction_engine.py
FileNotFoundError: c:\keiba_ai\keiba_ai_ver3.0\data\prediction\models\10_kokura\dirt2860_lambdarank_model_v6hit_extreme_no26.txt
src.logic.prediction.race_prediction_engine:c:\keiba_ai\keiba_ai_ver3.0\src\logic\prediction\race_prediction_engine.py
FileNotFoundError: c:\keiba_ai\keiba_ai_ver3.0\data\prediction\models\10_kokura\dirt2860_lambdarank_model_v5prime.txt
src.logic.prediction.race_prediction_engine:c:\keiba_ai\keiba_ai_ver3.0\src\logic\prediction\race_prediction_engine.py
FileNotFoundError: c:\keiba_ai\keiba_ai_ver3.0\data\prediction\models\10_kokura\dirt2860_lambdarank_model_v6hit_extreme.txt
src.logic.prediction.race_prediction_engine:c:\keiba_ai\keiba_ai_ver3.0\src\logic\prediction\race_prediction_engine.py
FileNotFoundError: c:\keiba_ai\keiba_ai_ver3.0\data\prediction\models\10_kokura\dirt2860_lambdarank_model_v5prime_no26.txt
src.logic.prediction.race_prediction_engine:c:\keiba_ai\keiba_ai_ver3.0\src\logic\prediction\race_prediction_engine.py
FileNotFoundError: c:\keiba_ai\keiba_ai_ver3.0\data\prediction\models\10_kokura\dirt2860_lambdarank_model_v6hit_extreme_no26.txt
src.logic.prediction.race_prediction_engine:c:\keiba_ai\keiba_ai_ver3.0\src\logic\prediction\race_prediction_engine.py
FileNotFoundError: c:\keiba_ai\keiba_ai_ver3.0\data\prediction\models\10_kokura\dirt2860_lambdarank_model_v5prime.txt
src.logic.prediction.race_prediction_engine:c:\keiba_ai\keiba_ai_ver3.0\src\logic\prediction\race_prediction_engine.py
FileNotFoundError: c:\keiba_ai\keiba_ai_ver3.0\data\prediction\models\10_kokura\dirt2860_lambdarank_model_v6hit_extreme.txt
src.logic.prediction.race_prediction_engine:c:\keiba_ai\keiba_ai_ver3.0\src\logic\prediction\race_prediction_engine.py
FileNotFoundError: c:\keiba_ai\keiba_ai_ver3.0\data\prediction\models\10_kokura\dirt2860_lambdarank_model_v5prime_no26.txt
src.logic.prediction.race_prediction_engine:c:\keiba_ai\keiba_ai_ver3.0\src\logic\prediction\race_prediction_engine.py
FileNotFoundError: c:\keiba_ai\keiba_ai_ver3.0\data\prediction\models\10_kokura\dirt2860_lambdarank_model_v6hit_extreme_no26.txt
src.logic.prediction.race_prediction_engine:c:\keiba_ai\keiba_ai_ver3.0\src\logic\prediction\race_prediction_engine.py
FileNotFoundError: c:\keiba_ai\keiba_ai_ver3.0\data\prediction\models\10_kokura\dirt2860_lambdarank_model_v5prime.txt
src.logic.prediction.race_prediction_engine:c:\keiba_ai\keiba_ai_ver3.0\src\logic\prediction\race_prediction_engine.py
FileNotFoundError: c:\keiba_ai\keiba_ai_ver3.0\data\prediction\models\10_kokura\dirt2860_lambdarank_model_v6hit_extreme.txt
src.logic.prediction.race_prediction_engine:c:\keiba_ai\keiba_ai_ver3.0\src\logic\prediction\race_prediction_engine.py
FileNotFoundError: c:\keiba_ai\keiba_ai_ver3.0\data\prediction\models\10_kokura\dirt2860_lambdarank_model_v5prime_no26.txt
src.logic.prediction.race_prediction_engine:c:\keiba_ai\keiba_ai_ver3.0\src\logic\prediction\race_prediction_engine.py
FileNotFoundError: c:\keiba_ai\keiba_ai_ver3.0\data\prediction\models\10_kokura\dirt2860_lambdarank_model_v6hit_extreme_no26.txt
src.logic.prediction.race_prediction_engine:c:\keiba_ai\keiba_ai_ver3.0\src\logic\prediction\race_prediction_engine.py
FileNotFoundError: c:\keiba_ai\keiba_ai_ver3.0\data\prediction\models\10_kokura\dirt2860_lambdarank_model_v5prime.txt
src.logic.prediction.race_prediction_engine:c:\keiba_ai\keiba_ai_ver3.0\src\logic\prediction\race_prediction_engine.py
FileNotFoundError: c:\keiba_ai\keiba_ai_ver3.0\data\prediction\models\10_kokura\dirt2860_lambdarank_model_v6hit_extreme.txt
src.logic.prediction.race_prediction_engine:c:\keiba_ai\keiba_ai_ver3.0\src\logic\prediction\race_prediction_engine.py
FileNotFoundError: c:\keiba_ai\keiba_ai_ver3.0\data\prediction\models\10_kokura\dirt2860_lambdarank_model_v5prime_no26.txt
src.logic.prediction.race_prediction_engine:c:\keiba_ai\keiba_ai_ver3.0\src\logic\prediction\race_prediction_engine.py
FileNotFoundError: c:\keiba_ai\keiba_ai_ver3.0\data\prediction\models\10_kokura\dirt2860_lambdarank_model_v6hit_extreme_no26.txt
src.logic.prediction.race_prediction_engine:c:\keiba_ai\keiba_ai_ver3.0\src\logic\prediction\race_prediction_engine.py
FileNotFoundError: c:\keiba_ai\keiba_ai_ver3.0\data\prediction\models\10_kokura\dirt2860_lambdarank_model_v5prime.txt
src.logic.prediction.race_prediction_engine:c:\keiba_ai\keiba_ai_ver3.0\src\logic\prediction\race_prediction_engine.py
FileNotFoundError: c:\keiba_ai\keiba_ai_ver3.0\data\prediction\models\10_kokura\dirt2860_lambdarank_model_v6hit_extreme.txt
src.logic.prediction.race_prediction_engine:c:\keiba_ai\keiba_ai_ver3.0\src\logic\prediction\race_prediction_engine.py
FileNotFoundError: c:\keiba_ai\keiba_ai_ver3.0\data\prediction\models\10_kokura\dirt2860_lambdarank_model_v5prime_no26.txt
src.logic.prediction.race_prediction_engine:c:\keiba_ai\keiba_ai_ver3.0\src\logic\prediction\race_prediction_engine.py
FileNotFoundError: c:\keiba_ai\keiba_ai_ver3.0\data\prediction\models\10_kokura\dirt2860_lambdarank_model_v6hit_extreme_no26.txt
src.logic.prediction.race_prediction_engine:c:\keiba_ai\keiba_ai_ver3.0\src\logic\prediction\race_prediction_engine.py
FileNotFoundError: c:\keiba_ai\keiba_ai_ver3.0\data\prediction\models\10_kokura\dirt2860_lambdarank_model_v5prime.txt
src.logic.prediction.race_prediction_engine:c:\keiba_ai\keiba_ai_ver3.0\src\logic\prediction\race_prediction_engine.py
FileNotFoundError: c:\keiba_ai\keiba_ai_ver3.0\data\prediction\models\10_kokura\dirt2860_lambdarank_model_v6hit_extreme.txt
src.logic.prediction.race_prediction_engine:c:\keiba_ai\keiba_ai_ver3.0\src\logic\prediction\race_prediction_engine.py
FileNotFoundError: c:\keiba_ai\keiba_ai_ver3.0\data\prediction\models\10_kokura\dirt2860_lambdarank_model_v5prime_no26.txt
src.logic.prediction.race_prediction_engine:c:\keiba_ai\keiba_ai_ver3.0\src\logic\prediction\race_prediction_engine.py
FileNotFoundError: c:\keiba_ai\keiba_ai_ver3.0\data\prediction\models\10_kokura\dirt2860_lambdarank_model_v6hit_extreme_no26.txt
src.logic.prediction.race_prediction_engine:c:\keiba_ai\keiba_ai_ver3.0\src\logic\prediction\race_prediction_engine.py
FileNotFoundError: c:\keiba_ai\keiba_ai_ver3.0\data\prediction\models\10_kokura\dirt2860_lambdarank_model_v5prime.txt
src.logic.prediction.race_prediction_engine:c:\keiba_ai\keiba_ai_ver3.0\src\logic\prediction\race_prediction_engine.py
FileNotFoundError: c:\keiba_ai\keiba_ai_ver3.0\data\prediction\models\10_kokura\dirt2860_lambdarank_model_v6hit_extreme.txt
  1600R収集済み (9869秒)
src.logic.prediction.race_prediction_engine:c:\keiba_ai\keiba_ai_ver3.0\src\logic\prediction\race_prediction_engine.py
FileNotFoundError: c:\keiba_ai\keiba_ai_ver3.0\data\prediction\models\10_kokura\dirt2860_lambdarank_model_v5prime_no26.txt
src.logic.prediction.race_prediction_engine:c:\keiba_ai\keiba_ai_ver3.0\src\logic\prediction\race_prediction_engine.py
FileNotFoundError: c:\keiba_ai\keiba_ai_ver3.0\data\prediction\models\10_kokura\dirt2860_lambdarank_model_v6hit_extreme_no26.txt
src.logic.prediction.race_prediction_engine:c:\keiba_ai\keiba_ai_ver3.0\src\logic\prediction\race_prediction_engine.py
FileNotFoundError: c:\keiba_ai\keiba_ai_ver3.0\data\prediction\models\10_kokura\dirt2860_lambdarank_model_v5prime.txt
src.logic.prediction.race_prediction_engine:c:\keiba_ai\keiba_ai_ver3.0\src\logic\prediction\race_prediction_engine.py
FileNotFoundError: c:\keiba_ai\keiba_ai_ver3.0\data\prediction\models\10_kokura\dirt2860_lambdarank_model_v6hit_extreme.txt
src.logic.prediction.race_prediction_engine:c:\keiba_ai\keiba_ai_ver3.0\src\logic\prediction\race_prediction_engine.py
FileNotFoundError: c:\keiba_ai\keiba_ai_ver3.0\data\prediction\models\10_kokura\dirt3390_lambdarank_model_v5prime_no26.txt
src.logic.prediction.race_prediction_engine:c:\keiba_ai\keiba_ai_ver3.0\src\logic\prediction\race_prediction_engine.py
FileNotFoundError: c:\keiba_ai\keiba_ai_ver3.0\data\prediction\models\10_kokura\dirt3390_lambdarank_model_v6hit_extreme_no26.txt
src.logic.prediction.race_prediction_engine:c:\keiba_ai\keiba_ai_ver3.0\src\logic\prediction\race_prediction_engine.py
FileNotFoundError: c:\keiba_ai\keiba_ai_ver3.0\data\prediction\models\10_kokura\dirt3390_lambdarank_model_v5prime.txt
src.logic.prediction.race_prediction_engine:c:\keiba_ai\keiba_ai_ver3.0\src\logic\prediction\race_prediction_engine.py
FileNotFoundError: c:\keiba_ai\keiba_ai_ver3.0\data\prediction\models\10_kokura\dirt3390_lambdarank_model_v6hit_extreme.txt
src.logic.prediction.race_prediction_engine:c:\keiba_ai\keiba_ai_ver3.0\src\logic\prediction\race_prediction_engine.py
FileNotFoundError: c:\keiba_ai\keiba_ai_ver3.0\data\prediction\models\10_kokura\dirt2860_lambdarank_model_v5prime_no26.txt
src.logic.prediction.race_prediction_engine:c:\keiba_ai\keiba_ai_ver3.0\src\logic\prediction\race_prediction_engine.py
FileNotFoundError: c:\keiba_ai\keiba_ai_ver3.0\data\prediction\models\10_kokura\dirt2860_lambdarank_model_v6hit_extreme_no26.txt
src.logic.prediction.race_prediction_engine:c:\keiba_ai\keiba_ai_ver3.0\src\logic\prediction\race_prediction_engine.py
FileNotFoundError: c:\keiba_ai\keiba_ai_ver3.0\data\prediction\models\10_kokura\dirt2860_lambdarank_model_v5prime.txt
src.logic.prediction.race_prediction_engine:c:\keiba_ai\keiba_ai_ver3.0\src\logic\prediction\race_prediction_engine.py
FileNotFoundError: c:\keiba_ai\keiba_ai_ver3.0\data\prediction\models\10_kokura\dirt2860_lambdarank_model_v6hit_extreme.txt
src.logic.prediction.race_prediction_engine:c:\keiba_ai\keiba_ai_ver3.0\src\logic\prediction\race_prediction_engine.py
FileNotFoundError: c:\keiba_ai\keiba_ai_ver3.0\data\prediction\models\10_kokura\dirt2860_lambdarank_model_v5prime_no26.txt
src.logic.prediction.race_prediction_engine:c:\keiba_ai\keiba_ai_ver3.0\src\logic\prediction\race_prediction_engine.py
FileNotFoundError: c:\keiba_ai\keiba_ai_ver3.0\data\prediction\models\10_kokura\dirt2860_lambdarank_model_v6hit_extreme_no26.txt
src.logic.prediction.race_prediction_engine:c:\keiba_ai\keiba_ai_ver3.0\src\logic\prediction\race_prediction_engine.py
FileNotFoundError: c:\keiba_ai\keiba_ai_ver3.0\data\prediction\models\10_kokura\dirt2860_lambdarank_model_v5prime.txt
src.logic.prediction.race_prediction_engine:c:\keiba_ai\keiba_ai_ver3.0\src\logic\prediction\race_prediction_engine.py
FileNotFoundError: c:\keiba_ai\keiba_ai_ver3.0\data\prediction\models\10_kokura\dirt2860_lambdarank_model_v6hit_extreme.txt
src.logic.prediction.race_prediction_engine:c:\keiba_ai\keiba_ai_ver3.0\src\logic\prediction\race_prediction_engine.py
FileNotFoundError: c:\keiba_ai\keiba_ai_ver3.0\data\prediction\models\10_kokura\dirt3390_lambdarank_model_v5prime_no26.txt
src.logic.prediction.race_prediction_engine:c:\keiba_ai\keiba_ai_ver3.0\src\logic\prediction\race_prediction_engine.py
FileNotFoundError: c:\keiba_ai\keiba_ai_ver3.0\data\prediction\models\10_kokura\dirt3390_lambdarank_model_v6hit_extreme_no26.txt
src.logic.prediction.race_prediction_engine:c:\keiba_ai\keiba_ai_ver3.0\src\logic\prediction\race_prediction_engine.py
FileNotFoundError: c:\keiba_ai\keiba_ai_ver3.0\data\prediction\models\10_kokura\dirt3390_lambdarank_model_v5prime.txt
src.logic.prediction.race_prediction_engine:c:\keiba_ai\keiba_ai_ver3.0\src\logic\prediction\race_prediction_engine.py
FileNotFoundError: c:\keiba_ai\keiba_ai_ver3.0\data\prediction\models\10_kokura\dirt3390_lambdarank_model_v6hit_extreme.txt
src.logic.prediction.race_prediction_engine:c:\keiba_ai\keiba_ai_ver3.0\src\logic\prediction\race_prediction_engine.py
FileNotFoundError: c:\keiba_ai\keiba_ai_ver3.0\data\prediction\models\10_kokura\dirt2860_lambdarank_model_v5prime_no26.txt
src.logic.prediction.race_prediction_engine:c:\keiba_ai\keiba_ai_ver3.0\src\logic\prediction\race_prediction_engine.py
FileNotFoundError: c:\keiba_ai\keiba_ai_ver3.0\data\prediction\models\10_kokura\dirt2860_lambdarank_model_v6hit_extreme_no26.txt
src.logic.prediction.race_prediction_engine:c:\keiba_ai\keiba_ai_ver3.0\src\logic\prediction\race_prediction_engine.py
FileNotFoundError: c:\keiba_ai\keiba_ai_ver3.0\data\prediction\models\10_kokura\dirt2860_lambdarank_model_v5prime.txt
src.logic.prediction.race_prediction_engine:c:\keiba_ai\keiba_ai_ver3.0\src\logic\prediction\race_prediction_engine.py
FileNotFoundError: c:\keiba_ai\keiba_ai_ver3.0\data\prediction\models\10_kokura\dirt2860_lambdarank_model_v6hit_extreme.txt
src.logic.prediction.race_prediction_engine:c:\keiba_ai\keiba_ai_ver3.0\src\logic\prediction\race_prediction_engine.py
FileNotFoundError: c:\keiba_ai\keiba_ai_ver3.0\data\prediction\models\10_kokura\dirt2860_lambdarank_model_v5prime_no26.txt
src.logic.prediction.race_prediction_engine:c:\keiba_ai\keiba_ai_ver3.0\src\logic\prediction\race_prediction_engine.py
FileNotFoundError: c:\keiba_ai\keiba_ai_ver3.0\data\prediction\models\10_kokura\dirt2860_lambdarank_model_v6hit_extreme_no26.txt
src.logic.prediction.race_prediction_engine:c:\keiba_ai\keiba_ai_ver3.0\src\logic\prediction\race_prediction_engine.py
FileNotFoundError: c:\keiba_ai\keiba_ai_ver3.0\data\prediction\models\10_kokura\dirt2860_lambdarank_model_v5prime.txt
src.logic.prediction.race_prediction_engine:c:\keiba_ai\keiba_ai_ver3.0\src\logic\prediction\race_prediction_engine.py
FileNotFoundError: c:\keiba_ai\keiba_ai_ver3.0\data\prediction\models\10_kokura\dirt2860_lambdarank_model_v6hit_extreme.txt
src.logic.prediction.race_prediction_engine:c:\keiba_ai\keiba_ai_ver3.0\src\logic\prediction\race_prediction_engine.py
FileNotFoundError: c:\keiba_ai\keiba_ai_ver3.0\data\prediction\models\10_kokura\dirt2860_lambdarank_model_v5prime_no26.txt
src.logic.prediction.race_prediction_engine:c:\keiba_ai\keiba_ai_ver3.0\src\logic\prediction\race_prediction_engine.py
FileNotFoundError: c:\keiba_ai\keiba_ai_ver3.0\data\prediction\models\10_kokura\dirt2860_lambdarank_model_v6hit_extreme_no26.txt
src.logic.prediction.race_prediction_engine:c:\keiba_ai\keiba_ai_ver3.0\src\logic\prediction\race_prediction_engine.py
FileNotFoundError: c:\keiba_ai\keiba_ai_ver3.0\data\prediction\models\10_kokura\dirt2860_lambdarank_model_v5prime.txt
src.logic.prediction.race_prediction_engine:c:\keiba_ai\keiba_ai_ver3.0\src\logic\prediction\race_prediction_engine.py
FileNotFoundError: c:\keiba_ai\keiba_ai_ver3.0\data\prediction\models\10_kokura\dirt2860_lambdarank_model_v6hit_extreme.txt
src.logic.prediction.race_prediction_engine:c:\keiba_ai\keiba_ai_ver3.0\src\logic\prediction\race_prediction_engine.py
FileNotFoundError: c:\keiba_ai\keiba_ai_ver3.0\data\prediction\models\10_kokura\dirt2860_lambdarank_model_v5prime_no26.txt
src.logic.prediction.race_prediction_engine:c:\keiba_ai\keiba_ai_ver3.0\src\logic\prediction\race_prediction_engine.py
FileNotFoundError: c:\keiba_ai\keiba_ai_ver3.0\data\prediction\models\10_kokura\dirt2860_lambdarank_model_v6hit_extreme_no26.txt
src.logic.prediction.race_prediction_engine:c:\keiba_ai\keiba_ai_ver3.0\src\logic\prediction\race_prediction_engine.py
FileNotFoundError: c:\keiba_ai\keiba_ai_ver3.0\data\prediction\models\10_kokura\dirt2860_lambdarank_model_v5prime.txt
src.logic.prediction.race_prediction_engine:c:\keiba_ai\keiba_ai_ver3.0\src\logic\prediction\race_prediction_engine.py
FileNotFoundError: c:\keiba_ai\keiba_ai_ver3.0\data\prediction\models\10_kokura\dirt2860_lambdarank_model_v6hit_extreme.txt
src.logic.prediction.race_prediction_engine:c:\keiba_ai\keiba_ai_ver3.0\src\logic\prediction\race_prediction_engine.py
FileNotFoundError: c:\keiba_ai\keiba_ai_ver3.0\data\prediction\models\10_kokura\dirt2860_lambdarank_model_v5prime_no26.txt
src.logic.prediction.race_prediction_engine:c:\keiba_ai\keiba_ai_ver3.0\src\logic\prediction\race_prediction_engine.py
FileNotFoundError: c:\keiba_ai\keiba_ai_ver3.0\data\prediction\models\10_kokura\dirt2860_lambdarank_model_v6hit_extreme_no26.txt
src.logic.prediction.race_prediction_engine:c:\keiba_ai\keiba_ai_ver3.0\src\logic\prediction\race_prediction_engine.py
FileNotFoundError: c:\keiba_ai\keiba_ai_ver3.0\data\prediction\models\10_kokura\dirt2860_lambdarank_model_v5prime.txt
src.logic.prediction.race_prediction_engine:c:\keiba_ai\keiba_ai_ver3.0\src\logic\prediction\race_prediction_engine.py
FileNotFoundError: c:\keiba_ai\keiba_ai_ver3.0\data\prediction\models\10_kokura\dirt2860_lambdarank_model_v6hit_extreme.txt
src.logic.prediction.race_prediction_engine:c:\keiba_ai\keiba_ai_ver3.0\src\logic\prediction\race_prediction_engine.py
FileNotFoundError: c:\keiba_ai\keiba_ai_ver3.0\data\prediction\models\10_kokura\dirt2860_lambdarank_model_v5prime_no26.txt
src.logic.prediction.race_prediction_engine:c:\keiba_ai\keiba_ai_ver3.0\src\logic\prediction\race_prediction_engine.py
FileNotFoundError: c:\keiba_ai\keiba_ai_ver3.0\data\prediction\models\10_kokura\dirt2860_lambdarank_model_v6hit_extreme_no26.txt
src.logic.prediction.race_prediction_engine:c:\keiba_ai\keiba_ai_ver3.0\src\logic\prediction\race_prediction_engine.py
FileNotFoundError: c:\keiba_ai\keiba_ai_ver3.0\data\prediction\models\10_kokura\dirt2860_lambdarank_model_v5prime.txt
src.logic.prediction.race_prediction_engine:c:\keiba_ai\keiba_ai_ver3.0\src\logic\prediction\race_prediction_engine.py
FileNotFoundError: c:\keiba_ai\keiba_ai_ver3.0\data\prediction\models\10_kokura\dirt2860_lambdarank_model_v6hit_extreme.txt

収集完了: 1707R (10379秒), スキップ:121R

====================================================================================================
【no26モデル（リークなし）: v6hit_extreme_no26 × v5prime_no26】  n=1707R  (α=1.0がextreme単独, α=0.0がv5prime単独)
====================================================================================================
    α       単勝的中率      単勝回収率       複勝的中率      複勝回収率       3連複的中率      3連複回収率
----------------------------------------------------------------------------------------------------
  0.0       10.1%      71.9%       32.2%      82.1%        11.0%      100.4%
  0.1       11.2%      72.9%       34.6%      79.7%        11.6%      100.4%
  0.2       12.2%      87.2%       35.9%      80.5%        12.8%       97.7%
  0.3       13.2%      86.8%       37.3%      81.2%        14.8%      106.3%
  0.4       14.0%      89.1%       37.2%      78.1%        16.2%       97.0%
  0.5       14.7%      89.7%       37.1%      73.8%        17.6%       84.5%
  0.6       15.2%      85.9%       38.0%      74.5%        17.7%       71.3%
  0.7       16.2%      84.7%       38.3%      72.2%        17.5%       67.9%
  0.8       16.1%      83.3%       37.9%      74.5%        17.6%       76.3%
  0.9       16.2%      81.6%       37.1%      73.2%        17.2%       62.9%
  1.0       16.1%      79.7%       36.7%      71.7%        16.8%       60.7%
====================================================================================================
  → 3指標回収率合計最大: α=0.3  単13.2%/86.8%  複37.3%/81.2%  3連14.8%/106.3%

====================================================================================================
【旧モデル（リークあり） : v6hit_extreme     × v5prime】  n=1707R  (α=1.0がextreme単独, α=0.0がv5prime単独)
====================================================================================================
    α       単勝的中率      単勝回収率       複勝的中率      複勝回収率       3連複的中率      3連複回収率
----------------------------------------------------------------------------------------------------
  0.0       33.9%     323.8%       52.4%     147.7%        33.9%      591.5%
  0.1       34.9%     325.8%       52.7%     141.4%        34.0%      587.0%
  0.2       36.1%     344.1%       53.0%     138.7%        33.8%      564.5%
  0.3       37.3%     373.4%       52.3%     134.6%        33.2%      534.4%
  0.4       38.1%     354.2%       51.4%     127.1%        32.2%      301.4%
  0.5       37.9%     348.3%       51.3%     126.0%        30.7%      264.5%
  0.6       38.0%     354.1%       51.1%     126.9%        28.4%      194.9%
  0.7       38.1%     352.9%       50.7%     126.3%        25.4%      131.9%
  0.8       37.4%     351.3%       49.2%     123.5%        22.7%      110.8%
  0.9       36.6%     360.1%       48.3%     123.7%        20.2%       87.9%
  1.0       36.5%     363.2%       47.9%     124.2%        18.6%       78.9%
====================================================================================================
  → 3指標回収率合計最大: α=0.0  単33.9%/323.8%  複52.4%/147.7%  3連33.9%/591.5%
