血統vocab読み込み中...
vocab読み込み済み: 1738種類 (c:\keiba_ai\keiba_ai_ver3.0\data\prediction\models\pedigree_vocab_v5.json)
  1738種類
対象場: ['02_hakodate', '03_fukushima', '04_nigata', '05_tokyo', '06_nakayama', '07_chukyo', '08_kyoto', '09_hanshin', '10_kokura']
レースデータ収集中...
src.logic.prediction.race_prediction_engine:c:\keiba_ai\keiba_ai_ver3.0\src\logic\prediction\race_prediction_engine.py
FileNotFoundError: c:\keiba_ai\keiba_ai_ver3.0\data\prediction\models\03_fukushima\dirt2750_lambdarank_model_v6hit_binary.txt
src.logic.prediction.race_prediction_engine:c:\keiba_ai\keiba_ai_ver3.0\src\logic\prediction\race_prediction_engine.py
FileNotFoundError: c:\keiba_ai\keiba_ai_ver3.0\data\prediction\models\03_fukushima\dirt2750_lambdarank_model_v6hit_extreme.txt
src.logic.prediction.race_prediction_engine:c:\keiba_ai\keiba_ai_ver3.0\src\logic\prediction\race_prediction_engine.py
FileNotFoundError: c:\keiba_ai\keiba_ai_ver3.0\data\prediction\models\03_fukushima\dirt2750_lambdarank_model_v5prime.txt
src.logic.prediction.race_prediction_engine:c:\keiba_ai\keiba_ai_ver3.0\src\logic\prediction\race_prediction_engine.py
FileNotFoundError: c:\keiba_ai\keiba_ai_ver3.0\data\prediction\models\03_fukushima\dirt2750_lambdarank_model_v6hit_binary.txt
src.logic.prediction.race_prediction_engine:c:\keiba_ai\keiba_ai_ver3.0\src\logic\prediction\race_prediction_engine.py
FileNotFoundError: c:\keiba_ai\keiba_ai_ver3.0\data\prediction\models\03_fukushima\dirt2750_lambdarank_model_v6hit_extreme.txt
src.logic.prediction.race_prediction_engine:c:\keiba_ai\keiba_ai_ver3.0\src\logic\prediction\race_prediction_engine.py
FileNotFoundError: c:\keiba_ai\keiba_ai_ver3.0\data\prediction\models\03_fukushima\dirt2750_lambdarank_model_v5prime.txt
src.logic.prediction.race_prediction_engine:c:\keiba_ai\keiba_ai_ver3.0\src\logic\prediction\race_prediction_engine.py
FileNotFoundError: c:\keiba_ai\keiba_ai_ver3.0\data\prediction\models\03_fukushima\dirt2750_lambdarank_model_v6hit_binary.txt
src.logic.prediction.race_prediction_engine:c:\keiba_ai\keiba_ai_ver3.0\src\logic\prediction\race_prediction_engine.py
FileNotFoundError: c:\keiba_ai\keiba_ai_ver3.0\data\prediction\models\03_fukushima\dirt2750_lambdarank_model_v6hit_extreme.txt
src.logic.prediction.race_prediction_engine:c:\keiba_ai\keiba_ai_ver3.0\src\logic\prediction\race_prediction_engine.py
FileNotFoundError: c:\keiba_ai\keiba_ai_ver3.0\data\prediction\models\03_fukushima\dirt2750_lambdarank_model_v5prime.txt
  200R収集済み (586秒)
src.logic.prediction.race_prediction_engine:c:\keiba_ai\keiba_ai_ver3.0\src\logic\prediction\race_prediction_engine.py
FileNotFoundError: c:\keiba_ai\keiba_ai_ver3.0\data\prediction\models\04_nigata\dirt2890_lambdarank_model_v6hit_binary.txt
src.logic.prediction.race_prediction_engine:c:\keiba_ai\keiba_ai_ver3.0\src\logic\prediction\race_prediction_engine.py
FileNotFoundError: c:\keiba_ai\keiba_ai_ver3.0\data\prediction\models\04_nigata\dirt2890_lambdarank_model_v6hit_extreme.txt
src.logic.prediction.race_prediction_engine:c:\keiba_ai\keiba_ai_ver3.0\src\logic\prediction\race_prediction_engine.py
FileNotFoundError: c:\keiba_ai\keiba_ai_ver3.0\data\prediction\models\04_nigata\dirt2890_lambdarank_model_v5prime.txt
src.logic.prediction.race_prediction_engine:c:\keiba_ai\keiba_ai_ver3.0\src\logic\prediction\race_prediction_engine.py
FileNotFoundError: c:\keiba_ai\keiba_ai_ver3.0\data\prediction\models\04_nigata\dirt2890_lambdarank_model_v6hit_binary.txt
src.logic.prediction.race_prediction_engine:c:\keiba_ai\keiba_ai_ver3.0\src\logic\prediction\race_prediction_engine.py
FileNotFoundError: c:\keiba_ai\keiba_ai_ver3.0\data\prediction\models\04_nigata\dirt2890_lambdarank_model_v6hit_extreme.txt
src.logic.prediction.race_prediction_engine:c:\keiba_ai\keiba_ai_ver3.0\src\logic\prediction\race_prediction_engine.py
FileNotFoundError: c:\keiba_ai\keiba_ai_ver3.0\data\prediction\models\04_nigata\dirt2890_lambdarank_model_v5prime.txt
src.logic.prediction.race_prediction_engine:c:\keiba_ai\keiba_ai_ver3.0\src\logic\prediction\race_prediction_engine.py
FileNotFoundError: c:\keiba_ai\keiba_ai_ver3.0\data\prediction\models\04_nigata\dirt2890_lambdarank_model_v6hit_binary.txt
src.logic.prediction.race_prediction_engine:c:\keiba_ai\keiba_ai_ver3.0\src\logic\prediction\race_prediction_engine.py
FileNotFoundError: c:\keiba_ai\keiba_ai_ver3.0\data\prediction\models\04_nigata\dirt2890_lambdarank_model_v6hit_extreme.txt
src.logic.prediction.race_prediction_engine:c:\keiba_ai\keiba_ai_ver3.0\src\logic\prediction\race_prediction_engine.py
FileNotFoundError: c:\keiba_ai\keiba_ai_ver3.0\data\prediction\models\04_nigata\dirt2890_lambdarank_model_v5prime.txt
src.logic.prediction.race_prediction_engine:c:\keiba_ai\keiba_ai_ver3.0\src\logic\prediction\race_prediction_engine.py
FileNotFoundError: c:\keiba_ai\keiba_ai_ver3.0\data\prediction\models\04_nigata\dirt2890_lambdarank_model_v6hit_binary.txt
src.logic.prediction.race_prediction_engine:c:\keiba_ai\keiba_ai_ver3.0\src\logic\prediction\race_prediction_engine.py
FileNotFoundError: c:\keiba_ai\keiba_ai_ver3.0\data\prediction\models\04_nigata\dirt2890_lambdarank_model_v6hit_extreme.txt
src.logic.prediction.race_prediction_engine:c:\keiba_ai\keiba_ai_ver3.0\src\logic\prediction\race_prediction_engine.py
FileNotFoundError: c:\keiba_ai\keiba_ai_ver3.0\data\prediction\models\04_nigata\dirt2890_lambdarank_model_v5prime.txt
src.logic.prediction.race_prediction_engine:c:\keiba_ai\keiba_ai_ver3.0\src\logic\prediction\race_prediction_engine.py
FileNotFoundError: c:\keiba_ai\keiba_ai_ver3.0\data\prediction\models\04_nigata\dirt2890_lambdarank_model_v6hit_binary.txt
src.logic.prediction.race_prediction_engine:c:\keiba_ai\keiba_ai_ver3.0\src\logic\prediction\race_prediction_engine.py
FileNotFoundError: c:\keiba_ai\keiba_ai_ver3.0\data\prediction\models\04_nigata\dirt2890_lambdarank_model_v6hit_extreme.txt
src.logic.prediction.race_prediction_engine:c:\keiba_ai\keiba_ai_ver3.0\src\logic\prediction\race_prediction_engine.py
FileNotFoundError: c:\keiba_ai\keiba_ai_ver3.0\data\prediction\models\04_nigata\dirt2890_lambdarank_model_v5prime.txt
src.logic.prediction.race_prediction_engine:c:\keiba_ai\keiba_ai_ver3.0\src\logic\prediction\race_prediction_engine.py
FileNotFoundError: c:\keiba_ai\keiba_ai_ver3.0\data\prediction\models\04_nigata\dirt2890_lambdarank_model_v6hit_binary.txt
src.logic.prediction.race_prediction_engine:c:\keiba_ai\keiba_ai_ver3.0\src\logic\prediction\race_prediction_engine.py
FileNotFoundError: c:\keiba_ai\keiba_ai_ver3.0\data\prediction\models\04_nigata\dirt2890_lambdarank_model_v6hit_extreme.txt
src.logic.prediction.race_prediction_engine:c:\keiba_ai\keiba_ai_ver3.0\src\logic\prediction\race_prediction_engine.py
FileNotFoundError: c:\keiba_ai\keiba_ai_ver3.0\data\prediction\models\04_nigata\dirt2890_lambdarank_model_v5prime.txt
src.logic.prediction.race_prediction_engine:c:\keiba_ai\keiba_ai_ver3.0\src\logic\prediction\race_prediction_engine.py
FileNotFoundError: c:\keiba_ai\keiba_ai_ver3.0\data\prediction\models\04_nigata\dirt2890_lambdarank_model_v6hit_binary.txt
src.logic.prediction.race_prediction_engine:c:\keiba_ai\keiba_ai_ver3.0\src\logic\prediction\race_prediction_engine.py
FileNotFoundError: c:\keiba_ai\keiba_ai_ver3.0\data\prediction\models\04_nigata\dirt2890_lambdarank_model_v6hit_extreme.txt
src.logic.prediction.race_prediction_engine:c:\keiba_ai\keiba_ai_ver3.0\src\logic\prediction\race_prediction_engine.py
FileNotFoundError: c:\keiba_ai\keiba_ai_ver3.0\data\prediction\models\04_nigata\dirt2890_lambdarank_model_v5prime.txt
src.logic.prediction.race_prediction_engine:c:\keiba_ai\keiba_ai_ver3.0\src\logic\prediction\race_prediction_engine.py
FileNotFoundError: c:\keiba_ai\keiba_ai_ver3.0\data\prediction\models\04_nigata\dirt2890_lambdarank_model_v6hit_binary.txt
src.logic.prediction.race_prediction_engine:c:\keiba_ai\keiba_ai_ver3.0\src\logic\prediction\race_prediction_engine.py
FileNotFoundError: c:\keiba_ai\keiba_ai_ver3.0\data\prediction\models\04_nigata\dirt2890_lambdarank_model_v6hit_extreme.txt
src.logic.prediction.race_prediction_engine:c:\keiba_ai\keiba_ai_ver3.0\src\logic\prediction\race_prediction_engine.py
FileNotFoundError: c:\keiba_ai\keiba_ai_ver3.0\data\prediction\models\04_nigata\dirt2890_lambdarank_model_v5prime.txt
src.logic.prediction.race_prediction_engine:c:\keiba_ai\keiba_ai_ver3.0\src\logic\prediction\race_prediction_engine.py
FileNotFoundError: c:\keiba_ai\keiba_ai_ver3.0\data\prediction\models\04_nigata\dirt2890_lambdarank_model_v6hit_binary.txt
src.logic.prediction.race_prediction_engine:c:\keiba_ai\keiba_ai_ver3.0\src\logic\prediction\race_prediction_engine.py
FileNotFoundError: c:\keiba_ai\keiba_ai_ver3.0\data\prediction\models\04_nigata\dirt2890_lambdarank_model_v6hit_extreme.txt
src.logic.prediction.race_prediction_engine:c:\keiba_ai\keiba_ai_ver3.0\src\logic\prediction\race_prediction_engine.py
FileNotFoundError: c:\keiba_ai\keiba_ai_ver3.0\data\prediction\models\04_nigata\dirt2890_lambdarank_model_v5prime.txt
src.logic.prediction.race_prediction_engine:c:\keiba_ai\keiba_ai_ver3.0\src\logic\prediction\race_prediction_engine.py
FileNotFoundError: c:\keiba_ai\keiba_ai_ver3.0\data\prediction\models\04_nigata\dirt3290_lambdarank_model_v6hit_binary.txt
src.logic.prediction.race_prediction_engine:c:\keiba_ai\keiba_ai_ver3.0\src\logic\prediction\race_prediction_engine.py
FileNotFoundError: c:\keiba_ai\keiba_ai_ver3.0\data\prediction\models\04_nigata\dirt3290_lambdarank_model_v6hit_extreme.txt
src.logic.prediction.race_prediction_engine:c:\keiba_ai\keiba_ai_ver3.0\src\logic\prediction\race_prediction_engine.py
FileNotFoundError: c:\keiba_ai\keiba_ai_ver3.0\data\prediction\models\04_nigata\dirt3290_lambdarank_model_v5prime.txt
src.logic.prediction.race_prediction_engine:c:\keiba_ai\keiba_ai_ver3.0\src\logic\prediction\race_prediction_engine.py
FileNotFoundError: c:\keiba_ai\keiba_ai_ver3.0\data\prediction\models\04_nigata\dirt2890_lambdarank_model_v6hit_binary.txt
src.logic.prediction.race_prediction_engine:c:\keiba_ai\keiba_ai_ver3.0\src\logic\prediction\race_prediction_engine.py
FileNotFoundError: c:\keiba_ai\keiba_ai_ver3.0\data\prediction\models\04_nigata\dirt2890_lambdarank_model_v6hit_extreme.txt
src.logic.prediction.race_prediction_engine:c:\keiba_ai\keiba_ai_ver3.0\src\logic\prediction\race_prediction_engine.py
FileNotFoundError: c:\keiba_ai\keiba_ai_ver3.0\data\prediction\models\04_nigata\dirt2890_lambdarank_model_v5prime.txt
  400R収集済み (1922秒)
src.logic.prediction.race_prediction_engine:c:\keiba_ai\keiba_ai_ver3.0\src\logic\prediction\race_prediction_engine.py
FileNotFoundError: c:\keiba_ai\keiba_ai_ver3.0\data\prediction\models\05_tokyo\dirt3000_lambdarank_model_v6hit_binary.txt
src.logic.prediction.race_prediction_engine:c:\keiba_ai\keiba_ai_ver3.0\src\logic\prediction\race_prediction_engine.py
FileNotFoundError: c:\keiba_ai\keiba_ai_ver3.0\data\prediction\models\05_tokyo\dirt3000_lambdarank_model_v6hit_extreme.txt
src.logic.prediction.race_prediction_engine:c:\keiba_ai\keiba_ai_ver3.0\src\logic\prediction\race_prediction_engine.py
FileNotFoundError: c:\keiba_ai\keiba_ai_ver3.0\data\prediction\models\05_tokyo\dirt3000_lambdarank_model_v5prime.txt
src.logic.prediction.race_prediction_engine:c:\keiba_ai\keiba_ai_ver3.0\src\logic\prediction\race_prediction_engine.py
FileNotFoundError: c:\keiba_ai\keiba_ai_ver3.0\data\prediction\models\05_tokyo\dirt3000_lambdarank_model_v6hit_binary.txt
src.logic.prediction.race_prediction_engine:c:\keiba_ai\keiba_ai_ver3.0\src\logic\prediction\race_prediction_engine.py
FileNotFoundError: c:\keiba_ai\keiba_ai_ver3.0\data\prediction\models\05_tokyo\dirt3000_lambdarank_model_v6hit_extreme.txt
src.logic.prediction.race_prediction_engine:c:\keiba_ai\keiba_ai_ver3.0\src\logic\prediction\race_prediction_engine.py
FileNotFoundError: c:\keiba_ai\keiba_ai_ver3.0\data\prediction\models\05_tokyo\dirt3000_lambdarank_model_v5prime.txt
src.logic.prediction.race_prediction_engine:c:\keiba_ai\keiba_ai_ver3.0\src\logic\prediction\race_prediction_engine.py
FileNotFoundError: c:\keiba_ai\keiba_ai_ver3.0\data\prediction\models\05_tokyo\dirt3110_lambdarank_model_v6hit_binary.txt
src.logic.prediction.race_prediction_engine:c:\keiba_ai\keiba_ai_ver3.0\src\logic\prediction\race_prediction_engine.py
FileNotFoundError: c:\keiba_ai\keiba_ai_ver3.0\data\prediction\models\05_tokyo\dirt3110_lambdarank_model_v6hit_extreme.txt
src.logic.prediction.race_prediction_engine:c:\keiba_ai\keiba_ai_ver3.0\src\logic\prediction\race_prediction_engine.py
FileNotFoundError: c:\keiba_ai\keiba_ai_ver3.0\data\prediction\models\05_tokyo\dirt3110_lambdarank_model_v5prime.txt
src.logic.prediction.race_prediction_engine:c:\keiba_ai\keiba_ai_ver3.0\src\logic\prediction\race_prediction_engine.py
FileNotFoundError: c:\keiba_ai\keiba_ai_ver3.0\data\prediction\models\05_tokyo\dirt3000_lambdarank_model_v6hit_binary.txt
src.logic.prediction.race_prediction_engine:c:\keiba_ai\keiba_ai_ver3.0\src\logic\prediction\race_prediction_engine.py
FileNotFoundError: c:\keiba_ai\keiba_ai_ver3.0\data\prediction\models\05_tokyo\dirt3000_lambdarank_model_v6hit_extreme.txt
src.logic.prediction.race_prediction_engine:c:\keiba_ai\keiba_ai_ver3.0\src\logic\prediction\race_prediction_engine.py
FileNotFoundError: c:\keiba_ai\keiba_ai_ver3.0\data\prediction\models\05_tokyo\dirt3000_lambdarank_model_v5prime.txt
  600R収集済み (3501秒)
src.logic.prediction.race_prediction_engine:c:\keiba_ai\keiba_ai_ver3.0\src\logic\prediction\race_prediction_engine.py
FileNotFoundError: c:\keiba_ai\keiba_ai_ver3.0\data\prediction\models\06_nakayama\dirt3200_lambdarank_model_v6hit_binary.txt
src.logic.prediction.race_prediction_engine:c:\keiba_ai\keiba_ai_ver3.0\src\logic\prediction\race_prediction_engine.py
FileNotFoundError: c:\keiba_ai\keiba_ai_ver3.0\data\prediction\models\06_nakayama\dirt3200_lambdarank_model_v6hit_extreme.txt
src.logic.prediction.race_prediction_engine:c:\keiba_ai\keiba_ai_ver3.0\src\logic\prediction\race_prediction_engine.py
FileNotFoundError: c:\keiba_ai\keiba_ai_ver3.0\data\prediction\models\06_nakayama\dirt3200_lambdarank_model_v5prime.txt
src.logic.prediction.race_prediction_engine:c:\keiba_ai\keiba_ai_ver3.0\src\logic\prediction\race_prediction_engine.py
FileNotFoundError: c:\keiba_ai\keiba_ai_ver3.0\data\prediction\models\06_nakayama\dirt2880_lambdarank_model_v6hit_binary.txt
src.logic.prediction.race_prediction_engine:c:\keiba_ai\keiba_ai_ver3.0\src\logic\prediction\race_prediction_engine.py
FileNotFoundError: c:\keiba_ai\keiba_ai_ver3.0\data\prediction\models\06_nakayama\dirt2880_lambdarank_model_v6hit_extreme.txt
src.logic.prediction.race_prediction_engine:c:\keiba_ai\keiba_ai_ver3.0\src\logic\prediction\race_prediction_engine.py
FileNotFoundError: c:\keiba_ai\keiba_ai_ver3.0\data\prediction\models\06_nakayama\dirt2880_lambdarank_model_v5prime.txt
src.logic.prediction.race_prediction_engine:c:\keiba_ai\keiba_ai_ver3.0\src\logic\prediction\race_prediction_engine.py
FileNotFoundError: c:\keiba_ai\keiba_ai_ver3.0\data\prediction\models\06_nakayama\dirt2880_lambdarank_model_v6hit_binary.txt
src.logic.prediction.race_prediction_engine:c:\keiba_ai\keiba_ai_ver3.0\src\logic\prediction\race_prediction_engine.py
FileNotFoundError: c:\keiba_ai\keiba_ai_ver3.0\data\prediction\models\06_nakayama\dirt2880_lambdarank_model_v6hit_extreme.txt
src.logic.prediction.race_prediction_engine:c:\keiba_ai\keiba_ai_ver3.0\src\logic\prediction\race_prediction_engine.py
FileNotFoundError: c:\keiba_ai\keiba_ai_ver3.0\data\prediction\models\06_nakayama\dirt2880_lambdarank_model_v5prime.txt
src.logic.prediction.race_prediction_engine:c:\keiba_ai\keiba_ai_ver3.0\src\logic\prediction\race_prediction_engine.py
FileNotFoundError: c:\keiba_ai\keiba_ai_ver3.0\data\prediction\models\06_nakayama\dirt2880_lambdarank_model_v6hit_binary.txt
src.logic.prediction.race_prediction_engine:c:\keiba_ai\keiba_ai_ver3.0\src\logic\prediction\race_prediction_engine.py
FileNotFoundError: c:\keiba_ai\keiba_ai_ver3.0\data\prediction\models\06_nakayama\dirt2880_lambdarank_model_v6hit_extreme.txt
src.logic.prediction.race_prediction_engine:c:\keiba_ai\keiba_ai_ver3.0\src\logic\prediction\race_prediction_engine.py
FileNotFoundError: c:\keiba_ai\keiba_ai_ver3.0\data\prediction\models\06_nakayama\dirt2880_lambdarank_model_v5prime.txt
src.logic.prediction.race_prediction_engine:c:\keiba_ai\keiba_ai_ver3.0\src\logic\prediction\race_prediction_engine.py
FileNotFoundError: c:\keiba_ai\keiba_ai_ver3.0\data\prediction\models\06_nakayama\dirt3200_lambdarank_model_v6hit_binary.txt
src.logic.prediction.race_prediction_engine:c:\keiba_ai\keiba_ai_ver3.0\src\logic\prediction\race_prediction_engine.py
FileNotFoundError: c:\keiba_ai\keiba_ai_ver3.0\data\prediction\models\06_nakayama\dirt3200_lambdarank_model_v6hit_extreme.txt
src.logic.prediction.race_prediction_engine:c:\keiba_ai\keiba_ai_ver3.0\src\logic\prediction\race_prediction_engine.py
FileNotFoundError: c:\keiba_ai\keiba_ai_ver3.0\data\prediction\models\06_nakayama\dirt3200_lambdarank_model_v5prime.txt
src.logic.prediction.race_prediction_engine:c:\keiba_ai\keiba_ai_ver3.0\src\logic\prediction\race_prediction_engine.py
FileNotFoundError: c:\keiba_ai\keiba_ai_ver3.0\data\prediction\models\06_nakayama\dirt2880_lambdarank_model_v6hit_binary.txt
src.logic.prediction.race_prediction_engine:c:\keiba_ai\keiba_ai_ver3.0\src\logic\prediction\race_prediction_engine.py
FileNotFoundError: c:\keiba_ai\keiba_ai_ver3.0\data\prediction\models\06_nakayama\dirt2880_lambdarank_model_v6hit_extreme.txt
src.logic.prediction.race_prediction_engine:c:\keiba_ai\keiba_ai_ver3.0\src\logic\prediction\race_prediction_engine.py
FileNotFoundError: c:\keiba_ai\keiba_ai_ver3.0\data\prediction\models\06_nakayama\dirt2880_lambdarank_model_v5prime.txt
src.logic.prediction.race_prediction_engine:c:\keiba_ai\keiba_ai_ver3.0\src\logic\prediction\race_prediction_engine.py
FileNotFoundError: c:\keiba_ai\keiba_ai_ver3.0\data\prediction\models\06_nakayama\dirt3350_lambdarank_model_v6hit_binary.txt
src.logic.prediction.race_prediction_engine:c:\keiba_ai\keiba_ai_ver3.0\src\logic\prediction\race_prediction_engine.py
FileNotFoundError: c:\keiba_ai\keiba_ai_ver3.0\data\prediction\models\06_nakayama\dirt3350_lambdarank_model_v6hit_extreme.txt
src.logic.prediction.race_prediction_engine:c:\keiba_ai\keiba_ai_ver3.0\src\logic\prediction\race_prediction_engine.py
FileNotFoundError: c:\keiba_ai\keiba_ai_ver3.0\data\prediction\models\06_nakayama\dirt3350_lambdarank_model_v5prime.txt
src.logic.prediction.race_prediction_engine:c:\keiba_ai\keiba_ai_ver3.0\src\logic\prediction\race_prediction_engine.py
FileNotFoundError: c:\keiba_ai\keiba_ai_ver3.0\data\prediction\models\06_nakayama\dirt2880_lambdarank_model_v6hit_binary.txt
src.logic.prediction.race_prediction_engine:c:\keiba_ai\keiba_ai_ver3.0\src\logic\prediction\race_prediction_engine.py
FileNotFoundError: c:\keiba_ai\keiba_ai_ver3.0\data\prediction\models\06_nakayama\dirt2880_lambdarank_model_v6hit_extreme.txt
src.logic.prediction.race_prediction_engine:c:\keiba_ai\keiba_ai_ver3.0\src\logic\prediction\race_prediction_engine.py
FileNotFoundError: c:\keiba_ai\keiba_ai_ver3.0\data\prediction\models\06_nakayama\dirt2880_lambdarank_model_v5prime.txt
  800R収集済み (5100秒)
src.logic.prediction.race_prediction_engine:c:\keiba_ai\keiba_ai_ver3.0\src\logic\prediction\race_prediction_engine.py
FileNotFoundError: c:\keiba_ai\keiba_ai_ver3.0\data\prediction\models\06_nakayama\dirt2880_lambdarank_model_v6hit_binary.txt
src.logic.prediction.race_prediction_engine:c:\keiba_ai\keiba_ai_ver3.0\src\logic\prediction\race_prediction_engine.py
FileNotFoundError: c:\keiba_ai\keiba_ai_ver3.0\data\prediction\models\06_nakayama\dirt2880_lambdarank_model_v6hit_extreme.txt
src.logic.prediction.race_prediction_engine:c:\keiba_ai\keiba_ai_ver3.0\src\logic\prediction\race_prediction_engine.py
FileNotFoundError: c:\keiba_ai\keiba_ai_ver3.0\data\prediction\models\06_nakayama\dirt2880_lambdarank_model_v5prime.txt
src.logic.prediction.race_prediction_engine:c:\keiba_ai\keiba_ai_ver3.0\src\logic\prediction\race_prediction_engine.py
FileNotFoundError: c:\keiba_ai\keiba_ai_ver3.0\data\prediction\models\06_nakayama\dirt2880_lambdarank_model_v6hit_binary.txt
src.logic.prediction.race_prediction_engine:c:\keiba_ai\keiba_ai_ver3.0\src\logic\prediction\race_prediction_engine.py
FileNotFoundError: c:\keiba_ai\keiba_ai_ver3.0\data\prediction\models\06_nakayama\dirt2880_lambdarank_model_v6hit_extreme.txt
src.logic.prediction.race_prediction_engine:c:\keiba_ai\keiba_ai_ver3.0\src\logic\prediction\race_prediction_engine.py
FileNotFoundError: c:\keiba_ai\keiba_ai_ver3.0\data\prediction\models\06_nakayama\dirt2880_lambdarank_model_v5prime.txt
src.logic.prediction.race_prediction_engine:c:\keiba_ai\keiba_ai_ver3.0\src\logic\prediction\race_prediction_engine.py
FileNotFoundError: c:\keiba_ai\keiba_ai_ver3.0\data\prediction\models\06_nakayama\dirt3200_lambdarank_model_v6hit_binary.txt
src.logic.prediction.race_prediction_engine:c:\keiba_ai\keiba_ai_ver3.0\src\logic\prediction\race_prediction_engine.py
FileNotFoundError: c:\keiba_ai\keiba_ai_ver3.0\data\prediction\models\06_nakayama\dirt3200_lambdarank_model_v6hit_extreme.txt
src.logic.prediction.race_prediction_engine:c:\keiba_ai\keiba_ai_ver3.0\src\logic\prediction\race_prediction_engine.py
FileNotFoundError: c:\keiba_ai\keiba_ai_ver3.0\data\prediction\models\06_nakayama\dirt3200_lambdarank_model_v5prime.txt
src.logic.prediction.race_prediction_engine:c:\keiba_ai\keiba_ai_ver3.0\src\logic\prediction\race_prediction_engine.py
FileNotFoundError: c:\keiba_ai\keiba_ai_ver3.0\data\prediction\models\06_nakayama\dirt2880_lambdarank_model_v6hit_binary.txt
src.logic.prediction.race_prediction_engine:c:\keiba_ai\keiba_ai_ver3.0\src\logic\prediction\race_prediction_engine.py
FileNotFoundError: c:\keiba_ai\keiba_ai_ver3.0\data\prediction\models\06_nakayama\dirt2880_lambdarank_model_v6hit_extreme.txt
src.logic.prediction.race_prediction_engine:c:\keiba_ai\keiba_ai_ver3.0\src\logic\prediction\race_prediction_engine.py
FileNotFoundError: c:\keiba_ai\keiba_ai_ver3.0\data\prediction\models\06_nakayama\dirt2880_lambdarank_model_v5prime.txt
src.logic.prediction.race_prediction_engine:c:\keiba_ai\keiba_ai_ver3.0\src\logic\prediction\race_prediction_engine.py
FileNotFoundError: c:\keiba_ai\keiba_ai_ver3.0\data\prediction\models\06_nakayama\dirt4260_lambdarank_model_v6hit_binary.txt
src.logic.prediction.race_prediction_engine:c:\keiba_ai\keiba_ai_ver3.0\src\logic\prediction\race_prediction_engine.py
FileNotFoundError: c:\keiba_ai\keiba_ai_ver3.0\data\prediction\models\06_nakayama\dirt4260_lambdarank_model_v6hit_extreme.txt
src.logic.prediction.race_prediction_engine:c:\keiba_ai\keiba_ai_ver3.0\src\logic\prediction\race_prediction_engine.py
FileNotFoundError: c:\keiba_ai\keiba_ai_ver3.0\data\prediction\models\06_nakayama\dirt4260_lambdarank_model_v5prime.txt
src.logic.prediction.race_prediction_engine:c:\keiba_ai\keiba_ai_ver3.0\src\logic\prediction\race_prediction_engine.py
FileNotFoundError: c:\keiba_ai\keiba_ai_ver3.0\data\prediction\models\08_kyoto\dirt3170_lambdarank_model_v6hit_binary.txt
src.logic.prediction.race_prediction_engine:c:\keiba_ai\keiba_ai_ver3.0\src\logic\prediction\race_prediction_engine.py
FileNotFoundError: c:\keiba_ai\keiba_ai_ver3.0\data\prediction\models\08_kyoto\dirt3170_lambdarank_model_v6hit_extreme.txt
src.logic.prediction.race_prediction_engine:c:\keiba_ai\keiba_ai_ver3.0\src\logic\prediction\race_prediction_engine.py
FileNotFoundError: c:\keiba_ai\keiba_ai_ver3.0\data\prediction\models\08_kyoto\dirt3170_lambdarank_model_v5prime.txt
src.logic.prediction.race_prediction_engine:c:\keiba_ai\keiba_ai_ver3.0\src\logic\prediction\race_prediction_engine.py
FileNotFoundError: c:\keiba_ai\keiba_ai_ver3.0\data\prediction\models\08_kyoto\dirt2910_lambdarank_model_v6hit_binary.txt
src.logic.prediction.race_prediction_engine:c:\keiba_ai\keiba_ai_ver3.0\src\logic\prediction\race_prediction_engine.py
FileNotFoundError: c:\keiba_ai\keiba_ai_ver3.0\data\prediction\models\08_kyoto\dirt2910_lambdarank_model_v6hit_extreme.txt
src.logic.prediction.race_prediction_engine:c:\keiba_ai\keiba_ai_ver3.0\src\logic\prediction\race_prediction_engine.py
FileNotFoundError: c:\keiba_ai\keiba_ai_ver3.0\data\prediction\models\08_kyoto\dirt2910_lambdarank_model_v5prime.txt
  1000R収集済み (6372秒)
src.logic.prediction.race_prediction_engine:c:\keiba_ai\keiba_ai_ver3.0\src\logic\prediction\race_prediction_engine.py
FileNotFoundError: c:\keiba_ai\keiba_ai_ver3.0\data\prediction\models\08_kyoto\dirt3170_lambdarank_model_v6hit_binary.txt
src.logic.prediction.race_prediction_engine:c:\keiba_ai\keiba_ai_ver3.0\src\logic\prediction\race_prediction_engine.py
FileNotFoundError: c:\keiba_ai\keiba_ai_ver3.0\data\prediction\models\08_kyoto\dirt3170_lambdarank_model_v6hit_extreme.txt
src.logic.prediction.race_prediction_engine:c:\keiba_ai\keiba_ai_ver3.0\src\logic\prediction\race_prediction_engine.py
FileNotFoundError: c:\keiba_ai\keiba_ai_ver3.0\data\prediction\models\08_kyoto\dirt3170_lambdarank_model_v5prime.txt
src.logic.prediction.race_prediction_engine:c:\keiba_ai\keiba_ai_ver3.0\src\logic\prediction\race_prediction_engine.py
FileNotFoundError: c:\keiba_ai\keiba_ai_ver3.0\data\prediction\models\08_kyoto\dirt2910_lambdarank_model_v6hit_binary.txt
src.logic.prediction.race_prediction_engine:c:\keiba_ai\keiba_ai_ver3.0\src\logic\prediction\race_prediction_engine.py
FileNotFoundError: c:\keiba_ai\keiba_ai_ver3.0\data\prediction\models\08_kyoto\dirt2910_lambdarank_model_v6hit_extreme.txt
src.logic.prediction.race_prediction_engine:c:\keiba_ai\keiba_ai_ver3.0\src\logic\prediction\race_prediction_engine.py
FileNotFoundError: c:\keiba_ai\keiba_ai_ver3.0\data\prediction\models\08_kyoto\dirt2910_lambdarank_model_v5prime.txt
src.logic.prediction.race_prediction_engine:c:\keiba_ai\keiba_ai_ver3.0\src\logic\prediction\race_prediction_engine.py
FileNotFoundError: c:\keiba_ai\keiba_ai_ver3.0\data\prediction\models\08_kyoto\dirt3930_lambdarank_model_v6hit_binary.txt
src.logic.prediction.race_prediction_engine:c:\keiba_ai\keiba_ai_ver3.0\src\logic\prediction\race_prediction_engine.py
FileNotFoundError: c:\keiba_ai\keiba_ai_ver3.0\data\prediction\models\08_kyoto\dirt3930_lambdarank_model_v6hit_extreme.txt
src.logic.prediction.race_prediction_engine:c:\keiba_ai\keiba_ai_ver3.0\src\logic\prediction\race_prediction_engine.py
FileNotFoundError: c:\keiba_ai\keiba_ai_ver3.0\data\prediction\models\08_kyoto\dirt3930_lambdarank_model_v5prime.txt
  1200R収集済み (7254秒)
src.logic.prediction.race_prediction_engine:c:\keiba_ai\keiba_ai_ver3.0\src\logic\prediction\race_prediction_engine.py
FileNotFoundError: c:\keiba_ai\keiba_ai_ver3.0\data\prediction\models\08_kyoto\dirt3170_lambdarank_model_v6hit_binary.txt
src.logic.prediction.race_prediction_engine:c:\keiba_ai\keiba_ai_ver3.0\src\logic\prediction\race_prediction_engine.py
FileNotFoundError: c:\keiba_ai\keiba_ai_ver3.0\data\prediction\models\08_kyoto\dirt3170_lambdarank_model_v6hit_extreme.txt
src.logic.prediction.race_prediction_engine:c:\keiba_ai\keiba_ai_ver3.0\src\logic\prediction\race_prediction_engine.py
FileNotFoundError: c:\keiba_ai\keiba_ai_ver3.0\data\prediction\models\08_kyoto\dirt3170_lambdarank_model_v5prime.txt
src.logic.prediction.race_prediction_engine:c:\keiba_ai\keiba_ai_ver3.0\src\logic\prediction\race_prediction_engine.py
FileNotFoundError: c:\keiba_ai\keiba_ai_ver3.0\data\prediction\models\09_hanshin\dirt3900_lambdarank_model_v6hit_binary.txt
src.logic.prediction.race_prediction_engine:c:\keiba_ai\keiba_ai_ver3.0\src\logic\prediction\race_prediction_engine.py
FileNotFoundError: c:\keiba_ai\keiba_ai_ver3.0\data\prediction\models\09_hanshin\dirt3900_lambdarank_model_v6hit_extreme.txt
src.logic.prediction.race_prediction_engine:c:\keiba_ai\keiba_ai_ver3.0\src\logic\prediction\race_prediction_engine.py
FileNotFoundError: c:\keiba_ai\keiba_ai_ver3.0\data\prediction\models\09_hanshin\dirt3900_lambdarank_model_v5prime.txt
src.logic.prediction.race_prediction_engine:c:\keiba_ai\keiba_ai_ver3.0\src\logic\prediction\race_prediction_engine.py
FileNotFoundError: c:\keiba_ai\keiba_ai_ver3.0\data\prediction\models\09_hanshin\dirt2970_lambdarank_model_v6hit_binary.txt
src.logic.prediction.race_prediction_engine:c:\keiba_ai\keiba_ai_ver3.0\src\logic\prediction\race_prediction_engine.py
FileNotFoundError: c:\keiba_ai\keiba_ai_ver3.0\data\prediction\models\09_hanshin\dirt2970_lambdarank_model_v6hit_extreme.txt
src.logic.prediction.race_prediction_engine:c:\keiba_ai\keiba_ai_ver3.0\src\logic\prediction\race_prediction_engine.py
FileNotFoundError: c:\keiba_ai\keiba_ai_ver3.0\data\prediction\models\09_hanshin\dirt2970_lambdarank_model_v5prime.txt
src.logic.prediction.race_prediction_engine:c:\keiba_ai\keiba_ai_ver3.0\src\logic\prediction\race_prediction_engine.py
FileNotFoundError: c:\keiba_ai\keiba_ai_ver3.0\data\prediction\models\09_hanshin\dirt3140_lambdarank_model_v6hit_binary.txt
src.logic.prediction.race_prediction_engine:c:\keiba_ai\keiba_ai_ver3.0\src\logic\prediction\race_prediction_engine.py
FileNotFoundError: c:\keiba_ai\keiba_ai_ver3.0\data\prediction\models\09_hanshin\dirt3140_lambdarank_model_v6hit_extreme.txt
src.logic.prediction.race_prediction_engine:c:\keiba_ai\keiba_ai_ver3.0\src\logic\prediction\race_prediction_engine.py
FileNotFoundError: c:\keiba_ai\keiba_ai_ver3.0\data\prediction\models\09_hanshin\dirt3140_lambdarank_model_v5prime.txt
src.logic.prediction.race_prediction_engine:c:\keiba_ai\keiba_ai_ver3.0\src\logic\prediction\race_prediction_engine.py
FileNotFoundError: c:\keiba_ai\keiba_ai_ver3.0\data\prediction\models\09_hanshin\dirt2970_lambdarank_model_v6hit_binary.txt
src.logic.prediction.race_prediction_engine:c:\keiba_ai\keiba_ai_ver3.0\src\logic\prediction\race_prediction_engine.py
FileNotFoundError: c:\keiba_ai\keiba_ai_ver3.0\data\prediction\models\09_hanshin\dirt2970_lambdarank_model_v6hit_extreme.txt
src.logic.prediction.race_prediction_engine:c:\keiba_ai\keiba_ai_ver3.0\src\logic\prediction\race_prediction_engine.py
FileNotFoundError: c:\keiba_ai\keiba_ai_ver3.0\data\prediction\models\09_hanshin\dirt2970_lambdarank_model_v5prime.txt
  1400R収集済み (8481秒)
src.logic.prediction.race_prediction_engine:c:\keiba_ai\keiba_ai_ver3.0\src\logic\prediction\race_prediction_engine.py
FileNotFoundError: c:\keiba_ai\keiba_ai_ver3.0\data\prediction\models\09_hanshin\dirt2970_lambdarank_model_v6hit_binary.txt
src.logic.prediction.race_prediction_engine:c:\keiba_ai\keiba_ai_ver3.0\src\logic\prediction\race_prediction_engine.py
FileNotFoundError: c:\keiba_ai\keiba_ai_ver3.0\data\prediction\models\09_hanshin\dirt2970_lambdarank_model_v6hit_extreme.txt
src.logic.prediction.race_prediction_engine:c:\keiba_ai\keiba_ai_ver3.0\src\logic\prediction\race_prediction_engine.py
FileNotFoundError: c:\keiba_ai\keiba_ai_ver3.0\data\prediction\models\09_hanshin\dirt2970_lambdarank_model_v5prime.txt
src.logic.prediction.race_prediction_engine:c:\keiba_ai\keiba_ai_ver3.0\src\logic\prediction\race_prediction_engine.py
FileNotFoundError: c:\keiba_ai\keiba_ai_ver3.0\data\prediction\models\09_hanshin\dirt2970_lambdarank_model_v6hit_binary.txt
src.logic.prediction.race_prediction_engine:c:\keiba_ai\keiba_ai_ver3.0\src\logic\prediction\race_prediction_engine.py
FileNotFoundError: c:\keiba_ai\keiba_ai_ver3.0\data\prediction\models\09_hanshin\dirt2970_lambdarank_model_v6hit_extreme.txt
src.logic.prediction.race_prediction_engine:c:\keiba_ai\keiba_ai_ver3.0\src\logic\prediction\race_prediction_engine.py
FileNotFoundError: c:\keiba_ai\keiba_ai_ver3.0\data\prediction\models\09_hanshin\dirt2970_lambdarank_model_v5prime.txt
src.logic.prediction.race_prediction_engine:c:\keiba_ai\keiba_ai_ver3.0\src\logic\prediction\race_prediction_engine.py
FileNotFoundError: c:\keiba_ai\keiba_ai_ver3.0\data\prediction\models\09_hanshin\dirt3110_lambdarank_model_v6hit_binary.txt
src.logic.prediction.race_prediction_engine:c:\keiba_ai\keiba_ai_ver3.0\src\logic\prediction\race_prediction_engine.py
FileNotFoundError: c:\keiba_ai\keiba_ai_ver3.0\data\prediction\models\09_hanshin\dirt3110_lambdarank_model_v6hit_extreme.txt
src.logic.prediction.race_prediction_engine:c:\keiba_ai\keiba_ai_ver3.0\src\logic\prediction\race_prediction_engine.py
FileNotFoundError: c:\keiba_ai\keiba_ai_ver3.0\data\prediction\models\09_hanshin\dirt3110_lambdarank_model_v5prime.txt
src.logic.prediction.race_prediction_engine:c:\keiba_ai\keiba_ai_ver3.0\src\logic\prediction\race_prediction_engine.py
FileNotFoundError: c:\keiba_ai\keiba_ai_ver3.0\data\prediction\models\10_kokura\dirt3390_lambdarank_model_v6hit_binary.txt
src.logic.prediction.race_prediction_engine:c:\keiba_ai\keiba_ai_ver3.0\src\logic\prediction\race_prediction_engine.py
FileNotFoundError: c:\keiba_ai\keiba_ai_ver3.0\data\prediction\models\10_kokura\dirt3390_lambdarank_model_v6hit_extreme.txt
src.logic.prediction.race_prediction_engine:c:\keiba_ai\keiba_ai_ver3.0\src\logic\prediction\race_prediction_engine.py
FileNotFoundError: c:\keiba_ai\keiba_ai_ver3.0\data\prediction\models\10_kokura\dirt3390_lambdarank_model_v5prime.txt
src.logic.prediction.race_prediction_engine:c:\keiba_ai\keiba_ai_ver3.0\src\logic\prediction\race_prediction_engine.py
FileNotFoundError: c:\keiba_ai\keiba_ai_ver3.0\data\prediction\models\10_kokura\dirt2860_lambdarank_model_v6hit_binary.txt
src.logic.prediction.race_prediction_engine:c:\keiba_ai\keiba_ai_ver3.0\src\logic\prediction\race_prediction_engine.py
FileNotFoundError: c:\keiba_ai\keiba_ai_ver3.0\data\prediction\models\10_kokura\dirt2860_lambdarank_model_v6hit_extreme.txt
src.logic.prediction.race_prediction_engine:c:\keiba_ai\keiba_ai_ver3.0\src\logic\prediction\race_prediction_engine.py
FileNotFoundError: c:\keiba_ai\keiba_ai_ver3.0\data\prediction\models\10_kokura\dirt2860_lambdarank_model_v5prime.txt
src.logic.prediction.race_prediction_engine:c:\keiba_ai\keiba_ai_ver3.0\src\logic\prediction\race_prediction_engine.py
FileNotFoundError: c:\keiba_ai\keiba_ai_ver3.0\data\prediction\models\10_kokura\dirt2860_lambdarank_model_v6hit_binary.txt
src.logic.prediction.race_prediction_engine:c:\keiba_ai\keiba_ai_ver3.0\src\logic\prediction\race_prediction_engine.py
FileNotFoundError: c:\keiba_ai\keiba_ai_ver3.0\data\prediction\models\10_kokura\dirt2860_lambdarank_model_v6hit_extreme.txt
src.logic.prediction.race_prediction_engine:c:\keiba_ai\keiba_ai_ver3.0\src\logic\prediction\race_prediction_engine.py
FileNotFoundError: c:\keiba_ai\keiba_ai_ver3.0\data\prediction\models\10_kokura\dirt2860_lambdarank_model_v5prime.txt
src.logic.prediction.race_prediction_engine:c:\keiba_ai\keiba_ai_ver3.0\src\logic\prediction\race_prediction_engine.py
FileNotFoundError: c:\keiba_ai\keiba_ai_ver3.0\data\prediction\models\10_kokura\dirt2860_lambdarank_model_v6hit_binary.txt
src.logic.prediction.race_prediction_engine:c:\keiba_ai\keiba_ai_ver3.0\src\logic\prediction\race_prediction_engine.py
FileNotFoundError: c:\keiba_ai\keiba_ai_ver3.0\data\prediction\models\10_kokura\dirt2860_lambdarank_model_v6hit_extreme.txt
src.logic.prediction.race_prediction_engine:c:\keiba_ai\keiba_ai_ver3.0\src\logic\prediction\race_prediction_engine.py
FileNotFoundError: c:\keiba_ai\keiba_ai_ver3.0\data\prediction\models\10_kokura\dirt2860_lambdarank_model_v5prime.txt
src.logic.prediction.race_prediction_engine:c:\keiba_ai\keiba_ai_ver3.0\src\logic\prediction\race_prediction_engine.py
FileNotFoundError: c:\keiba_ai\keiba_ai_ver3.0\data\prediction\models\10_kokura\dirt2860_lambdarank_model_v6hit_binary.txt
src.logic.prediction.race_prediction_engine:c:\keiba_ai\keiba_ai_ver3.0\src\logic\prediction\race_prediction_engine.py
FileNotFoundError: c:\keiba_ai\keiba_ai_ver3.0\data\prediction\models\10_kokura\dirt2860_lambdarank_model_v6hit_extreme.txt
src.logic.prediction.race_prediction_engine:c:\keiba_ai\keiba_ai_ver3.0\src\logic\prediction\race_prediction_engine.py
FileNotFoundError: c:\keiba_ai\keiba_ai_ver3.0\data\prediction\models\10_kokura\dirt2860_lambdarank_model_v5prime.txt
src.logic.prediction.race_prediction_engine:c:\keiba_ai\keiba_ai_ver3.0\src\logic\prediction\race_prediction_engine.py
FileNotFoundError: c:\keiba_ai\keiba_ai_ver3.0\data\prediction\models\10_kokura\dirt2860_lambdarank_model_v6hit_binary.txt
src.logic.prediction.race_prediction_engine:c:\keiba_ai\keiba_ai_ver3.0\src\logic\prediction\race_prediction_engine.py
FileNotFoundError: c:\keiba_ai\keiba_ai_ver3.0\data\prediction\models\10_kokura\dirt2860_lambdarank_model_v6hit_extreme.txt
src.logic.prediction.race_prediction_engine:c:\keiba_ai\keiba_ai_ver3.0\src\logic\prediction\race_prediction_engine.py
FileNotFoundError: c:\keiba_ai\keiba_ai_ver3.0\data\prediction\models\10_kokura\dirt2860_lambdarank_model_v5prime.txt
src.logic.prediction.race_prediction_engine:c:\keiba_ai\keiba_ai_ver3.0\src\logic\prediction\race_prediction_engine.py
FileNotFoundError: c:\keiba_ai\keiba_ai_ver3.0\data\prediction\models\10_kokura\dirt2860_lambdarank_model_v6hit_binary.txt
src.logic.prediction.race_prediction_engine:c:\keiba_ai\keiba_ai_ver3.0\src\logic\prediction\race_prediction_engine.py
FileNotFoundError: c:\keiba_ai\keiba_ai_ver3.0\data\prediction\models\10_kokura\dirt2860_lambdarank_model_v6hit_extreme.txt
src.logic.prediction.race_prediction_engine:c:\keiba_ai\keiba_ai_ver3.0\src\logic\prediction\race_prediction_engine.py
FileNotFoundError: c:\keiba_ai\keiba_ai_ver3.0\data\prediction\models\10_kokura\dirt2860_lambdarank_model_v5prime.txt
src.logic.prediction.race_prediction_engine:c:\keiba_ai\keiba_ai_ver3.0\src\logic\prediction\race_prediction_engine.py
FileNotFoundError: c:\keiba_ai\keiba_ai_ver3.0\data\prediction\models\10_kokura\dirt2860_lambdarank_model_v6hit_binary.txt
src.logic.prediction.race_prediction_engine:c:\keiba_ai\keiba_ai_ver3.0\src\logic\prediction\race_prediction_engine.py
FileNotFoundError: c:\keiba_ai\keiba_ai_ver3.0\data\prediction\models\10_kokura\dirt2860_lambdarank_model_v6hit_extreme.txt
src.logic.prediction.race_prediction_engine:c:\keiba_ai\keiba_ai_ver3.0\src\logic\prediction\race_prediction_engine.py
FileNotFoundError: c:\keiba_ai\keiba_ai_ver3.0\data\prediction\models\10_kokura\dirt2860_lambdarank_model_v5prime.txt
  1600R収集済み (9729秒)
src.logic.prediction.race_prediction_engine:c:\keiba_ai\keiba_ai_ver3.0\src\logic\prediction\race_prediction_engine.py
FileNotFoundError: c:\keiba_ai\keiba_ai_ver3.0\data\prediction\models\10_kokura\dirt2860_lambdarank_model_v6hit_binary.txt
src.logic.prediction.race_prediction_engine:c:\keiba_ai\keiba_ai_ver3.0\src\logic\prediction\race_prediction_engine.py
FileNotFoundError: c:\keiba_ai\keiba_ai_ver3.0\data\prediction\models\10_kokura\dirt2860_lambdarank_model_v6hit_extreme.txt
src.logic.prediction.race_prediction_engine:c:\keiba_ai\keiba_ai_ver3.0\src\logic\prediction\race_prediction_engine.py
FileNotFoundError: c:\keiba_ai\keiba_ai_ver3.0\data\prediction\models\10_kokura\dirt2860_lambdarank_model_v5prime.txt
src.logic.prediction.race_prediction_engine:c:\keiba_ai\keiba_ai_ver3.0\src\logic\prediction\race_prediction_engine.py
FileNotFoundError: c:\keiba_ai\keiba_ai_ver3.0\data\prediction\models\10_kokura\dirt3390_lambdarank_model_v6hit_binary.txt
src.logic.prediction.race_prediction_engine:c:\keiba_ai\keiba_ai_ver3.0\src\logic\prediction\race_prediction_engine.py
FileNotFoundError: c:\keiba_ai\keiba_ai_ver3.0\data\prediction\models\10_kokura\dirt3390_lambdarank_model_v6hit_extreme.txt
src.logic.prediction.race_prediction_engine:c:\keiba_ai\keiba_ai_ver3.0\src\logic\prediction\race_prediction_engine.py
FileNotFoundError: c:\keiba_ai\keiba_ai_ver3.0\data\prediction\models\10_kokura\dirt3390_lambdarank_model_v5prime.txt
src.logic.prediction.race_prediction_engine:c:\keiba_ai\keiba_ai_ver3.0\src\logic\prediction\race_prediction_engine.py
FileNotFoundError: c:\keiba_ai\keiba_ai_ver3.0\data\prediction\models\10_kokura\dirt2860_lambdarank_model_v6hit_binary.txt
src.logic.prediction.race_prediction_engine:c:\keiba_ai\keiba_ai_ver3.0\src\logic\prediction\race_prediction_engine.py
FileNotFoundError: c:\keiba_ai\keiba_ai_ver3.0\data\prediction\models\10_kokura\dirt2860_lambdarank_model_v6hit_extreme.txt
src.logic.prediction.race_prediction_engine:c:\keiba_ai\keiba_ai_ver3.0\src\logic\prediction\race_prediction_engine.py
FileNotFoundError: c:\keiba_ai\keiba_ai_ver3.0\data\prediction\models\10_kokura\dirt2860_lambdarank_model_v5prime.txt
src.logic.prediction.race_prediction_engine:c:\keiba_ai\keiba_ai_ver3.0\src\logic\prediction\race_prediction_engine.py
FileNotFoundError: c:\keiba_ai\keiba_ai_ver3.0\data\prediction\models\10_kokura\dirt2860_lambdarank_model_v6hit_binary.txt
src.logic.prediction.race_prediction_engine:c:\keiba_ai\keiba_ai_ver3.0\src\logic\prediction\race_prediction_engine.py
FileNotFoundError: c:\keiba_ai\keiba_ai_ver3.0\data\prediction\models\10_kokura\dirt2860_lambdarank_model_v6hit_extreme.txt
src.logic.prediction.race_prediction_engine:c:\keiba_ai\keiba_ai_ver3.0\src\logic\prediction\race_prediction_engine.py
FileNotFoundError: c:\keiba_ai\keiba_ai_ver3.0\data\prediction\models\10_kokura\dirt2860_lambdarank_model_v5prime.txt
src.logic.prediction.race_prediction_engine:c:\keiba_ai\keiba_ai_ver3.0\src\logic\prediction\race_prediction_engine.py
FileNotFoundError: c:\keiba_ai\keiba_ai_ver3.0\data\prediction\models\10_kokura\dirt3390_lambdarank_model_v6hit_binary.txt
src.logic.prediction.race_prediction_engine:c:\keiba_ai\keiba_ai_ver3.0\src\logic\prediction\race_prediction_engine.py
FileNotFoundError: c:\keiba_ai\keiba_ai_ver3.0\data\prediction\models\10_kokura\dirt3390_lambdarank_model_v6hit_extreme.txt
src.logic.prediction.race_prediction_engine:c:\keiba_ai\keiba_ai_ver3.0\src\logic\prediction\race_prediction_engine.py
FileNotFoundError: c:\keiba_ai\keiba_ai_ver3.0\data\prediction\models\10_kokura\dirt3390_lambdarank_model_v5prime.txt
src.logic.prediction.race_prediction_engine:c:\keiba_ai\keiba_ai_ver3.0\src\logic\prediction\race_prediction_engine.py
FileNotFoundError: c:\keiba_ai\keiba_ai_ver3.0\data\prediction\models\10_kokura\dirt2860_lambdarank_model_v6hit_binary.txt
src.logic.prediction.race_prediction_engine:c:\keiba_ai\keiba_ai_ver3.0\src\logic\prediction\race_prediction_engine.py
FileNotFoundError: c:\keiba_ai\keiba_ai_ver3.0\data\prediction\models\10_kokura\dirt2860_lambdarank_model_v6hit_extreme.txt
src.logic.prediction.race_prediction_engine:c:\keiba_ai\keiba_ai_ver3.0\src\logic\prediction\race_prediction_engine.py
FileNotFoundError: c:\keiba_ai\keiba_ai_ver3.0\data\prediction\models\10_kokura\dirt2860_lambdarank_model_v5prime.txt
src.logic.prediction.race_prediction_engine:c:\keiba_ai\keiba_ai_ver3.0\src\logic\prediction\race_prediction_engine.py
FileNotFoundError: c:\keiba_ai\keiba_ai_ver3.0\data\prediction\models\10_kokura\dirt2860_lambdarank_model_v6hit_binary.txt
src.logic.prediction.race_prediction_engine:c:\keiba_ai\keiba_ai_ver3.0\src\logic\prediction\race_prediction_engine.py
FileNotFoundError: c:\keiba_ai\keiba_ai_ver3.0\data\prediction\models\10_kokura\dirt2860_lambdarank_model_v6hit_extreme.txt
src.logic.prediction.race_prediction_engine:c:\keiba_ai\keiba_ai_ver3.0\src\logic\prediction\race_prediction_engine.py
FileNotFoundError: c:\keiba_ai\keiba_ai_ver3.0\data\prediction\models\10_kokura\dirt2860_lambdarank_model_v5prime.txt
src.logic.prediction.race_prediction_engine:c:\keiba_ai\keiba_ai_ver3.0\src\logic\prediction\race_prediction_engine.py
FileNotFoundError: c:\keiba_ai\keiba_ai_ver3.0\data\prediction\models\10_kokura\dirt2860_lambdarank_model_v6hit_binary.txt
src.logic.prediction.race_prediction_engine:c:\keiba_ai\keiba_ai_ver3.0\src\logic\prediction\race_prediction_engine.py
FileNotFoundError: c:\keiba_ai\keiba_ai_ver3.0\data\prediction\models\10_kokura\dirt2860_lambdarank_model_v6hit_extreme.txt
src.logic.prediction.race_prediction_engine:c:\keiba_ai\keiba_ai_ver3.0\src\logic\prediction\race_prediction_engine.py
FileNotFoundError: c:\keiba_ai\keiba_ai_ver3.0\data\prediction\models\10_kokura\dirt2860_lambdarank_model_v5prime.txt
src.logic.prediction.race_prediction_engine:c:\keiba_ai\keiba_ai_ver3.0\src\logic\prediction\race_prediction_engine.py
FileNotFoundError: c:\keiba_ai\keiba_ai_ver3.0\data\prediction\models\10_kokura\dirt2860_lambdarank_model_v6hit_binary.txt
src.logic.prediction.race_prediction_engine:c:\keiba_ai\keiba_ai_ver3.0\src\logic\prediction\race_prediction_engine.py
FileNotFoundError: c:\keiba_ai\keiba_ai_ver3.0\data\prediction\models\10_kokura\dirt2860_lambdarank_model_v6hit_extreme.txt
src.logic.prediction.race_prediction_engine:c:\keiba_ai\keiba_ai_ver3.0\src\logic\prediction\race_prediction_engine.py
FileNotFoundError: c:\keiba_ai\keiba_ai_ver3.0\data\prediction\models\10_kokura\dirt2860_lambdarank_model_v5prime.txt
src.logic.prediction.race_prediction_engine:c:\keiba_ai\keiba_ai_ver3.0\src\logic\prediction\race_prediction_engine.py
FileNotFoundError: c:\keiba_ai\keiba_ai_ver3.0\data\prediction\models\10_kokura\dirt2860_lambdarank_model_v6hit_binary.txt
src.logic.prediction.race_prediction_engine:c:\keiba_ai\keiba_ai_ver3.0\src\logic\prediction\race_prediction_engine.py
FileNotFoundError: c:\keiba_ai\keiba_ai_ver3.0\data\prediction\models\10_kokura\dirt2860_lambdarank_model_v6hit_extreme.txt
src.logic.prediction.race_prediction_engine:c:\keiba_ai\keiba_ai_ver3.0\src\logic\prediction\race_prediction_engine.py
FileNotFoundError: c:\keiba_ai\keiba_ai_ver3.0\data\prediction\models\10_kokura\dirt2860_lambdarank_model_v5prime.txt
src.logic.prediction.race_prediction_engine:c:\keiba_ai\keiba_ai_ver3.0\src\logic\prediction\race_prediction_engine.py
FileNotFoundError: c:\keiba_ai\keiba_ai_ver3.0\data\prediction\models\10_kokura\dirt2860_lambdarank_model_v6hit_binary.txt
src.logic.prediction.race_prediction_engine:c:\keiba_ai\keiba_ai_ver3.0\src\logic\prediction\race_prediction_engine.py
FileNotFoundError: c:\keiba_ai\keiba_ai_ver3.0\data\prediction\models\10_kokura\dirt2860_lambdarank_model_v6hit_extreme.txt
src.logic.prediction.race_prediction_engine:c:\keiba_ai\keiba_ai_ver3.0\src\logic\prediction\race_prediction_engine.py
FileNotFoundError: c:\keiba_ai\keiba_ai_ver3.0\data\prediction\models\10_kokura\dirt2860_lambdarank_model_v5prime.txt

収集完了: 1707R (10224秒), スキップ:93R

====================================================================================================
【v6hit_binary】 × v5prime  αスイープ  (α=1.0がhit単独, α=0.0がv5prime単独)
====================================================================================================
    α       単勝的中率      単勝回収率       複勝的中率      複勝回収率       3連複的中率      3連複回収率
----------------------------------------------------------------------------------------------------
  0.0       33.9%     323.8%       52.4%     147.7%        33.9%      591.5%
  0.1       33.9%     302.7%       52.7%     136.4%        34.6%      585.9%
  0.2       33.2%     255.1%       53.5%     125.0%        34.6%      553.7%
  0.3       31.6%     208.4%       54.2%     113.5%        35.5%      553.4%
  0.4       30.0%     143.1%       56.0%      94.4%        35.2%      520.2%
  0.5       30.8%     114.1%       61.9%      90.9%        34.2%      430.6%
  0.6       28.8%      97.3%       60.9%      85.1%        33.6%      181.7%
  0.7       27.9%      93.3%       59.5%      82.8%        32.3%      149.1%
  0.8       27.5%      91.0%       58.3%      80.4%        32.6%      132.4%
  0.9       26.9%      89.9%       57.5%      79.2%        32.4%      100.9%
  1.0       26.3%      86.1%       57.1%      78.3%        30.2%       83.5%
====================================================================================================
  → 3指標回収率合計最大: α=0.0  単33.9%/323.8%  複52.4%/147.7%  3連33.9%/591.5%

====================================================================================================
【v6hit_extreme】 × v5prime  αスイープ  (α=1.0がhit単独, α=0.0がv5prime単独)
====================================================================================================
    α       単勝的中率      単勝回収率       複勝的中率      複勝回収率       3連複的中率      3連複回収率
----------------------------------------------------------------------------------------------------
  0.0       33.9%     323.8%       52.4%     147.7%        33.9%      591.5%
  0.1       34.9%     325.8%       52.7%     141.4%        34.0%      587.0%
  0.2       36.1%     344.1%       53.0%     138.7%        33.8%      564.5%
  0.3       37.3%     373.4%       52.3%     134.6%        33.2%      534.4%
  0.4       38.1%     354.2%       51.4%     127.1%        32.2%      301.4%
  0.5       37.9%     348.3%       51.3%     126.0%        30.7%      264.5%
  0.6       38.0%     354.1%       51.1%     126.9%        28.4%      194.9%
  0.7       38.1%     352.9%       50.7%     126.3%        25.4%      131.9%
  0.8       37.4%     351.3%       49.2%     123.5%        22.7%      110.8%
  0.9       36.6%     360.1%       48.3%     123.7%        20.2%       87.9%
  1.0       36.5%     363.2%       47.9%     124.2%        18.6%       78.9%
====================================================================================================
  → 3指標回収率合計最大: α=0.0  単33.9%/323.8%  複52.4%/147.7%  3連33.9%/591.5%
