血統vocab読み込み中...
vocab読み込み済み: 1738種類 (c:\keiba_ai\keiba_ai_ver3.0\data\prediction\models\pedigree_vocab_v5.json)
  1738種類

対象場: ['02_hakodate', '03_fukushima', '04_nigata', '05_tokyo', '06_nakayama', '07_chukyo', '08_kyoto', '09_hanshin', '10_kokura']
レースデータを収集中...
src.logic.prediction.race_prediction_engine:c:\keiba_ai\keiba_ai_ver3.0\src\logic\prediction\race_prediction_engine.py
FileNotFoundError: c:\keiba_ai\keiba_ai_ver3.0\data\prediction\models\03_fukushima\dirt2750_lambdarank_model_v6hit.txt
src.logic.prediction.race_prediction_engine:c:\keiba_ai\keiba_ai_ver3.0\src\logic\prediction\race_prediction_engine.py
FileNotFoundError: c:\keiba_ai\keiba_ai_ver3.0\data\prediction\models\03_fukushima\dirt2750_lambdarank_model_v5prime.txt
src.logic.prediction.race_prediction_engine:c:\keiba_ai\keiba_ai_ver3.0\src\logic\prediction\race_prediction_engine.py
FileNotFoundError: c:\keiba_ai\keiba_ai_ver3.0\data\prediction\models\03_fukushima\dirt2750_lambdarank_model_v6hit.txt
src.logic.prediction.race_prediction_engine:c:\keiba_ai\keiba_ai_ver3.0\src\logic\prediction\race_prediction_engine.py
FileNotFoundError: c:\keiba_ai\keiba_ai_ver3.0\data\prediction\models\03_fukushima\dirt2750_lambdarank_model_v5prime.txt
src.logic.prediction.race_prediction_engine:c:\keiba_ai\keiba_ai_ver3.0\src\logic\prediction\race_prediction_engine.py
FileNotFoundError: c:\keiba_ai\keiba_ai_ver3.0\data\prediction\models\03_fukushima\dirt2750_lambdarank_model_v6hit.txt
src.logic.prediction.race_prediction_engine:c:\keiba_ai\keiba_ai_ver3.0\src\logic\prediction\race_prediction_engine.py
FileNotFoundError: c:\keiba_ai\keiba_ai_ver3.0\data\prediction\models\03_fukushima\dirt2750_lambdarank_model_v5prime.txt
  200R収集済み (627秒)
src.logic.prediction.race_prediction_engine:c:\keiba_ai\keiba_ai_ver3.0\src\logic\prediction\race_prediction_engine.py
FileNotFoundError: c:\keiba_ai\keiba_ai_ver3.0\data\prediction\models\04_nigata\dirt2890_lambdarank_model_v6hit.txt
src.logic.prediction.race_prediction_engine:c:\keiba_ai\keiba_ai_ver3.0\src\logic\prediction\race_prediction_engine.py
FileNotFoundError: c:\keiba_ai\keiba_ai_ver3.0\data\prediction\models\04_nigata\dirt2890_lambdarank_model_v5prime.txt
src.logic.prediction.race_prediction_engine:c:\keiba_ai\keiba_ai_ver3.0\src\logic\prediction\race_prediction_engine.py
FileNotFoundError: c:\keiba_ai\keiba_ai_ver3.0\data\prediction\models\04_nigata\dirt2890_lambdarank_model_v6hit.txt
src.logic.prediction.race_prediction_engine:c:\keiba_ai\keiba_ai_ver3.0\src\logic\prediction\race_prediction_engine.py
FileNotFoundError: c:\keiba_ai\keiba_ai_ver3.0\data\prediction\models\04_nigata\dirt2890_lambdarank_model_v5prime.txt
src.logic.prediction.race_prediction_engine:c:\keiba_ai\keiba_ai_ver3.0\src\logic\prediction\race_prediction_engine.py
FileNotFoundError: c:\keiba_ai\keiba_ai_ver3.0\data\prediction\models\04_nigata\dirt2890_lambdarank_model_v6hit.txt
src.logic.prediction.race_prediction_engine:c:\keiba_ai\keiba_ai_ver3.0\src\logic\prediction\race_prediction_engine.py
FileNotFoundError: c:\keiba_ai\keiba_ai_ver3.0\data\prediction\models\04_nigata\dirt2890_lambdarank_model_v5prime.txt
src.logic.prediction.race_prediction_engine:c:\keiba_ai\keiba_ai_ver3.0\src\logic\prediction\race_prediction_engine.py
FileNotFoundError: c:\keiba_ai\keiba_ai_ver3.0\data\prediction\models\04_nigata\dirt2890_lambdarank_model_v6hit.txt
src.logic.prediction.race_prediction_engine:c:\keiba_ai\keiba_ai_ver3.0\src\logic\prediction\race_prediction_engine.py
FileNotFoundError: c:\keiba_ai\keiba_ai_ver3.0\data\prediction\models\04_nigata\dirt2890_lambdarank_model_v5prime.txt
src.logic.prediction.race_prediction_engine:c:\keiba_ai\keiba_ai_ver3.0\src\logic\prediction\race_prediction_engine.py
FileNotFoundError: c:\keiba_ai\keiba_ai_ver3.0\data\prediction\models\04_nigata\dirt2890_lambdarank_model_v6hit.txt
src.logic.prediction.race_prediction_engine:c:\keiba_ai\keiba_ai_ver3.0\src\logic\prediction\race_prediction_engine.py
FileNotFoundError: c:\keiba_ai\keiba_ai_ver3.0\data\prediction\models\04_nigata\dirt2890_lambdarank_model_v5prime.txt
src.logic.prediction.race_prediction_engine:c:\keiba_ai\keiba_ai_ver3.0\src\logic\prediction\race_prediction_engine.py
FileNotFoundError: c:\keiba_ai\keiba_ai_ver3.0\data\prediction\models\04_nigata\dirt2890_lambdarank_model_v6hit.txt
src.logic.prediction.race_prediction_engine:c:\keiba_ai\keiba_ai_ver3.0\src\logic\prediction\race_prediction_engine.py
FileNotFoundError: c:\keiba_ai\keiba_ai_ver3.0\data\prediction\models\04_nigata\dirt2890_lambdarank_model_v5prime.txt
src.logic.prediction.race_prediction_engine:c:\keiba_ai\keiba_ai_ver3.0\src\logic\prediction\race_prediction_engine.py
FileNotFoundError: c:\keiba_ai\keiba_ai_ver3.0\data\prediction\models\04_nigata\dirt2890_lambdarank_model_v6hit.txt
src.logic.prediction.race_prediction_engine:c:\keiba_ai\keiba_ai_ver3.0\src\logic\prediction\race_prediction_engine.py
FileNotFoundError: c:\keiba_ai\keiba_ai_ver3.0\data\prediction\models\04_nigata\dirt2890_lambdarank_model_v5prime.txt
src.logic.prediction.race_prediction_engine:c:\keiba_ai\keiba_ai_ver3.0\src\logic\prediction\race_prediction_engine.py
FileNotFoundError: c:\keiba_ai\keiba_ai_ver3.0\data\prediction\models\04_nigata\dirt2890_lambdarank_model_v6hit.txt
src.logic.prediction.race_prediction_engine:c:\keiba_ai\keiba_ai_ver3.0\src\logic\prediction\race_prediction_engine.py
FileNotFoundError: c:\keiba_ai\keiba_ai_ver3.0\data\prediction\models\04_nigata\dirt2890_lambdarank_model_v5prime.txt
src.logic.prediction.race_prediction_engine:c:\keiba_ai\keiba_ai_ver3.0\src\logic\prediction\race_prediction_engine.py
FileNotFoundError: c:\keiba_ai\keiba_ai_ver3.0\data\prediction\models\04_nigata\dirt2890_lambdarank_model_v6hit.txt
src.logic.prediction.race_prediction_engine:c:\keiba_ai\keiba_ai_ver3.0\src\logic\prediction\race_prediction_engine.py
FileNotFoundError: c:\keiba_ai\keiba_ai_ver3.0\data\prediction\models\04_nigata\dirt2890_lambdarank_model_v5prime.txt
src.logic.prediction.race_prediction_engine:c:\keiba_ai\keiba_ai_ver3.0\src\logic\prediction\race_prediction_engine.py
FileNotFoundError: c:\keiba_ai\keiba_ai_ver3.0\data\prediction\models\04_nigata\dirt3290_lambdarank_model_v6hit.txt
src.logic.prediction.race_prediction_engine:c:\keiba_ai\keiba_ai_ver3.0\src\logic\prediction\race_prediction_engine.py
FileNotFoundError: c:\keiba_ai\keiba_ai_ver3.0\data\prediction\models\04_nigata\dirt3290_lambdarank_model_v5prime.txt
src.logic.prediction.race_prediction_engine:c:\keiba_ai\keiba_ai_ver3.0\src\logic\prediction\race_prediction_engine.py
FileNotFoundError: c:\keiba_ai\keiba_ai_ver3.0\data\prediction\models\04_nigata\dirt2890_lambdarank_model_v6hit.txt
src.logic.prediction.race_prediction_engine:c:\keiba_ai\keiba_ai_ver3.0\src\logic\prediction\race_prediction_engine.py
FileNotFoundError: c:\keiba_ai\keiba_ai_ver3.0\data\prediction\models\04_nigata\dirt2890_lambdarank_model_v5prime.txt
  400R収集済み (1983秒)
src.logic.prediction.race_prediction_engine:c:\keiba_ai\keiba_ai_ver3.0\src\logic\prediction\race_prediction_engine.py
FileNotFoundError: c:\keiba_ai\keiba_ai_ver3.0\data\prediction\models\05_tokyo\dirt3000_lambdarank_model_v6hit.txt
src.logic.prediction.race_prediction_engine:c:\keiba_ai\keiba_ai_ver3.0\src\logic\prediction\race_prediction_engine.py
FileNotFoundError: c:\keiba_ai\keiba_ai_ver3.0\data\prediction\models\05_tokyo\dirt3000_lambdarank_model_v5prime.txt
src.logic.prediction.race_prediction_engine:c:\keiba_ai\keiba_ai_ver3.0\src\logic\prediction\race_prediction_engine.py
FileNotFoundError: c:\keiba_ai\keiba_ai_ver3.0\data\prediction\models\05_tokyo\dirt3000_lambdarank_model_v6hit.txt
src.logic.prediction.race_prediction_engine:c:\keiba_ai\keiba_ai_ver3.0\src\logic\prediction\race_prediction_engine.py
FileNotFoundError: c:\keiba_ai\keiba_ai_ver3.0\data\prediction\models\05_tokyo\dirt3000_lambdarank_model_v5prime.txt
src.logic.prediction.race_prediction_engine:c:\keiba_ai\keiba_ai_ver3.0\src\logic\prediction\race_prediction_engine.py
FileNotFoundError: c:\keiba_ai\keiba_ai_ver3.0\data\prediction\models\05_tokyo\dirt3110_lambdarank_model_v6hit.txt
src.logic.prediction.race_prediction_engine:c:\keiba_ai\keiba_ai_ver3.0\src\logic\prediction\race_prediction_engine.py
FileNotFoundError: c:\keiba_ai\keiba_ai_ver3.0\data\prediction\models\05_tokyo\dirt3110_lambdarank_model_v5prime.txt
src.logic.prediction.race_prediction_engine:c:\keiba_ai\keiba_ai_ver3.0\src\logic\prediction\race_prediction_engine.py
FileNotFoundError: c:\keiba_ai\keiba_ai_ver3.0\data\prediction\models\05_tokyo\dirt3000_lambdarank_model_v6hit.txt
src.logic.prediction.race_prediction_engine:c:\keiba_ai\keiba_ai_ver3.0\src\logic\prediction\race_prediction_engine.py
FileNotFoundError: c:\keiba_ai\keiba_ai_ver3.0\data\prediction\models\05_tokyo\dirt3000_lambdarank_model_v5prime.txt
  600R収集済み (3562秒)
src.logic.prediction.race_prediction_engine:c:\keiba_ai\keiba_ai_ver3.0\src\logic\prediction\race_prediction_engine.py
FileNotFoundError: c:\keiba_ai\keiba_ai_ver3.0\data\prediction\models\06_nakayama\dirt3200_lambdarank_model_v6hit.txt
src.logic.prediction.race_prediction_engine:c:\keiba_ai\keiba_ai_ver3.0\src\logic\prediction\race_prediction_engine.py
FileNotFoundError: c:\keiba_ai\keiba_ai_ver3.0\data\prediction\models\06_nakayama\dirt3200_lambdarank_model_v5prime.txt
src.logic.prediction.race_prediction_engine:c:\keiba_ai\keiba_ai_ver3.0\src\logic\prediction\race_prediction_engine.py
FileNotFoundError: c:\keiba_ai\keiba_ai_ver3.0\data\prediction\models\06_nakayama\dirt2880_lambdarank_model_v6hit.txt
src.logic.prediction.race_prediction_engine:c:\keiba_ai\keiba_ai_ver3.0\src\logic\prediction\race_prediction_engine.py
FileNotFoundError: c:\keiba_ai\keiba_ai_ver3.0\data\prediction\models\06_nakayama\dirt2880_lambdarank_model_v5prime.txt
src.logic.prediction.race_prediction_engine:c:\keiba_ai\keiba_ai_ver3.0\src\logic\prediction\race_prediction_engine.py
FileNotFoundError: c:\keiba_ai\keiba_ai_ver3.0\data\prediction\models\06_nakayama\dirt2880_lambdarank_model_v6hit.txt
src.logic.prediction.race_prediction_engine:c:\keiba_ai\keiba_ai_ver3.0\src\logic\prediction\race_prediction_engine.py
FileNotFoundError: c:\keiba_ai\keiba_ai_ver3.0\data\prediction\models\06_nakayama\dirt2880_lambdarank_model_v5prime.txt
src.logic.prediction.race_prediction_engine:c:\keiba_ai\keiba_ai_ver3.0\src\logic\prediction\race_prediction_engine.py
FileNotFoundError: c:\keiba_ai\keiba_ai_ver3.0\data\prediction\models\06_nakayama\dirt2880_lambdarank_model_v6hit.txt
src.logic.prediction.race_prediction_engine:c:\keiba_ai\keiba_ai_ver3.0\src\logic\prediction\race_prediction_engine.py
FileNotFoundError: c:\keiba_ai\keiba_ai_ver3.0\data\prediction\models\06_nakayama\dirt2880_lambdarank_model_v5prime.txt
src.logic.prediction.race_prediction_engine:c:\keiba_ai\keiba_ai_ver3.0\src\logic\prediction\race_prediction_engine.py
FileNotFoundError: c:\keiba_ai\keiba_ai_ver3.0\data\prediction\models\06_nakayama\dirt3200_lambdarank_model_v6hit.txt
src.logic.prediction.race_prediction_engine:c:\keiba_ai\keiba_ai_ver3.0\src\logic\prediction\race_prediction_engine.py
FileNotFoundError: c:\keiba_ai\keiba_ai_ver3.0\data\prediction\models\06_nakayama\dirt3200_lambdarank_model_v5prime.txt
src.logic.prediction.race_prediction_engine:c:\keiba_ai\keiba_ai_ver3.0\src\logic\prediction\race_prediction_engine.py
FileNotFoundError: c:\keiba_ai\keiba_ai_ver3.0\data\prediction\models\06_nakayama\dirt2880_lambdarank_model_v6hit.txt
src.logic.prediction.race_prediction_engine:c:\keiba_ai\keiba_ai_ver3.0\src\logic\prediction\race_prediction_engine.py
FileNotFoundError: c:\keiba_ai\keiba_ai_ver3.0\data\prediction\models\06_nakayama\dirt2880_lambdarank_model_v5prime.txt
src.logic.prediction.race_prediction_engine:c:\keiba_ai\keiba_ai_ver3.0\src\logic\prediction\race_prediction_engine.py
FileNotFoundError: c:\keiba_ai\keiba_ai_ver3.0\data\prediction\models\06_nakayama\dirt3350_lambdarank_model_v6hit.txt
src.logic.prediction.race_prediction_engine:c:\keiba_ai\keiba_ai_ver3.0\src\logic\prediction\race_prediction_engine.py
FileNotFoundError: c:\keiba_ai\keiba_ai_ver3.0\data\prediction\models\06_nakayama\dirt3350_lambdarank_model_v5prime.txt
src.logic.prediction.race_prediction_engine:c:\keiba_ai\keiba_ai_ver3.0\src\logic\prediction\race_prediction_engine.py
FileNotFoundError: c:\keiba_ai\keiba_ai_ver3.0\data\prediction\models\06_nakayama\dirt2880_lambdarank_model_v6hit.txt
src.logic.prediction.race_prediction_engine:c:\keiba_ai\keiba_ai_ver3.0\src\logic\prediction\race_prediction_engine.py
FileNotFoundError: c:\keiba_ai\keiba_ai_ver3.0\data\prediction\models\06_nakayama\dirt2880_lambdarank_model_v5prime.txt
  800R収集済み (5144秒)
src.logic.prediction.race_prediction_engine:c:\keiba_ai\keiba_ai_ver3.0\src\logic\prediction\race_prediction_engine.py
FileNotFoundError: c:\keiba_ai\keiba_ai_ver3.0\data\prediction\models\06_nakayama\dirt2880_lambdarank_model_v6hit.txt
src.logic.prediction.race_prediction_engine:c:\keiba_ai\keiba_ai_ver3.0\src\logic\prediction\race_prediction_engine.py
FileNotFoundError: c:\keiba_ai\keiba_ai_ver3.0\data\prediction\models\06_nakayama\dirt2880_lambdarank_model_v5prime.txt
src.logic.prediction.race_prediction_engine:c:\keiba_ai\keiba_ai_ver3.0\src\logic\prediction\race_prediction_engine.py
FileNotFoundError: c:\keiba_ai\keiba_ai_ver3.0\data\prediction\models\06_nakayama\dirt2880_lambdarank_model_v6hit.txt
src.logic.prediction.race_prediction_engine:c:\keiba_ai\keiba_ai_ver3.0\src\logic\prediction\race_prediction_engine.py
FileNotFoundError: c:\keiba_ai\keiba_ai_ver3.0\data\prediction\models\06_nakayama\dirt2880_lambdarank_model_v5prime.txt
src.logic.prediction.race_prediction_engine:c:\keiba_ai\keiba_ai_ver3.0\src\logic\prediction\race_prediction_engine.py
FileNotFoundError: c:\keiba_ai\keiba_ai_ver3.0\data\prediction\models\06_nakayama\dirt3200_lambdarank_model_v6hit.txt
src.logic.prediction.race_prediction_engine:c:\keiba_ai\keiba_ai_ver3.0\src\logic\prediction\race_prediction_engine.py
FileNotFoundError: c:\keiba_ai\keiba_ai_ver3.0\data\prediction\models\06_nakayama\dirt3200_lambdarank_model_v5prime.txt
src.logic.prediction.race_prediction_engine:c:\keiba_ai\keiba_ai_ver3.0\src\logic\prediction\race_prediction_engine.py
FileNotFoundError: c:\keiba_ai\keiba_ai_ver3.0\data\prediction\models\06_nakayama\dirt2880_lambdarank_model_v6hit.txt
src.logic.prediction.race_prediction_engine:c:\keiba_ai\keiba_ai_ver3.0\src\logic\prediction\race_prediction_engine.py
FileNotFoundError: c:\keiba_ai\keiba_ai_ver3.0\data\prediction\models\06_nakayama\dirt2880_lambdarank_model_v5prime.txt
src.logic.prediction.race_prediction_engine:c:\keiba_ai\keiba_ai_ver3.0\src\logic\prediction\race_prediction_engine.py
FileNotFoundError: c:\keiba_ai\keiba_ai_ver3.0\data\prediction\models\06_nakayama\dirt4260_lambdarank_model_v6hit.txt
src.logic.prediction.race_prediction_engine:c:\keiba_ai\keiba_ai_ver3.0\src\logic\prediction\race_prediction_engine.py
FileNotFoundError: c:\keiba_ai\keiba_ai_ver3.0\data\prediction\models\06_nakayama\dirt4260_lambdarank_model_v5prime.txt
src.logic.prediction.race_prediction_engine:c:\keiba_ai\keiba_ai_ver3.0\src\logic\prediction\race_prediction_engine.py
FileNotFoundError: c:\keiba_ai\keiba_ai_ver3.0\data\prediction\models\08_kyoto\dirt3170_lambdarank_model_v6hit.txt
src.logic.prediction.race_prediction_engine:c:\keiba_ai\keiba_ai_ver3.0\src\logic\prediction\race_prediction_engine.py
FileNotFoundError: c:\keiba_ai\keiba_ai_ver3.0\data\prediction\models\08_kyoto\dirt3170_lambdarank_model_v5prime.txt
src.logic.prediction.race_prediction_engine:c:\keiba_ai\keiba_ai_ver3.0\src\logic\prediction\race_prediction_engine.py
FileNotFoundError: c:\keiba_ai\keiba_ai_ver3.0\data\prediction\models\08_kyoto\dirt2910_lambdarank_model_v6hit.txt
src.logic.prediction.race_prediction_engine:c:\keiba_ai\keiba_ai_ver3.0\src\logic\prediction\race_prediction_engine.py
FileNotFoundError: c:\keiba_ai\keiba_ai_ver3.0\data\prediction\models\08_kyoto\dirt2910_lambdarank_model_v5prime.txt
  1000R収集済み (6400秒)
src.logic.prediction.race_prediction_engine:c:\keiba_ai\keiba_ai_ver3.0\src\logic\prediction\race_prediction_engine.py
FileNotFoundError: c:\keiba_ai\keiba_ai_ver3.0\data\prediction\models\08_kyoto\dirt3170_lambdarank_model_v6hit.txt
src.logic.prediction.race_prediction_engine:c:\keiba_ai\keiba_ai_ver3.0\src\logic\prediction\race_prediction_engine.py
FileNotFoundError: c:\keiba_ai\keiba_ai_ver3.0\data\prediction\models\08_kyoto\dirt3170_lambdarank_model_v5prime.txt
src.logic.prediction.race_prediction_engine:c:\keiba_ai\keiba_ai_ver3.0\src\logic\prediction\race_prediction_engine.py
FileNotFoundError: c:\keiba_ai\keiba_ai_ver3.0\data\prediction\models\08_kyoto\dirt2910_lambdarank_model_v6hit.txt
src.logic.prediction.race_prediction_engine:c:\keiba_ai\keiba_ai_ver3.0\src\logic\prediction\race_prediction_engine.py
FileNotFoundError: c:\keiba_ai\keiba_ai_ver3.0\data\prediction\models\08_kyoto\dirt2910_lambdarank_model_v5prime.txt
src.logic.prediction.race_prediction_engine:c:\keiba_ai\keiba_ai_ver3.0\src\logic\prediction\race_prediction_engine.py
FileNotFoundError: c:\keiba_ai\keiba_ai_ver3.0\data\prediction\models\08_kyoto\dirt3930_lambdarank_model_v6hit.txt
src.logic.prediction.race_prediction_engine:c:\keiba_ai\keiba_ai_ver3.0\src\logic\prediction\race_prediction_engine.py
FileNotFoundError: c:\keiba_ai\keiba_ai_ver3.0\data\prediction\models\08_kyoto\dirt3930_lambdarank_model_v5prime.txt
  1200R収集済み (7273秒)
src.logic.prediction.race_prediction_engine:c:\keiba_ai\keiba_ai_ver3.0\src\logic\prediction\race_prediction_engine.py
FileNotFoundError: c:\keiba_ai\keiba_ai_ver3.0\data\prediction\models\08_kyoto\dirt3170_lambdarank_model_v6hit.txt
src.logic.prediction.race_prediction_engine:c:\keiba_ai\keiba_ai_ver3.0\src\logic\prediction\race_prediction_engine.py
FileNotFoundError: c:\keiba_ai\keiba_ai_ver3.0\data\prediction\models\08_kyoto\dirt3170_lambdarank_model_v5prime.txt
src.logic.prediction.race_prediction_engine:c:\keiba_ai\keiba_ai_ver3.0\src\logic\prediction\race_prediction_engine.py
FileNotFoundError: c:\keiba_ai\keiba_ai_ver3.0\data\prediction\models\09_hanshin\dirt3900_lambdarank_model_v6hit.txt
src.logic.prediction.race_prediction_engine:c:\keiba_ai\keiba_ai_ver3.0\src\logic\prediction\race_prediction_engine.py
FileNotFoundError: c:\keiba_ai\keiba_ai_ver3.0\data\prediction\models\09_hanshin\dirt3900_lambdarank_model_v5prime.txt
src.logic.prediction.race_prediction_engine:c:\keiba_ai\keiba_ai_ver3.0\src\logic\prediction\race_prediction_engine.py
FileNotFoundError: c:\keiba_ai\keiba_ai_ver3.0\data\prediction\models\09_hanshin\dirt2970_lambdarank_model_v6hit.txt
src.logic.prediction.race_prediction_engine:c:\keiba_ai\keiba_ai_ver3.0\src\logic\prediction\race_prediction_engine.py
FileNotFoundError: c:\keiba_ai\keiba_ai_ver3.0\data\prediction\models\09_hanshin\dirt2970_lambdarank_model_v5prime.txt
src.logic.prediction.race_prediction_engine:c:\keiba_ai\keiba_ai_ver3.0\src\logic\prediction\race_prediction_engine.py
FileNotFoundError: c:\keiba_ai\keiba_ai_ver3.0\data\prediction\models\09_hanshin\dirt3140_lambdarank_model_v6hit.txt
src.logic.prediction.race_prediction_engine:c:\keiba_ai\keiba_ai_ver3.0\src\logic\prediction\race_prediction_engine.py
FileNotFoundError: c:\keiba_ai\keiba_ai_ver3.0\data\prediction\models\09_hanshin\dirt3140_lambdarank_model_v5prime.txt
src.logic.prediction.race_prediction_engine:c:\keiba_ai\keiba_ai_ver3.0\src\logic\prediction\race_prediction_engine.py
FileNotFoundError: c:\keiba_ai\keiba_ai_ver3.0\data\prediction\models\09_hanshin\dirt2970_lambdarank_model_v6hit.txt
src.logic.prediction.race_prediction_engine:c:\keiba_ai\keiba_ai_ver3.0\src\logic\prediction\race_prediction_engine.py
FileNotFoundError: c:\keiba_ai\keiba_ai_ver3.0\data\prediction\models\09_hanshin\dirt2970_lambdarank_model_v5prime.txt
  1400R収集済み (8507秒)
src.logic.prediction.race_prediction_engine:c:\keiba_ai\keiba_ai_ver3.0\src\logic\prediction\race_prediction_engine.py
FileNotFoundError: c:\keiba_ai\keiba_ai_ver3.0\data\prediction\models\09_hanshin\dirt2970_lambdarank_model_v6hit.txt
src.logic.prediction.race_prediction_engine:c:\keiba_ai\keiba_ai_ver3.0\src\logic\prediction\race_prediction_engine.py
FileNotFoundError: c:\keiba_ai\keiba_ai_ver3.0\data\prediction\models\09_hanshin\dirt2970_lambdarank_model_v5prime.txt
src.logic.prediction.race_prediction_engine:c:\keiba_ai\keiba_ai_ver3.0\src\logic\prediction\race_prediction_engine.py
FileNotFoundError: c:\keiba_ai\keiba_ai_ver3.0\data\prediction\models\09_hanshin\dirt2970_lambdarank_model_v6hit.txt
src.logic.prediction.race_prediction_engine:c:\keiba_ai\keiba_ai_ver3.0\src\logic\prediction\race_prediction_engine.py
FileNotFoundError: c:\keiba_ai\keiba_ai_ver3.0\data\prediction\models\09_hanshin\dirt2970_lambdarank_model_v5prime.txt
src.logic.prediction.race_prediction_engine:c:\keiba_ai\keiba_ai_ver3.0\src\logic\prediction\race_prediction_engine.py
FileNotFoundError: c:\keiba_ai\keiba_ai_ver3.0\data\prediction\models\09_hanshin\dirt3110_lambdarank_model_v6hit.txt
src.logic.prediction.race_prediction_engine:c:\keiba_ai\keiba_ai_ver3.0\src\logic\prediction\race_prediction_engine.py
FileNotFoundError: c:\keiba_ai\keiba_ai_ver3.0\data\prediction\models\09_hanshin\dirt3110_lambdarank_model_v5prime.txt
src.logic.prediction.race_prediction_engine:c:\keiba_ai\keiba_ai_ver3.0\src\logic\prediction\race_prediction_engine.py
FileNotFoundError: c:\keiba_ai\keiba_ai_ver3.0\data\prediction\models\10_kokura\dirt3390_lambdarank_model_v6hit.txt
src.logic.prediction.race_prediction_engine:c:\keiba_ai\keiba_ai_ver3.0\src\logic\prediction\race_prediction_engine.py
FileNotFoundError: c:\keiba_ai\keiba_ai_ver3.0\data\prediction\models\10_kokura\dirt3390_lambdarank_model_v5prime.txt
src.logic.prediction.race_prediction_engine:c:\keiba_ai\keiba_ai_ver3.0\src\logic\prediction\race_prediction_engine.py
FileNotFoundError: c:\keiba_ai\keiba_ai_ver3.0\data\prediction\models\10_kokura\dirt2860_lambdarank_model_v6hit.txt
src.logic.prediction.race_prediction_engine:c:\keiba_ai\keiba_ai_ver3.0\src\logic\prediction\race_prediction_engine.py
FileNotFoundError: c:\keiba_ai\keiba_ai_ver3.0\data\prediction\models\10_kokura\dirt2860_lambdarank_model_v5prime.txt
src.logic.prediction.race_prediction_engine:c:\keiba_ai\keiba_ai_ver3.0\src\logic\prediction\race_prediction_engine.py
FileNotFoundError: c:\keiba_ai\keiba_ai_ver3.0\data\prediction\models\10_kokura\dirt2860_lambdarank_model_v6hit.txt
src.logic.prediction.race_prediction_engine:c:\keiba_ai\keiba_ai_ver3.0\src\logic\prediction\race_prediction_engine.py
FileNotFoundError: c:\keiba_ai\keiba_ai_ver3.0\data\prediction\models\10_kokura\dirt2860_lambdarank_model_v5prime.txt
src.logic.prediction.race_prediction_engine:c:\keiba_ai\keiba_ai_ver3.0\src\logic\prediction\race_prediction_engine.py
FileNotFoundError: c:\keiba_ai\keiba_ai_ver3.0\data\prediction\models\10_kokura\dirt2860_lambdarank_model_v6hit.txt
src.logic.prediction.race_prediction_engine:c:\keiba_ai\keiba_ai_ver3.0\src\logic\prediction\race_prediction_engine.py
FileNotFoundError: c:\keiba_ai\keiba_ai_ver3.0\data\prediction\models\10_kokura\dirt2860_lambdarank_model_v5prime.txt
src.logic.prediction.race_prediction_engine:c:\keiba_ai\keiba_ai_ver3.0\src\logic\prediction\race_prediction_engine.py
FileNotFoundError: c:\keiba_ai\keiba_ai_ver3.0\data\prediction\models\10_kokura\dirt2860_lambdarank_model_v6hit.txt
src.logic.prediction.race_prediction_engine:c:\keiba_ai\keiba_ai_ver3.0\src\logic\prediction\race_prediction_engine.py
FileNotFoundError: c:\keiba_ai\keiba_ai_ver3.0\data\prediction\models\10_kokura\dirt2860_lambdarank_model_v5prime.txt
src.logic.prediction.race_prediction_engine:c:\keiba_ai\keiba_ai_ver3.0\src\logic\prediction\race_prediction_engine.py
FileNotFoundError: c:\keiba_ai\keiba_ai_ver3.0\data\prediction\models\10_kokura\dirt2860_lambdarank_model_v6hit.txt
src.logic.prediction.race_prediction_engine:c:\keiba_ai\keiba_ai_ver3.0\src\logic\prediction\race_prediction_engine.py
FileNotFoundError: c:\keiba_ai\keiba_ai_ver3.0\data\prediction\models\10_kokura\dirt2860_lambdarank_model_v5prime.txt
src.logic.prediction.race_prediction_engine:c:\keiba_ai\keiba_ai_ver3.0\src\logic\prediction\race_prediction_engine.py
FileNotFoundError: c:\keiba_ai\keiba_ai_ver3.0\data\prediction\models\10_kokura\dirt2860_lambdarank_model_v6hit.txt
src.logic.prediction.race_prediction_engine:c:\keiba_ai\keiba_ai_ver3.0\src\logic\prediction\race_prediction_engine.py
FileNotFoundError: c:\keiba_ai\keiba_ai_ver3.0\data\prediction\models\10_kokura\dirt2860_lambdarank_model_v5prime.txt
src.logic.prediction.race_prediction_engine:c:\keiba_ai\keiba_ai_ver3.0\src\logic\prediction\race_prediction_engine.py
FileNotFoundError: c:\keiba_ai\keiba_ai_ver3.0\data\prediction\models\10_kokura\dirt2860_lambdarank_model_v6hit.txt
src.logic.prediction.race_prediction_engine:c:\keiba_ai\keiba_ai_ver3.0\src\logic\prediction\race_prediction_engine.py
FileNotFoundError: c:\keiba_ai\keiba_ai_ver3.0\data\prediction\models\10_kokura\dirt2860_lambdarank_model_v5prime.txt
  1600R収集済み (9796秒)
src.logic.prediction.race_prediction_engine:c:\keiba_ai\keiba_ai_ver3.0\src\logic\prediction\race_prediction_engine.py
FileNotFoundError: c:\keiba_ai\keiba_ai_ver3.0\data\prediction\models\10_kokura\dirt2860_lambdarank_model_v6hit.txt
src.logic.prediction.race_prediction_engine:c:\keiba_ai\keiba_ai_ver3.0\src\logic\prediction\race_prediction_engine.py
FileNotFoundError: c:\keiba_ai\keiba_ai_ver3.0\data\prediction\models\10_kokura\dirt2860_lambdarank_model_v5prime.txt
src.logic.prediction.race_prediction_engine:c:\keiba_ai\keiba_ai_ver3.0\src\logic\prediction\race_prediction_engine.py
FileNotFoundError: c:\keiba_ai\keiba_ai_ver3.0\data\prediction\models\10_kokura\dirt3390_lambdarank_model_v6hit.txt
src.logic.prediction.race_prediction_engine:c:\keiba_ai\keiba_ai_ver3.0\src\logic\prediction\race_prediction_engine.py
FileNotFoundError: c:\keiba_ai\keiba_ai_ver3.0\data\prediction\models\10_kokura\dirt3390_lambdarank_model_v5prime.txt
src.logic.prediction.race_prediction_engine:c:\keiba_ai\keiba_ai_ver3.0\src\logic\prediction\race_prediction_engine.py
FileNotFoundError: c:\keiba_ai\keiba_ai_ver3.0\data\prediction\models\10_kokura\dirt2860_lambdarank_model_v6hit.txt
src.logic.prediction.race_prediction_engine:c:\keiba_ai\keiba_ai_ver3.0\src\logic\prediction\race_prediction_engine.py
FileNotFoundError: c:\keiba_ai\keiba_ai_ver3.0\data\prediction\models\10_kokura\dirt2860_lambdarank_model_v5prime.txt
src.logic.prediction.race_prediction_engine:c:\keiba_ai\keiba_ai_ver3.0\src\logic\prediction\race_prediction_engine.py
FileNotFoundError: c:\keiba_ai\keiba_ai_ver3.0\data\prediction\models\10_kokura\dirt2860_lambdarank_model_v6hit.txt
src.logic.prediction.race_prediction_engine:c:\keiba_ai\keiba_ai_ver3.0\src\logic\prediction\race_prediction_engine.py
FileNotFoundError: c:\keiba_ai\keiba_ai_ver3.0\data\prediction\models\10_kokura\dirt2860_lambdarank_model_v5prime.txt
src.logic.prediction.race_prediction_engine:c:\keiba_ai\keiba_ai_ver3.0\src\logic\prediction\race_prediction_engine.py
FileNotFoundError: c:\keiba_ai\keiba_ai_ver3.0\data\prediction\models\10_kokura\dirt3390_lambdarank_model_v6hit.txt
src.logic.prediction.race_prediction_engine:c:\keiba_ai\keiba_ai_ver3.0\src\logic\prediction\race_prediction_engine.py
FileNotFoundError: c:\keiba_ai\keiba_ai_ver3.0\data\prediction\models\10_kokura\dirt3390_lambdarank_model_v5prime.txt
src.logic.prediction.race_prediction_engine:c:\keiba_ai\keiba_ai_ver3.0\src\logic\prediction\race_prediction_engine.py
FileNotFoundError: c:\keiba_ai\keiba_ai_ver3.0\data\prediction\models\10_kokura\dirt2860_lambdarank_model_v6hit.txt
src.logic.prediction.race_prediction_engine:c:\keiba_ai\keiba_ai_ver3.0\src\logic\prediction\race_prediction_engine.py
FileNotFoundError: c:\keiba_ai\keiba_ai_ver3.0\data\prediction\models\10_kokura\dirt2860_lambdarank_model_v5prime.txt
src.logic.prediction.race_prediction_engine:c:\keiba_ai\keiba_ai_ver3.0\src\logic\prediction\race_prediction_engine.py
FileNotFoundError: c:\keiba_ai\keiba_ai_ver3.0\data\prediction\models\10_kokura\dirt2860_lambdarank_model_v6hit.txt
src.logic.prediction.race_prediction_engine:c:\keiba_ai\keiba_ai_ver3.0\src\logic\prediction\race_prediction_engine.py
FileNotFoundError: c:\keiba_ai\keiba_ai_ver3.0\data\prediction\models\10_kokura\dirt2860_lambdarank_model_v5prime.txt
src.logic.prediction.race_prediction_engine:c:\keiba_ai\keiba_ai_ver3.0\src\logic\prediction\race_prediction_engine.py
FileNotFoundError: c:\keiba_ai\keiba_ai_ver3.0\data\prediction\models\10_kokura\dirt2860_lambdarank_model_v6hit.txt
src.logic.prediction.race_prediction_engine:c:\keiba_ai\keiba_ai_ver3.0\src\logic\prediction\race_prediction_engine.py
FileNotFoundError: c:\keiba_ai\keiba_ai_ver3.0\data\prediction\models\10_kokura\dirt2860_lambdarank_model_v5prime.txt
src.logic.prediction.race_prediction_engine:c:\keiba_ai\keiba_ai_ver3.0\src\logic\prediction\race_prediction_engine.py
FileNotFoundError: c:\keiba_ai\keiba_ai_ver3.0\data\prediction\models\10_kokura\dirt2860_lambdarank_model_v6hit.txt
src.logic.prediction.race_prediction_engine:c:\keiba_ai\keiba_ai_ver3.0\src\logic\prediction\race_prediction_engine.py
FileNotFoundError: c:\keiba_ai\keiba_ai_ver3.0\data\prediction\models\10_kokura\dirt2860_lambdarank_model_v5prime.txt
src.logic.prediction.race_prediction_engine:c:\keiba_ai\keiba_ai_ver3.0\src\logic\prediction\race_prediction_engine.py
FileNotFoundError: c:\keiba_ai\keiba_ai_ver3.0\data\prediction\models\10_kokura\dirt2860_lambdarank_model_v6hit.txt
src.logic.prediction.race_prediction_engine:c:\keiba_ai\keiba_ai_ver3.0\src\logic\prediction\race_prediction_engine.py
FileNotFoundError: c:\keiba_ai\keiba_ai_ver3.0\data\prediction\models\10_kokura\dirt2860_lambdarank_model_v5prime.txt
src.logic.prediction.race_prediction_engine:c:\keiba_ai\keiba_ai_ver3.0\src\logic\prediction\race_prediction_engine.py
FileNotFoundError: c:\keiba_ai\keiba_ai_ver3.0\data\prediction\models\10_kokura\dirt2860_lambdarank_model_v6hit.txt
src.logic.prediction.race_prediction_engine:c:\keiba_ai\keiba_ai_ver3.0\src\logic\prediction\race_prediction_engine.py
FileNotFoundError: c:\keiba_ai\keiba_ai_ver3.0\data\prediction\models\10_kokura\dirt2860_lambdarank_model_v5prime.txt

収集完了: 1707R (10312秒), スキップ:93R

===============================================================================================
αスイープ結果  (α=1.0がv6hit単独, α=0.0がv5prime単独)
===============================================================================================
    α       単勝的中率      単勝回収率       複勝的中率      複勝回収率       3連複的中率      3連複回収率     R数
-----------------------------------------------------------------------------------------------
  0.0       33.9%     323.8%       52.4%     147.7%        33.9%      591.5%   1707
  0.1       34.3%     319.9%       52.3%     140.9%        34.2%      586.2%   1707
  0.2       35.0%     301.9%       52.7%     137.0%        35.0%      585.7%   1707
  0.3       35.4%     281.3%       52.0%     130.3%        35.1%      552.4%   1707
  0.4       35.6%     271.7%       51.7%     125.5%        34.7%      540.8%   1707
  0.5       35.4%     302.1%       51.6%     124.1%        33.7%      537.0%   1707
  0.6       35.1%     297.6%       51.6%     122.6%        32.7%      536.5%   1707
  0.7       34.5%     292.1%       51.4%     120.4%        30.8%      507.2%   1707
  0.8       33.9%     285.3%       50.3%     117.7%        29.8%      297.0%   1707
  0.9       33.5%     291.6%       49.9%     116.0%        28.4%      277.1%   1707
  1.0       32.7%     252.7%       48.8%     106.6%        26.7%      258.3%   1707
===============================================================================================

【参考: 各指標最大のα】
  単勝回収率最大  : α=0.0  (33.9%, 323.8%)
  複勝回収率最大  : α=0.0  (52.4%, 147.7%)
  3連複回収率最大 : α=0.0  (33.9%, 591.5%)
  3指標合計最大   : α=0.0  単33.9%/323.8%  複52.4%/147.7%  3連33.9%/591.5%
