血統vocab読み込み中...
vocab読み込み済み: 1738種類 (c:\keiba_ai\keiba_ai_ver3.0\data\prediction\models\pedigree_vocab_v5.json)
  1738種類
==========================================================================================
2026年 的中率・回収率集計  【新馬戦限定】  全場 v3blend / v4 / v5  (100円/点)
対象場: ['02_hakodate', '03_fukushima', '04_nigata', '05_tokyo', '06_nakayama', '07_chukyo', '08_kyoto', '09_hanshin', '10_kokura']
==========================================================================================
horse_id=2024105553 のデータが見つかりません。
horse_id=2024104218 のデータが見つかりません。
horse_id=2024104113 のデータが見つかりません。
horse_id=2024105019 のデータが見つかりません。
horse_id=2024103569 のデータが見つかりません。
horse_id=2024106438 のデータが見つかりません。
horse_id=2024106180 のデータが見つかりません。
horse_id=2024107390 のデータが見つかりません。
horse_id=2024106326 のデータが見つかりません。
horse_id=2024104687 のデータが見つかりません。

  --- 02_hakodate 小計 (9R / 新馬戦) ---
  v3blend    単     3/9(33.3%) 回 45.6%  複     6/9(66.7%) 回 73.3%  3連     6/9(66.7%) 回 67.7%
  v4         単     2/9(22.2%) 回 31.1%  複     4/9(44.4%) 回 40.0%  3連     3/9(33.3%) 回 17.8%
  v5         単     2/9(22.2%) 回 31.1%  複     5/9(55.6%) 回201.1%  3連     3/9(33.3%) 回 17.8%
horse_id=2024106264 のデータが見つかりません。
horse_id=2024103610 のデータが見つかりません。
horse_id=2024106814 のデータが見つかりません。
horse_id=2024104660 のデータが見つかりません。
horse_id=2024104709 のデータが見つかりません。
horse_id=2024105416 のデータが見つかりません。
horse_id=2024103412 のデータが見つかりません。
horse_id=2024103279 のデータが見つかりません。
horse_id=2024106356 のデータが見つかりません。
horse_id=2024106562 のデータが見つかりません。
horse_id=2024104494 のデータが見つかりません。
horse_id=2024101791 のデータが見つかりません。
horse_id=2024105980 のデータが見つかりません。
horse_id=2024105269 のデータが見つかりません。
horse_id=2024103657 のデータが見つかりません。
horse_id=2024103051 のデータが見つかりません。
horse_id=2024105033 のデータが見つかりません。
horse_id=2024106660 のデータが見つかりません。
horse_id=2024101779 のデータが見つかりません。
horse_id=2024103358 のデータが見つかりません。
horse_id=2024106591 のデータが見つかりません。
horse_id=2024101358 のデータが見つかりません。
horse_id=2024103006 のデータが見つかりません。
horse_id=2024100686 のデータが見つかりません。
horse_id=2024100431 のデータが見つかりません。
horse_id=2024104700 のデータが見つかりません。
horse_id=2024101429 のデータが見つかりません。
horse_id=2024100640 のデータが見つかりません。
horse_id=2024102821 のデータが見つかりません。
horse_id=2024106085 のデータが見つかりません。
horse_id=2024101058 のデータが見つかりません。
horse_id=2024104133 のデータが見つかりません。
horse_id=2024104730 のデータが見つかりません。
horse_id=2024106386 のデータが見つかりません。
horse_id=2024106494 のデータが見つかりません。
horse_id=2024101275 のデータが見つかりません。
horse_id=2024105723 のデータが見つかりません。
horse_id=2024102845 のデータが見つかりません。
horse_id=2024104576 のデータが見つかりません。
horse_id=2024105205 のデータが見つかりません。
horse_id=2024106760 のデータが見つかりません。
horse_id=2024105993 のデータが見つかりません。
horse_id=2024104592 のデータが見つかりません。
horse_id=2024101068 のデータが見つかりません。
horse_id=2024108020 のデータが見つかりません。
horse_id=2024106646 のデータが見つかりません。
horse_id=2024103763 のデータが見つかりません。
horse_id=2024106831 のデータが見つかりません。
horse_id=2024101107 のデータが見つかりません。
horse_id=2024104351 のデータが見つかりません。
horse_id=2024102463 のデータが見つかりません。
horse_id=2024105250 のデータが見つかりません。
horse_id=2024100076 のデータが見つかりません。
horse_id=2024106882 のデータが見つかりません。
horse_id=2024101438 のデータが見つかりません。
horse_id=2024104289 のデータが見つかりません。
horse_id=2024105687 のデータが見つかりません。
horse_id=2024103376 のデータが見つかりません。

  --- 03_fukushima 小計 (8R / 新馬戦) ---
  v3blend    単     2/8(25.0%) 回 52.5%  複     4/8(50.0%) 回 58.8%  3連     2/8(25.0%) 回 12.1%
  v4         単     1/8(12.5%) 回 41.2%  複     2/8(25.0%) 回 35.0%  3連      0/8(0.0%) 回  0.0%
  v5         単      0/8(0.0%) 回  0.0%  複      0/8(0.0%) 回  0.0%  3連      0/8(0.0%) 回  0.0%
  20R完了  (143秒)

  --- 05_tokyo 小計 (19R / 新馬戦) ---
  v3blend    単    6/19(31.6%) 回 48.4%  複   14/19(73.7%) 回 60.5%  3連    8/19(42.1%) 回 86.7%
  v4         単     0/19(0.0%) 回  0.0%  複    4/19(21.1%) 回 92.1%  3連    2/19(10.5%) 回 13.9%
  v5         単     1/19(5.3%) 回107.9%  複     1/19(5.3%) 回 22.1%  3連    2/19(10.5%) 回 71.1%
  40R完了  (278秒)

  --- 06_nakayama 小計 (12R / 新馬戦) ---
  v3blend    単    3/12(25.0%) 回107.5%  複    6/12(50.0%) 回 77.5%  3連    4/12(33.3%) 回123.8%
  v4         単    5/12(41.7%) 回385.0%  複    8/12(66.7%) 回403.3%  3連    4/12(33.3%) 回4666.2%
  v5         単    5/12(41.7%) 回2019.2%  複    9/12(75.0%) 回439.2%  3連    2/12(16.7%) 回4540.2%
  60R完了  (407秒)

  --- 08_kyoto 小計 (16R / 新馬戦) ---
  v3blend    単    5/16(31.2%) 回103.8%  複   11/16(68.8%) 回112.5%  3連    2/16(12.5%) 回 28.3%
  v4         単    4/16(25.0%) 回110.0%  複    5/16(31.2%) 回 66.2%  3連     0/16(0.0%) 回  0.0%
  v5         単    4/16(25.0%) 回100.6%  複    7/16(43.8%) 回269.4%  3連    3/16(18.8%) 回394.8%

  --- 09_hanshin 小計 (9R / 新馬戦) ---
  v3blend    単     2/9(22.2%) 回 55.6%  複     6/9(66.7%) 回 61.1%  3連     3/9(33.3%) 回 53.7%
  v4         単      0/9(0.0%) 回  0.0%  複     2/9(22.2%) 回  0.0%  3連     3/9(33.3%) 回124.4%
  v5         単     1/9(11.1%) 回 28.9%  複     2/9(22.2%) 回  0.0%  3連     2/9(22.2%) 回 30.2%
  80R完了  (503秒)
horse_id=2024105595 のデータが見つかりません。
horse_id=2024106888 のデータが見つかりません。
horse_id=2024100690 のデータが見つかりません。
horse_id=2024102341 のデータが見つかりません。
horse_id=2024103210 のデータが見つかりません。
horse_id=2024106299 のデータが見つかりません。
horse_id=2024105858 のデータが見つかりません。
horse_id=2024100140 のデータが見つかりません。
horse_id=2024101223 のデータが見つかりません。
horse_id=2024103672 のデータが見つかりません。
horse_id=2024108132 のデータが見つかりません。
horse_id=2024101749 のデータが見つかりません。
horse_id=2024100628 のデータが見つかりません。
horse_id=2024103455 のデータが見つかりません。
horse_id=2024103427 のデータが見つかりません。
horse_id=2024103516 のデータが見つかりません。
horse_id=2024105303 のデータが見つかりません。
horse_id=2024101754 のデータが見つかりません。
horse_id=2024104363 のデータが見つかりません。
horse_id=2024107030 のデータが見つかりません。
horse_id=2024106271 のデータが見つかりません。
horse_id=2024106624 のデータが見つかりません。
horse_id=2024106249 のデータが見つかりません。
horse_id=2024106076 のデータが見つかりません。
horse_id=2024107201 のデータが見つかりません。
horse_id=2024100730 のデータが見つかりません。
horse_id=2024101770 のデータが見つかりません。
horse_id=2024106185 のデータが見つかりません。
horse_id=2024105295 のデータが見つかりません。
horse_id=2024106941 のデータが見つかりません。
horse_id=2024103740 のデータが見つかりません。
horse_id=2024108282 のデータが見つかりません。
horse_id=2024105099 のデータが見つかりません。
horse_id=2024107109 のデータが見つかりません。
horse_id=2024104684 のデータが見つかりません。
horse_id=2024105438 のデータが見つかりません。

  --- 10_kokura 小計 (10R / 新馬戦) ---
  v3blend    単    5/10(50.0%) 回116.0%  複    6/10(60.0%) 回 78.0%  3連    6/10(60.0%) 回219.5%
  v4         単    6/10(60.0%) 回161.0%  複    8/10(80.0%) 回117.0%  3連    3/10(30.0%) 回105.6%
  v5         単    3/10(30.0%) 回 66.0%  複    7/10(70.0%) 回130.0%  3連    3/10(30.0%) 回219.6%

==========================================================================================
全場合計: 83R処理  スキップ:3R  対象外:1714R  所要:554秒
------------------------------------------------------------------------------------------
モデル               単勝的中率          回収率           複勝的中率          回収率          3連複5頭的中率        回収率     R数
------------------------------------------------------------------------------------------
v3blend        26/83(31.3%)     76.6%       53/83(63.9%)     76.4%       31/83(37.3%)     84.0%    83
v4             18/83(21.7%)     103.6%      33/83(39.8%)     114.0%      15/83(18.1%)     706.0%   83
v5             16/83(19.3%)     350.5%      31/83(37.3%)     158.0%      15/83(18.1%)     780.4%   83
==========================================================================================
