血統vocab読み込み中...
vocab読み込み済み: 1738種類 (c:\keiba_ai\keiba_ai_ver3.0\data\prediction\models\pedigree_vocab_v5.json)
  1738種類
==========================================================================================
2026年 的中率・回収率集計  全場 v3blend / v4 / v5 / v5'  (100円/点)
対象場: ['02_hakodate', '03_fukushima', '04_nigata', '05_tokyo', '06_nakayama', '07_chukyo', '08_kyoto', '09_hanshin', '10_kokura']
==========================================================================================

[02_hakodate] 96R 処理中...
  50R完了  (110秒)
horse_id=2023107192 のデータが見つかりません。
horse_id=2023107342 のデータが見つかりません。
horse_id=2024105553 のデータが見つかりません。
horse_id=2024104218 のデータが見つかりません。
horse_id=2024104113 のデータが見つかりません。
horse_id=2024105019 のデータが見つかりません。
horse_id=2024103569 のデータが見つかりません。
horse_id=2023106253 のデータが見つかりません。
horse_id=2023107316 のデータが見つかりません。
horse_id=2024106438 のデータが見つかりません。
horse_id=2024106180 のデータが見つかりません。
horse_id=2024107390 のデータが見つかりません。
horse_id=2024106326 のデータが見つかりません。
horse_id=2024104687 のデータが見つかりません。
  --- 02_hakodate 小計 (96R) ---
  v3blend    単   26/96(27.1%) 回 62.4%  複   60/96(62.5%) 回 84.7%  3連   38/96(39.6%) 回100.4%
  v4         単   29/96(30.2%) 回149.8%  複   53/96(55.2%) 回107.3%  3連   29/96(30.2%) 回147.0%
  v5         単   27/96(28.1%) 回 86.4%  複   47/96(49.0%) 回100.6%  3連   31/96(32.3%) 回182.9%
  v5prime    単   20/96(20.8%) 回101.7%  複   46/96(47.9%) 回127.5%  3連   27/96(28.1%) 回237.5%

[03_fukushima] 120R 処理中...
  100R完了  (227秒)
  150R完了  (430秒)
[LightGBM] [Fatal] Could not open c:\keiba_ai\keiba_ai_ver3.0\data\prediction\models\03_fukushima\dirt2750_lambdarank_model_v3.txt
src.logic.prediction.race_prediction_engine:c:\keiba_ai\keiba_ai_ver3.0\src\logic\prediction\race_prediction_engine.py
LightGBMError: Could not open c:\keiba_ai\keiba_ai_ver3.0\data\prediction\models\03_fukushima\dirt2750_lambdarank_model_v3.txt
[LightGBM] [Fatal] Could not open c:\keiba_ai\keiba_ai_ver3.0\data\prediction\models\03_fukushima\dirt2750_lambdarank_model_v3.txt
src.logic.prediction.race_prediction_engine:c:\keiba_ai\keiba_ai_ver3.0\src\logic\prediction\race_prediction_engine.py
LightGBMError: Could not open c:\keiba_ai\keiba_ai_ver3.0\data\prediction\models\03_fukushima\dirt2750_lambdarank_model_v3.txt
[LightGBM] [Fatal] Could not open c:\keiba_ai\keiba_ai_ver3.0\data\prediction\models\03_fukushima\dirt2750_lambdarank_model_v3.txt
src.logic.prediction.race_prediction_engine:c:\keiba_ai\keiba_ai_ver3.0\src\logic\prediction\race_prediction_engine.py
LightGBMError: Could not open c:\keiba_ai\keiba_ai_ver3.0\data\prediction\models\03_fukushima\dirt2750_lambdarank_model_v3.txt
horse_id=2023103813 のデータが見つかりません。
horse_id=2023104970 のデータが見つかりません。
horse_id=2024106264 のデータが見つかりません。
horse_id=2024103610 のデータが見つかりません。
horse_id=2024106814 のデータが見つかりません。
horse_id=2024104660 のデータが見つかりません。
horse_id=2024104709 のデータが見つかりません。
horse_id=2024105416 のデータが見つかりません。
horse_id=2024103412 のデータが見つかりません。
horse_id=2024103279 のデータが見つかりません。
horse_id=2024106356 のデータが見つかりません。
horse_id=2024106562 のデータが見つかりません。
horse_id=2024104494 のデータが見つかりません。
horse_id=2024101791 のデータが見つかりません。
horse_id=2024105980 のデータが見つかりません。
horse_id=2024105269 のデータが見つかりません。
horse_id=2024103657 のデータが見つかりません。
horse_id=2024103051 のデータが見つかりません。
horse_id=2024105033 のデータが見つかりません。
horse_id=2024106660 のデータが見つかりません。
horse_id=2024101779 のデータが見つかりません。
horse_id=2024103358 のデータが見つかりません。
horse_id=2024106591 のデータが見つかりません。
horse_id=2024101358 のデータが見つかりません。
horse_id=2024103006 のデータが見つかりません。
horse_id=2024100686 のデータが見つかりません。
horse_id=2024100431 のデータが見つかりません。
horse_id=2024104700 のデータが見つかりません。
horse_id=2024101429 のデータが見つかりません。
horse_id=2024100640 のデータが見つかりません。
horse_id=2024102821 のデータが見つかりません。
  200R完了  (654秒)
horse_id=2023105047 のデータが見つかりません。
horse_id=2023103177 のデータが見つかりません。
horse_id=2023106281 のデータが見つかりません。
horse_id=2023105915 のデータが見つかりません。
horse_id=2023100349 のデータが見つかりません。
horse_id=2024106085 のデータが見つかりません。
horse_id=2024101058 のデータが見つかりません。
horse_id=2024104133 のデータが見つかりません。
horse_id=2024104730 のデータが見つかりません。
horse_id=2024106386 のデータが見つかりません。
horse_id=2024106494 のデータが見つかりません。
horse_id=2024101275 のデータが見つかりません。
horse_id=2024105723 のデータが見つかりません。
horse_id=2024102845 のデータが見つかりません。
horse_id=2024104576 のデータが見つかりません。
horse_id=2024105205 のデータが見つかりません。
horse_id=2024106760 のデータが見つかりません。
horse_id=2024105993 のデータが見つかりません。
horse_id=2024104592 のデータが見つかりません。
horse_id=2024101068 のデータが見つかりません。
horse_id=2024108020 のデータが見つかりません。
horse_id=2024106646 のデータが見つかりません。
horse_id=2024103763 のデータが見つかりません。
horse_id=2024106831 のデータが見つかりません。
horse_id=2024101107 のデータが見つかりません。
horse_id=2024104351 のデータが見つかりません。
horse_id=2024102463 のデータが見つかりません。
horse_id=2024105250 のデータが見つかりません。
horse_id=2024100076 のデータが見つかりません。
horse_id=2024106882 のデータが見つかりません。
horse_id=2024101438 のデータが見つかりません。
horse_id=2024104289 のデータが見つかりません。
horse_id=2024105687 のデータが見つかりません。
horse_id=2024103376 のデータが見つかりません。
horse_id=2022103405 のデータが見つかりません。
  --- 03_fukushima 小計 (117R) ---
  v3blend    単  33/117(28.2%) 回128.9%  複  69/117(59.0%) 回 91.6%  3連  33/117(28.2%) 回 94.8%
  v4         単  18/117(15.4%) 回105.6%  複  26/117(22.2%) 回 45.3%  3連  17/117(14.5%) 回123.3%
  v5         単  14/117(12.0%) 回 89.3%  複  19/117(16.2%) 回 34.9%  3連  13/117(11.1%) 回 41.1%
  v5prime    単  14/117(12.0%) 回110.0%  複  22/117(18.8%) 回 41.5%  3連  18/117(15.4%) 回110.8%

[04_nigata] 96R 処理中...
[LightGBM] [Fatal] Could not open c:\keiba_ai\keiba_ai_ver3.0\data\prediction\models\04_nigata\dirt2890_lambdarank_model_v3.txt
src.logic.prediction.race_prediction_engine:c:\keiba_ai\keiba_ai_ver3.0\src\logic\prediction\race_prediction_engine.py
LightGBMError: Could not open c:\keiba_ai\keiba_ai_ver3.0\data\prediction\models\04_nigata\dirt2890_lambdarank_model_v3.txt
[LightGBM] [Fatal] Could not open c:\keiba_ai\keiba_ai_ver3.0\data\prediction\models\04_nigata\dirt2890_lambdarank_model_v3.txt
src.logic.prediction.race_prediction_engine:c:\keiba_ai\keiba_ai_ver3.0\src\logic\prediction\race_prediction_engine.py
LightGBMError: Could not open c:\keiba_ai\keiba_ai_ver3.0\data\prediction\models\04_nigata\dirt2890_lambdarank_model_v3.txt
[LightGBM] [Fatal] Could not open c:\keiba_ai\keiba_ai_ver3.0\data\prediction\models\04_nigata\dirt2890_lambdarank_model_v3.txt
src.logic.prediction.race_prediction_engine:c:\keiba_ai\keiba_ai_ver3.0\src\logic\prediction\race_prediction_engine.py
LightGBMError: Could not open c:\keiba_ai\keiba_ai_ver3.0\data\prediction\models\04_nigata\dirt2890_lambdarank_model_v3.txt
[LightGBM] [Fatal] Could not open c:\keiba_ai\keiba_ai_ver3.0\data\prediction\models\04_nigata\dirt2890_lambdarank_model_v3.txt
src.logic.prediction.race_prediction_engine:c:\keiba_ai\keiba_ai_ver3.0\src\logic\prediction\race_prediction_engine.py
LightGBMError: Could not open c:\keiba_ai\keiba_ai_ver3.0\data\prediction\models\04_nigata\dirt2890_lambdarank_model_v3.txt
[LightGBM] [Fatal] Could not open c:\keiba_ai\keiba_ai_ver3.0\data\prediction\models\04_nigata\dirt2890_lambdarank_model_v3.txt
src.logic.prediction.race_prediction_engine:c:\keiba_ai\keiba_ai_ver3.0\src\logic\prediction\race_prediction_engine.py
LightGBMError: Could not open c:\keiba_ai\keiba_ai_ver3.0\data\prediction\models\04_nigata\dirt2890_lambdarank_model_v3.txt
  250R完了  (929秒)
[LightGBM] [Fatal] Could not open c:\keiba_ai\keiba_ai_ver3.0\data\prediction\models\04_nigata\dirt2890_lambdarank_model_v3.txt
src.logic.prediction.race_prediction_engine:c:\keiba_ai\keiba_ai_ver3.0\src\logic\prediction\race_prediction_engine.py
LightGBMError: Could not open c:\keiba_ai\keiba_ai_ver3.0\data\prediction\models\04_nigata\dirt2890_lambdarank_model_v3.txt
[LightGBM] [Fatal] Could not open c:\keiba_ai\keiba_ai_ver3.0\data\prediction\models\04_nigata\dirt2890_lambdarank_model_v3.txt
src.logic.prediction.race_prediction_engine:c:\keiba_ai\keiba_ai_ver3.0\src\logic\prediction\race_prediction_engine.py
LightGBMError: Could not open c:\keiba_ai\keiba_ai_ver3.0\data\prediction\models\04_nigata\dirt2890_lambdarank_model_v3.txt
[LightGBM] [Fatal] Could not open c:\keiba_ai\keiba_ai_ver3.0\data\prediction\models\04_nigata\dirt2890_lambdarank_model_v3.txt
src.logic.prediction.race_prediction_engine:c:\keiba_ai\keiba_ai_ver3.0\src\logic\prediction\race_prediction_engine.py
LightGBMError: Could not open c:\keiba_ai\keiba_ai_ver3.0\data\prediction\models\04_nigata\dirt2890_lambdarank_model_v3.txt
[LightGBM] [Fatal] Could not open c:\keiba_ai\keiba_ai_ver3.0\data\prediction\models\04_nigata\dirt2890_lambdarank_model_v3.txt
src.logic.prediction.race_prediction_engine:c:\keiba_ai\keiba_ai_ver3.0\src\logic\prediction\race_prediction_engine.py
LightGBMError: Could not open c:\keiba_ai\keiba_ai_ver3.0\data\prediction\models\04_nigata\dirt2890_lambdarank_model_v3.txt
[LightGBM] [Fatal] Could not open c:\keiba_ai\keiba_ai_ver3.0\data\prediction\models\04_nigata\dirt3290_lambdarank_model_v3.txt
src.logic.prediction.race_prediction_engine:c:\keiba_ai\keiba_ai_ver3.0\src\logic\prediction\race_prediction_engine.py
LightGBMError: Could not open c:\keiba_ai\keiba_ai_ver3.0\data\prediction\models\04_nigata\dirt3290_lambdarank_model_v3.txt
  300R完了  (1189秒)
[LightGBM] [Fatal] Could not open c:\keiba_ai\keiba_ai_ver3.0\data\prediction\models\04_nigata\dirt2890_lambdarank_model_v3.txt
src.logic.prediction.race_prediction_engine:c:\keiba_ai\keiba_ai_ver3.0\src\logic\prediction\race_prediction_engine.py
LightGBMError: Could not open c:\keiba_ai\keiba_ai_ver3.0\data\prediction\models\04_nigata\dirt2890_lambdarank_model_v3.txt
  --- 04_nigata 小計 (85R) ---
  v3blend    単   39/85(45.9%) 回220.5%  複   54/85(63.5%) 回106.0%  3連   39/85(45.9%) 回273.9%
  v4         単   37/85(43.5%) 回232.9%  複   52/85(61.2%) 回108.4%  3連   36/85(42.4%) 回317.0%
  v5         単   43/85(50.6%) 回318.9%  複   55/85(64.7%) 回128.6%  3連   33/85(38.8%) 回273.8%
  v5prime    単   46/85(54.1%) 回346.6%  複   57/85(67.1%) 回143.5%  3連   49/85(57.6%) 回591.2%

[05_tokyo] 312R 処理中...
  350R完了  (1563秒)
  400R完了  (1956秒)
  450R完了  (2339秒)
  500R完了  (2731秒)
[LightGBM] [Fatal] Could not open c:\keiba_ai\keiba_ai_ver3.0\data\prediction\models\05_tokyo\dirt3000_lambdarank_model_v3.txt
src.logic.prediction.race_prediction_engine:c:\keiba_ai\keiba_ai_ver3.0\src\logic\prediction\race_prediction_engine.py
LightGBMError: Could not open c:\keiba_ai\keiba_ai_ver3.0\data\prediction\models\05_tokyo\dirt3000_lambdarank_model_v3.txt
[LightGBM] [Fatal] Could not open c:\keiba_ai\keiba_ai_ver3.0\data\prediction\models\05_tokyo\dirt3000_lambdarank_model_v3.txt
src.logic.prediction.race_prediction_engine:c:\keiba_ai\keiba_ai_ver3.0\src\logic\prediction\race_prediction_engine.py
LightGBMError: Could not open c:\keiba_ai\keiba_ai_ver3.0\data\prediction\models\05_tokyo\dirt3000_lambdarank_model_v3.txt
  550R完了  (3137秒)
[LightGBM] [Fatal] Could not open c:\keiba_ai\keiba_ai_ver3.0\data\prediction\models\05_tokyo\dirt3110_lambdarank_model_v3.txt
src.logic.prediction.race_prediction_engine:c:\keiba_ai\keiba_ai_ver3.0\src\logic\prediction\race_prediction_engine.py
LightGBMError: Could not open c:\keiba_ai\keiba_ai_ver3.0\data\prediction\models\05_tokyo\dirt3110_lambdarank_model_v3.txt
[LightGBM] [Fatal] Could not open c:\keiba_ai\keiba_ai_ver3.0\data\prediction\models\05_tokyo\dirt3000_lambdarank_model_v3.txt
src.logic.prediction.race_prediction_engine:c:\keiba_ai\keiba_ai_ver3.0\src\logic\prediction\race_prediction_engine.py
LightGBMError: Could not open c:\keiba_ai\keiba_ai_ver3.0\data\prediction\models\05_tokyo\dirt3000_lambdarank_model_v3.txt
  600R完了  (3517秒)
  --- 05_tokyo 小計 (291R) ---
  v3blend    単 107/291(36.8%) 回102.4%  複 205/291(70.4%) 回 55.6%  3連 108/291(37.1%) 回112.5%
  v4         単  55/291(18.9%) 回151.2%  複  85/291(29.2%) 回 67.6%  3連  47/291(16.2%) 回157.0%
  v5         単  60/291(20.6%) 回184.5%  複  92/291(31.6%) 回 70.6%  3連  53/291(18.2%) 回180.6%
  v5prime    単  57/291(19.6%) 回191.0%  複  93/291(32.0%) 回 70.7%  3連  50/291(17.2%) 回227.4%

[06_nakayama] 300R 処理中...
[LightGBM] [Fatal] Could not open c:\keiba_ai\keiba_ai_ver3.0\data\prediction\models\06_nakayama\dirt3200_lambdarank_model_v3.txt
src.logic.prediction.race_prediction_engine:c:\keiba_ai\keiba_ai_ver3.0\src\logic\prediction\race_prediction_engine.py
LightGBMError: Could not open c:\keiba_ai\keiba_ai_ver3.0\data\prediction\models\06_nakayama\dirt3200_lambdarank_model_v3.txt
  650R完了  (3905秒)
[LightGBM] [Fatal] Could not open c:\keiba_ai\keiba_ai_ver3.0\data\prediction\models\06_nakayama\dirt2880_lambdarank_model_v3.txt
src.logic.prediction.race_prediction_engine:c:\keiba_ai\keiba_ai_ver3.0\src\logic\prediction\race_prediction_engine.py
LightGBMError: Could not open c:\keiba_ai\keiba_ai_ver3.0\data\prediction\models\06_nakayama\dirt2880_lambdarank_model_v3.txt
[LightGBM] [Fatal] Could not open c:\keiba_ai\keiba_ai_ver3.0\data\prediction\models\06_nakayama\dirt2880_lambdarank_model_v3.txt
src.logic.prediction.race_prediction_engine:c:\keiba_ai\keiba_ai_ver3.0\src\logic\prediction\race_prediction_engine.py
LightGBMError: Could not open c:\keiba_ai\keiba_ai_ver3.0\data\prediction\models\06_nakayama\dirt2880_lambdarank_model_v3.txt
[LightGBM] [Fatal] Could not open c:\keiba_ai\keiba_ai_ver3.0\data\prediction\models\06_nakayama\dirt2880_lambdarank_model_v3.txt
src.logic.prediction.race_prediction_engine:c:\keiba_ai\keiba_ai_ver3.0\src\logic\prediction\race_prediction_engine.py
LightGBMError: Could not open c:\keiba_ai\keiba_ai_ver3.0\data\prediction\models\06_nakayama\dirt2880_lambdarank_model_v3.txt
  700R完了  (4296秒)
[LightGBM] [Fatal] Could not open c:\keiba_ai\keiba_ai_ver3.0\data\prediction\models\06_nakayama\dirt3200_lambdarank_model_v3.txt
src.logic.prediction.race_prediction_engine:c:\keiba_ai\keiba_ai_ver3.0\src\logic\prediction\race_prediction_engine.py
LightGBMError: Could not open c:\keiba_ai\keiba_ai_ver3.0\data\prediction\models\06_nakayama\dirt3200_lambdarank_model_v3.txt
  750R完了  (4677秒)
[LightGBM] [Fatal] Could not open c:\keiba_ai\keiba_ai_ver3.0\data\prediction\models\06_nakayama\dirt2880_lambdarank_model_v3.txt
src.logic.prediction.race_prediction_engine:c:\keiba_ai\keiba_ai_ver3.0\src\logic\prediction\race_prediction_engine.py
LightGBMError: Could not open c:\keiba_ai\keiba_ai_ver3.0\data\prediction\models\06_nakayama\dirt2880_lambdarank_model_v3.txt
[LightGBM] [Fatal] Could not open c:\keiba_ai\keiba_ai_ver3.0\data\prediction\models\06_nakayama\dirt3350_lambdarank_model_v3.txt
src.logic.prediction.race_prediction_engine:c:\keiba_ai\keiba_ai_ver3.0\src\logic\prediction\race_prediction_engine.py
LightGBMError: Could not open c:\keiba_ai\keiba_ai_ver3.0\data\prediction\models\06_nakayama\dirt3350_lambdarank_model_v3.txt
  800R完了  (5060秒)
[LightGBM] [Fatal] Could not open c:\keiba_ai\keiba_ai_ver3.0\data\prediction\models\06_nakayama\dirt2880_lambdarank_model_v3.txt
src.logic.prediction.race_prediction_engine:c:\keiba_ai\keiba_ai_ver3.0\src\logic\prediction\race_prediction_engine.py
LightGBMError: Could not open c:\keiba_ai\keiba_ai_ver3.0\data\prediction\models\06_nakayama\dirt2880_lambdarank_model_v3.txt
[LightGBM] [Fatal] Could not open c:\keiba_ai\keiba_ai_ver3.0\data\prediction\models\06_nakayama\dirt2880_lambdarank_model_v3.txt
src.logic.prediction.race_prediction_engine:c:\keiba_ai\keiba_ai_ver3.0\src\logic\prediction\race_prediction_engine.py
LightGBMError: Could not open c:\keiba_ai\keiba_ai_ver3.0\data\prediction\models\06_nakayama\dirt2880_lambdarank_model_v3.txt
  850R完了  (5433秒)
[LightGBM] [Fatal] Could not open c:\keiba_ai\keiba_ai_ver3.0\data\prediction\models\06_nakayama\dirt2880_lambdarank_model_v3.txt
src.logic.prediction.race_prediction_engine:c:\keiba_ai\keiba_ai_ver3.0\src\logic\prediction\race_prediction_engine.py
LightGBMError: Could not open c:\keiba_ai\keiba_ai_ver3.0\data\prediction\models\06_nakayama\dirt2880_lambdarank_model_v3.txt
[LightGBM] [Fatal] Could not open c:\keiba_ai\keiba_ai_ver3.0\data\prediction\models\06_nakayama\dirt3200_lambdarank_model_v3.txt
src.logic.prediction.race_prediction_engine:c:\keiba_ai\keiba_ai_ver3.0\src\logic\prediction\race_prediction_engine.py
LightGBMError: Could not open c:\keiba_ai\keiba_ai_ver3.0\data\prediction\models\06_nakayama\dirt3200_lambdarank_model_v3.txt
[LightGBM] [Fatal] Could not open c:\keiba_ai\keiba_ai_ver3.0\data\prediction\models\06_nakayama\dirt2880_lambdarank_model_v3.txt
src.logic.prediction.race_prediction_engine:c:\keiba_ai\keiba_ai_ver3.0\src\logic\prediction\race_prediction_engine.py
LightGBMError: Could not open c:\keiba_ai\keiba_ai_ver3.0\data\prediction\models\06_nakayama\dirt2880_lambdarank_model_v3.txt
[LightGBM] [Fatal] Could not open c:\keiba_ai\keiba_ai_ver3.0\data\prediction\models\06_nakayama\dirt4260_lambdarank_model_v3.txt
src.logic.prediction.race_prediction_engine:c:\keiba_ai\keiba_ai_ver3.0\src\logic\prediction\race_prediction_engine.py
LightGBMError: Could not open c:\keiba_ai\keiba_ai_ver3.0\data\prediction\models\06_nakayama\dirt4260_lambdarank_model_v3.txt
  900R完了  (5786秒)
  --- 06_nakayama 小計 (287R) ---
  v3blend    単 110/287(38.3%) 回136.4%  複 208/287(72.5%) 回106.9%  3連 133/287(46.3%) 回148.3%
  v4         単 137/287(47.7%) 回461.2%  複 208/287(72.5%) 回196.8%  3連 128/287(44.6%) 回606.0%
  v5         単 125/287(43.6%) 回323.8%  複 197/287(68.6%) 回149.7%  3連 119/287(41.5%) 回426.2%
  v5prime    単 167/287(58.2%) 回711.3%  複 222/287(77.4%) 回256.6%  3連 154/287(53.7%) 回684.6%

[07_chukyo] 72R 処理中...
  950R完了  (6093秒)
  --- 07_chukyo 小計 (72R) ---
  v3blend    単   33/72(45.8%) 回275.4%  複   51/72(70.8%) 回119.2%  3連   35/72(48.6%) 回288.7%
  v4         単   29/72(40.3%) 回331.4%  複   41/72(56.9%) 回135.8%  3連   30/72(41.7%) 回340.6%
  v5         単   29/72(40.3%) 回338.9%  複   41/72(56.9%) 回139.4%  3連   31/72(43.1%) 回343.5%
  v5prime    単   29/72(40.3%) 回389.9%  複   44/72(61.1%) 回164.3%  3連   28/72(38.9%) 回354.9%

[08_kyoto] 324R 処理中...
  1000R完了  (6361秒)
[LightGBM] [Fatal] Could not open c:\keiba_ai\keiba_ai_ver3.0\data\prediction\models\08_kyoto\dirt3170_lambdarank_model_v3.txt
src.logic.prediction.race_prediction_engine:c:\keiba_ai\keiba_ai_ver3.0\src\logic\prediction\race_prediction_engine.py
LightGBMError: Could not open c:\keiba_ai\keiba_ai_ver3.0\data\prediction\models\08_kyoto\dirt3170_lambdarank_model_v3.txt
[LightGBM] [Fatal] Could not open c:\keiba_ai\keiba_ai_ver3.0\data\prediction\models\08_kyoto\dirt2910_lambdarank_model_v3.txt
src.logic.prediction.race_prediction_engine:c:\keiba_ai\keiba_ai_ver3.0\src\logic\prediction\race_prediction_engine.py
LightGBMError: Could not open c:\keiba_ai\keiba_ai_ver3.0\data\prediction\models\08_kyoto\dirt2910_lambdarank_model_v3.txt
  1050R完了  (6592秒)
  1100R完了  (6809秒)
  1150R完了  (7020秒)
[LightGBM] [Fatal] Could not open c:\keiba_ai\keiba_ai_ver3.0\data\prediction\models\08_kyoto\dirt3170_lambdarank_model_v3.txt
src.logic.prediction.race_prediction_engine:c:\keiba_ai\keiba_ai_ver3.0\src\logic\prediction\race_prediction_engine.py
LightGBMError: Could not open c:\keiba_ai\keiba_ai_ver3.0\data\prediction\models\08_kyoto\dirt3170_lambdarank_model_v3.txt
[LightGBM] [Fatal] Could not open c:\keiba_ai\keiba_ai_ver3.0\data\prediction\models\08_kyoto\dirt2910_lambdarank_model_v3.txt
src.logic.prediction.race_prediction_engine:c:\keiba_ai\keiba_ai_ver3.0\src\logic\prediction\race_prediction_engine.py
LightGBMError: Could not open c:\keiba_ai\keiba_ai_ver3.0\data\prediction\models\08_kyoto\dirt2910_lambdarank_model_v3.txt
  1200R完了  (7241秒)
[LightGBM] [Fatal] Could not open c:\keiba_ai\keiba_ai_ver3.0\data\prediction\models\08_kyoto\dirt3930_lambdarank_model_v3.txt
src.logic.prediction.race_prediction_engine:c:\keiba_ai\keiba_ai_ver3.0\src\logic\prediction\race_prediction_engine.py
LightGBMError: Could not open c:\keiba_ai\keiba_ai_ver3.0\data\prediction\models\08_kyoto\dirt3930_lambdarank_model_v3.txt
  1250R完了  (7454秒)
[LightGBM] [Fatal] Could not open c:\keiba_ai\keiba_ai_ver3.0\data\prediction\models\08_kyoto\dirt3170_lambdarank_model_v3.txt
src.logic.prediction.race_prediction_engine:c:\keiba_ai\keiba_ai_ver3.0\src\logic\prediction\race_prediction_engine.py
LightGBMError: Could not open c:\keiba_ai\keiba_ai_ver3.0\data\prediction\models\08_kyoto\dirt3170_lambdarank_model_v3.txt
  --- 08_kyoto 小計 (306R) ---
  v3blend    単 128/306(41.8%) 回255.7%  複 219/306(71.6%) 回137.6%  3連 130/306(42.5%) 回134.2%
  v4         単 102/306(33.3%) 回300.1%  複 141/306(46.1%) 回123.1%  3連  92/306(30.1%) 回518.9%
  v5         単 101/306(33.0%) 回296.8%  複 139/306(45.4%) 回134.1%  3連  89/306(29.1%) 回580.9%
  v5prime    単  98/306(32.0%) 回350.6%  複 135/306(44.1%) 回135.3%  3連  91/306(29.7%) 回375.8%

[09_hanshin] 288R 処理中...
  1300R完了  (7701秒)
  1350R完了  (8019秒)
[LightGBM] [Fatal] Could not open c:\keiba_ai\keiba_ai_ver3.0\data\prediction\models\09_hanshin\dirt3900_lambdarank_model_v3.txt
src.logic.prediction.race_prediction_engine:c:\keiba_ai\keiba_ai_ver3.0\src\logic\prediction\race_prediction_engine.py
LightGBMError: Could not open c:\keiba_ai\keiba_ai_ver3.0\data\prediction\models\09_hanshin\dirt3900_lambdarank_model_v3.txt
[LightGBM] [Fatal] Could not open c:\keiba_ai\keiba_ai_ver3.0\data\prediction\models\09_hanshin\dirt2970_lambdarank_model_v3.txt
src.logic.prediction.race_prediction_engine:c:\keiba_ai\keiba_ai_ver3.0\src\logic\prediction\race_prediction_engine.py
LightGBMError: Could not open c:\keiba_ai\keiba_ai_ver3.0\data\prediction\models\09_hanshin\dirt2970_lambdarank_model_v3.txt
  1400R完了  (8335秒)
[LightGBM] [Fatal] Could not open c:\keiba_ai\keiba_ai_ver3.0\data\prediction\models\09_hanshin\dirt3140_lambdarank_model_v3.txt
src.logic.prediction.race_prediction_engine:c:\keiba_ai\keiba_ai_ver3.0\src\logic\prediction\race_prediction_engine.py
LightGBMError: Could not open c:\keiba_ai\keiba_ai_ver3.0\data\prediction\models\09_hanshin\dirt3140_lambdarank_model_v3.txt
[LightGBM] [Fatal] Could not open c:\keiba_ai\keiba_ai_ver3.0\data\prediction\models\09_hanshin\dirt2970_lambdarank_model_v3.txt
src.logic.prediction.race_prediction_engine:c:\keiba_ai\keiba_ai_ver3.0\src\logic\prediction\race_prediction_engine.py
LightGBMError: Could not open c:\keiba_ai\keiba_ai_ver3.0\data\prediction\models\09_hanshin\dirt2970_lambdarank_model_v3.txt
  1450R完了  (8645秒)
[LightGBM] [Fatal] Could not open c:\keiba_ai\keiba_ai_ver3.0\data\prediction\models\09_hanshin\dirt2970_lambdarank_model_v3.txt
src.logic.prediction.race_prediction_engine:c:\keiba_ai\keiba_ai_ver3.0\src\logic\prediction\race_prediction_engine.py
LightGBMError: Could not open c:\keiba_ai\keiba_ai_ver3.0\data\prediction\models\09_hanshin\dirt2970_lambdarank_model_v3.txt
  1500R完了  (8978秒)
[LightGBM] [Fatal] Could not open c:\keiba_ai\keiba_ai_ver3.0\data\prediction\models\09_hanshin\dirt2970_lambdarank_model_v3.txt
src.logic.prediction.race_prediction_engine:c:\keiba_ai\keiba_ai_ver3.0\src\logic\prediction\race_prediction_engine.py
LightGBMError: Could not open c:\keiba_ai\keiba_ai_ver3.0\data\prediction\models\09_hanshin\dirt2970_lambdarank_model_v3.txt
  1550R完了  (9307秒)
[LightGBM] [Fatal] Could not open c:\keiba_ai\keiba_ai_ver3.0\data\prediction\models\09_hanshin\dirt3110_lambdarank_model_v3.txt
src.logic.prediction.race_prediction_engine:c:\keiba_ai\keiba_ai_ver3.0\src\logic\prediction\race_prediction_engine.py
LightGBMError: Could not open c:\keiba_ai\keiba_ai_ver3.0\data\prediction\models\09_hanshin\dirt3110_lambdarank_model_v3.txt
  --- 09_hanshin 小計 (281R) ---
  v3blend    単 106/281(37.7%) 回110.1%  複 213/281(75.8%) 回 75.9%  3連 125/281(44.5%) 回193.0%
  v4         単  65/281(23.1%) 回137.3%  複 120/281(42.7%) 回 85.6%  3連  70/281(24.9%) 回245.6%
  v5         単  76/281(27.0%) 回168.0%  複 124/281(44.1%) 回 88.9%  3連  72/281(25.6%) 回160.6%
  v5prime    単  66/281(23.5%) 回122.0%  複 129/281(45.9%) 回 96.2%  3連  69/281(24.6%) 回263.1%

[10_kokura] 192R 処理中...
[LightGBM] [Fatal] Could not open c:\keiba_ai\keiba_ai_ver3.0\data\prediction\models\10_kokura\dirt3390_lambdarank_model_v3.txt
src.logic.prediction.race_prediction_engine:c:\keiba_ai\keiba_ai_ver3.0\src\logic\prediction\race_prediction_engine.py
LightGBMError: Could not open c:\keiba_ai\keiba_ai_ver3.0\data\prediction\models\10_kokura\dirt3390_lambdarank_model_v3.txt
[LightGBM] [Fatal] Could not open c:\keiba_ai\keiba_ai_ver3.0\data\prediction\models\10_kokura\dirt2860_lambdarank_model_v3.txt
src.logic.prediction.race_prediction_engine:c:\keiba_ai\keiba_ai_ver3.0\src\logic\prediction\race_prediction_engine.py
LightGBMError: Could not open c:\keiba_ai\keiba_ai_ver3.0\data\prediction\models\10_kokura\dirt2860_lambdarank_model_v3.txt
[LightGBM] [Fatal] Could not open c:\keiba_ai\keiba_ai_ver3.0\data\prediction\models\10_kokura\dirt2860_lambdarank_model_v3.txt
src.logic.prediction.race_prediction_engine:c:\keiba_ai\keiba_ai_ver3.0\src\logic\prediction\race_prediction_engine.py
LightGBMError: Could not open c:\keiba_ai\keiba_ai_ver3.0\data\prediction\models\10_kokura\dirt2860_lambdarank_model_v3.txt
  1600R完了  (9595秒)
[LightGBM] [Fatal] Could not open c:\keiba_ai\keiba_ai_ver3.0\data\prediction\models\10_kokura\dirt2860_lambdarank_model_v3.txt
src.logic.prediction.race_prediction_engine:c:\keiba_ai\keiba_ai_ver3.0\src\logic\prediction\race_prediction_engine.py
LightGBMError: Could not open c:\keiba_ai\keiba_ai_ver3.0\data\prediction\models\10_kokura\dirt2860_lambdarank_model_v3.txt
[LightGBM] [Fatal] Could not open c:\keiba_ai\keiba_ai_ver3.0\data\prediction\models\10_kokura\dirt2860_lambdarank_model_v3.txt
src.logic.prediction.race_prediction_engine:c:\keiba_ai\keiba_ai_ver3.0\src\logic\prediction\race_prediction_engine.py
LightGBMError: Could not open c:\keiba_ai\keiba_ai_ver3.0\data\prediction\models\10_kokura\dirt2860_lambdarank_model_v3.txt
[LightGBM] [Fatal] Could not open c:\keiba_ai\keiba_ai_ver3.0\data\prediction\models\10_kokura\dirt2860_lambdarank_model_v3.txt
src.logic.prediction.race_prediction_engine:c:\keiba_ai\keiba_ai_ver3.0\src\logic\prediction\race_prediction_engine.py
LightGBMError: Could not open c:\keiba_ai\keiba_ai_ver3.0\data\prediction\models\10_kokura\dirt2860_lambdarank_model_v3.txt
[LightGBM] [Fatal] Could not open c:\keiba_ai\keiba_ai_ver3.0\data\prediction\models\10_kokura\dirt2860_lambdarank_model_v3.txt
src.logic.prediction.race_prediction_engine:c:\keiba_ai\keiba_ai_ver3.0\src\logic\prediction\race_prediction_engine.py
LightGBMError: Could not open c:\keiba_ai\keiba_ai_ver3.0\data\prediction\models\10_kokura\dirt2860_lambdarank_model_v3.txt
[LightGBM] [Fatal] Could not open c:\keiba_ai\keiba_ai_ver3.0\data\prediction\models\10_kokura\dirt2860_lambdarank_model_v3.txt
src.logic.prediction.race_prediction_engine:c:\keiba_ai\keiba_ai_ver3.0\src\logic\prediction\race_prediction_engine.py
LightGBMError: Could not open c:\keiba_ai\keiba_ai_ver3.0\data\prediction\models\10_kokura\dirt2860_lambdarank_model_v3.txt
  1650R完了  (9817秒)
[LightGBM] [Fatal] Could not open c:\keiba_ai\keiba_ai_ver3.0\data\prediction\models\10_kokura\dirt2860_lambdarank_model_v3.txt
src.logic.prediction.race_prediction_engine:c:\keiba_ai\keiba_ai_ver3.0\src\logic\prediction\race_prediction_engine.py
LightGBMError: Could not open c:\keiba_ai\keiba_ai_ver3.0\data\prediction\models\10_kokura\dirt2860_lambdarank_model_v3.txt
[LightGBM] [Fatal] Could not open c:\keiba_ai\keiba_ai_ver3.0\data\prediction\models\10_kokura\dirt3390_lambdarank_model_v3.txt
src.logic.prediction.race_prediction_engine:c:\keiba_ai\keiba_ai_ver3.0\src\logic\prediction\race_prediction_engine.py
LightGBMError: Could not open c:\keiba_ai\keiba_ai_ver3.0\data\prediction\models\10_kokura\dirt3390_lambdarank_model_v3.txt
[LightGBM] [Fatal] Could not open c:\keiba_ai\keiba_ai_ver3.0\data\prediction\models\10_kokura\dirt2860_lambdarank_model_v3.txt
src.logic.prediction.race_prediction_engine:c:\keiba_ai\keiba_ai_ver3.0\src\logic\prediction\race_prediction_engine.py
LightGBMError: Could not open c:\keiba_ai\keiba_ai_ver3.0\data\prediction\models\10_kokura\dirt2860_lambdarank_model_v3.txt
[LightGBM] [Fatal] Could not open c:\keiba_ai\keiba_ai_ver3.0\data\prediction\models\10_kokura\dirt2860_lambdarank_model_v3.txt
src.logic.prediction.race_prediction_engine:c:\keiba_ai\keiba_ai_ver3.0\src\logic\prediction\race_prediction_engine.py
LightGBMError: Could not open c:\keiba_ai\keiba_ai_ver3.0\data\prediction\models\10_kokura\dirt2860_lambdarank_model_v3.txt
[LightGBM] [Fatal] Could not open c:\keiba_ai\keiba_ai_ver3.0\data\prediction\models\10_kokura\dirt3390_lambdarank_model_v3.txt
src.logic.prediction.race_prediction_engine:c:\keiba_ai\keiba_ai_ver3.0\src\logic\prediction\race_prediction_engine.py
LightGBMError: Could not open c:\keiba_ai\keiba_ai_ver3.0\data\prediction\models\10_kokura\dirt3390_lambdarank_model_v3.txt
[LightGBM] [Fatal] Could not open c:\keiba_ai\keiba_ai_ver3.0\data\prediction\models\10_kokura\dirt2860_lambdarank_model_v3.txt
src.logic.prediction.race_prediction_engine:c:\keiba_ai\keiba_ai_ver3.0\src\logic\prediction\race_prediction_engine.py
LightGBMError: Could not open c:\keiba_ai\keiba_ai_ver3.0\data\prediction\models\10_kokura\dirt2860_lambdarank_model_v3.txt
  1700R完了  (10034秒)
[LightGBM] [Fatal] Could not open c:\keiba_ai\keiba_ai_ver3.0\data\prediction\models\10_kokura\dirt2860_lambdarank_model_v3.txt
src.logic.prediction.race_prediction_engine:c:\keiba_ai\keiba_ai_ver3.0\src\logic\prediction\race_prediction_engine.py
LightGBMError: Could not open c:\keiba_ai\keiba_ai_ver3.0\data\prediction\models\10_kokura\dirt2860_lambdarank_model_v3.txt
[LightGBM] [Fatal] Could not open c:\keiba_ai\keiba_ai_ver3.0\data\prediction\models\10_kokura\dirt2860_lambdarank_model_v3.txt
src.logic.prediction.race_prediction_engine:c:\keiba_ai\keiba_ai_ver3.0\src\logic\prediction\race_prediction_engine.py
LightGBMError: Could not open c:\keiba_ai\keiba_ai_ver3.0\data\prediction\models\10_kokura\dirt2860_lambdarank_model_v3.txt
[LightGBM] [Fatal] Could not open c:\keiba_ai\keiba_ai_ver3.0\data\prediction\models\10_kokura\dirt2860_lambdarank_model_v3.txt
src.logic.prediction.race_prediction_engine:c:\keiba_ai\keiba_ai_ver3.0\src\logic\prediction\race_prediction_engine.py
LightGBMError: Could not open c:\keiba_ai\keiba_ai_ver3.0\data\prediction\models\10_kokura\dirt2860_lambdarank_model_v3.txt
[LightGBM] [Fatal] Could not open c:\keiba_ai\keiba_ai_ver3.0\data\prediction\models\10_kokura\dirt2860_lambdarank_model_v3.txt
src.logic.prediction.race_prediction_engine:c:\keiba_ai\keiba_ai_ver3.0\src\logic\prediction\race_prediction_engine.py
LightGBMError: Could not open c:\keiba_ai\keiba_ai_ver3.0\data\prediction\models\10_kokura\dirt2860_lambdarank_model_v3.txt
horse_id=2023106819 のデータが見つかりません。
horse_id=2023105313 のデータが見つかりません。
horse_id=2023101363 のデータが見つかりません。
  1750R完了  (10242秒)
horse_id=2024105595 のデータが見つかりません。
horse_id=2024106888 のデータが見つかりません。
horse_id=2024100690 のデータが見つかりません。
horse_id=2024102341 のデータが見つかりません。
horse_id=2024103210 のデータが見つかりません。
horse_id=2024106299 のデータが見つかりません。
horse_id=2024105858 のデータが見つかりません。
horse_id=2024100140 のデータが見つかりません。
horse_id=2024101223 のデータが見つかりません。
horse_id=2024103672 のデータが見つかりません。
horse_id=2024108132 のデータが見つかりません。
horse_id=2024101749 のデータが見つかりません。
horse_id=2024100628 のデータが見つかりません。
horse_id=2023105129 のデータが見つかりません。
[LightGBM] [Fatal] Could not open c:\keiba_ai\keiba_ai_ver3.0\data\prediction\models\10_kokura\dirt2860_lambdarank_model_v3.txt
src.logic.prediction.race_prediction_engine:c:\keiba_ai\keiba_ai_ver3.0\src\logic\prediction\race_prediction_engine.py
LightGBMError: Could not open c:\keiba_ai\keiba_ai_ver3.0\data\prediction\models\10_kokura\dirt2860_lambdarank_model_v3.txt
horse_id=2024103455 のデータが見つかりません。
horse_id=2024103427 のデータが見つかりません。
horse_id=2024103516 のデータが見つかりません。
horse_id=2024105303 のデータが見つかりません。
horse_id=2024101754 のデータが見つかりません。
horse_id=2024104363 のデータが見つかりません。
horse_id=2024107030 のデータが見つかりません。
horse_id=2024106271 のデータが見つかりません。
horse_id=2024106624 のデータが見つかりません。
horse_id=2024106249 のデータが見つかりません。
horse_id=2024106076 のデータが見つかりません。
horse_id=2024107201 のデータが見つかりません。
horse_id=2024100730 のデータが見つかりません。
horse_id=2024101770 のデータが見つかりません。
horse_id=2024106185 のデータが見つかりません。
horse_id=2024105295 のデータが見つかりません。
horse_id=2024106941 のデータが見つかりません。
horse_id=2024103740 のデータが見つかりません。
horse_id=2024108282 のデータが見つかりません。
horse_id=2024105099 のデータが見つかりません。
horse_id=2024107109 のデータが見つかりません。
horse_id=2024104684 のデータが見つかりません。
horse_id=2024105438 のデータが見つかりません。
horse_id=2023104249 のデータが見つかりません。
horse_id=2023100473 のデータが見つかりません。
  --- 10_kokura 小計 (172R) ---
  v3blend    単  91/172(52.9%) 回533.2%  複 135/172(78.5%) 回204.3%  3連  68/172(39.5%) 回314.9%
  v4         単 109/172(63.4%) 回769.6%  複 139/172(80.8%) 回247.7%  3連  93/172(54.1%) 回694.8%
  v5         単 114/172(66.3%) 回815.5%  複 150/172(87.2%) 回272.6%  3連 110/172(64.0%) 回3429.6%
  v5prime    単 100/172(58.1%) 回793.0%  複 139/172(80.8%) 回273.8%  3連 112/172(65.1%) 回3501.5%

==========================================================================================
全場合計: 1770R処理  スキップ:30R  所要:10361秒
------------------------------------------------------------------------------------------
モデル               単勝的中率          回収率           複勝的中率          回収率          3連複5頭的中率        回収率     R数
------------------------------------------------------------------------------------------
v3blend      673/1707(39.4%)    193.0%    1214/1707(71.1%)   106.5%    709/1707(41.5%)    169.6%   1707
v4           581/1707(34.0%)    298.5%    865/1707(50.7%)    126.0%    542/1707(31.8%)    379.0%   1707
v5           589/1707(34.5%)    290.1%    864/1707(50.6%)    123.7%    551/1707(32.3%)    619.8%   1707
v5prime      597/1707(35.0%)    361.9%    887/1707(52.0%)    146.9%    598/1707(35.0%)    682.7%   1707
==========================================================================================
