血統vocab読み込み中...
vocab読み込み済み: 1738種類 (c:\keiba_ai\keiba_ai_ver3.0\data\prediction\models\pedigree_vocab_v5.json)
  1738種類

評価年: 2026
対象場: ['02_hakodate', '03_fukushima', '04_nigata', '05_tokyo', '06_nakayama', '07_chukyo', '08_kyoto', '09_hanshin', '10_kokura']
レースデータ収集中...
src.logic.prediction.race_prediction_engine:c:\keiba_ai\keiba_ai_ver3.0\src\logic\prediction\race_prediction_engine.py
FileNotFoundError: c:\keiba_ai\keiba_ai_ver3.0\data\prediction\models\03_fukushima\dirt2750_lambdarank_model_v5prime_no26.txt
src.logic.prediction.race_prediction_engine:c:\keiba_ai\keiba_ai_ver3.0\src\logic\prediction\race_prediction_engine.py
FileNotFoundError: c:\keiba_ai\keiba_ai_ver3.0\data\prediction\models\03_fukushima\dirt2750_lambdarank_model_v6hit_extreme_no26.txt
src.logic.prediction.race_prediction_engine:c:\keiba_ai\keiba_ai_ver3.0\src\logic\prediction\race_prediction_engine.py
FileNotFoundError: c:\keiba_ai\keiba_ai_ver3.0\data\prediction\models\03_fukushima\dirt2750_lambdarank_model_v5prime_no26.txt
src.logic.prediction.race_prediction_engine:c:\keiba_ai\keiba_ai_ver3.0\src\logic\prediction\race_prediction_engine.py
FileNotFoundError: c:\keiba_ai\keiba_ai_ver3.0\data\prediction\models\03_fukushima\dirt2750_lambdarank_model_v6hit_extreme_no26.txt
src.logic.prediction.race_prediction_engine:c:\keiba_ai\keiba_ai_ver3.0\src\logic\prediction\race_prediction_engine.py
FileNotFoundError: c:\keiba_ai\keiba_ai_ver3.0\data\prediction\models\03_fukushima\dirt2750_lambdarank_model_v5prime_no26.txt
src.logic.prediction.race_prediction_engine:c:\keiba_ai\keiba_ai_ver3.0\src\logic\prediction\race_prediction_engine.py
FileNotFoundError: c:\keiba_ai\keiba_ai_ver3.0\data\prediction\models\03_fukushima\dirt2750_lambdarank_model_v6hit_extreme_no26.txt
  200R収集済み (629秒)
src.logic.prediction.race_prediction_engine:c:\keiba_ai\keiba_ai_ver3.0\src\logic\prediction\race_prediction_engine.py
FileNotFoundError: c:\keiba_ai\keiba_ai_ver3.0\data\prediction\models\04_nigata\dirt2890_lambdarank_model_v5prime_no26.txt
src.logic.prediction.race_prediction_engine:c:\keiba_ai\keiba_ai_ver3.0\src\logic\prediction\race_prediction_engine.py
FileNotFoundError: c:\keiba_ai\keiba_ai_ver3.0\data\prediction\models\04_nigata\dirt2890_lambdarank_model_v6hit_extreme_no26.txt
src.logic.prediction.race_prediction_engine:c:\keiba_ai\keiba_ai_ver3.0\src\logic\prediction\race_prediction_engine.py
FileNotFoundError: c:\keiba_ai\keiba_ai_ver3.0\data\prediction\models\04_nigata\dirt2890_lambdarank_model_v5prime_no26.txt
src.logic.prediction.race_prediction_engine:c:\keiba_ai\keiba_ai_ver3.0\src\logic\prediction\race_prediction_engine.py
FileNotFoundError: c:\keiba_ai\keiba_ai_ver3.0\data\prediction\models\04_nigata\dirt2890_lambdarank_model_v6hit_extreme_no26.txt
src.logic.prediction.race_prediction_engine:c:\keiba_ai\keiba_ai_ver3.0\src\logic\prediction\race_prediction_engine.py
FileNotFoundError: c:\keiba_ai\keiba_ai_ver3.0\data\prediction\models\04_nigata\dirt2890_lambdarank_model_v5prime_no26.txt
src.logic.prediction.race_prediction_engine:c:\keiba_ai\keiba_ai_ver3.0\src\logic\prediction\race_prediction_engine.py
FileNotFoundError: c:\keiba_ai\keiba_ai_ver3.0\data\prediction\models\04_nigata\dirt2890_lambdarank_model_v6hit_extreme_no26.txt
src.logic.prediction.race_prediction_engine:c:\keiba_ai\keiba_ai_ver3.0\src\logic\prediction\race_prediction_engine.py
FileNotFoundError: c:\keiba_ai\keiba_ai_ver3.0\data\prediction\models\04_nigata\dirt2890_lambdarank_model_v5prime_no26.txt
src.logic.prediction.race_prediction_engine:c:\keiba_ai\keiba_ai_ver3.0\src\logic\prediction\race_prediction_engine.py
FileNotFoundError: c:\keiba_ai\keiba_ai_ver3.0\data\prediction\models\04_nigata\dirt2890_lambdarank_model_v6hit_extreme_no26.txt
src.logic.prediction.race_prediction_engine:c:\keiba_ai\keiba_ai_ver3.0\src\logic\prediction\race_prediction_engine.py
FileNotFoundError: c:\keiba_ai\keiba_ai_ver3.0\data\prediction\models\04_nigata\dirt2890_lambdarank_model_v5prime_no26.txt
src.logic.prediction.race_prediction_engine:c:\keiba_ai\keiba_ai_ver3.0\src\logic\prediction\race_prediction_engine.py
FileNotFoundError: c:\keiba_ai\keiba_ai_ver3.0\data\prediction\models\04_nigata\dirt2890_lambdarank_model_v6hit_extreme_no26.txt
src.logic.prediction.race_prediction_engine:c:\keiba_ai\keiba_ai_ver3.0\src\logic\prediction\race_prediction_engine.py
FileNotFoundError: c:\keiba_ai\keiba_ai_ver3.0\data\prediction\models\04_nigata\dirt2890_lambdarank_model_v5prime_no26.txt
src.logic.prediction.race_prediction_engine:c:\keiba_ai\keiba_ai_ver3.0\src\logic\prediction\race_prediction_engine.py
FileNotFoundError: c:\keiba_ai\keiba_ai_ver3.0\data\prediction\models\04_nigata\dirt2890_lambdarank_model_v6hit_extreme_no26.txt
src.logic.prediction.race_prediction_engine:c:\keiba_ai\keiba_ai_ver3.0\src\logic\prediction\race_prediction_engine.py
FileNotFoundError: c:\keiba_ai\keiba_ai_ver3.0\data\prediction\models\04_nigata\dirt2890_lambdarank_model_v5prime_no26.txt
src.logic.prediction.race_prediction_engine:c:\keiba_ai\keiba_ai_ver3.0\src\logic\prediction\race_prediction_engine.py
FileNotFoundError: c:\keiba_ai\keiba_ai_ver3.0\data\prediction\models\04_nigata\dirt2890_lambdarank_model_v6hit_extreme_no26.txt
src.logic.prediction.race_prediction_engine:c:\keiba_ai\keiba_ai_ver3.0\src\logic\prediction\race_prediction_engine.py
FileNotFoundError: c:\keiba_ai\keiba_ai_ver3.0\data\prediction\models\04_nigata\dirt2890_lambdarank_model_v5prime_no26.txt
src.logic.prediction.race_prediction_engine:c:\keiba_ai\keiba_ai_ver3.0\src\logic\prediction\race_prediction_engine.py
FileNotFoundError: c:\keiba_ai\keiba_ai_ver3.0\data\prediction\models\04_nigata\dirt2890_lambdarank_model_v6hit_extreme_no26.txt
src.logic.prediction.race_prediction_engine:c:\keiba_ai\keiba_ai_ver3.0\src\logic\prediction\race_prediction_engine.py
FileNotFoundError: c:\keiba_ai\keiba_ai_ver3.0\data\prediction\models\04_nigata\dirt2890_lambdarank_model_v5prime_no26.txt
src.logic.prediction.race_prediction_engine:c:\keiba_ai\keiba_ai_ver3.0\src\logic\prediction\race_prediction_engine.py
FileNotFoundError: c:\keiba_ai\keiba_ai_ver3.0\data\prediction\models\04_nigata\dirt2890_lambdarank_model_v6hit_extreme_no26.txt
src.logic.prediction.race_prediction_engine:c:\keiba_ai\keiba_ai_ver3.0\src\logic\prediction\race_prediction_engine.py
FileNotFoundError: c:\keiba_ai\keiba_ai_ver3.0\data\prediction\models\04_nigata\dirt3290_lambdarank_model_v5prime_no26.txt
src.logic.prediction.race_prediction_engine:c:\keiba_ai\keiba_ai_ver3.0\src\logic\prediction\race_prediction_engine.py
FileNotFoundError: c:\keiba_ai\keiba_ai_ver3.0\data\prediction\models\04_nigata\dirt3290_lambdarank_model_v6hit_extreme_no26.txt
src.logic.prediction.race_prediction_engine:c:\keiba_ai\keiba_ai_ver3.0\src\logic\prediction\race_prediction_engine.py
FileNotFoundError: c:\keiba_ai\keiba_ai_ver3.0\data\prediction\models\04_nigata\dirt2890_lambdarank_model_v5prime_no26.txt
src.logic.prediction.race_prediction_engine:c:\keiba_ai\keiba_ai_ver3.0\src\logic\prediction\race_prediction_engine.py
FileNotFoundError: c:\keiba_ai\keiba_ai_ver3.0\data\prediction\models\04_nigata\dirt2890_lambdarank_model_v6hit_extreme_no26.txt
  400R収集済み (2008秒)
src.logic.prediction.race_prediction_engine:c:\keiba_ai\keiba_ai_ver3.0\src\logic\prediction\race_prediction_engine.py
FileNotFoundError: c:\keiba_ai\keiba_ai_ver3.0\data\prediction\models\05_tokyo\dirt3000_lambdarank_model_v5prime_no26.txt
src.logic.prediction.race_prediction_engine:c:\keiba_ai\keiba_ai_ver3.0\src\logic\prediction\race_prediction_engine.py
FileNotFoundError: c:\keiba_ai\keiba_ai_ver3.0\data\prediction\models\05_tokyo\dirt3000_lambdarank_model_v6hit_extreme_no26.txt
src.logic.prediction.race_prediction_engine:c:\keiba_ai\keiba_ai_ver3.0\src\logic\prediction\race_prediction_engine.py
FileNotFoundError: c:\keiba_ai\keiba_ai_ver3.0\data\prediction\models\05_tokyo\dirt3000_lambdarank_model_v5prime_no26.txt
src.logic.prediction.race_prediction_engine:c:\keiba_ai\keiba_ai_ver3.0\src\logic\prediction\race_prediction_engine.py
FileNotFoundError: c:\keiba_ai\keiba_ai_ver3.0\data\prediction\models\05_tokyo\dirt3000_lambdarank_model_v6hit_extreme_no26.txt
src.logic.prediction.race_prediction_engine:c:\keiba_ai\keiba_ai_ver3.0\src\logic\prediction\race_prediction_engine.py
FileNotFoundError: c:\keiba_ai\keiba_ai_ver3.0\data\prediction\models\05_tokyo\dirt3110_lambdarank_model_v5prime_no26.txt
src.logic.prediction.race_prediction_engine:c:\keiba_ai\keiba_ai_ver3.0\src\logic\prediction\race_prediction_engine.py
FileNotFoundError: c:\keiba_ai\keiba_ai_ver3.0\data\prediction\models\05_tokyo\dirt3110_lambdarank_model_v6hit_extreme_no26.txt
src.logic.prediction.race_prediction_engine:c:\keiba_ai\keiba_ai_ver3.0\src\logic\prediction\race_prediction_engine.py
FileNotFoundError: c:\keiba_ai\keiba_ai_ver3.0\data\prediction\models\05_tokyo\dirt3000_lambdarank_model_v5prime_no26.txt
src.logic.prediction.race_prediction_engine:c:\keiba_ai\keiba_ai_ver3.0\src\logic\prediction\race_prediction_engine.py
FileNotFoundError: c:\keiba_ai\keiba_ai_ver3.0\data\prediction\models\05_tokyo\dirt3000_lambdarank_model_v6hit_extreme_no26.txt
  600R収集済み (3617秒)
src.logic.prediction.race_prediction_engine:c:\keiba_ai\keiba_ai_ver3.0\src\logic\prediction\race_prediction_engine.py
FileNotFoundError: c:\keiba_ai\keiba_ai_ver3.0\data\prediction\models\06_nakayama\dirt3200_lambdarank_model_v5prime_no26.txt
src.logic.prediction.race_prediction_engine:c:\keiba_ai\keiba_ai_ver3.0\src\logic\prediction\race_prediction_engine.py
FileNotFoundError: c:\keiba_ai\keiba_ai_ver3.0\data\prediction\models\06_nakayama\dirt3200_lambdarank_model_v6hit_extreme_no26.txt
src.logic.prediction.race_prediction_engine:c:\keiba_ai\keiba_ai_ver3.0\src\logic\prediction\race_prediction_engine.py
FileNotFoundError: c:\keiba_ai\keiba_ai_ver3.0\data\prediction\models\06_nakayama\dirt2880_lambdarank_model_v5prime_no26.txt
src.logic.prediction.race_prediction_engine:c:\keiba_ai\keiba_ai_ver3.0\src\logic\prediction\race_prediction_engine.py
FileNotFoundError: c:\keiba_ai\keiba_ai_ver3.0\data\prediction\models\06_nakayama\dirt2880_lambdarank_model_v6hit_extreme_no26.txt
src.logic.prediction.race_prediction_engine:c:\keiba_ai\keiba_ai_ver3.0\src\logic\prediction\race_prediction_engine.py
FileNotFoundError: c:\keiba_ai\keiba_ai_ver3.0\data\prediction\models\06_nakayama\dirt2880_lambdarank_model_v5prime_no26.txt
src.logic.prediction.race_prediction_engine:c:\keiba_ai\keiba_ai_ver3.0\src\logic\prediction\race_prediction_engine.py
FileNotFoundError: c:\keiba_ai\keiba_ai_ver3.0\data\prediction\models\06_nakayama\dirt2880_lambdarank_model_v6hit_extreme_no26.txt
src.logic.prediction.race_prediction_engine:c:\keiba_ai\keiba_ai_ver3.0\src\logic\prediction\race_prediction_engine.py
FileNotFoundError: c:\keiba_ai\keiba_ai_ver3.0\data\prediction\models\06_nakayama\dirt2880_lambdarank_model_v5prime_no26.txt
src.logic.prediction.race_prediction_engine:c:\keiba_ai\keiba_ai_ver3.0\src\logic\prediction\race_prediction_engine.py
FileNotFoundError: c:\keiba_ai\keiba_ai_ver3.0\data\prediction\models\06_nakayama\dirt2880_lambdarank_model_v6hit_extreme_no26.txt
src.logic.prediction.race_prediction_engine:c:\keiba_ai\keiba_ai_ver3.0\src\logic\prediction\race_prediction_engine.py
FileNotFoundError: c:\keiba_ai\keiba_ai_ver3.0\data\prediction\models\06_nakayama\dirt3200_lambdarank_model_v5prime_no26.txt
src.logic.prediction.race_prediction_engine:c:\keiba_ai\keiba_ai_ver3.0\src\logic\prediction\race_prediction_engine.py
FileNotFoundError: c:\keiba_ai\keiba_ai_ver3.0\data\prediction\models\06_nakayama\dirt3200_lambdarank_model_v6hit_extreme_no26.txt
src.logic.prediction.race_prediction_engine:c:\keiba_ai\keiba_ai_ver3.0\src\logic\prediction\race_prediction_engine.py
FileNotFoundError: c:\keiba_ai\keiba_ai_ver3.0\data\prediction\models\06_nakayama\dirt2880_lambdarank_model_v5prime_no26.txt
src.logic.prediction.race_prediction_engine:c:\keiba_ai\keiba_ai_ver3.0\src\logic\prediction\race_prediction_engine.py
FileNotFoundError: c:\keiba_ai\keiba_ai_ver3.0\data\prediction\models\06_nakayama\dirt2880_lambdarank_model_v6hit_extreme_no26.txt
src.logic.prediction.race_prediction_engine:c:\keiba_ai\keiba_ai_ver3.0\src\logic\prediction\race_prediction_engine.py
FileNotFoundError: c:\keiba_ai\keiba_ai_ver3.0\data\prediction\models\06_nakayama\dirt3350_lambdarank_model_v5prime_no26.txt
src.logic.prediction.race_prediction_engine:c:\keiba_ai\keiba_ai_ver3.0\src\logic\prediction\race_prediction_engine.py
FileNotFoundError: c:\keiba_ai\keiba_ai_ver3.0\data\prediction\models\06_nakayama\dirt3350_lambdarank_model_v6hit_extreme_no26.txt
src.logic.prediction.race_prediction_engine:c:\keiba_ai\keiba_ai_ver3.0\src\logic\prediction\race_prediction_engine.py
FileNotFoundError: c:\keiba_ai\keiba_ai_ver3.0\data\prediction\models\06_nakayama\dirt2880_lambdarank_model_v5prime_no26.txt
src.logic.prediction.race_prediction_engine:c:\keiba_ai\keiba_ai_ver3.0\src\logic\prediction\race_prediction_engine.py
FileNotFoundError: c:\keiba_ai\keiba_ai_ver3.0\data\prediction\models\06_nakayama\dirt2880_lambdarank_model_v6hit_extreme_no26.txt
  800R収集済み (5224秒)
src.logic.prediction.race_prediction_engine:c:\keiba_ai\keiba_ai_ver3.0\src\logic\prediction\race_prediction_engine.py
FileNotFoundError: c:\keiba_ai\keiba_ai_ver3.0\data\prediction\models\06_nakayama\dirt2880_lambdarank_model_v5prime_no26.txt
src.logic.prediction.race_prediction_engine:c:\keiba_ai\keiba_ai_ver3.0\src\logic\prediction\race_prediction_engine.py
FileNotFoundError: c:\keiba_ai\keiba_ai_ver3.0\data\prediction\models\06_nakayama\dirt2880_lambdarank_model_v6hit_extreme_no26.txt
src.logic.prediction.race_prediction_engine:c:\keiba_ai\keiba_ai_ver3.0\src\logic\prediction\race_prediction_engine.py
FileNotFoundError: c:\keiba_ai\keiba_ai_ver3.0\data\prediction\models\06_nakayama\dirt2880_lambdarank_model_v5prime_no26.txt
src.logic.prediction.race_prediction_engine:c:\keiba_ai\keiba_ai_ver3.0\src\logic\prediction\race_prediction_engine.py
FileNotFoundError: c:\keiba_ai\keiba_ai_ver3.0\data\prediction\models\06_nakayama\dirt2880_lambdarank_model_v6hit_extreme_no26.txt
src.logic.prediction.race_prediction_engine:c:\keiba_ai\keiba_ai_ver3.0\src\logic\prediction\race_prediction_engine.py
FileNotFoundError: c:\keiba_ai\keiba_ai_ver3.0\data\prediction\models\06_nakayama\dirt3200_lambdarank_model_v5prime_no26.txt
src.logic.prediction.race_prediction_engine:c:\keiba_ai\keiba_ai_ver3.0\src\logic\prediction\race_prediction_engine.py
FileNotFoundError: c:\keiba_ai\keiba_ai_ver3.0\data\prediction\models\06_nakayama\dirt3200_lambdarank_model_v6hit_extreme_no26.txt
src.logic.prediction.race_prediction_engine:c:\keiba_ai\keiba_ai_ver3.0\src\logic\prediction\race_prediction_engine.py
FileNotFoundError: c:\keiba_ai\keiba_ai_ver3.0\data\prediction\models\06_nakayama\dirt2880_lambdarank_model_v5prime_no26.txt
src.logic.prediction.race_prediction_engine:c:\keiba_ai\keiba_ai_ver3.0\src\logic\prediction\race_prediction_engine.py
FileNotFoundError: c:\keiba_ai\keiba_ai_ver3.0\data\prediction\models\06_nakayama\dirt2880_lambdarank_model_v6hit_extreme_no26.txt
src.logic.prediction.race_prediction_engine:c:\keiba_ai\keiba_ai_ver3.0\src\logic\prediction\race_prediction_engine.py
FileNotFoundError: c:\keiba_ai\keiba_ai_ver3.0\data\prediction\models\06_nakayama\dirt4260_lambdarank_model_v5prime_no26.txt
src.logic.prediction.race_prediction_engine:c:\keiba_ai\keiba_ai_ver3.0\src\logic\prediction\race_prediction_engine.py
FileNotFoundError: c:\keiba_ai\keiba_ai_ver3.0\data\prediction\models\06_nakayama\dirt4260_lambdarank_model_v6hit_extreme_no26.txt
src.logic.prediction.race_prediction_engine:c:\keiba_ai\keiba_ai_ver3.0\src\logic\prediction\race_prediction_engine.py
FileNotFoundError: c:\keiba_ai\keiba_ai_ver3.0\data\prediction\models\08_kyoto\dirt3170_lambdarank_model_v5prime_no26.txt
src.logic.prediction.race_prediction_engine:c:\keiba_ai\keiba_ai_ver3.0\src\logic\prediction\race_prediction_engine.py
FileNotFoundError: c:\keiba_ai\keiba_ai_ver3.0\data\prediction\models\08_kyoto\dirt3170_lambdarank_model_v6hit_extreme_no26.txt
src.logic.prediction.race_prediction_engine:c:\keiba_ai\keiba_ai_ver3.0\src\logic\prediction\race_prediction_engine.py
FileNotFoundError: c:\keiba_ai\keiba_ai_ver3.0\data\prediction\models\08_kyoto\dirt2910_lambdarank_model_v5prime_no26.txt
src.logic.prediction.race_prediction_engine:c:\keiba_ai\keiba_ai_ver3.0\src\logic\prediction\race_prediction_engine.py
FileNotFoundError: c:\keiba_ai\keiba_ai_ver3.0\data\prediction\models\08_kyoto\dirt2910_lambdarank_model_v6hit_extreme_no26.txt
  1000R収集済み (6484秒)
src.logic.prediction.race_prediction_engine:c:\keiba_ai\keiba_ai_ver3.0\src\logic\prediction\race_prediction_engine.py
FileNotFoundError: c:\keiba_ai\keiba_ai_ver3.0\data\prediction\models\08_kyoto\dirt3170_lambdarank_model_v5prime_no26.txt
src.logic.prediction.race_prediction_engine:c:\keiba_ai\keiba_ai_ver3.0\src\logic\prediction\race_prediction_engine.py
FileNotFoundError: c:\keiba_ai\keiba_ai_ver3.0\data\prediction\models\08_kyoto\dirt3170_lambdarank_model_v6hit_extreme_no26.txt
src.logic.prediction.race_prediction_engine:c:\keiba_ai\keiba_ai_ver3.0\src\logic\prediction\race_prediction_engine.py
FileNotFoundError: c:\keiba_ai\keiba_ai_ver3.0\data\prediction\models\08_kyoto\dirt2910_lambdarank_model_v5prime_no26.txt
src.logic.prediction.race_prediction_engine:c:\keiba_ai\keiba_ai_ver3.0\src\logic\prediction\race_prediction_engine.py
FileNotFoundError: c:\keiba_ai\keiba_ai_ver3.0\data\prediction\models\08_kyoto\dirt2910_lambdarank_model_v6hit_extreme_no26.txt
src.logic.prediction.race_prediction_engine:c:\keiba_ai\keiba_ai_ver3.0\src\logic\prediction\race_prediction_engine.py
FileNotFoundError: c:\keiba_ai\keiba_ai_ver3.0\data\prediction\models\08_kyoto\dirt3930_lambdarank_model_v5prime_no26.txt
src.logic.prediction.race_prediction_engine:c:\keiba_ai\keiba_ai_ver3.0\src\logic\prediction\race_prediction_engine.py
FileNotFoundError: c:\keiba_ai\keiba_ai_ver3.0\data\prediction\models\08_kyoto\dirt3930_lambdarank_model_v6hit_extreme_no26.txt
  1200R収集済み (7362秒)
src.logic.prediction.race_prediction_engine:c:\keiba_ai\keiba_ai_ver3.0\src\logic\prediction\race_prediction_engine.py
FileNotFoundError: c:\keiba_ai\keiba_ai_ver3.0\data\prediction\models\08_kyoto\dirt3170_lambdarank_model_v5prime_no26.txt
src.logic.prediction.race_prediction_engine:c:\keiba_ai\keiba_ai_ver3.0\src\logic\prediction\race_prediction_engine.py
FileNotFoundError: c:\keiba_ai\keiba_ai_ver3.0\data\prediction\models\08_kyoto\dirt3170_lambdarank_model_v6hit_extreme_no26.txt
src.logic.prediction.race_prediction_engine:c:\keiba_ai\keiba_ai_ver3.0\src\logic\prediction\race_prediction_engine.py
FileNotFoundError: c:\keiba_ai\keiba_ai_ver3.0\data\prediction\models\09_hanshin\dirt3900_lambdarank_model_v5prime_no26.txt
src.logic.prediction.race_prediction_engine:c:\keiba_ai\keiba_ai_ver3.0\src\logic\prediction\race_prediction_engine.py
FileNotFoundError: c:\keiba_ai\keiba_ai_ver3.0\data\prediction\models\09_hanshin\dirt3900_lambdarank_model_v6hit_extreme_no26.txt
src.logic.prediction.race_prediction_engine:c:\keiba_ai\keiba_ai_ver3.0\src\logic\prediction\race_prediction_engine.py
FileNotFoundError: c:\keiba_ai\keiba_ai_ver3.0\data\prediction\models\09_hanshin\dirt2970_lambdarank_model_v5prime_no26.txt
src.logic.prediction.race_prediction_engine:c:\keiba_ai\keiba_ai_ver3.0\src\logic\prediction\race_prediction_engine.py
FileNotFoundError: c:\keiba_ai\keiba_ai_ver3.0\data\prediction\models\09_hanshin\dirt2970_lambdarank_model_v6hit_extreme_no26.txt
src.logic.prediction.race_prediction_engine:c:\keiba_ai\keiba_ai_ver3.0\src\logic\prediction\race_prediction_engine.py
FileNotFoundError: c:\keiba_ai\keiba_ai_ver3.0\data\prediction\models\09_hanshin\dirt3140_lambdarank_model_v5prime_no26.txt
src.logic.prediction.race_prediction_engine:c:\keiba_ai\keiba_ai_ver3.0\src\logic\prediction\race_prediction_engine.py
FileNotFoundError: c:\keiba_ai\keiba_ai_ver3.0\data\prediction\models\09_hanshin\dirt3140_lambdarank_model_v6hit_extreme_no26.txt
src.logic.prediction.race_prediction_engine:c:\keiba_ai\keiba_ai_ver3.0\src\logic\prediction\race_prediction_engine.py
FileNotFoundError: c:\keiba_ai\keiba_ai_ver3.0\data\prediction\models\09_hanshin\dirt2970_lambdarank_model_v5prime_no26.txt
src.logic.prediction.race_prediction_engine:c:\keiba_ai\keiba_ai_ver3.0\src\logic\prediction\race_prediction_engine.py
FileNotFoundError: c:\keiba_ai\keiba_ai_ver3.0\data\prediction\models\09_hanshin\dirt2970_lambdarank_model_v6hit_extreme_no26.txt
  1400R収集済み (8583秒)
src.logic.prediction.race_prediction_engine:c:\keiba_ai\keiba_ai_ver3.0\src\logic\prediction\race_prediction_engine.py
FileNotFoundError: c:\keiba_ai\keiba_ai_ver3.0\data\prediction\models\09_hanshin\dirt2970_lambdarank_model_v5prime_no26.txt
src.logic.prediction.race_prediction_engine:c:\keiba_ai\keiba_ai_ver3.0\src\logic\prediction\race_prediction_engine.py
FileNotFoundError: c:\keiba_ai\keiba_ai_ver3.0\data\prediction\models\09_hanshin\dirt2970_lambdarank_model_v6hit_extreme_no26.txt
src.logic.prediction.race_prediction_engine:c:\keiba_ai\keiba_ai_ver3.0\src\logic\prediction\race_prediction_engine.py
FileNotFoundError: c:\keiba_ai\keiba_ai_ver3.0\data\prediction\models\09_hanshin\dirt2970_lambdarank_model_v5prime_no26.txt
src.logic.prediction.race_prediction_engine:c:\keiba_ai\keiba_ai_ver3.0\src\logic\prediction\race_prediction_engine.py
FileNotFoundError: c:\keiba_ai\keiba_ai_ver3.0\data\prediction\models\09_hanshin\dirt2970_lambdarank_model_v6hit_extreme_no26.txt
src.logic.prediction.race_prediction_engine:c:\keiba_ai\keiba_ai_ver3.0\src\logic\prediction\race_prediction_engine.py
FileNotFoundError: c:\keiba_ai\keiba_ai_ver3.0\data\prediction\models\09_hanshin\dirt3110_lambdarank_model_v5prime_no26.txt
src.logic.prediction.race_prediction_engine:c:\keiba_ai\keiba_ai_ver3.0\src\logic\prediction\race_prediction_engine.py
FileNotFoundError: c:\keiba_ai\keiba_ai_ver3.0\data\prediction\models\09_hanshin\dirt3110_lambdarank_model_v6hit_extreme_no26.txt
src.logic.prediction.race_prediction_engine:c:\keiba_ai\keiba_ai_ver3.0\src\logic\prediction\race_prediction_engine.py
FileNotFoundError: c:\keiba_ai\keiba_ai_ver3.0\data\prediction\models\10_kokura\dirt3390_lambdarank_model_v5prime_no26.txt
src.logic.prediction.race_prediction_engine:c:\keiba_ai\keiba_ai_ver3.0\src\logic\prediction\race_prediction_engine.py
FileNotFoundError: c:\keiba_ai\keiba_ai_ver3.0\data\prediction\models\10_kokura\dirt3390_lambdarank_model_v6hit_extreme_no26.txt
src.logic.prediction.race_prediction_engine:c:\keiba_ai\keiba_ai_ver3.0\src\logic\prediction\race_prediction_engine.py
FileNotFoundError: c:\keiba_ai\keiba_ai_ver3.0\data\prediction\models\10_kokura\dirt2860_lambdarank_model_v5prime_no26.txt
src.logic.prediction.race_prediction_engine:c:\keiba_ai\keiba_ai_ver3.0\src\logic\prediction\race_prediction_engine.py
FileNotFoundError: c:\keiba_ai\keiba_ai_ver3.0\data\prediction\models\10_kokura\dirt2860_lambdarank_model_v6hit_extreme_no26.txt
src.logic.prediction.race_prediction_engine:c:\keiba_ai\keiba_ai_ver3.0\src\logic\prediction\race_prediction_engine.py
FileNotFoundError: c:\keiba_ai\keiba_ai_ver3.0\data\prediction\models\10_kokura\dirt2860_lambdarank_model_v5prime_no26.txt
src.logic.prediction.race_prediction_engine:c:\keiba_ai\keiba_ai_ver3.0\src\logic\prediction\race_prediction_engine.py
FileNotFoundError: c:\keiba_ai\keiba_ai_ver3.0\data\prediction\models\10_kokura\dirt2860_lambdarank_model_v6hit_extreme_no26.txt
src.logic.prediction.race_prediction_engine:c:\keiba_ai\keiba_ai_ver3.0\src\logic\prediction\race_prediction_engine.py
FileNotFoundError: c:\keiba_ai\keiba_ai_ver3.0\data\prediction\models\10_kokura\dirt2860_lambdarank_model_v5prime_no26.txt
src.logic.prediction.race_prediction_engine:c:\keiba_ai\keiba_ai_ver3.0\src\logic\prediction\race_prediction_engine.py
FileNotFoundError: c:\keiba_ai\keiba_ai_ver3.0\data\prediction\models\10_kokura\dirt2860_lambdarank_model_v6hit_extreme_no26.txt
src.logic.prediction.race_prediction_engine:c:\keiba_ai\keiba_ai_ver3.0\src\logic\prediction\race_prediction_engine.py
FileNotFoundError: c:\keiba_ai\keiba_ai_ver3.0\data\prediction\models\10_kokura\dirt2860_lambdarank_model_v5prime_no26.txt
src.logic.prediction.race_prediction_engine:c:\keiba_ai\keiba_ai_ver3.0\src\logic\prediction\race_prediction_engine.py
FileNotFoundError: c:\keiba_ai\keiba_ai_ver3.0\data\prediction\models\10_kokura\dirt2860_lambdarank_model_v6hit_extreme_no26.txt
src.logic.prediction.race_prediction_engine:c:\keiba_ai\keiba_ai_ver3.0\src\logic\prediction\race_prediction_engine.py
FileNotFoundError: c:\keiba_ai\keiba_ai_ver3.0\data\prediction\models\10_kokura\dirt2860_lambdarank_model_v5prime_no26.txt
src.logic.prediction.race_prediction_engine:c:\keiba_ai\keiba_ai_ver3.0\src\logic\prediction\race_prediction_engine.py
FileNotFoundError: c:\keiba_ai\keiba_ai_ver3.0\data\prediction\models\10_kokura\dirt2860_lambdarank_model_v6hit_extreme_no26.txt
src.logic.prediction.race_prediction_engine:c:\keiba_ai\keiba_ai_ver3.0\src\logic\prediction\race_prediction_engine.py
FileNotFoundError: c:\keiba_ai\keiba_ai_ver3.0\data\prediction\models\10_kokura\dirt2860_lambdarank_model_v5prime_no26.txt
src.logic.prediction.race_prediction_engine:c:\keiba_ai\keiba_ai_ver3.0\src\logic\prediction\race_prediction_engine.py
FileNotFoundError: c:\keiba_ai\keiba_ai_ver3.0\data\prediction\models\10_kokura\dirt2860_lambdarank_model_v6hit_extreme_no26.txt
src.logic.prediction.race_prediction_engine:c:\keiba_ai\keiba_ai_ver3.0\src\logic\prediction\race_prediction_engine.py
FileNotFoundError: c:\keiba_ai\keiba_ai_ver3.0\data\prediction\models\10_kokura\dirt2860_lambdarank_model_v5prime_no26.txt
src.logic.prediction.race_prediction_engine:c:\keiba_ai\keiba_ai_ver3.0\src\logic\prediction\race_prediction_engine.py
FileNotFoundError: c:\keiba_ai\keiba_ai_ver3.0\data\prediction\models\10_kokura\dirt2860_lambdarank_model_v6hit_extreme_no26.txt
  1600R収集済み (9846秒)
src.logic.prediction.race_prediction_engine:c:\keiba_ai\keiba_ai_ver3.0\src\logic\prediction\race_prediction_engine.py
FileNotFoundError: c:\keiba_ai\keiba_ai_ver3.0\data\prediction\models\10_kokura\dirt2860_lambdarank_model_v5prime_no26.txt
src.logic.prediction.race_prediction_engine:c:\keiba_ai\keiba_ai_ver3.0\src\logic\prediction\race_prediction_engine.py
FileNotFoundError: c:\keiba_ai\keiba_ai_ver3.0\data\prediction\models\10_kokura\dirt2860_lambdarank_model_v6hit_extreme_no26.txt
src.logic.prediction.race_prediction_engine:c:\keiba_ai\keiba_ai_ver3.0\src\logic\prediction\race_prediction_engine.py
FileNotFoundError: c:\keiba_ai\keiba_ai_ver3.0\data\prediction\models\10_kokura\dirt3390_lambdarank_model_v5prime_no26.txt
src.logic.prediction.race_prediction_engine:c:\keiba_ai\keiba_ai_ver3.0\src\logic\prediction\race_prediction_engine.py
FileNotFoundError: c:\keiba_ai\keiba_ai_ver3.0\data\prediction\models\10_kokura\dirt3390_lambdarank_model_v6hit_extreme_no26.txt
src.logic.prediction.race_prediction_engine:c:\keiba_ai\keiba_ai_ver3.0\src\logic\prediction\race_prediction_engine.py
FileNotFoundError: c:\keiba_ai\keiba_ai_ver3.0\data\prediction\models\10_kokura\dirt2860_lambdarank_model_v5prime_no26.txt
src.logic.prediction.race_prediction_engine:c:\keiba_ai\keiba_ai_ver3.0\src\logic\prediction\race_prediction_engine.py
FileNotFoundError: c:\keiba_ai\keiba_ai_ver3.0\data\prediction\models\10_kokura\dirt2860_lambdarank_model_v6hit_extreme_no26.txt
src.logic.prediction.race_prediction_engine:c:\keiba_ai\keiba_ai_ver3.0\src\logic\prediction\race_prediction_engine.py
FileNotFoundError: c:\keiba_ai\keiba_ai_ver3.0\data\prediction\models\10_kokura\dirt2860_lambdarank_model_v5prime_no26.txt
src.logic.prediction.race_prediction_engine:c:\keiba_ai\keiba_ai_ver3.0\src\logic\prediction\race_prediction_engine.py
FileNotFoundError: c:\keiba_ai\keiba_ai_ver3.0\data\prediction\models\10_kokura\dirt2860_lambdarank_model_v6hit_extreme_no26.txt
src.logic.prediction.race_prediction_engine:c:\keiba_ai\keiba_ai_ver3.0\src\logic\prediction\race_prediction_engine.py
FileNotFoundError: c:\keiba_ai\keiba_ai_ver3.0\data\prediction\models\10_kokura\dirt3390_lambdarank_model_v5prime_no26.txt
src.logic.prediction.race_prediction_engine:c:\keiba_ai\keiba_ai_ver3.0\src\logic\prediction\race_prediction_engine.py
FileNotFoundError: c:\keiba_ai\keiba_ai_ver3.0\data\prediction\models\10_kokura\dirt3390_lambdarank_model_v6hit_extreme_no26.txt
src.logic.prediction.race_prediction_engine:c:\keiba_ai\keiba_ai_ver3.0\src\logic\prediction\race_prediction_engine.py
FileNotFoundError: c:\keiba_ai\keiba_ai_ver3.0\data\prediction\models\10_kokura\dirt2860_lambdarank_model_v5prime_no26.txt
src.logic.prediction.race_prediction_engine:c:\keiba_ai\keiba_ai_ver3.0\src\logic\prediction\race_prediction_engine.py
FileNotFoundError: c:\keiba_ai\keiba_ai_ver3.0\data\prediction\models\10_kokura\dirt2860_lambdarank_model_v6hit_extreme_no26.txt
src.logic.prediction.race_prediction_engine:c:\keiba_ai\keiba_ai_ver3.0\src\logic\prediction\race_prediction_engine.py
FileNotFoundError: c:\keiba_ai\keiba_ai_ver3.0\data\prediction\models\10_kokura\dirt2860_lambdarank_model_v5prime_no26.txt
src.logic.prediction.race_prediction_engine:c:\keiba_ai\keiba_ai_ver3.0\src\logic\prediction\race_prediction_engine.py
FileNotFoundError: c:\keiba_ai\keiba_ai_ver3.0\data\prediction\models\10_kokura\dirt2860_lambdarank_model_v6hit_extreme_no26.txt
src.logic.prediction.race_prediction_engine:c:\keiba_ai\keiba_ai_ver3.0\src\logic\prediction\race_prediction_engine.py
FileNotFoundError: c:\keiba_ai\keiba_ai_ver3.0\data\prediction\models\10_kokura\dirt2860_lambdarank_model_v5prime_no26.txt
src.logic.prediction.race_prediction_engine:c:\keiba_ai\keiba_ai_ver3.0\src\logic\prediction\race_prediction_engine.py
FileNotFoundError: c:\keiba_ai\keiba_ai_ver3.0\data\prediction\models\10_kokura\dirt2860_lambdarank_model_v6hit_extreme_no26.txt
src.logic.prediction.race_prediction_engine:c:\keiba_ai\keiba_ai_ver3.0\src\logic\prediction\race_prediction_engine.py
FileNotFoundError: c:\keiba_ai\keiba_ai_ver3.0\data\prediction\models\10_kokura\dirt2860_lambdarank_model_v5prime_no26.txt
src.logic.prediction.race_prediction_engine:c:\keiba_ai\keiba_ai_ver3.0\src\logic\prediction\race_prediction_engine.py
FileNotFoundError: c:\keiba_ai\keiba_ai_ver3.0\data\prediction\models\10_kokura\dirt2860_lambdarank_model_v6hit_extreme_no26.txt
src.logic.prediction.race_prediction_engine:c:\keiba_ai\keiba_ai_ver3.0\src\logic\prediction\race_prediction_engine.py
FileNotFoundError: c:\keiba_ai\keiba_ai_ver3.0\data\prediction\models\10_kokura\dirt2860_lambdarank_model_v5prime_no26.txt
src.logic.prediction.race_prediction_engine:c:\keiba_ai\keiba_ai_ver3.0\src\logic\prediction\race_prediction_engine.py
FileNotFoundError: c:\keiba_ai\keiba_ai_ver3.0\data\prediction\models\10_kokura\dirt2860_lambdarank_model_v6hit_extreme_no26.txt
src.logic.prediction.race_prediction_engine:c:\keiba_ai\keiba_ai_ver3.0\src\logic\prediction\race_prediction_engine.py
FileNotFoundError: c:\keiba_ai\keiba_ai_ver3.0\data\prediction\models\10_kokura\dirt2860_lambdarank_model_v5prime_no26.txt
src.logic.prediction.race_prediction_engine:c:\keiba_ai\keiba_ai_ver3.0\src\logic\prediction\race_prediction_engine.py
FileNotFoundError: c:\keiba_ai\keiba_ai_ver3.0\data\prediction\models\10_kokura\dirt2860_lambdarank_model_v6hit_extreme_no26.txt

収集完了: 1707R (10345秒), スキップ:165R
キャッシュ保存: c:\keiba_ai\keiba_ai_ver3.0\logs\race_records_no26_2026.pkl

===================================================================================================================
EV閾値スイープ  α=0.3固定
EV = softmax(blended)[本命] × 本命の単勝オッズ  (EV>1.0 が理論上プラス期待値)
===================================================================================================================
    EV閾値      件数       単勝的中率      単勝回収率       複勝的中率      複勝回収率       3連複的中率      3連複回収率
-------------------------------------------------------------------------------------------------------------------
    全件(なし)    1707件       13.2%      86.8%       37.3%      81.2%        14.8%      106.3%
       0.5    1196件        6.5%      93.7%       25.1%      82.0%        11.6%      110.9%
       0.6    1089件        5.5%      94.2%       22.7%      81.7%        10.4%      108.6%
       0.7    1016件        5.2%      96.8%       21.5%      82.9%         9.8%      113.7%
       0.8     959件        4.8%      98.1%       19.8%      82.0%         8.7%      110.8%
       0.9     883件        4.0%      97.2%       18.1%      82.1%         7.9%       80.2%
       1.0     832件        3.4%      94.9%       16.7%      80.9%         7.2%       79.5%
       1.1     804件        3.1%      94.9%       15.5%      79.5%         7.1%       81.7%
       1.2     768件        2.7%      93.5%       14.7%      79.4%         6.9%       83.6%
       1.3     734件        2.6%      94.2%       13.8%      77.8%         6.1%       80.3%
       1.4     708件        2.3%      92.8%       12.7%      76.4%         6.1%       83.0%
       1.5     688件        2.3%      95.5%       12.4%      76.1%         6.1%       85.3%
       1.6     660件        2.0%      93.2%       11.4%      73.9%         5.3%       72.2%
       1.7     640件        2.0%      96.1%       11.2%      75.0%         5.2%       71.8%
       1.8     622件        1.9%      96.9%       11.1%      75.7%         5.1%       73.7%
       1.9     605件        1.5%      91.7%       10.4%      73.3%         5.1%       74.5%
       2.0     584件        1.4%      91.5%        9.9%      73.3%         4.5%       74.3%
       2.1     576件        1.4%      92.7%        9.7%      72.4%         4.5%       75.4%
       2.2     561件        1.2%      91.0%        9.3%      71.1%         4.5%       77.3%
       2.3     550件        1.3%      92.8%        9.1%      71.5%         4.5%       78.8%
       2.4     535件        1.1%      90.2%        8.8%      70.8%         4.3%       80.5%
       2.5     527件        1.1%      91.6%        8.2%      69.8%         3.6%       80.1%
       2.6     514件        0.8%      86.3%        7.4%      65.4%         3.7%       82.1%
       2.7     507件        0.8%      87.5%        7.3%      65.8%         3.7%       83.2%
       2.8     496件        0.8%      89.4%        7.1%      64.2%         3.4%       53.9%
       2.9     486件        0.8%      91.3%        7.2%      65.6%         3.3%       51.1%
       3.0     480件        0.8%      92.4%        7.3%      66.4%         3.3%       51.8%
===================================================================================================================
