全 horse_peds キャッシュから horse_id を収集中...
対象: 44033頭
取得対象: 13125頭 / 全44033頭
src.logic.scraping.common:C:\keiba_ai\keiba_ai_ver3.0\src\logic\scraping\common.py
ReadTimeout: HTTPSConnectionPool(host='db.netkeiba.com', port=443): Read timed out. (read timeout=15)
src.logic.scraping.common:C:\keiba_ai\keiba_ai_ver3.0\src\logic\scraping\common.py
ReadTimeout: HTTPSConnectionPool(host='db.netkeiba.com', port=443): Read timed out. (read timeout=15)
src.logic.scraping.common:C:\keiba_ai\keiba_ai_ver3.0\src\logic\scraping\common.py
ReadTimeout: HTTPSConnectionPool(host='db.netkeiba.com', port=443): Read timed out. (read timeout=15)
src.logic.scraping.common:C:\keiba_ai\keiba_ai_ver3.0\src\logic\scraping\common.py
ConnectionError: HTTPSConnectionPool(host='db.netkeiba.com', port=443): Read timed out.
src.logic.scraping.common:C:\keiba_ai\keiba_ai_ver3.0\src\logic\scraping\common.py
ReadTimeout: HTTPSConnectionPool(host='db.netkeiba.com', port=443): Read timed out. (read timeout=15)
src.logic.scraping.common:C:\keiba_ai\keiba_ai_ver3.0\src\logic\scraping\common.py
ConnectionError: HTTPSConnectionPool(host='db.netkeiba.com', port=443): Read timed out.
src.logic.scraping.common:C:\keiba_ai\keiba_ai_ver3.0\src\logic\scraping\common.py
ConnectionError: HTTPSConnectionPool(host='db.netkeiba.com', port=443): Read timed out.
src.logic.scraping.common:C:\keiba_ai\keiba_ai_ver3.0\src\logic\scraping\common.py
ConnectionError: HTTPSConnectionPool(host='db.netkeiba.com', port=443): Read timed out.
src.logic.scraping.common:C:\keiba_ai\keiba_ai_ver3.0\src\logic\scraping\common.py
ReadTimeout: HTTPSConnectionPool(host='db.netkeiba.com', port=443): Read timed out. (read timeout=15)
src.logic.scraping.common:C:\keiba_ai\keiba_ai_ver3.0\src\logic\scraping\common.py
ReadTimeout: HTTPSConnectionPool(host='db.netkeiba.com', port=443): Read timed out. (read timeout=15)
src.logic.scraping.common:C:\keiba_ai\keiba_ai_ver3.0\src\logic\scraping\common.py
ReadTimeout: HTTPSConnectionPool(host='db.netkeiba.com', port=443): Read timed out. (read timeout=15)
src.logic.scraping.common:C:\keiba_ai\keiba_ai_ver3.0\src\logic\scraping\common.py
ConnectionError: HTTPSConnectionPool(host='db.netkeiba.com', port=443): Max retries exceeded with url: /horse/2021102620 (Caused by NameResolutionError("<urllib3.connection.HTTPSConnection object at 0x00000210C069A090>: Failed to resolve 'db.netkeiba.com' ([Errno 11001] getaddrinfo failed)"))
src.logic.scraping.common:C:\keiba_ai\keiba_ai_ver3.0\src\logic\scraping\common.py
ConnectionError: HTTPSConnectionPool(host='db.netkeiba.com', port=443): Read timed out.
src.logic.scraping.common:C:\keiba_ai\keiba_ai_ver3.0\src\logic\scraping\common.py
ReadTimeout: HTTPSConnectionPool(host='db.netkeiba.com', port=443): Read timed out. (read timeout=15)
src.logic.scraping.common:C:\keiba_ai\keiba_ai_ver3.0\src\logic\scraping\common.py
ConnectionError: HTTPSConnectionPool(host='db.netkeiba.com', port=443): Read timed out.
src.logic.scraping.common:C:\keiba_ai\keiba_ai_ver3.0\src\logic\scraping\common.py
ConnectionError: HTTPSConnectionPool(host='db.netkeiba.com', port=443): Read timed out.
src.logic.scraping.common:C:\keiba_ai\keiba_ai_ver3.0\src\logic\scraping\common.py
ReadTimeout: HTTPSConnectionPool(host='db.netkeiba.com', port=443): Read timed out. (read timeout=15)
src.logic.scraping.common:C:\keiba_ai\keiba_ai_ver3.0\src\logic\scraping\common.py
ReadTimeout: HTTPSConnectionPool(host='db.netkeiba.com', port=443): Read timed out. (read timeout=15)
src.logic.scraping.common:C:\keiba_ai\keiba_ai_ver3.0\src\logic\scraping\common.py
ReadTimeout: HTTPSConnectionPool(host='db.netkeiba.com', port=443): Read timed out. (read timeout=15)
src.logic.scraping.common:C:\keiba_ai\keiba_ai_ver3.0\src\logic\scraping\common.py
ReadTimeout: HTTPSConnectionPool(host='db.netkeiba.com', port=443): Read timed out. (read timeout=15)
src.logic.scraping.common:C:\keiba_ai\keiba_ai_ver3.0\src\logic\scraping\common.py
ReadTimeout: HTTPSConnectionPool(host='db.netkeiba.com', port=443): Read timed out. (read timeout=15)
src.logic.scraping.common:C:\keiba_ai\keiba_ai_ver3.0\src\logic\scraping\common.py
ReadTimeout: HTTPSConnectionPool(host='db.netkeiba.com', port=443): Read timed out. (read timeout=15)
src.logic.scraping.common:C:\keiba_ai\keiba_ai_ver3.0\src\logic\scraping\common.py
ConnectionError: HTTPSConnectionPool(host='db.netkeiba.com', port=443): Max retries exceeded with url: /horse/2021105177 (Caused by NameResolutionError("<urllib3.connection.HTTPSConnection object at 0x00000210C0638550>: Failed to resolve 'db.netkeiba.com' ([Errno 11001] getaddrinfo failed)"))
src.logic.scraping.common:C:\keiba_ai\keiba_ai_ver3.0\src\logic\scraping\common.py
ConnectionError: HTTPSConnectionPool(host='db.netkeiba.com', port=443): Max retries exceeded with url: /horse/2021105178 (Caused by NameResolutionError("<urllib3.connection.HTTPSConnection object at 0x00000210C0638BD0>: Failed to resolve 'db.netkeiba.com' ([Errno 11001] getaddrinfo failed)"))
src.logic.scraping.common:C:\keiba_ai\keiba_ai_ver3.0\src\logic\scraping\common.py
ConnectionError: HTTPSConnectionPool(host='db.netkeiba.com', port=443): Max retries exceeded with url: /horse/2021105180 (Caused by NameResolutionError("<urllib3.connection.HTTPSConnection object at 0x00000210C0C3F510>: Failed to resolve 'db.netkeiba.com' ([Errno 11001] getaddrinfo failed)"))
src.logic.scraping.common:C:\keiba_ai\keiba_ai_ver3.0\src\logic\scraping\common.py
ConnectionError: HTTPSConnectionPool(host='db.netkeiba.com', port=443): Max retries exceeded with url: /horse/2021105182 (Caused by NameResolutionError("<urllib3.connection.HTTPSConnection object at 0x00000210C0C3DB90>: Failed to resolve 'db.netkeiba.com' ([Errno 11001] getaddrinfo failed)"))
src.logic.scraping.common:C:\keiba_ai\keiba_ai_ver3.0\src\logic\scraping\common.py
ConnectionError: HTTPSConnectionPool(host='db.netkeiba.com', port=443): Max retries exceeded with url: /horse/2021105183 (Caused by NameResolutionError("<urllib3.connection.HTTPSConnection object at 0x00000210C0C3E090>: Failed to resolve 'db.netkeiba.com' ([Errno 11001] getaddrinfo failed)"))
src.logic.scraping.common:C:\keiba_ai\keiba_ai_ver3.0\src\logic\scraping\common.py
ConnectionError: HTTPSConnectionPool(host='db.netkeiba.com', port=443): Max retries exceeded with url: /horse/2021105186 (Caused by NameResolutionError("<urllib3.connection.HTTPSConnection object at 0x00000210C0C3F650>: Failed to resolve 'db.netkeiba.com' ([Errno 11001] getaddrinfo failed)"))
src.logic.scraping.common:C:\keiba_ai\keiba_ai_ver3.0\src\logic\scraping\common.py
ConnectionError: HTTPSConnectionPool(host='db.netkeiba.com', port=443): Max retries exceeded with url: /horse/2021105397 (Caused by NameResolutionError("<urllib3.connection.HTTPSConnection object at 0x00000210C0693DD0>: Failed to resolve 'db.netkeiba.com' ([Errno 11001] getaddrinfo failed)"))
src.logic.scraping.common:C:\keiba_ai\keiba_ai_ver3.0\src\logic\scraping\common.py
ConnectionError: HTTPSConnectionPool(host='db.netkeiba.com', port=443): Max retries exceeded with url: /horse/2021105553 (Caused by NameResolutionError("<urllib3.connection.HTTPSConnection object at 0x00000210C026A050>: Failed to resolve 'db.netkeiba.com' ([Errno 11001] getaddrinfo failed)"))
src.logic.scraping.common:C:\keiba_ai\keiba_ai_ver3.0\src\logic\scraping\common.py
ConnectionError: HTTPSConnectionPool(host='db.netkeiba.com', port=443): Max retries exceeded with url: /horse/2021105554 (Caused by NameResolutionError("<urllib3.connection.HTTPSConnection object at 0x00000210C0434A50>: Failed to resolve 'db.netkeiba.com' ([Errno 11001] getaddrinfo failed)"))
src.logic.scraping.common:C:\keiba_ai\keiba_ai_ver3.0\src\logic\scraping\common.py
ConnectionError: HTTPSConnectionPool(host='db.netkeiba.com', port=443): Max retries exceeded with url: /horse/2021105556 (Caused by NameResolutionError("<urllib3.connection.HTTPSConnection object at 0x00000210C0437190>: Failed to resolve 'db.netkeiba.com' ([Errno 11001] getaddrinfo failed)"))
src.logic.scraping.common:C:\keiba_ai\keiba_ai_ver3.0\src\logic\scraping\common.py
ConnectionError: HTTPSConnectionPool(host='db.netkeiba.com', port=443): Max retries exceeded with url: /horse/2021105557 (Caused by NameResolutionError("<urllib3.connection.HTTPSConnection object at 0x00000210C0B896D0>: Failed to resolve 'db.netkeiba.com' ([Errno 11001] getaddrinfo failed)"))
src.logic.scraping.common:C:\keiba_ai\keiba_ai_ver3.0\src\logic\scraping\common.py
ConnectionError: HTTPSConnectionPool(host='db.netkeiba.com', port=443): Max retries exceeded with url: /horse/2021105562 (Caused by NameResolutionError("<urllib3.connection.HTTPSConnection object at 0x00000210C0435DD0>: Failed to resolve 'db.netkeiba.com' ([Errno 11001] getaddrinfo failed)"))
src.logic.scraping.common:C:\keiba_ai\keiba_ai_ver3.0\src\logic\scraping\common.py
ConnectionError: HTTPSConnectionPool(host='db.netkeiba.com', port=443): Max retries exceeded with url: /horse/2021105566 (Caused by NameResolutionError("<urllib3.connection.HTTPSConnection object at 0x00000210C0269B50>: Failed to resolve 'db.netkeiba.com' ([Errno 11001] getaddrinfo failed)"))
src.logic.scraping.common:C:\keiba_ai\keiba_ai_ver3.0\src\logic\scraping\common.py
ConnectionError: HTTPSConnectionPool(host='db.netkeiba.com', port=443): Max retries exceeded with url: /horse/2021105571 (Caused by NameResolutionError("<urllib3.connection.HTTPSConnection object at 0x00000210C074D050>: Failed to resolve 'db.netkeiba.com' ([Errno 11001] getaddrinfo failed)"))
src.logic.scraping.common:C:\keiba_ai\keiba_ai_ver3.0\src\logic\scraping\common.py
ReadTimeout: HTTPSConnectionPool(host='db.netkeiba.com', port=443): Read timed out. (read timeout=15)
src.logic.scraping.common:C:\keiba_ai\keiba_ai_ver3.0\src\logic\scraping\common.py
ReadTimeout: HTTPSConnectionPool(host='db.netkeiba.com', port=443): Read timed out. (read timeout=15)
src.logic.scraping.common:C:\keiba_ai\keiba_ai_ver3.0\src\logic\scraping\common.py
SSLError: The operation did not complete (read) (_ssl.c:2580)
src.logic.scraping.common:C:\keiba_ai\keiba_ai_ver3.0\src\logic\scraping\common.py
ReadTimeout: HTTPSConnectionPool(host='db.netkeiba.com', port=443): Read timed out. (read timeout=15)
src.logic.scraping.common:C:\keiba_ai\keiba_ai_ver3.0\src\logic\scraping\common.py
ConnectionError: HTTPSConnectionPool(host='db.netkeiba.com', port=443): Read timed out.
src.logic.scraping.common:C:\keiba_ai\keiba_ai_ver3.0\src\logic\scraping\common.py
ConnectionError: HTTPSConnectionPool(host='db.netkeiba.com', port=443): Read timed out.
src.logic.scraping.common:C:\keiba_ai\keiba_ai_ver3.0\src\logic\scraping\common.py
ConnectionError: HTTPSConnectionPool(host='db.netkeiba.com', port=443): Read timed out.
src.logic.scraping.common:C:\keiba_ai\keiba_ai_ver3.0\src\logic\scraping\common.py
ReadTimeout: HTTPSConnectionPool(host='db.netkeiba.com', port=443): Read timed out. (read timeout=15)
src.logic.scraping.common:C:\keiba_ai\keiba_ai_ver3.0\src\logic\scraping\common.py
ReadTimeout: HTTPSConnectionPool(host='db.netkeiba.com', port=443): Read timed out. (read timeout=15)
src.logic.scraping.common:C:\keiba_ai\keiba_ai_ver3.0\src\logic\scraping\common.py
ReadTimeout: HTTPSConnectionPool(host='db.netkeiba.com', port=443): Read timed out. (read timeout=15)
src.logic.scraping.common:C:\keiba_ai\keiba_ai_ver3.0\src\logic\scraping\common.py
ConnectionError: HTTPSConnectionPool(host='db.netkeiba.com', port=443): Read timed out.
src.logic.scraping.common:C:\keiba_ai\keiba_ai_ver3.0\src\logic\scraping\common.py
ConnectionError: HTTPSConnectionPool(host='db.netkeiba.com', port=443): Read timed out.
src.logic.scraping.common:C:\keiba_ai\keiba_ai_ver3.0\src\logic\scraping\common.py
ConnectionError: HTTPSConnectionPool(host='db.netkeiba.com', port=443): Read timed out.
src.logic.scraping.common:C:\keiba_ai\keiba_ai_ver3.0\src\logic\scraping\common.py
ConnectionError: HTTPSConnectionPool(host='db.netkeiba.com', port=443): Read timed out.
src.logic.scraping.common:C:\keiba_ai\keiba_ai_ver3.0\src\logic\scraping\common.py
ReadTimeout: HTTPSConnectionPool(host='db.netkeiba.com', port=443): Read timed out. (read timeout=15)
src.logic.scraping.common:C:\keiba_ai\keiba_ai_ver3.0\src\logic\scraping\common.py
ReadTimeout: HTTPSConnectionPool(host='db.netkeiba.com', port=443): Read timed out. (read timeout=15)
src.logic.scraping.common:C:\keiba_ai\keiba_ai_ver3.0\src\logic\scraping\common.py
ReadTimeout: HTTPSConnectionPool(host='db.netkeiba.com', port=443): Read timed out. (read timeout=15)
完了: 成功13072頭 / 失敗53頭
