全 horse_peds キャッシュから horse_id を収集中...
対象: 43916頭
取得対象: 26264頭 / 全43916頭
src.logic.scraping.common:C:\keiba_ai\keiba_ai_ver3.0\src\logic\scraping\common.py
ReadTimeout: HTTPSConnectionPool(host='db.netkeiba.com', port=443): Read timed out. (read timeout=15)
src.logic.scraping.common:C:\keiba_ai\keiba_ai_ver3.0\src\logic\scraping\common.py
ConnectionError: HTTPSConnectionPool(host='db.netkeiba.com', port=443): Read timed out.
src.logic.scraping.common:C:\keiba_ai\keiba_ai_ver3.0\src\logic\scraping\common.py
ConnectionError: HTTPSConnectionPool(host='db.netkeiba.com', port=443): Read timed out.
src.logic.scraping.common:C:\keiba_ai\keiba_ai_ver3.0\src\logic\scraping\common.py
ReadTimeout: HTTPSConnectionPool(host='db.netkeiba.com', port=443): Read timed out. (read timeout=15)
src.logic.scraping.common:C:\keiba_ai\keiba_ai_ver3.0\src\logic\scraping\common.py
ReadTimeout: HTTPSConnectionPool(host='db.netkeiba.com', port=443): Read timed out. (read timeout=15)
src.logic.scraping.common:C:\keiba_ai\keiba_ai_ver3.0\src\logic\scraping\common.py
ReadTimeout: HTTPSConnectionPool(host='db.netkeiba.com', port=443): Read timed out. (read timeout=15)
src.logic.scraping.common:C:\keiba_ai\keiba_ai_ver3.0\src\logic\scraping\common.py
ReadTimeout: HTTPSConnectionPool(host='db.netkeiba.com', port=443): Read timed out. (read timeout=15)
src.logic.scraping.common:C:\keiba_ai\keiba_ai_ver3.0\src\logic\scraping\common.py
ReadTimeout: HTTPSConnectionPool(host='db.netkeiba.com', port=443): Read timed out. (read timeout=15)
src.logic.scraping.common:C:\keiba_ai\keiba_ai_ver3.0\src\logic\scraping\common.py
ReadTimeout: HTTPSConnectionPool(host='db.netkeiba.com', port=443): Read timed out. (read timeout=15)
src.logic.scraping.common:C:\keiba_ai\keiba_ai_ver3.0\src\logic\scraping\common.py
ReadTimeout: HTTPSConnectionPool(host='db.netkeiba.com', port=443): Read timed out. (read timeout=15)
src.logic.scraping.common:C:\keiba_ai\keiba_ai_ver3.0\src\logic\scraping\common.py
ReadTimeout: HTTPSConnectionPool(host='db.netkeiba.com', port=443): Read timed out. (read timeout=15)
src.logic.scraping.common:C:\keiba_ai\keiba_ai_ver3.0\src\logic\scraping\common.py
ReadTimeout: HTTPSConnectionPool(host='db.netkeiba.com', port=443): Read timed out. (read timeout=15)
src.logic.scraping.common:C:\keiba_ai\keiba_ai_ver3.0\src\logic\scraping\common.py
ConnectionError: HTTPSConnectionPool(host='db.netkeiba.com', port=443): Read timed out.
src.logic.scraping.common:C:\keiba_ai\keiba_ai_ver3.0\src\logic\scraping\common.py
ConnectionError: HTTPSConnectionPool(host='db.netkeiba.com', port=443): Read timed out.
src.logic.scraping.common:C:\keiba_ai\keiba_ai_ver3.0\src\logic\scraping\common.py
ReadTimeout: HTTPSConnectionPool(host='db.netkeiba.com', port=443): Read timed out. (read timeout=15)
src.logic.scraping.common:C:\keiba_ai\keiba_ai_ver3.0\src\logic\scraping\common.py
ReadTimeout: HTTPSConnectionPool(host='db.netkeiba.com', port=443): Read timed out. (read timeout=15)
src.logic.scraping.common:C:\keiba_ai\keiba_ai_ver3.0\src\logic\scraping\common.py
ReadTimeout: HTTPSConnectionPool(host='db.netkeiba.com', port=443): Read timed out. (read timeout=15)
src.logic.scraping.common:C:\keiba_ai\keiba_ai_ver3.0\src\logic\scraping\common.py
ReadTimeout: HTTPSConnectionPool(host='db.netkeiba.com', port=443): Read timed out. (read timeout=15)
src.logic.scraping.common:C:\keiba_ai\keiba_ai_ver3.0\src\logic\scraping\common.py
ConnectionError: HTTPSConnectionPool(host='db.netkeiba.com', port=443): Read timed out.
src.logic.scraping.common:C:\keiba_ai\keiba_ai_ver3.0\src\logic\scraping\common.py
ReadTimeout: HTTPSConnectionPool(host='db.netkeiba.com', port=443): Read timed out. (read timeout=15)
src.logic.scraping.common:C:\keiba_ai\keiba_ai_ver3.0\src\logic\scraping\common.py
ReadTimeout: HTTPSConnectionPool(host='db.netkeiba.com', port=443): Read timed out. (read timeout=15)
src.logic.scraping.common:C:\keiba_ai\keiba_ai_ver3.0\src\logic\scraping\common.py
ReadTimeout: HTTPSConnectionPool(host='db.netkeiba.com', port=443): Read timed out. (read timeout=15)
src.logic.scraping.common:C:\keiba_ai\keiba_ai_ver3.0\src\logic\scraping\common.py
ReadTimeout: HTTPSConnectionPool(host='db.netkeiba.com', port=443): Read timed out. (read timeout=15)
src.logic.scraping.common:C:\keiba_ai\keiba_ai_ver3.0\src\logic\scraping\common.py
ReadTimeout: HTTPSConnectionPool(host='db.netkeiba.com', port=443): Read timed out. (read timeout=15)
src.logic.scraping.common:C:\keiba_ai\keiba_ai_ver3.0\src\logic\scraping\common.py
ReadTimeout: HTTPSConnectionPool(host='db.netkeiba.com', port=443): Read timed out. (read timeout=15)
src.logic.scraping.common:C:\keiba_ai\keiba_ai_ver3.0\src\logic\scraping\common.py
ConnectionError: HTTPSConnectionPool(host='db.netkeiba.com', port=443): Max retries exceeded with url: /horse/2018105366 (Caused by NameResolutionError("<urllib3.connection.HTTPSConnection object at 0x000001850352C290>: Failed to resolve 'db.netkeiba.com' ([Errno 11001] getaddrinfo failed)"))
src.logic.scraping.common:C:\keiba_ai\keiba_ai_ver3.0\src\logic\scraping\common.py
ConnectionError: HTTPSConnectionPool(host='db.netkeiba.com', port=443): Read timed out.
src.logic.scraping.common:C:\keiba_ai\keiba_ai_ver3.0\src\logic\scraping\common.py
ConnectionError: HTTPSConnectionPool(host='db.netkeiba.com', port=443): Read timed out.
src.logic.scraping.common:C:\keiba_ai\keiba_ai_ver3.0\src\logic\scraping\common.py
ReadTimeout: HTTPSConnectionPool(host='db.netkeiba.com', port=443): Read timed out. (read timeout=15)
src.logic.scraping.common:C:\keiba_ai\keiba_ai_ver3.0\src\logic\scraping\common.py
ReadTimeout: HTTPSConnectionPool(host='db.netkeiba.com', port=443): Read timed out. (read timeout=15)
src.logic.scraping.common:C:\keiba_ai\keiba_ai_ver3.0\src\logic\scraping\common.py
ReadTimeout: HTTPSConnectionPool(host='db.netkeiba.com', port=443): Read timed out. (read timeout=15)
src.logic.scraping.common:C:\keiba_ai\keiba_ai_ver3.0\src\logic\scraping\common.py
ReadTimeout: HTTPSConnectionPool(host='db.netkeiba.com', port=443): Read timed out. (read timeout=15)
src.logic.scraping.common:C:\keiba_ai\keiba_ai_ver3.0\src\logic\scraping\common.py
ReadTimeout: HTTPSConnectionPool(host='db.netkeiba.com', port=443): Read timed out. (read timeout=15)
src.logic.scraping.common:C:\keiba_ai\keiba_ai_ver3.0\src\logic\scraping\common.py
ConnectionError: HTTPSConnectionPool(host='db.netkeiba.com', port=443): Max retries exceeded with url: /horse/2018105542 (Caused by NameResolutionError("<urllib3.connection.HTTPSConnection object at 0x00000185036A43D0>: Failed to resolve 'db.netkeiba.com' ([Errno 11001] getaddrinfo failed)"))
src.logic.scraping.common:C:\keiba_ai\keiba_ai_ver3.0\src\logic\scraping\common.py
ReadTimeout: HTTPSConnectionPool(host='db.netkeiba.com', port=443): Read timed out. (read timeout=15)
src.logic.scraping.common:C:\keiba_ai\keiba_ai_ver3.0\src\logic\scraping\common.py
ReadTimeout: HTTPSConnectionPool(host='db.netkeiba.com', port=443): Read timed out. (read timeout=15)
src.logic.scraping.common:C:\keiba_ai\keiba_ai_ver3.0\src\logic\scraping\common.py
ReadTimeout: HTTPSConnectionPool(host='db.netkeiba.com', port=443): Read timed out. (read timeout=15)
src.logic.scraping.common:C:\keiba_ai\keiba_ai_ver3.0\src\logic\scraping\common.py
ReadTimeout: HTTPSConnectionPool(host='db.netkeiba.com', port=443): Read timed out. (read timeout=15)
src.logic.scraping.common:C:\keiba_ai\keiba_ai_ver3.0\src\logic\scraping\common.py
ReadTimeout: HTTPSConnectionPool(host='db.netkeiba.com', port=443): Read timed out. (read timeout=15)
src.logic.scraping.common:C:\keiba_ai\keiba_ai_ver3.0\src\logic\scraping\common.py
ReadTimeout: HTTPSConnectionPool(host='db.netkeiba.com', port=443): Read timed out. (read timeout=15)
src.logic.scraping.common:C:\keiba_ai\keiba_ai_ver3.0\src\logic\scraping\common.py
ReadTimeout: HTTPSConnectionPool(host='db.netkeiba.com', port=443): Read timed out. (read timeout=15)
src.logic.scraping.common:C:\keiba_ai\keiba_ai_ver3.0\src\logic\scraping\common.py
ReadTimeout: HTTPSConnectionPool(host='db.netkeiba.com', port=443): Read timed out. (read timeout=15)
