============================================================
8月上旬 第2次復元
実行日: 2026-08-14
============================================================

============================================================
Step 1: 8/2 race_results + race_returns 補完（8/3基準）
============================================================
  place_id=1 race_results 更新中...
python : 
At line:1 char:336
+ ... keiba_ai_ver3.0"; python scripts/recover_august_part2.py 2>&1 | Tee-O ...
+                       ~~~~~~~~~~~~~~~~~~~~~~~~~~~~~~~~~~~~~~~~~~~
    + CategoryInfo          : NotSpecified: (:String) [], RemoteException
    + FullyQualifiedErrorId : NativeCommandError
 
  0%|          | 0/24 [00:00<?, ?it/s]
  4%|▍         | 1/24 [00:01<00:35,  1.56s/it]
  8%|▊         | 2/24 [00:02<00:27,  1.26s/it]
 12%|█▎        | 3/24 [00:03<00:21,  1.01s/it]
 17%|█▋        | 4/24 [00:04<00:19,  1.04it/s]
 21%|██        | 5/24 [00:05<00:19,  1.02s/it]
 25%|██▌       | 6/24 [00:06<00:18,  1.03s/it]
 29%|██▉       | 7/24 [00:07<00:16,  1.01it/s]
 33%|███▎      | 8/24 [00:08<00:14,  1.08it/s]
 38%|███▊      | 9/24 [00:09<00:14,  1.06it/s]
 42%|████▏     | 10/24 [00:10<00:13,  1.04it/s]
 46%|████▌     | 11/24 [00:10<00:11,  1.13it/s]
 50%|█████     | 12/24 [00:11<00:10,  1.14it/s]
 54%|█████▍    | 13/24 [00:12<00:10,  1.07it/s]
 58%|█████▊    | 14/24 [00:13<00:09,  1.00it/s]
 62%|██████▎   | 15/24 [00:14<00:09,  1.03s/it]
 67%|██████▋   | 16/24 [00:15<00:07,  1.01it/s]
 71%|███████   | 17/24 [00:16<00:06,  1.14it/s]
 75%|███████▌  | 18/24 [00:17<00:04,  1.27it/s]
 79%|███████▉  | 19/24 [00:17<00:04,  1.23it/s]
 83%|████████▎ | 20/24 [00:19<00:03,  1.09it/s]
 88%|████████▊ | 21/24 [00:20<00:03,  1.02s/it]
 92%|█████████▏| 22/24 [00:21<00:02,  1.03s/it]
 96%|█████████▌| 23/24 [00:22<00:00,  1.05it/s]
100%|██████████| 24/24 [00:23<00:00,  1.00s/it]
100%|██████████| 24/24 [00:23<00:00,  1.03it/s]
01_sapporo 2026 レース情報出力完了
2026 01_sapporo CompleteResultsSplit
  place_id=1 race_returns 更新中...

  0%|          | 0/24 [00:00<?, ?it/s]
  4%|▍         | 1/24 [00:00<00:19,  1.19it/s]
  8%|▊         | 2/24 [00:01<00:18,  1.20it/s]
 12%|█▎        | 3/24 [00:02<00:19,  1.06it/s]
 17%|█▋        | 4/24 [00:03<00:18,  1.10it/s]
 21%|██        | 5/24 [00:04<00:17,  1.09it/s]
 25%|██▌       | 6/24 [00:05<00:17,  1.04it/s]
 29%|██▉       | 7/24 [00:06<00:15,  1.12it/s]
 33%|███▎      | 8/24 [00:07<00:15,  1.05it/s]
 38%|███▊      | 9/24 [00:08<00:13,  1.09it/s]
 42%|████▏     | 10/24 [00:09<00:12,  1.13it/s]
 46%|████▌     | 11/24 [00:10<00:11,  1.10it/s]
 50%|█████     | 12/24 [00:10<00:10,  1.14it/s]
 54%|█████▍    | 13/24 [00:11<00:09,  1.16it/s]
 58%|█████▊    | 14/24 [00:12<00:09,  1.07it/s]
 62%|██████▎   | 15/24 [00:13<00:08,  1.09it/s]
 67%|██████▋   | 16/24 [00:14<00:06,  1.21it/s]
 71%|███████   | 17/24 [00:15<00:05,  1.18it/s]
 75%|███████▌  | 18/24 [00:16<00:05,  1.12it/s]
 79%|███████▉  | 19/24 [00:17<00:05,  1.01s/it]
 83%|████████▎ | 20/24 [00:18<00:04,  1.05s/it]
 88%|████████▊ | 21/24 [00:19<00:03,  1.01s/it]
 92%|█████████▏| 22/24 [00:20<00:02,  1.02s/it]
 96%|█████████▌| 23/24 [00:21<00:01,  1.03s/it]
100%|██████████| 24/24 [00:22<00:00,  1.03it/s]
100%|██████████| 24/24 [00:22<00:00,  1.07it/s]
  place_id=2 race_results 更新中...

0it [00:00, ?it/s]
0it [00:00, ?it/s]
02_hakodate 2026 レース情報出力完了
2026 02_hakodate CompleteResultsSplit
  place_id=2 race_returns 更新中...

0it [00:00, ?it/s]
0it [00:00, ?it/s]
  place_id=3 race_results 更新中...

0it [00:00, ?it/s]
0it [00:00, ?it/s]
03_fukushima 2026 レース情報出力完了
2026 03_fukushima CompleteResultsSplit
  place_id=3 race_returns 更新中...

0it [00:00, ?it/s]
0it [00:00, ?it/s]
  place_id=4 race_results 更新中...

  0%|          | 0/24 [00:00<?, ?it/s]
  4%|▍         | 1/24 [00:00<00:22,  1.03it/s]
  8%|▊         | 2/24 [00:01<00:20,  1.05it/s]
 12%|█▎        | 3/24 [00:03<00:21,  1.02s/it]
 17%|█▋        | 4/24 [00:04<00:21,  1.08s/it]
 21%|██        | 5/24 [00:05<00:20,  1.08s/it]
 25%|██▌       | 6/24 [00:06<00:19,  1.11s/it]
 29%|██▉       | 7/24 [00:07<00:19,  1.14s/it]
 33%|███▎      | 8/24 [00:08<00:16,  1.06s/it]
 38%|███▊      | 9/24 [00:09<00:15,  1.04s/it]
 42%|████▏     | 10/24 [00:10<00:14,  1.06s/it]
 46%|████▌     | 11/24 [00:11<00:14,  1.09s/it]
 50%|█████     | 12/24 [00:13<00:14,  1.18s/it]
 54%|█████▍    | 13/24 [00:14<00:13,  1.26s/it]
 58%|█████▊    | 14/24 [00:15<00:12,  1.28s/it]
 62%|██████▎   | 15/24 [00:16<00:10,  1.15s/it]
 67%|██████▋   | 16/24 [00:17<00:09,  1.15s/it]
 71%|███████   | 17/24 [00:18<00:07,  1.08s/it]
 75%|███████▌  | 18/24 [00:20<00:06,  1.13s/it]
 79%|███████▉  | 19/24 [00:20<00:05,  1.06s/it]
 83%|████████▎ | 20/24 [00:22<00:04,  1.07s/it]
 88%|████████▊ | 21/24 [00:23<00:03,  1.10s/it]
 92%|█████████▏| 22/24 [00:24<00:02,  1.10s/it]
 96%|█████████▌| 23/24 [00:25<00:01,  1.19s/it]
100%|██████████| 24/24 [00:27<00:00,  1.22s/it]
100%|██████████| 24/24 [00:27<00:00,  1.13s/it]
04_nigata 2026 レース情報出力完了
2026 04_nigata CompleteResultsSplit
  place_id=4 race_returns 更新中...

  0%|          | 0/24 [00:00<?, ?it/s]
  4%|▍         | 1/24 [00:00<00:16,  1.36it/s]
  8%|▊         | 2/24 [00:01<00:18,  1.21it/s]
 12%|█▎        | 3/24 [00:02<00:21,  1.03s/it]
 17%|█▋        | 4/24 [00:03<00:19,  1.00it/s]
 21%|██        | 5/24 [00:04<00:19,  1.05s/it]
 25%|██▌       | 6/24 [00:05<00:17,  1.01it/s]
 29%|██▉       | 7/24 [00:06<00:16,  1.01it/s]
 33%|███▎      | 8/24 [00:08<00:19,  1.21s/it]
 38%|███▊      | 9/24 [00:09<00:17,  1.17s/it]
 42%|████▏     | 10/24 [00:10<00:16,  1.21s/it]
 46%|████▌     | 11/24 [00:11<00:14,  1.11s/it]
 50%|█████     | 12/24 [00:12<00:12,  1.04s/it]
 54%|█████▍    | 13/24 [00:13<00:10,  1.04it/s]
 58%|█████▊    | 14/24 [00:14<00:09,  1.04it/s]
 62%|██████▎   | 15/24 [00:15<00:08,  1.08it/s]
 67%|██████▋   | 16/24 [00:16<00:09,  1.16s/it]
 71%|███████   | 17/24 [00:18<00:08,  1.26s/it]
 75%|███████▌  | 18/24 [00:19<00:07,  1.19s/it]
 79%|███████▉  | 19/24 [00:20<00:06,  1.26s/it]
 83%|████████▎ | 20/24 [00:21<00:04,  1.16s/it]
 88%|████████▊ | 21/24 [00:22<00:03,  1.01s/it]
 92%|█████████▏| 22/24 [00:23<00:01,  1.03it/s]
 96%|█████████▌| 23/24 [00:24<00:00,  1.05it/s]
100%|██████████| 24/24 [00:25<00:00,  1.01s/it]
100%|██████████| 24/24 [00:25<00:00,  1.06s/it]
  place_id=5 race_results 更新中...

0it [00:00, ?it/s]
0it [00:00, ?it/s]
05_tokyo 2026 レース情報出力完了
2026 05_tokyo CompleteResultsSplit
  place_id=5 race_returns 更新中...

0it [00:00, ?it/s]
0it [00:00, ?it/s]
  place_id=6 race_results 更新中...

0it [00:00, ?it/s]
0it [00:00, ?it/s]
06_nakayama 2026 レース情報出力完了
2026 06_nakayama CompleteResultsSplit
  place_id=6 race_returns 更新中...

0it [00:00, ?it/s]
0it [00:00, ?it/s]
  place_id=7 race_results 更新中...

  0%|          | 0/24 [00:00<?, ?it/s]
  4%|▍         | 1/24 [00:01<00:30,  1.32s/it]
  8%|▊         | 2/24 [00:02<00:27,  1.23s/it]
 12%|█▎        | 3/24 [00:03<00:25,  1.19s/it]
 17%|█▋        | 4/24 [00:04<00:20,  1.04s/it]
 21%|██        | 5/24 [00:05<00:17,  1.07it/s]
 25%|██▌       | 6/24 [00:06<00:17,  1.01it/s]
 29%|██▉       | 7/24 [00:07<00:17,  1.03s/it]
 33%|███▎      | 8/24 [00:08<00:16,  1.03s/it]
 38%|███▊      | 9/24 [00:09<00:14,  1.03it/s]
 42%|████▏     | 10/24 [00:10<00:13,  1.05it/s]
 46%|████▌     | 11/24 [00:11<00:12,  1.02it/s]
 50%|█████     | 12/24 [00:12<00:11,  1.05it/s]
 54%|█████▍    | 13/24 [00:13<00:10,  1.06it/s]
 58%|█████▊    | 14/24 [00:13<00:09,  1.06it/s]
 62%|██████▎   | 15/24 [00:14<00:08,  1.12it/s]
 67%|██████▋   | 16/24 [00:16<00:08,  1.01s/it]
 71%|███████   | 17/24 [00:17<00:07,  1.08s/it]
 75%|███████▌  | 18/24 [00:17<00:05,  1.07it/s]
 79%|███████▉  | 19/24 [00:18<00:04,  1.04it/s]
 83%|████████▎ | 20/24 [00:19<00:03,  1.03it/s]
 88%|████████▊ | 21/24 [00:20<00:02,  1.02it/s]
 92%|█████████▏| 22/24 [00:22<00:02,  1.04s/it]
 96%|█████████▌| 23/24 [00:22<00:00,  1.01it/s]
100%|██████████| 24/24 [00:24<00:00,  1.00s/it]
100%|██████████| 24/24 [00:24<00:00,  1.00s/it]
07_chukyo 2026 レース情報出力完了
2026 07_chukyo CompleteResultsSplit
  place_id=7 race_returns 更新中...

  0%|          | 0/24 [00:00<?, ?it/s]
  4%|▍         | 1/24 [00:01<00:32,  1.39s/it]
  8%|▊         | 2/24 [00:02<00:24,  1.13s/it]
 12%|█▎        | 3/24 [00:03<00:23,  1.10s/it]
 17%|█▋        | 4/24 [00:04<00:19,  1.02it/s]
 21%|██        | 5/24 [00:04<00:16,  1.15it/s]
 25%|██▌       | 6/24 [00:05<00:14,  1.22it/s]
 29%|██▉       | 7/24 [00:06<00:14,  1.16it/s]
 33%|███▎      | 8/24 [00:07<00:14,  1.14it/s]
 38%|███▊      | 9/24 [00:08<00:13,  1.13it/s]
 42%|████▏     | 10/24 [00:09<00:13,  1.08it/s]
 46%|████▌     | 11/24 [00:10<00:12,  1.06it/s]
 50%|█████     | 12/24 [00:11<00:11,  1.06it/s]
 54%|█████▍    | 13/24 [00:12<00:10,  1.05it/s]
 58%|█████▊    | 14/24 [00:13<00:09,  1.10it/s]
 62%|██████▎   | 15/24 [00:14<00:08,  1.08it/s]
 67%|██████▋   | 16/24 [00:14<00:07,  1.13it/s]
 71%|███████   | 17/24 [00:15<00:06,  1.08it/s]
 75%|███████▌  | 18/24 [00:16<00:05,  1.14it/s]
 79%|███████▉  | 19/24 [00:17<00:04,  1.11it/s]
 83%|████████▎ | 20/24 [00:18<00:03,  1.06it/s]
 88%|████████▊ | 21/24 [00:19<00:02,  1.05it/s]
 92%|█████████▏| 22/24 [00:20<00:01,  1.14it/s]
 96%|█████████▌| 23/24 [00:21<00:00,  1.20it/s]
100%|██████████| 24/24 [00:21<00:00,  1.28it/s]
100%|██████████| 24/24 [00:21<00:00,  1.11it/s]
  place_id=8 race_results 更新中...

0it [00:00, ?it/s]
0it [00:00, ?it/s]
08_kyoto 2026 レース情報出力完了
2026 08_kyoto CompleteResultsSplit
  place_id=8 race_returns 更新中...

0it [00:00, ?it/s]
0it [00:00, ?it/s]
  place_id=9 race_results 更新中...

0it [00:00, ?it/s]
0it [00:00, ?it/s]
09_hanshin 2026 レース情報出力完了
2026 09_hanshin CompleteResultsSplit
  place_id=9 race_returns 更新中...

0it [00:00, ?it/s]
0it [00:00, ?it/s]

0it [00:00, ?it/s]
0it [00:00, ?it/s]
  place_id=10 race_results 更新中...
10_kokura 2026 レース情報出力完了
2026 10_kokura CompleteResultsSplit
  place_id=10 race_returns 更新中...

0it [00:00, ?it/s]
0it [00:00, ?it/s]
[LightGBM] [Fatal] Could not open C:\keiba_ai\keiba_ai_ver3.0\data\prediction\models\07_chukyo\dirt3000_lambdarank_mode
l.txt
Step 1 完了

============================================================
Step 2: 8/8〜8/9 race_card 生成（time_id_list 作成 → make_html_prev_day）
============================================================
  2026-08-08: time_id_list 作成中...
    → 36レース分の time_id_list を保存
  2026-08-08: race_card スクレイピング + HTML 生成中...
警告: レース情報ファイルが存在しません: 20260807
警告: レース情報ファイルが存在しません: 20260806
警告: レース情報ファイルが存在しません: 20260805
警告: レース情報ファイルが存在しません: 20260804
警告: レース情報ファイルが存在しません: 20260803
  ✓ v3ブレンド予想 (race_id=202604020501)
vocab読み込み済み: 1738種類 (C:\keiba_ai\keiba_ai_ver3.0\data\prediction\models\pedigree_vocab_v5.json)
src.logic.prediction.race_prediction_engine:C:\keiba_ai\keiba_ai_ver3.0\src\logic\prediction\race_prediction_engine.py
FileNotFoundError: C:\keiba_ai\keiba_ai_ver3.0\data\prediction\models\04_nigata\turf1400_lambdarank_model_v7_no26.txt
  ✓ v3ブレンド予想 (race_id=202607020501)
src.logic.prediction.race_prediction_engine:C:\keiba_ai\keiba_ai_ver3.0\src\logic\prediction\race_prediction_engine.py
FileNotFoundError: C:\keiba_ai\keiba_ai_ver3.0\data\prediction\models\07_chukyo\turf1600_lambdarank_model_v7_no26.txt
  ✓ v3ブレンド予想 (race_id=202601010501)
src.logic.prediction.race_prediction_engine:C:\keiba_ai\keiba_ai_ver3.0\src\logic\prediction\race_prediction_engine.py
FileNotFoundError: C:\keiba_ai\keiba_ai_ver3.0\data\prediction\models\01_sapporo\dirt1700_lambdarank_model_v7_no26.txt
  ✓ v3ブレンド予想 (race_id=202604020502)
src.logic.prediction.race_prediction_engine:C:\keiba_ai\keiba_ai_ver3.0\src\logic\prediction\race_prediction_engine.py
FileNotFoundError: C:\keiba_ai\keiba_ai_ver3.0\data\prediction\models\04_nigata\dirt1200_lambdarank_model_v7_no26.txt
  ✓ v3ブレンド予想 (race_id=202607020502)
src.logic.prediction.race_prediction_engine:C:\keiba_ai\keiba_ai_ver3.0\src\logic\prediction\race_prediction_engine.py
FileNotFoundError: C:\keiba_ai\keiba_ai_ver3.0\data\prediction\models\07_chukyo\turf1400_lambdarank_model_v7_no26.txt
  ✓ v3ブレンド予想 (race_id=202601010502)
src.logic.prediction.race_prediction_engine:C:\keiba_ai\keiba_ai_ver3.0\src\logic\prediction\race_prediction_engine.py
FileNotFoundError: C:\keiba_ai\keiba_ai_ver3.0\data\prediction\models\01_sapporo\turf1500_lambdarank_model_v7_no26.txt
  ✓ v3ブレンド予想 (race_id=202604020503)
src.logic.prediction.race_prediction_engine:C:\keiba_ai\keiba_ai_ver3.0\src\logic\prediction\race_prediction_engine.py
FileNotFoundError: C:\keiba_ai\keiba_ai_ver3.0\data\prediction\models\04_nigata\turf1800_lambdarank_model_v7_no26.txt
  ✓ v3ブレンド予想 (race_id=202607020503)
src.logic.prediction.race_prediction_engine:C:\keiba_ai\keiba_ai_ver3.0\src\logic\prediction\race_prediction_engine.py
FileNotFoundError: C:\keiba_ai\keiba_ai_ver3.0\data\prediction\models\07_chukyo\dirt1400_lambdarank_model_v7_no26.txt
  ✓ v3ブレンド予想 (race_id=202601010503)
src.logic.prediction.race_prediction_engine:C:\keiba_ai\keiba_ai_ver3.0\src\logic\prediction\race_prediction_engine.py
FileNotFoundError: C:\keiba_ai\keiba_ai_ver3.0\data\prediction\models\01_sapporo\dirt1700_lambdarank_model_v7_no26.txt
  ✓ v3ブレンド予想 (race_id=202604020504)
src.logic.prediction.race_prediction_engine:C:\keiba_ai\keiba_ai_ver3.0\src\logic\prediction\race_prediction_engine.py
FileNotFoundError: C:\keiba_ai\keiba_ai_ver3.0\data\prediction\models\04_nigata\dirt1200_lambdarank_model_v7_no26.txt
  ✓ v3ブレンド予想 (race_id=202607020504)
src.logic.prediction.race_prediction_engine:C:\keiba_ai\keiba_ai_ver3.0\src\logic\prediction\race_prediction_engine.py
FileNotFoundError: C:\keiba_ai\keiba_ai_ver3.0\data\prediction\models\07_chukyo\dirt1900_lambdarank_model_v7_no26.txt
  ✓ v3ブレンド予想 (race_id=202601010504)
src.logic.prediction.race_prediction_engine:C:\keiba_ai\keiba_ai_ver3.0\src\logic\prediction\race_prediction_engine.py
FileNotFoundError: C:\keiba_ai\keiba_ai_ver3.0\data\prediction\models\01_sapporo\turf1500_lambdarank_model_v7_no26.txt
  ✓ v3ブレンド予想 (race_id=202604020505)
src.logic.prediction.race_prediction_engine:C:\keiba_ai\keiba_ai_ver3.0\src\logic\prediction\race_prediction_engine.py
FileNotFoundError: C:\keiba_ai\keiba_ai_ver3.0\data\prediction\models\04_nigata\dirt1800_lambdarank_model_v7_no26.txt
  ✓ v3ブレンド予想 (race_id=202607020505)
src.logic.prediction.race_prediction_engine:C:\keiba_ai\keiba_ai_ver3.0\src\logic\prediction\race_prediction_engine.py
FileNotFoundError: C:\keiba_ai\keiba_ai_ver3.0\data\prediction\models\07_chukyo\turf2000_lambdarank_model_v7_no26.txt
  ✓ v3ブレンド予想 (race_id=202601010505)
src.logic.prediction.race_prediction_engine:C:\keiba_ai\keiba_ai_ver3.0\src\logic\prediction\race_prediction_engine.py
FileNotFoundError: C:\keiba_ai\keiba_ai_ver3.0\data\prediction\models\01_sapporo\turf1800_lambdarank_model_v7_no26.txt
  ✓ v3ブレンド予想 (race_id=202601010506)
src.logic.prediction.race_prediction_engine:C:\keiba_ai\keiba_ai_ver3.0\src\logic\prediction\race_prediction_engine.py
FileNotFoundError: C:\keiba_ai\keiba_ai_ver3.0\data\prediction\models\01_sapporo\turf2000_lambdarank_model_v7_no26.txt
  ✓ v3ブレンド予想 (race_id=202601010507)
src.logic.prediction.race_prediction_engine:C:\keiba_ai\keiba_ai_ver3.0\src\logic\prediction\race_prediction_engine.py
FileNotFoundError: C:\keiba_ai\keiba_ai_ver3.0\data\prediction\models\01_sapporo\dirt1000_lambdarank_model_v7_no26.txt
  ✓ v3ブレンド予想 (race_id=202601010508)
src.logic.prediction.race_prediction_engine:C:\keiba_ai\keiba_ai_ver3.0\src\logic\prediction\race_prediction_engine.py
FileNotFoundError: C:\keiba_ai\keiba_ai_ver3.0\data\prediction\models\01_sapporo\turf1200_lambdarank_model_v7_no26.txt
  ✓ v3ブレンド予想 (race_id=202601010509)
src.logic.prediction.race_prediction_engine:C:\keiba_ai\keiba_ai_ver3.0\src\logic\prediction\race_prediction_engine.py
FileNotFoundError: C:\keiba_ai\keiba_ai_ver3.0\data\prediction\models\01_sapporo\dirt1700_lambdarank_model_v7_no26.txt
  ✓ v3ブレンド予想 (race_id=202601010510)
src.logic.prediction.race_prediction_engine:C:\keiba_ai\keiba_ai_ver3.0\src\logic\prediction\race_prediction_engine.py
FileNotFoundError: C:\keiba_ai\keiba_ai_ver3.0\data\prediction\models\01_sapporo\turf2000_lambdarank_model_v7_no26.txt
  ✓ v3ブレンド予想 (race_id=202604020506)
src.logic.prediction.race_prediction_engine:C:\keiba_ai\keiba_ai_ver3.0\src\logic\prediction\race_prediction_engine.py
FileNotFoundError: C:\keiba_ai\keiba_ai_ver3.0\data\prediction\models\04_nigata\turf1800_lambdarank_model_v7_no26.txt
  ✓ v3ブレンド予想 (race_id=202607020506)
src.logic.prediction.race_prediction_engine:C:\keiba_ai\keiba_ai_ver3.0\src\logic\prediction\race_prediction_engine.py
FileNotFoundError: C:\keiba_ai\keiba_ai_ver3.0\data\prediction\models\07_chukyo\turf1600_lambdarank_model_v7_no26.txt
  ✓ v3ブレンド予想 (race_id=202601010511)
src.logic.prediction.race_prediction_engine:C:\keiba_ai\keiba_ai_ver3.0\src\logic\prediction\race_prediction_engine.py
FileNotFoundError: C:\keiba_ai\keiba_ai_ver3.0\data\prediction\models\01_sapporo\dirt1700_lambdarank_model_v7_no26.txt
  ✓ v3ブレンド予想 (race_id=202604020507)
src.logic.prediction.race_prediction_engine:C:\keiba_ai\keiba_ai_ver3.0\src\logic\prediction\race_prediction_engine.py
FileNotFoundError: C:\keiba_ai\keiba_ai_ver3.0\data\prediction\models\04_nigata\turf1800_lambdarank_model_v7_no26.txt
  ✓ v3ブレンド予想 (race_id=202607020507)
src.logic.prediction.race_prediction_engine:C:\keiba_ai\keiba_ai_ver3.0\src\logic\prediction\race_prediction_engine.py
FileNotFoundError: C:\keiba_ai\keiba_ai_ver3.0\data\prediction\models\07_chukyo\dirt1800_lambdarank_model_v7_no26.txt
  ✓ v3ブレンド予想 (race_id=202601010512)
src.logic.prediction.race_prediction_engine:C:\keiba_ai\keiba_ai_ver3.0\src\logic\prediction\race_prediction_engine.py
FileNotFoundError: C:\keiba_ai\keiba_ai_ver3.0\data\prediction\models\01_sapporo\turf1500_lambdarank_model_v7_no26.txt
  ✓ v3ブレンド予想 (race_id=202604020508)
src.logic.prediction.race_prediction_engine:C:\keiba_ai\keiba_ai_ver3.0\src\logic\prediction\race_prediction_engine.py
FileNotFoundError: C:\keiba_ai\keiba_ai_ver3.0\data\prediction\models\04_nigata\turf1400_lambdarank_model_v7_no26.txt
  ✓ v3ブレンド予想 (race_id=202607020508)
src.logic.prediction.race_prediction_engine:C:\keiba_ai\keiba_ai_ver3.0\src\logic\prediction\race_prediction_engine.py
FileNotFoundError: C:\keiba_ai\keiba_ai_ver3.0\data\prediction\models\07_chukyo\dirt1800_lambdarank_model_v7_no26.txt
  ✓ v3ブレンド予想 (race_id=202604020509)
src.logic.prediction.race_prediction_engine:C:\keiba_ai\keiba_ai_ver3.0\src\logic\prediction\race_prediction_engine.py
FileNotFoundError: C:\keiba_ai\keiba_ai_ver3.0\data\prediction\models\04_nigata\dirt1800_lambdarank_model_v7_no26.txt
src.logic.prediction.race_prediction_engine:C:\keiba_ai\keiba_ai_ver3.0\src\logic\prediction\race_prediction_engine.py
LightGBMError: Could not open C:\keiba_ai\keiba_ai_ver3.0\data\prediction\models\07_chukyo\dirt3000_lambdarank_model.txt
src.logic.prediction.race_prediction_engine:C:\keiba_ai\keiba_ai_ver3.0\src\logic\prediction\race_prediction_engine.py
FileNotFoundError: C:\keiba_ai\keiba_ai_ver3.0\data\prediction\models\07_chukyo\dirt3000_lambdarank_model_v7_no26.txt
  ✓ v3ブレンド予想 (race_id=202604020510)
src.logic.prediction.race_prediction_engine:C:\keiba_ai\keiba_ai_ver3.0\src\logic\prediction\race_prediction_engine.py
FileNotFoundError: C:\keiba_ai\keiba_ai_ver3.0\data\prediction\models\04_nigata\turf1600_lambdarank_model_v7_no26.txt
  ✓ v3ブレンド予想 (race_id=202607020510)
src.logic.prediction.race_prediction_engine:C:\keiba_ai\keiba_ai_ver3.0\src\logic\prediction\race_prediction_engine.py
FileNotFoundError: C:\keiba_ai\keiba_ai_ver3.0\data\prediction\models\07_chukyo\dirt1200_lambdarank_model_v7_no26.txt
  ✓ v3ブレンド予想 (race_id=202604020511)
src.logic.prediction.race_prediction_engine:C:\keiba_ai\keiba_ai_ver3.0\src\logic\prediction\race_prediction_engine.py
FileNotFoundError: C:\keiba_ai\keiba_ai_ver3.0\data\prediction\models\04_nigata\turf1000_lambdarank_model_v7_no26.txt
  ✓ v3ブレンド予想 (race_id=202607020511)
src.logic.prediction.race_prediction_engine:C:\keiba_ai\keiba_ai_ver3.0\src\logic\prediction\race_prediction_engine.py
FileNotFoundError: C:\keiba_ai\keiba_ai_ver3.0\data\prediction\models\07_chukyo\turf1600_lambdarank_model_v7_no26.txt
  ✓ v3ブレンド予想 (race_id=202604020512)
src.logic.prediction.race_prediction_engine:C:\keiba_ai\keiba_ai_ver3.0\src\logic\prediction\race_prediction_engine.py
FileNotFoundError: C:\keiba_ai\keiba_ai_ver3.0\data\prediction\models\04_nigata\turf2000_lambdarank_model_v7_no26.txt
  ✓ v3ブレンド予想 (race_id=202607020512)
src.logic.prediction.race_prediction_engine:C:\keiba_ai\keiba_ai_ver3.0\src\logic\prediction\race_prediction_engine.py
FileNotFoundError: C:\keiba_ai\keiba_ai_ver3.0\data\prediction\models\07_chukyo\turf1400_lambdarank_model_v7_no26.txt
ℹ️ [スキップ/エラーではありません] 指定日に開催なし: 20260808 02_hakodate
ℹ️ [スキップ/エラーではありません] 指定日に開催なし: 20260808 03_fukushima
ℹ️ [スキップ/エラーではありません] 指定日に開催なし: 20260808 05_tokyo
ℹ️ [スキップ/エラーではありません] 指定日に開催なし: 20260808 06_nakayama
ℹ️ [スキップ/エラーではありません] 指定日に開催なし: 20260808 08_kyoto
ℹ️ [スキップ/エラーではありません] 指定日に開催なし: 20260808 09_hanshin
ℹ️ [スキップ/エラーではありません] 指定日に開催なし: 20260808 10_kokura
ℹ️ [スキップ/エラーではありません] 平均タイムの該当データなし（サンプル不足）: 函館 ダート 未勝利 1700 不
ℹ️ [スキップ/エラーではありません] 平均タイムの該当データなし（サンプル不足）: 函館 ダート 未勝利 1000 不
ℹ️ [スキップ/エラーではありません] 平均タイムの該当データなし（サンプル不足）: 東京 ダート 未勝利 1400 不
ℹ️ [スキップ/エラーではありません] 平均タイムの該当データなし（サンプル不足）: 東京 ダート 未勝利 1400 不
ℹ️ [スキップ/エラーではありません] 平均タイムの該当データなし（サンプル不足）: 東京 ダート 未勝利 1600 不
ℹ️ [スキップ/エラーではありません] 平均タイムの該当データなし（サンプル不足）: 小倉 ダート 未勝利 1700 不
ℹ️ [スキップ/エラーではありません] 平均タイムの該当データなし（サンプル不足）: 函館 ダート 未勝利 1700 不
ℹ️ [スキップ/エラーではありません] 平均タイムの該当データなし（サンプル不足）: 函館 ダート 未勝利 1700 不
ℹ️ [スキップ/エラーではありません] 平均タイムの該当データなし（サンプル不足）: 函館 ダート 未勝利 1700 不
ℹ️ [スキップ/エラーではありません] 平均タイムの該当データなし（サンプル不足）: 函館 ダート 未勝利 1700 不
ℹ️ [スキップ/エラーではありません] 平均タイムの該当データなし（サンプル不足）: 函館 ダート 1勝クラス 1000 不
ℹ️ [スキップ/エラーではありません] 平均タイムの該当データなし（サンプル不足）: 札幌 ダート 1勝クラス 1000 不
ℹ️ [スキップ/エラーではありません] 平均タイムの該当データなし（サンプル不足）: 函館 ダート 1勝クラス 1000 不
ℹ️ [スキップ/エラーではありません] 平均タイムの該当データなし（サンプル不足）: 函館 ダート 未勝利 1000 不
ℹ️ [スキップ/エラーではありません] 平均タイムの該当データなし（サンプル不足）: 小倉 ダート 未勝利 1000 不
ℹ️ [スキップ/エラーではありません] 平均タイムの該当データなし（サンプル不足）: 函館 ダート 1勝クラス 1700 不
ℹ️ [スキップ/エラーではありません] 平均タイムの該当データなし（サンプル不足）: 函館 ダート 1勝クラス 1700 不
ℹ️ [スキップ/エラーではありません] 平均タイムの該当データなし（サンプル不足）: 小倉 ダート 未勝利 1700 不
ℹ️ [スキップ/エラーではありません] 平均タイムの該当データなし（サンプル不足）: 函館 ダート 1勝クラス 1700 不
ℹ️ [スキップ/エラーではありません] 平均タイムの該当データなし（サンプル不足）: 函館 ダート 1勝クラス 1700 不
ℹ️ [スキップ/エラーではありません] 平均タイムの該当データなし（サンプル不足）: 函館 ダート 1勝クラス 1700 不
ℹ️ [スキップ/エラーではありません] 平均タイムの該当データなし（サンプル不足）: 函館 ダート 未勝利 1700 不
ℹ️ [スキップ/エラーではありません] 平均タイムの該当データなし（サンプル不足）: 東京 ダート オープン 2100 不
ℹ️ [スキップ/エラーではありません] 平均タイムの該当データなし（サンプル不足）: 札幌 ダート オープン 1700 重
ℹ️ [スキップ/エラーではありません] 平均タイムの該当データなし（サンプル不足）: 東京 ダート オープン 1600 不
ℹ️ [スキップ/エラーではありません] 平均タイムの該当データなし（サンプル不足）: 京都 ダート オープン 1800 不
ℹ️ [スキップ/エラーではありません] 平均タイムの該当データなし（サンプル不足）: 中山 ダート 未勝利 1200 不
ℹ️ [スキップ/エラーではありません] 平均タイムの該当データなし（サンプル不足）: 東京 ダート 未勝利 1400 不
ℹ️ [スキップ/エラーではありません] 平均タイムの該当データなし（サンプル不足）: 新潟 ダート 未勝利 1200 不
ℹ️ [スキップ/エラーではありません] 平均タイムの該当データなし（サンプル不足）: 新潟 ダート 未勝利 1200 不
ℹ️ [スキップ/エラーではありません] 平均タイムの該当データなし（サンプル不足）: 函館 ダート 未勝利 1700 不
ℹ️ [スキップ/エラーではありません] 平均タイムの該当データなし（サンプル不足）: 東京 ダート 未勝利 1600 不
ℹ️ [スキップ/エラーではありません] 平均タイムの該当データなし（サンプル不足）: 東京 ダート 未勝利 1400 不
ℹ️ [スキップ/エラーではありません] 平均タイムの該当データなし（サンプル不足）: 新潟 ダート 未勝利 1200 不
ℹ️ [スキップ/エラーではありません] 平均タイムの該当データなし（サンプル不足）: 新潟 ダート 未勝利 1200 不
ℹ️ [スキップ/エラーではありません] 平均タイムの該当データなし（サンプル不足）: 新潟 芝 未勝利 2000 不
ℹ️ [スキップ/エラーではありません] 平均タイムの該当データなし（サンプル不足）: 東京 ダート 未勝利 2100 不
ℹ️ [スキップ/エラーではありません] 平均タイムの該当データなし（サンプル不足）: 東京 ダート 未勝利 1600 不
ℹ️ [スキップ/エラーではありません] 平均タイムの該当データなし（サンプル不足）: 新潟 ダート 未勝利 1800 不
ℹ️ [スキップ/エラーではありません] 平均タイムの該当データなし（サンプル不足）: 新潟 ダート 未勝利 1800 不
ℹ️ [スキップ/エラーではありません] 平均タイムの該当データなし（サンプル不足）: 東京 ダート 未勝利 1600 不
ℹ️ [スキップ/エラーではありません] 平均タイムの該当データなし（サンプル不足）: 東京 ダート 未勝利 2100 不
ℹ️ [スキップ/エラーではありません] 平均タイムの該当データなし（サンプル不足）: 新潟 芝 オープン 1800 稍重
ℹ️ [スキップ/エラーではありません] 平均タイムの該当データなし（サンプル不足）: 中山 ダート 未勝利 1800 不
ℹ️ [スキップ/エラーではありません] 平均タイムの該当データなし（サンプル不足）: 東京 ダート 1勝クラス 1600 不
ℹ️ [スキップ/エラーではありません] 平均タイムの該当データなし（サンプル不足）: 中山 ダート 未勝利 1800 不
ℹ️ [スキップ/エラーではありません] 平均タイムの該当データなし（サンプル不足）: 新潟 芝 未勝利 2000 不
ℹ️ [スキップ/エラーではありません] 平均タイムの該当データなし（サンプル不足）: 新潟 芝 1勝クラス 1000 不
ℹ️ [スキップ/エラーではありません] 平均タイムの該当データなし（サンプル不足）: 新潟 芝 1勝クラス 1000 不
ℹ️ [スキップ/エラーではありません] 平均タイムの該当データなし（サンプル不足）: 新潟 ダート 未勝利 1800 不
ℹ️ [スキップ/エラーではありません] 平均タイムの該当データなし（サンプル不足）: 新潟 芝 未勝利 2000 不
ℹ️ [スキップ/エラーではありません] 平均タイムの該当データなし（サンプル不足）: 新潟 芝 未勝利 2000 不
ℹ️ [スキップ/エラーではありません] 平均タイムの該当データなし（サンプル不足）: 東京 ダート 未勝利 1600 不
ℹ️ [スキップ/エラーではありません] 平均タイムの該当データなし（サンプル不足）: 新潟 ダート 未勝利 1200 不
ℹ️ [スキップ/エラーではありません] 平均タイムの該当データなし（サンプル不足）: 小倉 ダート 未勝利 1700 不
ℹ️ [スキップ/エラーではありません] 平均タイムの該当データなし（サンプル不足）: 新潟 障害 オープン 3290 稍重
ℹ️ [スキップ/エラーではありません] 平均タイムの該当データなし（サンプル不足）: 京都 障害 オープン 3170 良
ℹ️ [スキップ/エラーではありません] 平均タイムの該当データなし（サンプル不足）: 阪神 障害 未勝利 2970 良
ℹ️ [スキップ/エラーではありません] 平均タイムの該当データなし（サンプル不足）: 小倉 障害 未勝利 2860 良
ℹ️ [スキップ/エラーではありません] 平均タイムの該当データなし（サンプル不足）: 新潟 障害 未勝利 2890 重
ℹ️ [スキップ/エラーではありません] 平均タイムの該当データなし（サンプル不足）: 阪神 障害 未勝利 2970 良
ℹ️ [スキップ/エラーではありません] 平均タイムの該当データなし（サンプル不足）: 小倉 障害 未勝利 2860 良
ℹ️ [スキップ/エラーではありません] 平均タイムの該当データなし（サンプル不足）: 京都 障害 未勝利 2910 良
ℹ️ [スキップ/エラーではありません] 平均タイムの該当データなし（サンプル不足）: 福島 障害 未勝利 2770 稍重
ℹ️ [スキップ/エラーではありません] 平均タイムの該当データなし（サンプル不足）: 福島 障害 未勝利 2750 良
ℹ️ [スキップ/エラーではありません] 平均タイムの該当データなし（サンプル不足）: 新潟 障害 未勝利 2890 良
ℹ️ [スキップ/エラーではありません] 平均タイムの該当データなし（サンプル不足）: 小倉 障害 未勝利 2860 良
ℹ️ [スキップ/エラーではありません] 平均タイムの該当データなし（サンプル不足）: 小倉 障害 未勝利 2860 稍重
ℹ️ [スキップ/エラーではありません] 平均タイムの該当データなし（サンプル不足）: 福島 障害 オープン 2750 稍重
ℹ️ [スキップ/エラーではありません] 平均タイムの該当データなし（サンプル不足）: 京都 障害 オープン 3170 良
ℹ️ [スキップ/エラーではありません] 平均タイムの該当データなし（サンプル不足）: 阪神 障害 オープン 3900 良
ℹ️ [スキップ/エラーではありません] 平均タイムの該当データなし（サンプル不足）: 中山 障害 オープン 3570 良
ℹ️ [スキップ/エラーではありません] 平均タイムの該当データなし（サンプル不足）: 中京 障害 オープン 3300 良
ℹ️ [スキップ/エラーではありません] 平均タイムの該当データなし（サンプル不足）: 福島 障害 オープン 3380 良
ℹ️ [スキップ/エラーではありません] 平均タイムの該当データなし（サンプル不足）: 阪神 障害 オープン 3140 良
ℹ️ [スキップ/エラーではありません] 平均タイムの該当データなし（サンプル不足）: 中山 障害 オープン 3200 重
ℹ️ [スキップ/エラーではありません] 平均タイムの該当データなし（サンプル不足）: 中山 障害 オープン 3200 良
ℹ️ [スキップ/エラーではありません] 平均タイムの該当データなし（サンプル不足）: 中京 障害 オープン 3330 良
ℹ️ [スキップ/エラーではありません] 平均タイムの該当データなし（サンプル不足）: 京都 障害 オープン 3170 良
[LightGBM] [Fatal] Could not open C:\keiba_ai\keiba_ai_ver3.0\data\prediction\models\07_chukyo\dirt3000_lambdarank_mode
l.txt
ℹ️ [スキップ/エラーではありません] 平均タイムの該当データなし（サンプル不足）: 新潟 障害 オープン 2890 重
ℹ️ [スキップ/エラーではありません] 平均タイムの該当データなし（サンプル不足）: 小倉 障害 未勝利 2860 良
ℹ️ [スキップ/エラーではありません] 平均タイムの該当データなし（サンプル不足）: 小倉 障害 未勝利 2860 良
ℹ️ [スキップ/エラーではありません] 平均タイムの該当データなし（サンプル不足）: 福島 障害 未勝利 2750 良
ℹ️ [スキップ/エラーではありません] 平均タイムの該当データなし（サンプル不足）: 新潟 障害 オープン 2890 稍重
ℹ️ [スキップ/エラーではありません] 平均タイムの該当データなし（サンプル不足）: 東京 障害 オープン 3110 良
ℹ️ [スキップ/エラーではありません] 平均タイムの該当データなし（サンプル不足）: 東京 障害 オープン 3100 良
ℹ️ [スキップ/エラーではありません] 平均タイムの該当データなし（サンプル不足）: 京都 障害 オープン 3170 良
ℹ️ [スキップ/エラーではありません] 平均タイムの該当データなし（サンプル不足）: 新潟 障害 オープン 2890 稍重
ℹ️ [スキップ/エラーではありません] 平均タイムの該当データなし（サンプル不足）: 福島 障害 未勝利 2750 良
ℹ️ [スキップ/エラーではありません] 平均タイムの該当データなし（サンプル不足）: 新潟 障害 未勝利 2890 良
ℹ️ [スキップ/エラーではありません] 平均タイムの該当データなし（サンプル不足）: 阪神 障害 未勝利 2970 良
ℹ️ [スキップ/エラーではありません] 平均タイムの該当データなし（サンプル不足）: 中山 障害 未勝利 2880 良
ℹ️ [スキップ/エラーではありません] 平均タイムの該当データなし（サンプル不足）: 新潟 障害 オープン 3290 稍重
ℹ️ [スキップ/エラーではありません] 平均タイムの該当データなし（サンプル不足）: 新潟 障害 未勝利 2890 重
ℹ️ [スキップ/エラーではありません] 平均タイムの該当データなし（サンプル不足）: 中山 障害 未勝利 2880 良
ℹ️ [スキップ/エラーではありません] 平均タイムの該当データなし（サンプル不足）: 新潟 障害 未勝利 2890 良
ℹ️ [スキップ/エラーではありません] 平均タイムの該当データなし（サンプル不足）: 中山 障害 未勝利 2880 良
ℹ️ [スキップ/エラーではありません] 平均タイムの該当データなし（サンプル不足）: 中山 障害 未勝利 2880 良
ℹ️ [スキップ/エラーではありません] 平均タイムの該当データなし（サンプル不足）: 東京 障害 オープン 3110 稍重
ℹ️ [スキップ/エラーではありません] 平均タイムの該当データなし（サンプル不足）: 新潟 障害 オープン 3290 稍重
ℹ️ [スキップ/エラーではありません] 平均タイムの該当データなし（サンプル不足）: 阪神 障害 オープン 3900 良
ℹ️ [スキップ/エラーではありません] 平均タイムの該当データなし（サンプル不足）: 小倉 障害 オープン 3390 良
ℹ️ [スキップ/エラーではありません] 平均タイムの該当データなし（サンプル不足）: 阪神 障害 オープン 3110 良
ℹ️ [スキップ/エラーではありません] 平均タイムの該当データなし（サンプル不足）: 福島 障害 オープン 3380 良
ℹ️ [スキップ/エラーではありません] 平均タイムの該当データなし（サンプル不足）: 中山 障害 オープン 3200 稍重
ℹ️ [スキップ/エラーではありません] 平均タイムの該当データなし（サンプル不足）: 小倉 障害 オープン 3390 良
ℹ️ [スキップ/エラーではありません] 平均タイムの該当データなし（サンプル不足）: 小倉 障害 オープン 2860 良
ℹ️ [スキップ/エラーではありません] 平均タイムの該当データなし（サンプル不足）: 中山 障害 未勝利 2880 良
ℹ️ [スキップ/エラーではありません] 平均タイムの該当データなし（サンプル不足）: 小倉 ダート 未勝利 1000 不
ℹ️ [スキップ/エラーではありません] 平均タイムの該当データなし（サンプル不足）: 小倉 ダート 未勝利 1700 不
ℹ️ [スキップ/エラーではありません] 平均タイムの該当データなし（サンプル不足）: 小倉 ダート 未勝利 1700 不
ℹ️ [スキップ/エラーではありません] 平均タイムの該当データなし（サンプル不足）: 阪神 ダート 未勝利 1400 不
ℹ️ [スキップ/エラーではありません] 平均タイムの該当データなし（サンプル不足）: 阪神 ダート 未勝利 1400 不
    完了: 2026-08-08
  2026-08-09: time_id_list 作成中...
    → 36レース分の time_id_list を保存
  2026-08-09: race_card スクレイピング + HTML 生成中...
警告: レース情報ファイルが存在しません: 20260807
警告: レース情報ファイルが存在しません: 20260806
警告: レース情報ファイルが存在しません: 20260805
警告: レース情報ファイルが存在しません: 20260804
警告: レース情報ファイルが存在しません: 20260803
  ✓ v3ブレンド予想 (race_id=202604020601)
src.logic.prediction.race_prediction_engine:C:\keiba_ai\keiba_ai_ver3.0\src\logic\prediction\race_prediction_engine.py
FileNotFoundError: C:\keiba_ai\keiba_ai_ver3.0\data\prediction\models\04_nigata\turf2000_lambdarank_model_v7_no26.txt
  ✓ v3ブレンド予想 (race_id=202607020601)
src.logic.prediction.race_prediction_engine:C:\keiba_ai\keiba_ai_ver3.0\src\logic\prediction\race_prediction_engine.py
FileNotFoundError: C:\keiba_ai\keiba_ai_ver3.0\data\prediction\models\07_chukyo\turf2000_lambdarank_model_v7_no26.txt
  ✓ v3ブレンド予想 (race_id=202601010601)
src.logic.prediction.race_prediction_engine:C:\keiba_ai\keiba_ai_ver3.0\src\logic\prediction\race_prediction_engine.py
FileNotFoundError: C:\keiba_ai\keiba_ai_ver3.0\data\prediction\models\01_sapporo\dirt1700_lambdarank_model_v7_no26.txt
  ✓ v3ブレンド予想 (race_id=202604020602)
src.logic.prediction.race_prediction_engine:C:\keiba_ai\keiba_ai_ver3.0\src\logic\prediction\race_prediction_engine.py
FileNotFoundError: C:\keiba_ai\keiba_ai_ver3.0\data\prediction\models\04_nigata\turf1200_lambdarank_model_v7_no26.txt
  ✓ v3ブレンド予想 (race_id=202607020602)
src.logic.prediction.race_prediction_engine:C:\keiba_ai\keiba_ai_ver3.0\src\logic\prediction\race_prediction_engine.py
FileNotFoundError: C:\keiba_ai\keiba_ai_ver3.0\data\prediction\models\07_chukyo\turf1600_lambdarank_model_v7_no26.txt
  ✓ v3ブレンド予想 (race_id=202601010602)
src.logic.prediction.race_prediction_engine:C:\keiba_ai\keiba_ai_ver3.0\src\logic\prediction\race_prediction_engine.py
FileNotFoundError: C:\keiba_ai\keiba_ai_ver3.0\data\prediction\models\01_sapporo\dirt1000_lambdarank_model_v7_no26.txt
  ✓ v3ブレンド予想 (race_id=202604020603)
src.logic.prediction.race_prediction_engine:C:\keiba_ai\keiba_ai_ver3.0\src\logic\prediction\race_prediction_engine.py
FileNotFoundError: C:\keiba_ai\keiba_ai_ver3.0\data\prediction\models\04_nigata\dirt1200_lambdarank_model_v7_no26.txt
  ✓ v3ブレンド予想 (race_id=202607020603)
src.logic.prediction.race_prediction_engine:C:\keiba_ai\keiba_ai_ver3.0\src\logic\prediction\race_prediction_engine.py
FileNotFoundError: C:\keiba_ai\keiba_ai_ver3.0\data\prediction\models\07_chukyo\turf2000_lambdarank_model_v7_no26.txt
  ✓ v3ブレンド予想 (race_id=202601010603)
src.logic.prediction.race_prediction_engine:C:\keiba_ai\keiba_ai_ver3.0\src\logic\prediction\race_prediction_engine.py
FileNotFoundError: C:\keiba_ai\keiba_ai_ver3.0\data\prediction\models\01_sapporo\turf2000_lambdarank_model_v7_no26.txt
  ✓ v3ブレンド予想 (race_id=202604020604)
src.logic.prediction.race_prediction_engine:C:\keiba_ai\keiba_ai_ver3.0\src\logic\prediction\race_prediction_engine.py
FileNotFoundError: C:\keiba_ai\keiba_ai_ver3.0\data\prediction\models\04_nigata\dirt1800_lambdarank_model_v7_no26.txt
  ✓ v3ブレンド予想 (race_id=202607020604)
src.logic.prediction.race_prediction_engine:C:\keiba_ai\keiba_ai_ver3.0\src\logic\prediction\race_prediction_engine.py
FileNotFoundError: C:\keiba_ai\keiba_ai_ver3.0\data\prediction\models\07_chukyo\dirt1800_lambdarank_model_v7_no26.txt
  ✓ v3ブレンド予想 (race_id=202601010604)
src.logic.prediction.race_prediction_engine:C:\keiba_ai\keiba_ai_ver3.0\src\logic\prediction\race_prediction_engine.py
FileNotFoundError: C:\keiba_ai\keiba_ai_ver3.0\data\prediction\models\01_sapporo\dirt1700_lambdarank_model_v7_no26.txt
  ✓ v3ブレンド予想 (race_id=202604020605)
src.logic.prediction.race_prediction_engine:C:\keiba_ai\keiba_ai_ver3.0\src\logic\prediction\race_prediction_engine.py
FileNotFoundError: C:\keiba_ai\keiba_ai_ver3.0\data\prediction\models\04_nigata\dirt1200_lambdarank_model_v7_no26.txt
  ✓ v3ブレンド予想 (race_id=202607020605)
src.logic.prediction.race_prediction_engine:C:\keiba_ai\keiba_ai_ver3.0\src\logic\prediction\race_prediction_engine.py
FileNotFoundError: C:\keiba_ai\keiba_ai_ver3.0\data\prediction\models\07_chukyo\dirt1400_lambdarank_model_v7_no26.txt
  ✓ v3ブレンド予想 (race_id=202601010605)
src.logic.prediction.race_prediction_engine:C:\keiba_ai\keiba_ai_ver3.0\src\logic\prediction\race_prediction_engine.py
FileNotFoundError: C:\keiba_ai\keiba_ai_ver3.0\data\prediction\models\01_sapporo\turf1500_lambdarank_model_v7_no26.txt
  ✓ v3ブレンド予想 (race_id=202601010606)
src.logic.prediction.race_prediction_engine:C:\keiba_ai\keiba_ai_ver3.0\src\logic\prediction\race_prediction_engine.py
FileNotFoundError: C:\keiba_ai\keiba_ai_ver3.0\data\prediction\models\01_sapporo\turf2600_lambdarank_model_v7_no26.txt
  ✓ v3ブレンド予想 (race_id=202601010607)
src.logic.prediction.race_prediction_engine:C:\keiba_ai\keiba_ai_ver3.0\src\logic\prediction\race_prediction_engine.py
FileNotFoundError: C:\keiba_ai\keiba_ai_ver3.0\data\prediction\models\01_sapporo\turf2000_lambdarank_model_v7_no26.txt
  ✓ v3ブレンド予想 (race_id=202601010608)
src.logic.prediction.race_prediction_engine:C:\keiba_ai\keiba_ai_ver3.0\src\logic\prediction\race_prediction_engine.py
FileNotFoundError: C:\keiba_ai\keiba_ai_ver3.0\data\prediction\models\01_sapporo\dirt1700_lambdarank_model_v7_no26.txt
  ✓ v3ブレンド予想 (race_id=202601010609)
src.logic.prediction.race_prediction_engine:C:\keiba_ai\keiba_ai_ver3.0\src\logic\prediction\race_prediction_engine.py
FileNotFoundError: C:\keiba_ai\keiba_ai_ver3.0\data\prediction\models\01_sapporo\turf1200_lambdarank_model_v7_no26.txt
  ✓ v3ブレンド予想 (race_id=202601010610)
src.logic.prediction.race_prediction_engine:C:\keiba_ai\keiba_ai_ver3.0\src\logic\prediction\race_prediction_engine.py
FileNotFoundError: C:\keiba_ai\keiba_ai_ver3.0\data\prediction\models\01_sapporo\dirt1700_lambdarank_model_v7_no26.txt
  ✓ v3ブレンド予想 (race_id=202604020606)
src.logic.prediction.race_prediction_engine:C:\keiba_ai\keiba_ai_ver3.0\src\logic\prediction\race_prediction_engine.py
FileNotFoundError: C:\keiba_ai\keiba_ai_ver3.0\data\prediction\models\04_nigata\turf1800_lambdarank_model_v7_no26.txt
  ✓ v3ブレンド予想 (race_id=202607020606)
src.logic.prediction.race_prediction_engine:C:\keiba_ai\keiba_ai_ver3.0\src\logic\prediction\race_prediction_engine.py
FileNotFoundError: C:\keiba_ai\keiba_ai_ver3.0\data\prediction\models\07_chukyo\turf2000_lambdarank_model_v7_no26.txt
  ✓ v3ブレンド予想 (race_id=202601010611)
src.logic.prediction.race_prediction_engine:C:\keiba_ai\keiba_ai_ver3.0\src\logic\prediction\race_prediction_engine.py
FileNotFoundError: C:\keiba_ai\keiba_ai_ver3.0\data\prediction\models\01_sapporo\turf1200_lambdarank_model_v7_no26.txt
  ✓ v3ブレンド予想 (race_id=202604020607)
src.logic.prediction.race_prediction_engine:C:\keiba_ai\keiba_ai_ver3.0\src\logic\prediction\race_prediction_engine.py
FileNotFoundError: C:\keiba_ai\keiba_ai_ver3.0\data\prediction\models\04_nigata\dirt1800_lambdarank_model_v7_no26.txt
  ✓ v3ブレンド予想 (race_id=202607020607)
src.logic.prediction.race_prediction_engine:C:\keiba_ai\keiba_ai_ver3.0\src\logic\prediction\race_prediction_engine.py
FileNotFoundError: C:\keiba_ai\keiba_ai_ver3.0\data\prediction\models\07_chukyo\turf1200_lambdarank_model_v7_no26.txt
  ✓ v3ブレンド予想 (race_id=202601010612)
src.logic.prediction.race_prediction_engine:C:\keiba_ai\keiba_ai_ver3.0\src\logic\prediction\race_prediction_engine.py
FileNotFoundError: C:\keiba_ai\keiba_ai_ver3.0\data\prediction\models\01_sapporo\turf1800_lambdarank_model_v7_no26.txt
  ✓ v3ブレンド予想 (race_id=202604020608)
src.logic.prediction.race_prediction_engine:C:\keiba_ai\keiba_ai_ver3.0\src\logic\prediction\race_prediction_engine.py
FileNotFoundError: C:\keiba_ai\keiba_ai_ver3.0\data\prediction\models\04_nigata\turf1000_lambdarank_model_v7_no26.txt
  ✓ v3ブレンド予想 (race_id=202607020608)
src.logic.prediction.race_prediction_engine:C:\keiba_ai\keiba_ai_ver3.0\src\logic\prediction\race_prediction_engine.py
FileNotFoundError: C:\keiba_ai\keiba_ai_ver3.0\data\prediction\models\07_chukyo\dirt1800_lambdarank_model_v7_no26.txt
  ✓ v3ブレンド予想 (race_id=202604020609)
src.logic.prediction.race_prediction_engine:C:\keiba_ai\keiba_ai_ver3.0\src\logic\prediction\race_prediction_engine.py
FileNotFoundError: C:\keiba_ai\keiba_ai_ver3.0\data\prediction\models\04_nigata\dirt1200_lambdarank_model_v7_no26.txt
src.logic.prediction.race_prediction_engine:C:\keiba_ai\keiba_ai_ver3.0\src\logic\prediction\race_prediction_engine.py
LightGBMError: Could not open C:\keiba_ai\keiba_ai_ver3.0\data\prediction\models\07_chukyo\dirt3000_lambdarank_model.txt
src.logic.prediction.race_prediction_engine:C:\keiba_ai\keiba_ai_ver3.0\src\logic\prediction\race_prediction_engine.py
FileNotFoundError: C:\keiba_ai\keiba_ai_ver3.0\data\prediction\models\07_chukyo\dirt3000_lambdarank_model_v7_no26.txt
  ✓ v3ブレンド予想 (race_id=202604020610)
src.logic.prediction.race_prediction_engine:C:\keiba_ai\keiba_ai_ver3.0\src\logic\prediction\race_prediction_engine.py
FileNotFoundError: C:\keiba_ai\keiba_ai_ver3.0\data\prediction\models\04_nigata\turf2000_lambdarank_model_v7_no26.txt
  ✓ v3ブレンド予想 (race_id=202607020610)
src.logic.prediction.race_prediction_engine:C:\keiba_ai\keiba_ai_ver3.0\src\logic\prediction\race_prediction_engine.py
FileNotFoundError: C:\keiba_ai\keiba_ai_ver3.0\data\prediction\models\07_chukyo\dirt1200_lambdarank_model_v7_no26.txt
  ✓ v3ブレンド予想 (race_id=202604020611)
src.logic.prediction.race_prediction_engine:C:\keiba_ai\keiba_ai_ver3.0\src\logic\prediction\race_prediction_engine.py
FileNotFoundError: C:\keiba_ai\keiba_ai_ver3.0\data\prediction\models\04_nigata\turf1600_lambdarank_model_v7_no26.txt
  ✓ v3ブレンド予想 (race_id=202607020611)
src.logic.prediction.race_prediction_engine:C:\keiba_ai\keiba_ai_ver3.0\src\logic\prediction\race_prediction_engine.py
FileNotFoundError: C:\keiba_ai\keiba_ai_ver3.0\data\prediction\models\07_chukyo\turf1200_lambdarank_model_v7_no26.txt
  ✓ v3ブレンド予想 (race_id=202604020612)
src.logic.prediction.race_prediction_engine:C:\keiba_ai\keiba_ai_ver3.0\src\logic\prediction\race_prediction_engine.py
FileNotFoundError: C:\keiba_ai\keiba_ai_ver3.0\data\prediction\models\04_nigata\turf1200_lambdarank_model_v7_no26.txt
  ✓ v3ブレンド予想 (race_id=202607020612)
src.logic.prediction.race_prediction_engine:C:\keiba_ai\keiba_ai_ver3.0\src\logic\prediction\race_prediction_engine.py
FileNotFoundError: C:\keiba_ai\keiba_ai_ver3.0\data\prediction\models\07_chukyo\turf1600_lambdarank_model_v7_no26.txt
ℹ️ [スキップ/エラーではありません] 指定日に開催なし: 20260809 02_hakodate
ℹ️ [スキップ/エラーではありません] 指定日に開催なし: 20260809 03_fukushima
ℹ️ [スキップ/エラーではありません] 指定日に開催なし: 20260809 05_tokyo
ℹ️ [スキップ/エラーではありません] 指定日に開催なし: 20260809 06_nakayama
ℹ️ [スキップ/エラーではありません] 指定日に開催なし: 20260809 08_kyoto
ℹ️ [スキップ/エラーではありません] 指定日に開催なし: 20260809 09_hanshin
ℹ️ [スキップ/エラーではありません] 指定日に開催なし: 20260809 10_kokura
ℹ️ [スキップ/エラーではありません] 平均タイムの該当データなし（サンプル不足）: 小倉 ダート 未勝利 1000 不
ℹ️ [スキップ/エラーではありません] 平均タイムの該当データなし（サンプル不足）: 中山 ダート 未勝利 1200 不
ℹ️ [スキップ/エラーではありません] 平均タイムの該当データなし（サンプル不足）: 中山 ダート 未勝利 1200 不
ℹ️ [スキップ/エラーではありません] 平均タイムの該当データなし（サンプル不足）: 函館 ダート 未勝利 1000 不
ℹ️ [スキップ/エラーではありません] 平均タイムの該当データなし（サンプル不足）: 函館 ダート 未勝利 1000 不
ℹ️ [スキップ/エラーではありません] 平均タイムの該当データなし（サンプル不足）: 函館 ダート 未勝利 1000 不
ℹ️ [スキップ/エラーではありません] 平均タイムの該当データなし（サンプル不足）: 函館 ダート 未勝利 1000 不
ℹ️ [スキップ/エラーではありません] 平均タイムの該当データなし（サンプル不足）: 東京 ダート 新馬 1400 不
ℹ️ [スキップ/エラーではありません] 平均タイムの該当データなし（サンプル不足）: 函館 ダート 未勝利 1000 不
ℹ️ [スキップ/エラーではありません] 平均タイムの該当データなし（サンプル不足）: 函館 ダート 1勝クラス 1700 不
ℹ️ [スキップ/エラーではありません] 平均タイムの該当データなし（サンプル不足）: 函館 ダート 未勝利 1700 不
ℹ️ [スキップ/エラーではありません] 平均タイムの該当データなし（サンプル不足）: 函館 ダート 未勝利 1700 不
ℹ️ [スキップ/エラーではありません] 平均タイムの該当データなし（サンプル不足）: 函館 ダート 未勝利 1700 不
ℹ️ [スキップ/エラーではありません] 平均タイムの該当データなし（サンプル不足）: 函館 ダート 未勝利 1700 不
ℹ️ [スキップ/エラーではありません] 平均タイムの該当データなし（サンプル不足）: 函館 ダート 未勝利 1700 不
ℹ️ [スキップ/エラーではありません] 平均タイムの該当データなし（サンプル不足）: 新潟 ダート 未勝利 1200 不
ℹ️ [スキップ/エラーではありません] 平均タイムの該当データなし（サンプル不足）: 函館 ダート 未勝利 1700 不
ℹ️ [スキップ/エラーではありません] 平均タイムの該当データなし（サンプル不足）: 函館 ダート 未勝利 1700 不
ℹ️ [スキップ/エラーではありません] 平均タイムの該当データなし（サンプル不足）: 札幌 ダート 1勝クラス 1700 不
ℹ️ [スキップ/エラーではありません] 平均タイムの該当データなし（サンプル不足）: 小倉 ダート 未勝利 1700 不
ℹ️ [スキップ/エラーではありません] 平均タイムの該当データなし（サンプル不足）: 東京 ダート 1勝クラス 1600 不
ℹ️ [スキップ/エラーではありません] 平均タイムの該当データなし（サンプル不足）: 中山 ダート 1勝クラス 2400 不
ℹ️ [スキップ/エラーではありません] 平均タイムの該当データなし（サンプル不足）: 中山 ダート 未勝利 1200 不
ℹ️ [スキップ/エラーではありません] 平均タイムの該当データなし（サンプル不足）: 函館 ダート 2勝クラス 1700 不
ℹ️ [スキップ/エラーではありません] 平均タイムの該当データなし（サンプル不足）: 函館 ダート 2勝クラス 1700 不
ℹ️ [スキップ/エラーではありません] 平均タイムの該当データなし（サンプル不足）: 函館 ダート 2勝クラス 1700 不
ℹ️ [スキップ/エラーではありません] 平均タイムの該当データなし（サンプル不足）: 函館 ダート 2勝クラス 1700 不
ℹ️ [スキップ/エラーではありません] 平均タイムの該当データなし（サンプル不足）: 東京 ダート 1勝クラス 1600 不
ℹ️ [スキップ/エラーではありません] 平均タイムの該当データなし（サンプル不足）: 函館 ダート 2勝クラス 1700 不
ℹ️ [スキップ/エラーではありません] 平均タイムの該当データなし（サンプル不足）: 東京 ダート 未勝利 1600 不
ℹ️ [スキップ/エラーではありません] 平均タイムの該当データなし（サンプル不足）: 函館 ダート 未勝利 1000 不
ℹ️ [スキップ/エラーではありません] 平均タイムの該当データなし（サンプル不足）: 東京 ダート 未勝利 1400 不
ℹ️ [スキップ/エラーではありません] 平均タイムの該当データなし（サンプル不足）: 東京 ダート 未勝利 1400 不
ℹ️ [スキップ/エラーではありません] 平均タイムの該当データなし（サンプル不足）: 新潟 芝 未勝利 2000 不
ℹ️ [スキップ/エラーではありません] 平均タイムの該当データなし（サンプル不足）: 函館 ダート 未勝利 1700 不
ℹ️ [スキップ/エラーではありません] 平均タイムの該当データなし（サンプル不足）: 函館 ダート 未勝利 1700 不
ℹ️ [スキップ/エラーではありません] 平均タイムの該当データなし（サンプル不足）: 東京 ダート 未勝利 1600 不
ℹ️ [スキップ/エラーではありません] 平均タイムの該当データなし（サンプル不足）: 東京 ダート 未勝利 2100 不
ℹ️ [スキップ/エラーではありません] 平均タイムの該当データなし（サンプル不足）: 新潟 ダート 未勝利 1200 不
ℹ️ [スキップ/エラーではありません] 平均タイムの該当データなし（サンプル不足）: 東京 ダート 1勝クラス 1600 不
ℹ️ [スキップ/エラーではありません] 平均タイムの該当データなし（サンプル不足）: 小倉 障害 未勝利 2860 重
ℹ️ [スキップ/エラーではありません] 平均タイムの該当データなし（サンプル不足）: 小倉 ダート 2勝クラス 1000 不
ℹ️ [スキップ/エラーではありません] 平均タイムの該当データなし（サンプル不足）: 中山 障害 未勝利 2880 重
ℹ️ [スキップ/エラーではありません] 平均タイムの該当データなし（サンプル不足）: 小倉 障害 未勝利 2860 稍重
ℹ️ [スキップ/エラーではありません] 平均タイムの該当データなし（サンプル不足）: 中山 障害 未勝利 2880 稍重
ℹ️ [スキップ/エラーではありません] 平均タイムの該当データなし（サンプル不足）: 中山 障害 未勝利 2880 良
ℹ️ [スキップ/エラーではありません] 平均タイムの該当データなし（サンプル不足）: 新潟 ダート 2勝クラス 1200 不
ℹ️ [スキップ/エラーではありません] 平均タイムの該当データなし（サンプル不足）: 新潟 ダート 2勝クラス 1200 不
ℹ️ [スキップ/エラーではありません] 平均タイムの該当データなし（サンプル不足）: 新潟 ダート 2勝クラス 1200 不
ℹ️ [スキップ/エラーではありません] 平均タイムの該当データなし（サンプル不足）: 新潟 ダート 2勝クラス 1200 不
ℹ️ [スキップ/エラーではありません] 平均タイムの該当データなし（サンプル不足）: 東京 ダート 未勝利 1600 不
ℹ️ [スキップ/エラーではありません] 平均タイムの該当データなし（サンプル不足）: 小倉 ダート 未勝利 1700 不
ℹ️ [スキップ/エラーではありません] 平均タイムの該当データなし（サンプル不足）: 中山 ダート 未勝利 1200 不
ℹ️ [スキップ/エラーではありません] 平均タイムの該当データなし（サンプル不足）: 小倉 ダート 未勝利 1700 不
❌ [要確認/エラー] ディープナイト のレポート作成に失敗: 'NoneType' object is not subscriptable
ℹ️ [スキップ/エラーではありません] 平均タイムの該当データなし（サンプル不足）: 阪神 ダート 未勝利 1400 不
ℹ️ [スキップ/エラーではありません] 平均タイムの該当データなし（サンプル不足）: 阪神 ダート 未勝利 1400 不
❌ [要確認/エラー] 不明な開催場名: 
ℹ️ [スキップ/エラーではありません] 平均タイムの該当データなし（サンプル不足）: 中京 芝 オープン 1200 不
ℹ️ [スキップ/エラーではありません] 平均タイムの該当データなし（サンプル不足）: 中京 ダート 2勝クラス 1800 不
ℹ️ [スキップ/エラーではありません] 平均タイムの該当データなし（サンプル不足）: 新潟 ダート 2勝クラス 1800 不
ℹ️ [スキップ/エラーではありません] 平均タイムの該当データなし（サンプル不足）: 中京 ダート 2勝クラス 1800 不
ℹ️ [スキップ/エラーではありません] 平均タイムの該当データなし（サンプル不足）: 小倉 ダート 2勝クラス 1700 不
ℹ️ [スキップ/エラーではありません] 平均タイムの該当データなし（サンプル不足）: 東京 障害 未勝利 3000 稍重
ℹ️ [スキップ/エラーではありません] 平均タイムの該当データなし（サンプル不足）: 新潟 障害 未勝利 2890 重
ℹ️ [スキップ/エラーではありません] 平均タイムの該当データなし（サンプル不足）: 小倉 障害 未勝利 2860 良
ℹ️ [スキップ/エラーではありません] 平均タイムの該当データなし（サンプル不足）: 小倉 障害 未勝利 2860 重
ℹ️ [スキップ/エラーではありません] 平均タイムの該当データなし（サンプル不足）: 新潟 障害 未勝利 2890 良
ℹ️ [スキップ/エラーではありません] 平均タイムの該当データなし（サンプル不足）: 新潟 障害 未勝利 2890 良
ℹ️ [スキップ/エラーではありません] 平均タイムの該当データなし（サンプル不足）: 小倉 障害 未勝利 2860 稍重
ℹ️ [スキップ/エラーではありません] 平均タイムの該当データなし（サンプル不足）: 福島 障害 未勝利 2750 良
ℹ️ [スキップ/エラーではありません] 平均タイムの該当データなし（サンプル不足）: 中山 障害 未勝利 2880 重
ℹ️ [スキップ/エラーではありません] 平均タイムの該当データなし（サンプル不足）: 阪神 障害 未勝利 2970 良
ℹ️ [スキップ/エラーではありません] 平均タイムの該当データなし（サンプル不足）: 小倉 障害 未勝利 2860 良
ℹ️ [スキップ/エラーではありません] 平均タイムの該当データなし（サンプル不足）: 阪神 障害 未勝利 2970 良
ℹ️ [スキップ/エラーではありません] 平均タイムの該当データなし（サンプル不足）: 東京 障害 未勝利 3000 良
ℹ️ [スキップ/エラーではありません] 平均タイムの該当データなし（サンプル不足）: 新潟 障害 未勝利 2890 良
ℹ️ [スキップ/エラーではありません] 平均タイムの該当データなし（サンプル不足）: 新潟 障害 未勝利 2890 稍重
ℹ️ [スキップ/エラーではありません] 平均タイムの該当データなし（サンプル不足）: 小倉 障害 未勝利 2860 良
ℹ️ [スキップ/エラーではありません] 平均タイムの該当データなし（サンプル不足）: 阪神 障害 未勝利 2970 良
ℹ️ [スキップ/エラーではありません] 平均タイムの該当データなし（サンプル不足）: 新潟 障害 未勝利 2890 稍重
ℹ️ [スキップ/エラーではありません] 平均タイムの該当データなし（サンプル不足）: 中山 障害 未勝利 2880 良
ℹ️ [スキップ/エラーではありません] 平均タイムの該当データなし（サンプル不足）: 中山 障害 未勝利 2880 良
ℹ️ [スキップ/エラーではありません] 平均タイムの該当データなし（サンプル不足）: 阪神 障害 未勝利 2970 良
ℹ️ [スキップ/エラーではありません] 平均タイムの該当データなし（サンプル不足）: 新潟 障害 未勝利 2890 重
ℹ️ [スキップ/エラーではありません] 平均タイムの該当データなし（サンプル不足）: 阪神 障害 未勝利 2970 良
ℹ️ [スキップ/エラーではありません] 平均タイムの該当データなし（サンプル不足）: 阪神 障害 未勝利 2970 良
ℹ️ [スキップ/エラーではありません] 平均タイムの該当データなし（サンプル不足）: 阪神 障害 未勝利 2970 良
ℹ️ [スキップ/エラーではありません] 平均タイムの該当データなし（サンプル不足）: 京都 障害 未勝利 2910 良
ℹ️ [スキップ/エラーではありません] 平均タイムの該当データなし（サンプル不足）: 阪神 障害 未勝利 2970 良
ℹ️ [スキップ/エラーではありません] 平均タイムの該当データなし（サンプル不足）: 小倉 障害 未勝利 2860 良
ℹ️ [スキップ/エラーではありません] 平均タイムの該当データなし（サンプル不足）: 小倉 障害 未勝利 2860 良
ℹ️ [スキップ/エラーではありません] 平均タイムの該当データなし（サンプル不足）: 阪神 障害 未勝利 2970 良
ℹ️ [スキップ/エラーではありません] 平均タイムの該当データなし（サンプル不足）: 小倉 ダート 1勝クラス 1000 不
ℹ️ [スキップ/エラーではありません] 平均タイムの該当データなし（サンプル不足）: 小倉 ダート 1勝クラス 1000 不
    完了: 2026-08-09
Step 2 完了

============================================================
Step 3: 8/1・8/2 HTML 再生成
============================================================

  2026-08-01 HTML再生成中...
ℹ️ [スキップ/エラーではありません] 指定日に開催なし: 20260801 02_hakodate
ℹ️ [スキップ/エラーではありません] 指定日に開催なし: 20260801 03_fukushima
ℹ️ [スキップ/エラーではありません] 指定日に開催なし: 20260801 05_tokyo
ℹ️ [スキップ/エラーではありません] 指定日に開催なし: 20260801 06_nakayama
ℹ️ [スキップ/エラーではありません] 指定日に開催なし: 20260801 08_kyoto
ℹ️ [スキップ/エラーではありません] 指定日に開催なし: 20260801 09_hanshin
ℹ️ [スキップ/エラーではありません] 指定日に開催なし: 20260801 10_kokura
ℹ️ [スキップ/エラーではありません] 平均タイムの該当データなし（サンプル不足）: 函館 ダート 未勝利 1000 不
⚠️ ダノンスマッシュ: 該当コース(1:ダート1000) のデータがありません。
ℹ️ [スキップ/エラーではありません] 平均タイムの該当データなし（サンプル不足）: 東京 ダート 未勝利 1400 不
ℹ️ [スキップ/エラーではありません] 平均タイムの該当データなし（サンプル不足）: 東京 ダート 未勝利 1400 不
ℹ️ [スキップ/エラーではありません] 平均タイムの該当データなし（サンプル不足）: 函館 ダート 未勝利 1000 不
⚠️ キャプテンキング: 該当コース(1:ダート1000) のデータがありません。
ℹ️ [スキップ/エラーではありません] 平均タイムの該当データなし（サンプル不足）: 函館 ダート 未勝利 1000 不
ℹ️ [スキップ/エラーではありません] 平均タイムの該当データなし（サンプル不足）: 函館 ダート 未勝利 1000 不
ℹ️ [スキップ/エラーではありません] 平均タイムの該当データなし（サンプル不足）: 函館 ダート 未勝利 1000 不
⚠️ Corniche: 該当コース(1:芝1800) のデータがありません。
⚠️ ジャンダルム: 該当コース(1:芝1800) のデータがありません。
ℹ️ [スキップ/エラーではありません] 平均タイムの該当データなし（サンプル不足）: 中山 ダート 未勝利 1800 不
ℹ️ [スキップ/エラーではありません] 平均タイムの該当データなし（サンプル不足）: 函館 ダート 未勝利 1700 不
ℹ️ [スキップ/エラーではありません] 平均タイムの該当データなし（サンプル不足）: 函館 ダート 未勝利 1700 不
⚠️ キセキ: 該当コース(1:ダート1700) のデータがありません。
ℹ️ [スキップ/エラーではありません] 平均タイムの該当データなし（サンプル不足）: 新潟 ダート 未勝利 1200 不
⚠️ Baaeed: 該当コース(1:芝1500) のデータがありません。
⚠️ ミラアイトーン: 該当コース(1:芝1500) のデータがありません。
⚠️ Frosted: 該当コース(1:芝1500) のデータがありません。
ℹ️ [スキップ/エラーではありません] 平均タイムの該当データなし（サンプル不足）: 函館 ダート 1勝クラス 1000 不
ℹ️ [スキップ/エラーではありません] 平均タイムの該当データなし（サンプル不足）: 小倉 ダート 1勝クラス 1000 不
ℹ️ [スキップ/エラーではありません] 平均タイムの該当データなし（サンプル不足）: 小倉 ダート 1勝クラス 1000 不
⚠️ フィレンツェファイア: 該当コース(1:芝1800) のデータがありません。
ℹ️ [スキップ/エラーではありません] 平均タイムの該当データなし（サンプル不足）: 札幌 芝 未勝利 1800 重
ℹ️ [スキップ/エラーではありません] 配当結果データなし（未確定）: 202601010308
ℹ️ [スキップ/エラーではありません] 平均タイムの該当データなし（サンプル不足）: 函館 ダート 1勝クラス 2400 不
ℹ️ [スキップ/エラーではありません] 平均タイムの該当データなし（サンプル不足）: 小倉 ダート 未勝利 1700 不
ℹ️ [スキップ/エラーではありません] 平均タイムの該当データなし（サンプル不足）: 東京 ダート 未勝利 1600 不
ℹ️ [スキップ/エラーではありません] 平均タイムの該当データなし（サンプル不足）: 函館 ダート 1勝クラス 1700 不
ℹ️ [スキップ/エラーではありません] 平均タイムの該当データなし（サンプル不足）: 札幌 ダート 2勝クラス 1700 不
⚠️ スノードラゴン: 該当コース(4:芝1000) のデータがありません。
⚠️ サリオス: 該当コース(4:芝1000) のデータがありません。
⚠️ カデナ: 該当コース(4:芝1800) のデータがありません。
⚠️ ケイティブレイブ: 該当コース(4:芝1400) のデータがありません。
⚠️ モーニン: 該当コース(4:芝1400) のデータがありません。
ℹ️ [スキップ/エラーではありません] 平均タイムの該当データなし（サンプル不足）: 新潟 ダート 未勝利 1800 不
ℹ️ [スキップ/エラーではありません] 平均タイムの該当データなし（サンプル不足）: 東京 ダート 未勝利 1600 不
ℹ️ [スキップ/エラーではありません] 平均タイムの該当データなし（サンプル不足）: 中山 ダート 未勝利 1800 不
ℹ️ [スキップ/エラーではありません] 平均タイムの該当データなし（サンプル不足）: 東京 ダート 未勝利 1400 不
ℹ️ [スキップ/エラーではありません] 平均タイムの該当データなし（サンプル不足）: 東京 ダート 未勝利 1600 不
ℹ️ [スキップ/エラーではありません] 平均タイムの該当データなし（サンプル不足）: 東京 ダート 未勝利 1400 不
ℹ️ [スキップ/エラーではありません] 平均タイムの該当データなし（サンプル不足）: 中山 ダート 未勝利 1200 不
ℹ️ [スキップ/エラーではありません] 平均タイムの該当データなし（サンプル不足）: 東京 ダート 未勝利 1400 不
ℹ️ [スキップ/エラーではありません] 平均タイムの該当データなし（サンプル不足）: 東京 ダート 未勝利 1400 不
ℹ️ [スキップ/エラーではありません] 平均タイムの該当データなし（サンプル不足）: 東京 ダート 未勝利 1400 不
ℹ️ [スキップ/エラーではありません] 平均タイムの該当データなし（サンプル不足）: 東京 ダート 未勝利 1400 不
⚠️ Oscar Performance: 該当コース(4:芝1800) のデータがありません。
ℹ️ [スキップ/エラーではありません] 平均タイムの該当データなし（サンプル不足）: 東京 ダート 2勝クラス 1600 不
ℹ️ [スキップ/エラーではありません] 平均タイムの該当データなし（サンプル不足）: 新潟 ダート 1勝クラス 1800 不
ℹ️ [スキップ/エラーではありません] 平均タイムの該当データなし（サンプル不足）: 新潟 ダート 3勝クラス 1800 不
ℹ️ [スキップ/エラーではありません] 平均タイムの該当データなし（サンプル不足）: 福島 障害 オープン 3380 良
ℹ️ [スキップ/エラーではありません] 平均タイムの該当データなし（サンプル不足）: 京都 障害 オープン 3170 良
ℹ️ [スキップ/エラーではありません] 平均タイムの該当データなし（サンプル不足）: 京都 障害 オープン 3170 良
ℹ️ [スキップ/エラーではありません] 平均タイムの該当データなし（サンプル不足）: 京都 障害 オープン 3170 良
ℹ️ [スキップ/エラーではありません] 平均タイムの該当データなし（サンプル不足）: 中山 障害 オープン 3570 良
⚠️ ワールドプレミア: 該当コース(4:芝2200) のデータがありません。
ℹ️ [スキップ/エラーではありません] 平均タイムの該当データなし（サンプル不足）: 中山 ダート 未勝利 1800 不
⚠️ ダノンプレミアム: 該当コース(4:芝2200) のデータがありません。
ℹ️ [スキップ/エラーではありません] 平均タイムの該当データなし（サンプル不足）: 東京 ダート 未勝利 1600 不
ℹ️ [スキップ/エラーではありません] 平均タイムの該当データなし（サンプル不足）: 中山 ダート 未勝利 1800 不
⚠️ Daredevil: 該当コース(4:ダート1800) のデータがありません。
⚠️ インディチャンプ: 該当コース(4:芝2000) のデータがありません。
⚠️ American Pharoah: 該当コース(4:芝1200) のデータがありません。
ℹ️ [スキップ/エラーではありません] 平均タイムの該当データなし（サンプル不足）: 新潟 芝 1勝クラス 1000 不
ℹ️ [スキップ/エラーではありません] 平均タイムの該当データなし（サンプル不足）: 東京 ダート 未勝利 1400 不
⚠️ ゴールドアクター: 該当コース(4:芝1200) のデータがありません。
⚠️ エフフォーリア: 該当コース(7:芝2000) のデータがありません。
⚠️ エフフォーリア: 該当コース(7:芝2000) のデータがありません。
⚠️ ジャンダルム: 該当コース(7:芝1400) のデータがありません。
ℹ️ [スキップ/エラーではありません] 平均タイムの該当データなし（サンプル不足）: 小倉 ダート 未勝利 1700 不
⚠️ コントレイル: 該当コース(7:ダート1800) のデータがありません。
ℹ️ [スキップ/エラーではありません] 平均タイムの該当データなし（サンプル不足）: 東京 ダート 新馬 1400 不
⚠️ コントレイル: 該当コース(7:ダート1800) のデータがありません。
ℹ️ [スキップ/エラーではありません] 平均タイムの該当データなし（サンプル不足）: 京都 ダート 3勝クラス 1200 不
⚠️ ニューイヤーズデイ: 該当コース(7:障害3000) のデータがありません。
ℹ️ [スキップ/エラーではありません] 平均タイムの該当データなし（サンプル不足）: 福島 障害 未勝利 2750 良
ℹ️ [スキップ/エラーではありません] 平均タイムの該当データなし（サンプル不足）: 新潟 障害 未勝利 2890 良
ℹ️ [スキップ/エラーではありません] 平均タイムの該当データなし（サンプル不足）: 小倉 障害 未勝利 2860 稍重
ℹ️ [スキップ/エラーではありません] 平均タイムの該当データなし（サンプル不足）: 小倉 障害 未勝利 2860 重
ℹ️ [スキップ/エラーではありません] 平均タイムの該当データなし（サンプル不足）: 京都 障害 未勝利 2910 良
ℹ️ [スキップ/エラーではありません] 平均タイムの該当データなし（サンプル不足）: 中山 障害 未勝利 2880 良
ℹ️ [スキップ/エラーではありません] 平均タイムの該当データなし（サンプル不足）: 小倉 障害 未勝利 2860 稍重
ℹ️ [スキップ/エラーではありません] 平均タイムの該当データなし（サンプル不足）: 中山 障害 未勝利 2880 良
ℹ️ [スキップ/エラーではありません] 平均タイムの該当データなし（サンプル不足）: 小倉 障害 未勝利 2860 重
ℹ️ [スキップ/エラーではありません] 平均タイムの該当データなし（サンプル不足）: 東京 障害 未勝利 3000 稍重
ℹ️ [スキップ/エラーではありません] 平均タイムの該当データなし（サンプル不足）: 新潟 障害 未勝利 2890 良
ℹ️ [スキップ/エラーではありません] 平均タイムの該当データなし（サンプル不足）: 小倉 障害 未勝利 2860 良
ℹ️ [スキップ/エラーではありません] 平均タイムの該当データなし（サンプル不足）: 福島 障害 未勝利 2750 稍重
ℹ️ [スキップ/エラーではありません] 平均タイムの該当データなし（サンプル不足）: 新潟 障害 未勝利 2890 良
ℹ️ [スキップ/エラーではありません] 平均タイムの該当データなし（サンプル不足）: 東京 ダート 未勝利 1600 不
⚠️ Malibu Moon: 該当コース(7:障害3000) のデータがありません。
ℹ️ [スキップ/エラーではありません] 平均タイムの該当データなし（サンプル不足）: 新潟 障害 未勝利 2890 稍重
ℹ️ [スキップ/エラーではありません] 平均タイムの該当データなし（サンプル不足）: 小倉 障害 未勝利 2860 稍重
⚠️ イスラボニータ: 該当コース(7:障害3000) のデータがありません。
ℹ️ [スキップ/エラーではありません] 平均タイムの該当データなし（サンプル不足）: 東京 障害 未勝利 3000 良
❌ [要確認/エラー] 不明な開催場名: 
ℹ️ [スキップ/エラーではありません] 平均タイムの該当データなし（サンプル不足）: 新潟 障害 未勝利 2890 稍重
ℹ️ [スキップ/エラーではありません] 平均タイムの該当データなし（サンプル不足）: 中山 障害 未勝利 2880 重
    完了: 2026-08-01

  2026-08-02 HTML再生成中...
ℹ️ [スキップ/エラーではありません] 指定日に開催なし: 20260802 02_hakodate
ℹ️ [スキップ/エラーではありません] 指定日に開催なし: 20260802 03_fukushima
ℹ️ [スキップ/エラーではありません] 指定日に開催なし: 20260802 05_tokyo
ℹ️ [スキップ/エラーではありません] 指定日に開催なし: 20260802 06_nakayama
ℹ️ [スキップ/エラーではありません] 指定日に開催なし: 20260802 08_kyoto
ℹ️ [スキップ/エラーではありません] 指定日に開催なし: 20260802 09_hanshin
ℹ️ [スキップ/エラーではありません] 指定日に開催なし: 20260802 10_kokura
    エラー（スキップ）: invalid literal for int() with base 10: 'nan'
Step 3 完了

============================================================
Step 4: AI成績更新
============================================================
  追加行数: 104
Step 4 完了

============================================================
第2次復元完了
============================================================
