=======================================================
v6hit_extreme モデル学習（LambdaRank・1着のみ評価）
対象場: 全10場  訓練年: 2020～2026
label_gain: [0, 0, 0, 0, 100]
=======================================================

=======================================================
[学習] 01_sapporo (place_id=1)
=======================================================

  芝1000m ...
    訓練 1753行 / テスト 440行 / 特徴量 66列
    最良パラメータ: {'n_estimators': 391, 'learning_rate': 0.01580905829463953, 'num_leaves': 25, 'max_depth': 7, 'min_child_samples': 23, 'reg_alpha': 0.8480449739457698, 'reg_lambda': 0.021625754424816998}
    保存完了: 芝1000m_v6hit_extreme

  芝1200m ...
    訓練 1753行 / テスト 440行 / 特徴量 66列
    最良パラメータ: {'n_estimators': 391, 'learning_rate': 0.01580905829463953, 'num_leaves': 25, 'max_depth': 7, 'min_child_samples': 23, 'reg_alpha': 0.8480449739457698, 'reg_lambda': 0.021625754424816998}
    保存完了: 芝1200m_v6hit_extreme

  芝1500m ...
    訓練 2265行 / テスト 577行 / 特徴量 66列
    最良パラメータ: {'n_estimators': 457, 'learning_rate': 0.04598675496284059, 'num_leaves': 34, 'max_depth': 9, 'min_child_samples': 17, 'reg_alpha': 0.09444083473101433, 'reg_lambda': 1.653528726720999}
    保存完了: 芝1500m_v6hit_extreme

  芝1800m ...
    訓練 2265行 / テスト 577行 / 特徴量 66列
    最良パラメータ: {'n_estimators': 457, 'learning_rate': 0.04598675496284059, 'num_leaves': 34, 'max_depth': 9, 'min_child_samples': 17, 'reg_alpha': 0.09444083473101433, 'reg_lambda': 1.653528726720999}
    保存完了: 芝1800m_v6hit_extreme

  芝2000m ...
    訓練 1420行 / テスト 361行 / 特徴量 66列
    最良パラメータ: {'n_estimators': 159, 'learning_rate': 0.011265180926953128, 'num_leaves': 54, 'max_depth': 5, 'min_child_samples': 25, 'reg_alpha': 0.012122642476309481, 'reg_lambda': 0.00809361868728216}
    保存完了: 芝2000m_v6hit_extreme

  芝2600m ...
    訓練 525行 / テスト 134行 / 特徴量 66列
    最良パラメータ: {'n_estimators': 420, 'learning_rate': 0.014469361482488454, 'num_leaves': 54, 'max_depth': 3, 'min_child_samples': 20, 'reg_alpha': 0.003151060651827965, 'reg_lambda': 1.9263197180254745}
    保存完了: 芝2600m_v6hit_extreme

  ダート1000m ...
    訓練 979行 / テスト 244行 / 特徴量 66列
    最良パラメータ: {'n_estimators': 215, 'learning_rate': 0.011953917654043706, 'num_leaves': 63, 'max_depth': 5, 'min_child_samples': 22, 'reg_alpha': 0.42098370702472176, 'reg_lambda': 0.6338834744592453}
    保存完了: ダート1000m_v6hit_extreme

  ダート1700m ...
    訓練 3101行 / テスト 790行 / 特徴量 66列
    最良パラメータ: {'n_estimators': 457, 'learning_rate': 0.04598675496284059, 'num_leaves': 34, 'max_depth': 9, 'min_child_samples': 17, 'reg_alpha': 0.09444083473101433, 'reg_lambda': 1.653528726720999}
    保存完了: ダート1700m_v6hit_extreme

  ダート2400m ...
    訓練 105行 / テスト 34行 / 特徴量 66列
    最良パラメータ: {'n_estimators': 226, 'learning_rate': 0.04631370436305321, 'num_leaves': 62, 'max_depth': 3, 'min_child_samples': 10, 'reg_alpha': 0.001097437555039278, 'reg_lambda': 0.2783021767683556}
    保存完了: ダート2400m_v6hit_extreme

=======================================================
[学習] 02_hakodate (place_id=2)
=======================================================

  芝1000m ...
    訓練 2759行 / テスト 697行 / 特徴量 66列
    最良パラメータ: {'n_estimators': 306, 'learning_rate': 0.03042440976988927, 'num_leaves': 41, 'max_depth': 8, 'min_child_samples': 9, 'reg_alpha': 2.9533383235252932, 'reg_lambda': 0.0030829737361368244}
    保存完了: 芝1000m_v6hit_extreme

  芝1200m ...
    訓練 2759行 / テスト 697行 / 特徴量 66列
    最良パラメータ: {'n_estimators': 306, 'learning_rate': 0.03042440976988927, 'num_leaves': 41, 'max_depth': 8, 'min_child_samples': 9, 'reg_alpha': 2.9533383235252932, 'reg_lambda': 0.0030829737361368244}
    保存完了: 芝1200m_v6hit_extreme

  芝1800m ...
    訓練 1253行 / テスト 332行 / 特徴量 66列
    最良パラメータ: {'n_estimators': 204, 'learning_rate': 0.034133501277301366, 'num_leaves': 64, 'max_depth': 5, 'min_child_samples': 9, 'reg_alpha': 0.014728979313855452, 'reg_lambda': 0.3097667446839119}
    保存完了: 芝1800m_v6hit_extreme

  芝2000m ...
    訓練 876行 / テスト 237行 / 特徴量 66列
    最良パラメータ: {'n_estimators': 226, 'learning_rate': 0.04915001811766011, 'num_leaves': 64, 'max_depth': 3, 'min_child_samples': 30, 'reg_alpha': 0.0017187236597393579, 'reg_lambda': 0.2968144150556035}
    保存完了: 芝2000m_v6hit_extreme

  芝2600m ...
    訓練 358行 / テスト 107行 / 特徴量 66列
    最良パラメータ: {'n_estimators': 128, 'learning_rate': 0.006110817364354473, 'num_leaves': 16, 'max_depth': 9, 'min_child_samples': 24, 'reg_alpha': 1.0595897111084032, 'reg_lambda': 2.527985846003494}
    保存完了: 芝2600m_v6hit_extreme

  ダート1000m ...
    訓練 1116行 / テスト 278行 / 特徴量 66列
    最良パラメータ: {'n_estimators': 320, 'learning_rate': 0.02595131508847582, 'num_leaves': 45, 'max_depth': 7, 'min_child_samples': 14, 'reg_alpha': 0.17613763016070647, 'reg_lambda': 0.03323102927882457}
    保存完了: ダート1000m_v6hit_extreme

  ダート1700m ...
    訓練 2303行 / テスト 576行 / 特徴量 66列
    最良パラメータ: {'n_estimators': 481, 'learning_rate': 0.04774816432813516, 'num_leaves': 62, 'max_depth': 6, 'min_child_samples': 29, 'reg_alpha': 0.046383763805220656, 'reg_lambda': 0.36271909307406064}
    保存完了: ダート1700m_v6hit_extreme

  ダート2400m ...
    訓練 119行 / テスト 32行 / 特徴量 66列
    最良パラメータ: {'n_estimators': 245, 'learning_rate': 0.018585180132685557, 'num_leaves': 37, 'max_depth': 10, 'min_child_samples': 3, 'reg_alpha': 0.00532463457929216, 'reg_lambda': 0.0036382518028858744}
    保存完了: ダート2400m_v6hit_extreme

=======================================================
[学習] 03_fukushima (place_id=3)
=======================================================

  芝1200m ...
    訓練 3882行 / テスト 972行 / 特徴量 66列
    最良パラメータ: {'n_estimators': 319, 'learning_rate': 0.024959290396749108, 'num_leaves': 64, 'max_depth': 6, 'min_child_samples': 23, 'reg_alpha': 0.6339591420329056, 'reg_lambda': 0.008758046252536133}
    保存完了: 芝1200m_v6hit_extreme

  芝1800m ...
    訓練 2126行 / テスト 534行 / 特徴量 66列
    最良パラメータ: {'n_estimators': 181, 'learning_rate': 0.009039228697972775, 'num_leaves': 56, 'max_depth': 7, 'min_child_samples': 11, 'reg_alpha': 0.7337460671027352, 'reg_lambda': 0.4141484899275859}
    保存完了: 芝1800m_v6hit_extreme

  芝2000m ...
    訓練 1794行 / テスト 455行 / 特徴量 66列
    最良パラメータ: {'n_estimators': 347, 'learning_rate': 0.020467543734830815, 'num_leaves': 46, 'max_depth': 10, 'min_child_samples': 21, 'reg_alpha': 0.017784946468432317, 'reg_lambda': 0.03308362546133902}
    保存完了: 芝2000m_v6hit_extreme

  芝2600m ...
    訓練 794行 / テスト 203行 / 特徴量 66列
    最良パラメータ: {'n_estimators': 488, 'learning_rate': 0.04923479759853233, 'num_leaves': 64, 'max_depth': 3, 'min_child_samples': 17, 'reg_alpha': 0.014515576738998013, 'reg_lambda': 2.521998215988086}
    保存完了: 芝2600m_v6hit_extreme

  ダート1150m ...
    訓練 2636行 / テスト 675行 / 特徴量 66列
    最良パラメータ: {'n_estimators': 191, 'learning_rate': 0.049675112002946914, 'num_leaves': 63, 'max_depth': 6, 'min_child_samples': 30, 'reg_alpha': 2.799548258557402, 'reg_lambda': 0.2526492307485363}
    保存完了: ダート1150m_v6hit_extreme

  ダート1700m ...
    訓練 4000行 / テスト 1010行 / 特徴量 66列
    最良パラメータ: {'n_estimators': 175, 'learning_rate': 0.02921290656405861, 'num_leaves': 55, 'max_depth': 7, 'min_child_samples': 2, 'reg_alpha': 0.5082296314559175, 'reg_lambda': 0.007129528759408253}
    保存完了: ダート1700m_v6hit_extreme

  ダート2400m ...
    訓練 116行 / テスト 28行 / 特徴量 66列
    最良パラメータ: {'n_estimators': 379, 'learning_rate': 0.005743749302159308, 'num_leaves': 48, 'max_depth': 8, 'min_child_samples': 4, 'reg_alpha': 0.0028073229099750295, 'reg_lambda': 0.012496333968303307}
    保存完了: ダート2400m_v6hit_extreme

=======================================================
[学習] 04_nigata (place_id=4)
=======================================================

  芝1000m ...
    訓練 3289行 / テスト 824行 / 特徴量 66列
    最良パラメータ: {'n_estimators': 457, 'learning_rate': 0.04598675496284059, 'num_leaves': 34, 'max_depth': 9, 'min_child_samples': 17, 'reg_alpha': 0.09444083473101433, 'reg_lambda': 1.653528726720999}
    保存完了: 芝1000m_v6hit_extreme

  芝1200m ...
    訓練 3289行 / テスト 824行 / 特徴量 66列
    最良パラメータ: {'n_estimators': 457, 'learning_rate': 0.04598675496284059, 'num_leaves': 34, 'max_depth': 9, 'min_child_samples': 17, 'reg_alpha': 0.09444083473101433, 'reg_lambda': 1.653528726720999}
    保存完了: 芝1200m_v6hit_extreme

  芝1400m ...
    訓練 6194行 / テスト 1550行 / 特徴量 66列
    最良パラメータ: {'n_estimators': 379, 'learning_rate': 0.005743749302159308, 'num_leaves': 48, 'max_depth': 8, 'min_child_samples': 8, 'reg_alpha': 0.0028073229099750295, 'reg_lambda': 0.012496333968303307}
    保存完了: 芝1400m_v6hit_extreme

  芝1600m ...
    訓練 6194行 / テスト 1550行 / 特徴量 66列
    最良パラメータ: {'n_estimators': 379, 'learning_rate': 0.005743749302159308, 'num_leaves': 48, 'max_depth': 8, 'min_child_samples': 8, 'reg_alpha': 0.0028073229099750295, 'reg_lambda': 0.012496333968303307}
    保存完了: 芝1600m_v6hit_extreme

  芝1800m ...
    訓練 6194行 / テスト 1550行 / 特徴量 66列
    最良パラメータ: {'n_estimators': 379, 'learning_rate': 0.005743749302159308, 'num_leaves': 48, 'max_depth': 8, 'min_child_samples': 8, 'reg_alpha': 0.0028073229099750295, 'reg_lambda': 0.012496333968303307}
    保存完了: 芝1800m_v6hit_extreme

  芝2000m ...
    訓練 1830行 / テスト 460行 / 特徴量 66列
    最良パラメータ: {'n_estimators': 284, 'learning_rate': 0.00502520719531968, 'num_leaves': 45, 'max_depth': 7, 'min_child_samples': 11, 'reg_alpha': 0.018730761245437124, 'reg_lambda': 0.14673111767109484}
    保存完了: 芝2000m_v6hit_extreme

  芝2200m ...
    訓練 1015行 / テスト 259行 / 特徴量 66列
    最良パラメータ: {'n_estimators': 233, 'learning_rate': 0.02747367674792749, 'num_leaves': 63, 'max_depth': 6, 'min_child_samples': 9, 'reg_alpha': 0.01477558042846742, 'reg_lambda': 0.006416944137613153}
    保存完了: 芝2200m_v6hit_extreme

  芝2400m ...
    訓練 1015行 / テスト 259行 / 特徴量 66列
    最良パラメータ: {'n_estimators': 233, 'learning_rate': 0.02747367674792749, 'num_leaves': 63, 'max_depth': 6, 'min_child_samples': 9, 'reg_alpha': 0.01477558042846742, 'reg_lambda': 0.006416944137613153}
    保存完了: 芝2400m_v6hit_extreme

  ダート1200m ...
    訓練 4521行 / テスト 1135行 / 特徴量 66列
    最良パラメータ: {'n_estimators': 242, 'learning_rate': 0.030557331023199064, 'num_leaves': 64, 'max_depth': 7, 'min_child_samples': 11, 'reg_alpha': 0.001145610741763563, 'reg_lambda': 0.008475985132322311}
    保存完了: ダート1200m_v6hit_extreme

  ダート1800m ...
    訓練 5344行 / テスト 1342行 / 特徴量 66列
    最良パラメータ: {'n_estimators': 419, 'learning_rate': 0.010613306375309734, 'num_leaves': 57, 'max_depth': 5, 'min_child_samples': 12, 'reg_alpha': 0.007154333511217147, 'reg_lambda': 0.8611752215058063}
    保存完了: ダート1800m_v6hit_extreme

  ダート2500m ...
    訓練 79行 / テスト 26行 / 特徴量 66列
    最良パラメータ: {'n_estimators': 221, 'learning_rate': 0.04750403931085677, 'num_leaves': 62, 'max_depth': 6, 'min_child_samples': 7, 'reg_alpha': 2.584006683164645, 'reg_lambda': 0.17519147151832634}
    保存完了: ダート2500m_v6hit_extreme

=======================================================
[学習] 05_tokyo (place_id=5)
=======================================================

  芝1400m ...
    訓練 13053行 / テスト 3274行 / 特徴量 66列
    最良パラメータ: {'n_estimators': 245, 'learning_rate': 0.018585180132685557, 'num_leaves': 37, 'max_depth': 10, 'min_child_samples': 4, 'reg_alpha': 0.00532463457929216, 'reg_lambda': 0.0036382518028858744}
    保存完了: 芝1400m_v6hit_extreme

  芝1600m ...
    訓練 13053行 / テスト 3274行 / 特徴量 66列
    最良パラメータ: {'n_estimators': 245, 'learning_rate': 0.018585180132685557, 'num_leaves': 37, 'max_depth': 10, 'min_child_samples': 4, 'reg_alpha': 0.00532463457929216, 'reg_lambda': 0.0036382518028858744}
    保存完了: 芝1600m_v6hit_extreme

  芝1800m ...
    訓練 13053行 / テスト 3274行 / 特徴量 66列
    最良パラメータ: {'n_estimators': 245, 'learning_rate': 0.018585180132685557, 'num_leaves': 37, 'max_depth': 10, 'min_child_samples': 4, 'reg_alpha': 0.00532463457929216, 'reg_lambda': 0.0036382518028858744}
    保存完了: 芝1800m_v6hit_extreme

  芝2000m ...
    訓練 2519行 / テスト 638行 / 特徴量 66列
    最良パラメータ: {'n_estimators': 409, 'learning_rate': 0.038542988614208996, 'num_leaves': 25, 'max_depth': 5, 'min_child_samples': 26, 'reg_alpha': 0.030154664295175063, 'reg_lambda': 0.0994830441289783}
    保存完了: 芝2000m_v6hit_extreme

  芝2300m ...
    訓練 2256行 / テスト 584行 / 特徴量 66列
    最良パラメータ: {'n_estimators': 433, 'learning_rate': 0.0257454665879812, 'num_leaves': 40, 'max_depth': 8, 'min_child_samples': 24, 'reg_alpha': 0.06336208806983468, 'reg_lambda': 0.8611752215058063}
    保存完了: 芝2300m_v6hit_extreme

  芝2400m ...
    訓練 2256行 / テスト 584行 / 特徴量 66列
    最良パラメータ: {'n_estimators': 433, 'learning_rate': 0.0257454665879812, 'num_leaves': 40, 'max_depth': 8, 'min_child_samples': 24, 'reg_alpha': 0.06336208806983468, 'reg_lambda': 0.8611752215058063}
    保存完了: 芝2400m_v6hit_extreme

  芝2500m ...
    訓練 2256行 / テスト 584行 / 特徴量 66列
    最良パラメータ: {'n_estimators': 433, 'learning_rate': 0.0257454665879812, 'num_leaves': 40, 'max_depth': 8, 'min_child_samples': 24, 'reg_alpha': 0.06336208806983468, 'reg_lambda': 0.8611752215058063}
    保存完了: 芝2500m_v6hit_extreme

  芝3400m ...
    訓練 71行 / テスト 32行 / 特徴量 66列
    最良パラメータ: {'n_estimators': 361, 'learning_rate': 0.008959042707720502, 'num_leaves': 38, 'max_depth': 4, 'min_child_samples': 2, 'reg_alpha': 0.0024198461178770677, 'reg_lambda': 0.19148623742082843}
    保存完了: 芝3400m_v6hit_extreme

  ダート1300m ...
    訓練 1917行 / テスト 495行 / 特徴量 66列
    最良パラメータ: {'n_estimators': 108, 'learning_rate': 0.04632937655415707, 'num_leaves': 62, 'max_depth': 6, 'min_child_samples': 29, 'reg_alpha': 2.6345228754989987, 'reg_lambda': 0.2106192817448327}
    保存完了: ダート1300m_v6hit_extreme

  ダート1400m ...
    訓練 16495行 / テスト 4138行 / 特徴量 66列
    最良パラメータ: {'n_estimators': 379, 'learning_rate': 0.005743749302159308, 'num_leaves': 48, 'max_depth': 8, 'min_child_samples': 8, 'reg_alpha': 0.0028073229099750295, 'reg_lambda': 0.012496333968303307}
    保存完了: ダート1400m_v6hit_extreme

  ダート1600m ...
    訓練 16495行 / テスト 4138行 / 特徴量 66列
    最良パラメータ: {'n_estimators': 379, 'learning_rate': 0.005743749302159308, 'num_leaves': 48, 'max_depth': 8, 'min_child_samples': 8, 'reg_alpha': 0.0028073229099750295, 'reg_lambda': 0.012496333968303307}
    保存完了: ダート1600m_v6hit_extreme

  ダート2100m ...
    訓練 2922行 / テスト 736行 / 特徴量 66列
    最良パラメータ: {'n_estimators': 347, 'learning_rate': 0.020467543734830815, 'num_leaves': 46, 'max_depth': 10, 'min_child_samples': 21, 'reg_alpha': 0.017784946468432317, 'reg_lambda': 0.03308362546133902}
    保存完了: ダート2100m_v6hit_extreme

  ダート2400m ...
    v4データなし: スキップ

=======================================================
[学習] 06_nakayama (place_id=6)
=======================================================

  芝1200m ...
    訓練 2570行 / テスト 644行 / 特徴量 66列
    最良パラメータ: {'n_estimators': 406, 'learning_rate': 0.018377283006661662, 'num_leaves': 59, 'max_depth': 8, 'min_child_samples': 9, 'reg_alpha': 0.0012317380169253823, 'reg_lambda': 0.0024706179666749246}
    保存完了: 芝1200m_v6hit_extreme

  芝1600m ...
    訓練 7178行 / テスト 1801行 / 特徴量 66列
    最良パラメータ: {'n_estimators': 457, 'learning_rate': 0.04598675496284059, 'num_leaves': 34, 'max_depth': 9, 'min_child_samples': 17, 'reg_alpha': 0.09444083473101433, 'reg_lambda': 1.653528726720999}
    保存完了: 芝1600m_v6hit_extreme

  芝1800m ...
    訓練 7178行 / テスト 1801行 / 特徴量 66列
    最良パラメータ: {'n_estimators': 457, 'learning_rate': 0.04598675496284059, 'num_leaves': 34, 'max_depth': 9, 'min_child_samples': 17, 'reg_alpha': 0.09444083473101433, 'reg_lambda': 1.653528726720999}
    保存完了: 芝1800m_v6hit_extreme

  芝2000m ...
    訓練 3715行 / テスト 937行 / 特徴量 66列
    最良パラメータ: {'n_estimators': 268, 'learning_rate': 0.034133501277301366, 'num_leaves': 31, 'max_depth': 8, 'min_child_samples': 5, 'reg_alpha': 0.0010444091138325504, 'reg_lambda': 0.013875354368542706}
    保存完了: 芝2000m_v6hit_extreme

  芝2200m ...
    訓練 2024行 / テスト 513行 / 特徴量 66列
    最良パラメータ: {'n_estimators': 155, 'learning_rate': 0.007862349874524862, 'num_leaves': 34, 'max_depth': 9, 'min_child_samples': 4, 'reg_alpha': 0.8196643530198039, 'reg_lambda': 0.0021584690047057415}
    保存完了: 芝2200m_v6hit_extreme

  芝2500m ...
    訓練 2024行 / テスト 513行 / 特徴量 66列
    最良パラメータ: {'n_estimators': 155, 'learning_rate': 0.007862349874524862, 'num_leaves': 34, 'max_depth': 9, 'min_child_samples': 4, 'reg_alpha': 0.8196643530198039, 'reg_lambda': 0.0021584690047057415}
    保存完了: 芝2500m_v6hit_extreme

  芝3600m ...
    訓練 58行 / テスト 28行 / 特徴量 66列
    最良パラメータ: {'n_estimators': 245, 'learning_rate': 0.018585180132685557, 'num_leaves': 37, 'max_depth': 10, 'min_child_samples': 2, 'reg_alpha': 0.00532463457929216, 'reg_lambda': 0.0036382518028858744}
    保存完了: 芝3600m_v6hit_extreme

  ダート1200m ...
    訓練 10332行 / テスト 2589行 / 特徴量 66列
    最良パラメータ: {'n_estimators': 457, 'learning_rate': 0.04598675496284059, 'num_leaves': 34, 'max_depth': 9, 'min_child_samples': 17, 'reg_alpha': 0.09444083473101433, 'reg_lambda': 1.653528726720999}
    保存完了: ダート1200m_v6hit_extreme

  ダート1800m ...
    訓練 10850行 / テスト 2723行 / 特徴量 66列
    最良パラメータ: {'n_estimators': 320, 'learning_rate': 0.02595131508847582, 'num_leaves': 45, 'max_depth': 7, 'min_child_samples': 14, 'reg_alpha': 0.17613763016070647, 'reg_lambda': 0.03323102927882457}
    保存完了: ダート1800m_v6hit_extreme

  ダート2400m ...
    訓練 739行 / テスト 186行 / 特徴量 66列
    最良パラメータ: {'n_estimators': 242, 'learning_rate': 0.03369407327714159, 'num_leaves': 64, 'max_depth': 5, 'min_child_samples': 30, 'reg_alpha': 0.026777472829489946, 'reg_lambda': 0.2793068108488015}
    保存完了: ダート2400m_v6hit_extreme

  ダート2500m ...
    訓練 739行 / テスト 186行 / 特徴量 66列
    最良パラメータ: {'n_estimators': 242, 'learning_rate': 0.03369407327714159, 'num_leaves': 64, 'max_depth': 5, 'min_child_samples': 30, 'reg_alpha': 0.026777472829489946, 'reg_lambda': 0.2793068108488015}
    保存完了: ダート2500m_v6hit_extreme

=======================================================
[学習] 07_chukyo (place_id=7)
=======================================================

  芝1200m ...
    訓練 1706行 / テスト 440行 / 特徴量 66列
    最良パラメータ: {'n_estimators': 457, 'learning_rate': 0.04598675496284059, 'num_leaves': 34, 'max_depth': 9, 'min_child_samples': 17, 'reg_alpha': 0.09444083473101433, 'reg_lambda': 1.653528726720999}
    保存完了: 芝1200m_v6hit_extreme

  芝1400m ...
    訓練 5259行 / テスト 1328行 / 特徴量 66列
    最良パラメータ: {'n_estimators': 218, 'learning_rate': 0.02980376054635006, 'num_leaves': 24, 'max_depth': 7, 'min_child_samples': 11, 'reg_alpha': 0.388185583942277, 'reg_lambda': 0.02520473187018195}
    保存完了: 芝1400m_v6hit_extreme

  芝1600m ...
    訓練 5259行 / テスト 1328行 / 特徴量 66列
    最良パラメータ: {'n_estimators': 218, 'learning_rate': 0.02980376054635006, 'num_leaves': 24, 'max_depth': 7, 'min_child_samples': 11, 'reg_alpha': 0.388185583942277, 'reg_lambda': 0.02520473187018195}
    保存完了: 芝1600m_v6hit_extreme

  芝2000m ...
    訓練 3437行 / テスト 867行 / 特徴量 66列
    最良パラメータ: {'n_estimators': 347, 'learning_rate': 0.020467543734830815, 'num_leaves': 46, 'max_depth': 10, 'min_child_samples': 21, 'reg_alpha': 0.017784946468432317, 'reg_lambda': 0.03308362546133902}
    保存完了: 芝2000m_v6hit_extreme

  芝2200m ...
    訓練 1410行 / テスト 353行 / 特徴量 66列
    最良パラメータ: {'n_estimators': 192, 'learning_rate': 0.015002346072291716, 'num_leaves': 54, 'max_depth': 6, 'min_child_samples': 9, 'reg_alpha': 0.4280512969386189, 'reg_lambda': 0.0034214424467354145}
    保存完了: 芝2200m_v6hit_extreme

  ダート1200m ...
    訓練 3321行 / テスト 841行 / 特徴量 66列
    最良パラメータ: {'n_estimators': 268, 'learning_rate': 0.03752323321510454, 'num_leaves': 57, 'max_depth': 5, 'min_child_samples': 27, 'reg_alpha': 0.0010798316973333081, 'reg_lambda': 0.5457052813249155}
    保存完了: ダート1200m_v6hit_extreme

  ダート1400m ...
    訓練 10270行 / テスト 2583行 / 特徴量 66列
    最良パラメータ: {'n_estimators': 420, 'learning_rate': 0.014469361482488454, 'num_leaves': 54, 'max_depth': 3, 'min_child_samples': 20, 'reg_alpha': 0.003151060651827965, 'reg_lambda': 1.9263197180254745}
    保存完了: ダート1400m_v6hit_extreme

  ダート1800m ...
    訓練 10270行 / テスト 2583行 / 特徴量 66列
    最良パラメータ: {'n_estimators': 420, 'learning_rate': 0.014469361482488454, 'num_leaves': 54, 'max_depth': 3, 'min_child_samples': 20, 'reg_alpha': 0.003151060651827965, 'reg_lambda': 1.9263197180254745}
    保存完了: ダート1800m_v6hit_extreme

  ダート1900m ...
    訓練 1891行 / テスト 481行 / 特徴量 66列
    最良パラメータ: {'n_estimators': 294, 'learning_rate': 0.033011087666057044, 'num_leaves': 55, 'max_depth': 5, 'min_child_samples': 25, 'reg_alpha': 0.26122506198087836, 'reg_lambda': 0.07267956393697886}
    保存完了: ダート1900m_v6hit_extreme

=======================================================
[学習] 08_kyoto (place_id=8)
=======================================================

  芝1200m ...
    訓練 1172行 / テスト 299行 / 特徴量 66列
    最良パラメータ: {'n_estimators': 230, 'learning_rate': 0.012920946447288919, 'num_leaves': 54, 'max_depth': 6, 'min_child_samples': 20, 'reg_alpha': 2.7872646049440464, 'reg_lambda': 2.692374815050933}
    保存完了: 芝1200m_v6hit_extreme

  芝1400m ...
    訓練 6044行 / テスト 1532行 / 特徴量 66列
    最良パラメータ: {'n_estimators': 347, 'learning_rate': 0.020467543734830815, 'num_leaves': 46, 'max_depth': 10, 'min_child_samples': 21, 'reg_alpha': 0.017784946468432317, 'reg_lambda': 0.03308362546133902}
    保存完了: 芝1400m_v6hit_extreme

  芝1600m ...
    訓練 6044行 / テスト 1532行 / 特徴量 66列
    最良パラメータ: {'n_estimators': 347, 'learning_rate': 0.020467543734830815, 'num_leaves': 46, 'max_depth': 10, 'min_child_samples': 21, 'reg_alpha': 0.017784946468432317, 'reg_lambda': 0.03308362546133902}
    保存完了: 芝1600m_v6hit_extreme

  芝1800m ...
    訓練 6044行 / テスト 1532行 / 特徴量 66列
    最良パラメータ: {'n_estimators': 347, 'learning_rate': 0.020467543734830815, 'num_leaves': 46, 'max_depth': 10, 'min_child_samples': 21, 'reg_alpha': 0.017784946468432317, 'reg_lambda': 0.03308362546133902}
    保存完了: 芝1800m_v6hit_extreme

  芝2000m ...
    訓練 1707行 / テスト 426行 / 特徴量 66列
    最良パラメータ: {'n_estimators': 309, 'learning_rate': 0.01299068177733171, 'num_leaves': 28, 'max_depth': 9, 'min_child_samples': 15, 'reg_alpha': 0.09473572117188851, 'reg_lambda': 0.0011623432943295802}
    保存完了: 芝2000m_v6hit_extreme

  芝2200m ...
    訓練 1272行 / テスト 318行 / 特徴量 66列
    最良パラメータ: {'n_estimators': 309, 'learning_rate': 0.01299068177733171, 'num_leaves': 28, 'max_depth': 9, 'min_child_samples': 15, 'reg_alpha': 0.09473572117188851, 'reg_lambda': 0.0011623432943295802}
    保存完了: 芝2200m_v6hit_extreme

  芝2400m ...
    訓練 1272行 / テスト 318行 / 特徴量 66列
    最良パラメータ: {'n_estimators': 309, 'learning_rate': 0.01299068177733171, 'num_leaves': 28, 'max_depth': 9, 'min_child_samples': 15, 'reg_alpha': 0.09473572117188851, 'reg_lambda': 0.0011623432943295802}
    保存完了: 芝2400m_v6hit_extreme

  芝3000m ...
    訓練 178行 / テスト 47行 / 特徴量 66列
    最良パラメータ: {'n_estimators': 264, 'learning_rate': 0.02210514733717751, 'num_leaves': 44, 'max_depth': 7, 'min_child_samples': 6, 'reg_alpha': 0.03020177620899723, 'reg_lambda': 0.00941825763698229}
    保存完了: 芝3000m_v6hit_extreme

  芝3200m ...
    訓練 178行 / テスト 47行 / 特徴量 66列
    最良パラメータ: {'n_estimators': 264, 'learning_rate': 0.02210514733717751, 'num_leaves': 44, 'max_depth': 7, 'min_child_samples': 6, 'reg_alpha': 0.03020177620899723, 'reg_lambda': 0.00941825763698229}
    保存完了: 芝3200m_v6hit_extreme

  ダート1200m ...
    訓練 2863行 / テスト 724行 / 特徴量 66列
    最良パラメータ: {'n_estimators': 181, 'learning_rate': 0.037288998654792405, 'num_leaves': 56, 'max_depth': 7, 'min_child_samples': 26, 'reg_alpha': 0.0010666784520768683, 'reg_lambda': 0.5993518563744005}
    保存完了: ダート1200m_v6hit_extreme

  ダート1400m ...
    訓練 8486行 / テスト 2129行 / 特徴量 66列
    最良パラメータ: {'n_estimators': 245, 'learning_rate': 0.018585180132685557, 'num_leaves': 37, 'max_depth': 10, 'min_child_samples': 4, 'reg_alpha': 0.00532463457929216, 'reg_lambda': 0.0036382518028858744}
    保存完了: ダート1400m_v6hit_extreme

  ダート1800m ...
    訓練 8486行 / テスト 2129行 / 特徴量 66列
    最良パラメータ: {'n_estimators': 245, 'learning_rate': 0.018585180132685557, 'num_leaves': 37, 'max_depth': 10, 'min_child_samples': 4, 'reg_alpha': 0.00532463457929216, 'reg_lambda': 0.0036382518028858744}
    保存完了: ダート1800m_v6hit_extreme

  ダート1900m ...
    訓練 1326行 / テスト 340行 / 特徴量 66列
    最良パラメータ: {'n_estimators': 480, 'learning_rate': 0.049671569233364084, 'num_leaves': 63, 'max_depth': 5, 'min_child_samples': 28, 'reg_alpha': 0.25706281830353156, 'reg_lambda': 0.3761007628247106}
    保存完了: ダート1900m_v6hit_extreme

=======================================================
[学習] 09_hanshin (place_id=9)
=======================================================

  芝1200m ...
    訓練 1484行 / テスト 387行 / 特徴量 66列
    最良パラメータ: {'n_estimators': 457, 'learning_rate': 0.04598675496284059, 'num_leaves': 34, 'max_depth': 9, 'min_child_samples': 17, 'reg_alpha': 0.09444083473101433, 'reg_lambda': 1.653528726720999}
    保存完了: 芝1200m_v6hit_extreme

  芝1400m ...
    訓練 8685行 / テスト 2189行 / 特徴量 66列
    最良パラメータ: {'n_estimators': 146, 'learning_rate': 0.012191890233176001, 'num_leaves': 28, 'max_depth': 7, 'min_child_samples': 21, 'reg_alpha': 0.04684392054052359, 'reg_lambda': 0.10141298044887512}
    保存完了: 芝1400m_v6hit_extreme

  芝1600m ...
    訓練 8685行 / テスト 2189行 / 特徴量 66列
    最良パラメータ: {'n_estimators': 146, 'learning_rate': 0.012191890233176001, 'num_leaves': 28, 'max_depth': 7, 'min_child_samples': 21, 'reg_alpha': 0.04684392054052359, 'reg_lambda': 0.10141298044887512}
    保存完了: 芝1600m_v6hit_extreme

  芝1800m ...
    訓練 8685行 / テスト 2189行 / 特徴量 66列
    最良パラメータ: {'n_estimators': 146, 'learning_rate': 0.012191890233176001, 'num_leaves': 28, 'max_depth': 7, 'min_child_samples': 21, 'reg_alpha': 0.04684392054052359, 'reg_lambda': 0.10141298044887512}
    保存完了: 芝1800m_v6hit_extreme

  芝2000m ...
    訓練 2453行 / テスト 619行 / 特徴量 66列
    最良パラメータ: {'n_estimators': 159, 'learning_rate': 0.007331008667818956, 'num_leaves': 24, 'max_depth': 8, 'min_child_samples': 21, 'reg_alpha': 0.027303883295203696, 'reg_lambda': 2.7398938855660058}
    保存完了: 芝2000m_v6hit_extreme

  芝2200m ...
    訓練 1759行 / テスト 441行 / 特徴量 66列
    最良パラメータ: {'n_estimators': 213, 'learning_rate': 0.010205396876911162, 'num_leaves': 24, 'max_depth': 10, 'min_child_samples': 3, 'reg_alpha': 0.016364162872968806, 'reg_lambda': 0.001293646798331171}
    保存完了: 芝2200m_v6hit_extreme

  芝2400m ...
    訓練 1759行 / テスト 441行 / 特徴量 66列
    最良パラメータ: {'n_estimators': 213, 'learning_rate': 0.010205396876911162, 'num_leaves': 24, 'max_depth': 10, 'min_child_samples': 3, 'reg_alpha': 0.016364162872968806, 'reg_lambda': 0.001293646798331171}
    保存完了: 芝2400m_v6hit_extreme

  芝2600m ...
    訓練 1759行 / テスト 441行 / 特徴量 66列
    最良パラメータ: {'n_estimators': 213, 'learning_rate': 0.010205396876911162, 'num_leaves': 24, 'max_depth': 10, 'min_child_samples': 3, 'reg_alpha': 0.016364162872968806, 'reg_lambda': 0.001293646798331171}
    保存完了: 芝2600m_v6hit_extreme

  芝3000m ...
    訓練 150行 / テスト 41行 / 特徴量 66列
    最良パラメータ: {'n_estimators': 320, 'learning_rate': 0.02595131508847582, 'num_leaves': 45, 'max_depth': 7, 'min_child_samples': 7, 'reg_alpha': 0.17613763016070647, 'reg_lambda': 0.03323102927882457}
    保存完了: 芝3000m_v6hit_extreme

  ダート1200m ...
    訓練 4766行 / テスト 1201行 / 特徴量 66列
    最良パラメータ: {'n_estimators': 490, 'learning_rate': 0.028004927700635972, 'num_leaves': 54, 'max_depth': 7, 'min_child_samples': 24, 'reg_alpha': 0.03931335721828287, 'reg_lambda': 0.030370492755553185}
    保存完了: ダート1200m_v6hit_extreme

  ダート1400m ...
    訓練 13770行 / テスト 3443行 / 特徴量 66列
    最良パラメータ: {'n_estimators': 170, 'learning_rate': 0.018086177876485927, 'num_leaves': 23, 'max_depth': 8, 'min_child_samples': 2, 'reg_alpha': 2.7934812354174006, 'reg_lambda': 0.7508063752553096}
    保存完了: ダート1400m_v6hit_extreme

  ダート1800m ...
    訓練 13770行 / テスト 3443行 / 特徴量 66列
    最良パラメータ: {'n_estimators': 170, 'learning_rate': 0.018086177876485927, 'num_leaves': 23, 'max_depth': 8, 'min_child_samples': 2, 'reg_alpha': 2.7934812354174006, 'reg_lambda': 0.7508063752553096}
    保存完了: ダート1800m_v6hit_extreme

  ダート2000m ...
    訓練 1344行 / テスト 341行 / 特徴量 66列
    最良パラメータ: {'n_estimators': 288, 'learning_rate': 0.03750428129645759, 'num_leaves': 50, 'max_depth': 4, 'min_child_samples': 21, 'reg_alpha': 0.010756574618024654, 'reg_lambda': 0.011668422056936367}
    保存完了: ダート2000m_v6hit_extreme

=======================================================
[学習] 10_kokura (place_id=10)
=======================================================

  芝1200m ...
    訓練 5914行 / テスト 1498行 / 特徴量 66列
    最良パラメータ: {'n_estimators': 190, 'learning_rate': 0.029184988275908593, 'num_leaves': 64, 'max_depth': 5, 'min_child_samples': 16, 'reg_alpha': 0.023547952625390396, 'reg_lambda': 0.12295311315244085}
    保存完了: 芝1200m_v6hit_extreme

  芝1700m ...
    訓練 2915行 / テスト 738行 / 特徴量 66列
    最良パラメータ: {'n_estimators': 261, 'learning_rate': 0.03172108827798102, 'num_leaves': 26, 'max_depth': 6, 'min_child_samples': 25, 'reg_alpha': 0.027303883295203696, 'reg_lambda': 0.06886287041879764}
    保存完了: 芝1700m_v6hit_extreme

  芝1800m ...
    訓練 2915行 / テスト 738行 / 特徴量 66列
    最良パラメータ: {'n_estimators': 261, 'learning_rate': 0.03172108827798102, 'num_leaves': 26, 'max_depth': 6, 'min_child_samples': 25, 'reg_alpha': 0.027303883295203696, 'reg_lambda': 0.06886287041879764}
    保存完了: 芝1800m_v6hit_extreme

  芝2000m ...
    訓練 2757行 / テスト 690行 / 特徴量 66列
    最良パラメータ: {'n_estimators': 487, 'learning_rate': 0.02921290656405861, 'num_leaves': 61, 'max_depth': 6, 'min_child_samples': 10, 'reg_alpha': 0.0011570182739689889, 'reg_lambda': 0.008388439870021377}
    保存完了: 芝2000m_v6hit_extreme

  芝2600m ...
    訓練 691行 / テスト 178行 / 特徴量 66列
    最良パラメータ: {'n_estimators': 268, 'learning_rate': 0.034133501277301366, 'num_leaves': 31, 'max_depth': 8, 'min_child_samples': 5, 'reg_alpha': 0.0010444091138325504, 'reg_lambda': 0.013875354368542706}
    保存完了: 芝2600m_v6hit_extreme

  ダート1000m ...
    訓練 2089行 / テスト 530行 / 特徴量 66列
    最良パラメータ: {'n_estimators': 303, 'learning_rate': 0.025784489112771408, 'num_leaves': 48, 'max_depth': 7, 'min_child_samples': 24, 'reg_alpha': 0.383774835791125, 'reg_lambda': 0.055518991432425}
    保存完了: ダート1000m_v6hit_extreme

  ダート1700m ...
    訓練 5093行 / テスト 1290行 / 特徴量 66列
    最良パラメータ: {'n_estimators': 481, 'learning_rate': 0.04774816432813516, 'num_leaves': 62, 'max_depth': 6, 'min_child_samples': 29, 'reg_alpha': 0.046383763805220656, 'reg_lambda': 0.36271909307406064}
    保存完了: ダート1700m_v6hit_extreme

  ダート2400m ...
    訓練 131行 / テスト 35行 / 特徴量 66列
    最良パラメータ: {'n_estimators': 180, 'learning_rate': 0.04898972583838678, 'num_leaves': 17, 'max_depth': 7, 'min_child_samples': 12, 'reg_alpha': 2.981200837076743, 'reg_lambda': 2.521998215988086}
    保存完了: ダート2400m_v6hit_extreme

=======================================================
完了
=======================================================
