=======================================================
v6hit モデル学習（的中率重視・v4データセット流用）
対象場: 全10場  訓練年: 2020～2026
label_gain: [0, 1, 3, 7, 60]  （1着gain=60）
=======================================================

=======================================================
[学習] 01_sapporo (place_id=1)
=======================================================

  芝1000m ...
    訓練 1753行 / テスト 440行 / 特徴量 66列
    最良パラメータ: {'n_estimators': 361, 'learning_rate': 0.008959042707720502, 'num_leaves': 38, 'max_depth': 4, 'min_child_samples': 6, 'reg_alpha': 0.0024198461178770677, 'reg_lambda': 0.19148623742082843}
    保存完了: 芝1000m_v6hit

  芝1200m ...
    訓練 1753行 / テスト 440行 / 特徴量 66列
    最良パラメータ: {'n_estimators': 361, 'learning_rate': 0.008959042707720502, 'num_leaves': 38, 'max_depth': 4, 'min_child_samples': 6, 'reg_alpha': 0.0024198461178770677, 'reg_lambda': 0.19148623742082843}
    保存完了: 芝1200m_v6hit

  芝1500m ...
    訓練 2265行 / テスト 577行 / 特徴量 66列
    最良パラメータ: {'n_estimators': 347, 'learning_rate': 0.020467543734830815, 'num_leaves': 46, 'max_depth': 10, 'min_child_samples': 21, 'reg_alpha': 0.017784946468432317, 'reg_lambda': 0.03308362546133902}
    保存完了: 芝1500m_v6hit

  芝1800m ...
    訓練 2265行 / テスト 577行 / 特徴量 66列
    最良パラメータ: {'n_estimators': 347, 'learning_rate': 0.020467543734830815, 'num_leaves': 46, 'max_depth': 10, 'min_child_samples': 21, 'reg_alpha': 0.017784946468432317, 'reg_lambda': 0.03308362546133902}
    保存完了: 芝1800m_v6hit

  芝2000m ...
    訓練 1420行 / テスト 361行 / 特徴量 66列
    最良パラメータ: {'n_estimators': 403, 'learning_rate': 0.03499618699204475, 'num_leaves': 55, 'max_depth': 5, 'min_child_samples': 9, 'reg_alpha': 0.010275635120565604, 'reg_lambda': 0.004851098351756485}
    保存完了: 芝2000m_v6hit

  芝2600m ...
    訓練 525行 / テスト 134行 / 特徴量 66列
    最良パラメータ: {'n_estimators': 221, 'learning_rate': 0.04750403931085677, 'num_leaves': 62, 'max_depth': 6, 'min_child_samples': 29, 'reg_alpha': 2.584006683164645, 'reg_lambda': 0.17519147151832634}
    保存完了: 芝2600m_v6hit

  ダート1000m ...
    訓練 979行 / テスト 244行 / 特徴量 66列
    最良パラメータ: {'n_estimators': 165, 'learning_rate': 0.034636964025261986, 'num_leaves': 50, 'max_depth': 8, 'min_child_samples': 15, 'reg_alpha': 0.0011263989071582212, 'reg_lambda': 0.02099284144108646}
    保存完了: ダート1000m_v6hit

  ダート1700m ...
    訓練 3101行 / テスト 790行 / 特徴量 66列
    最良パラメータ: {'n_estimators': 414, 'learning_rate': 0.03062710814429584, 'num_leaves': 59, 'max_depth': 5, 'min_child_samples': 12, 'reg_alpha': 0.026375710923741805, 'reg_lambda': 0.597947047026424}
    保存完了: ダート1700m_v6hit

  ダート2400m ...
    訓練 105行 / テスト 34行 / 特徴量 66列
    最良パラメータ: {'n_estimators': 159, 'learning_rate': 0.01709741698366094, 'num_leaves': 28, 'max_depth': 7, 'min_child_samples': 8, 'reg_alpha': 0.3288191100299443, 'reg_lambda': 0.10141298044887512}
    保存完了: ダート2400m_v6hit

=======================================================
[学習] 02_hakodate (place_id=2)
=======================================================

  芝1000m ...
    訓練 2759行 / テスト 697行 / 特徴量 66列
    最良パラメータ: {'n_estimators': 309, 'learning_rate': 0.01299068177733171, 'num_leaves': 28, 'max_depth': 9, 'min_child_samples': 15, 'reg_alpha': 0.09473572117188851, 'reg_lambda': 0.0011623432943295802}
    保存完了: 芝1000m_v6hit

  芝1200m ...
    訓練 2759行 / テスト 697行 / 特徴量 66列
    最良パラメータ: {'n_estimators': 309, 'learning_rate': 0.01299068177733171, 'num_leaves': 28, 'max_depth': 9, 'min_child_samples': 15, 'reg_alpha': 0.09473572117188851, 'reg_lambda': 0.0011623432943295802}
    保存完了: 芝1200m_v6hit

  芝1800m ...
    訓練 1253行 / テスト 332行 / 特徴量 66列
    最良パラメータ: {'n_estimators': 278, 'learning_rate': 0.015532034426630445, 'num_leaves': 58, 'max_depth': 7, 'min_child_samples': 26, 'reg_alpha': 0.04764322094376655, 'reg_lambda': 0.009028187254456794}
    保存完了: 芝1800m_v6hit

  芝2000m ...
    訓練 876行 / テスト 237行 / 特徴量 66列
    最良パラメータ: {'n_estimators': 480, 'learning_rate': 0.04640390626234847, 'num_leaves': 62, 'max_depth': 3, 'min_child_samples': 29, 'reg_alpha': 0.001098564944856228, 'reg_lambda': 0.36069163975392604}
    保存完了: 芝2000m_v6hit

  芝2600m ...
    訓練 358行 / テスト 107行 / 特徴量 66列
    最良パラメータ: {'n_estimators': 181, 'learning_rate': 0.03797951434557269, 'num_leaves': 44, 'max_depth': 3, 'min_child_samples': 21, 'reg_alpha': 0.001081411318914558, 'reg_lambda': 0.04557571886979141}
    保存完了: 芝2600m_v6hit

  ダート1000m ...
    訓練 1116行 / テスト 278行 / 特徴量 66列
    最良パラメータ: {'n_estimators': 309, 'learning_rate': 0.01299068177733171, 'num_leaves': 28, 'max_depth': 9, 'min_child_samples': 15, 'reg_alpha': 0.09473572117188851, 'reg_lambda': 0.0011623432943295802}
    保存完了: ダート1000m_v6hit

  ダート1700m ...
    訓練 2303行 / テスト 576行 / 特徴量 66列
    最良パラメータ: {'n_estimators': 475, 'learning_rate': 0.04918844657933028, 'num_leaves': 24, 'max_depth': 7, 'min_child_samples': 13, 'reg_alpha': 0.1460928915744875, 'reg_lambda': 0.24348240579548808}
    保存完了: ダート1700m_v6hit

  ダート2400m ...
    訓練 119行 / テスト 32行 / 特徴量 66列
    最良パラメータ: {'n_estimators': 379, 'learning_rate': 0.005743749302159308, 'num_leaves': 48, 'max_depth': 8, 'min_child_samples': 4, 'reg_alpha': 0.0028073229099750295, 'reg_lambda': 0.012496333968303307}
    保存完了: ダート2400m_v6hit

=======================================================
[学習] 03_fukushima (place_id=3)
=======================================================

  芝1200m ...
    訓練 3882行 / テスト 972行 / 特徴量 66列
    最良パラメータ: {'n_estimators': 487, 'learning_rate': 0.00507574424116123, 'num_leaves': 63, 'max_depth': 6, 'min_child_samples': 9, 'reg_alpha': 0.014891314163139279, 'reg_lambda': 0.2636723611782621}
    保存完了: 芝1200m_v6hit

  芝1800m ...
    訓練 2126行 / テスト 534行 / 特徴量 66列
    最良パラメータ: {'n_estimators': 347, 'learning_rate': 0.020467543734830815, 'num_leaves': 46, 'max_depth': 10, 'min_child_samples': 21, 'reg_alpha': 0.017784946468432317, 'reg_lambda': 0.03308362546133902}
    保存完了: 芝1800m_v6hit

  芝2000m ...
    訓練 1794行 / テスト 455行 / 特徴量 66列
    最良パラメータ: {'n_estimators': 492, 'learning_rate': 0.013084308205020953, 'num_leaves': 27, 'max_depth': 5, 'min_child_samples': 2, 'reg_alpha': 0.3929306002559834, 'reg_lambda': 0.7726710191246341}
    保存完了: 芝2000m_v6hit

  芝2600m ...
    訓練 794行 / テスト 203行 / 特徴量 66列
    最良パラメータ: {'n_estimators': 120, 'learning_rate': 0.01359411315821432, 'num_leaves': 23, 'max_depth': 8, 'min_child_samples': 4, 'reg_alpha': 2.893133934840012, 'reg_lambda': 0.183322915383419}
    保存完了: 芝2600m_v6hit

  ダート1150m ...
    訓練 2636行 / テスト 675行 / 特徴量 66列
    最良パラメータ: {'n_estimators': 347, 'learning_rate': 0.020467543734830815, 'num_leaves': 46, 'max_depth': 10, 'min_child_samples': 21, 'reg_alpha': 0.017784946468432317, 'reg_lambda': 0.03308362546133902}
    保存完了: ダート1150m_v6hit

  ダート1700m ...
    訓練 4000行 / テスト 1010行 / 特徴量 66列
    最良パラメータ: {'n_estimators': 406, 'learning_rate': 0.005012596714850434, 'num_leaves': 54, 'max_depth': 7, 'min_child_samples': 10, 'reg_alpha': 0.017919151611196622, 'reg_lambda': 0.15357424175201745}
    保存完了: ダート1700m_v6hit

  ダート2400m ...
    訓練 116行 / テスト 28行 / 特徴量 66列
    最良パラメータ: {'n_estimators': 444, 'learning_rate': 0.024336537724432585, 'num_leaves': 50, 'max_depth': 6, 'min_child_samples': 8, 'reg_alpha': 0.00773296177705515, 'reg_lambda': 0.006669331244946593}
    保存完了: ダート2400m_v6hit

=======================================================
[学習] 04_nigata (place_id=4)
=======================================================

  芝1000m ...
    訓練 3289行 / テスト 824行 / 特徴量 66列
    最良パラメータ: {'n_estimators': 230, 'learning_rate': 0.0357143776984028, 'num_leaves': 22, 'max_depth': 6, 'min_child_samples': 29, 'reg_alpha': 0.0012031451693276208, 'reg_lambda': 0.2636723611782621}
    保存完了: 芝1000m_v6hit

  芝1200m ...
    訓練 3289行 / テスト 824行 / 特徴量 66列
    最良パラメータ: {'n_estimators': 230, 'learning_rate': 0.0357143776984028, 'num_leaves': 22, 'max_depth': 6, 'min_child_samples': 29, 'reg_alpha': 0.0012031451693276208, 'reg_lambda': 0.2636723611782621}
    保存完了: 芝1200m_v6hit

  芝1400m ...
    訓練 6194行 / テスト 1550行 / 特徴量 66列
    最良パラメータ: {'n_estimators': 245, 'learning_rate': 0.018585180132685557, 'num_leaves': 37, 'max_depth': 10, 'min_child_samples': 4, 'reg_alpha': 0.00532463457929216, 'reg_lambda': 0.0036382518028858744}
    保存完了: 芝1400m_v6hit

  芝1600m ...
    訓練 6194行 / テスト 1550行 / 特徴量 66列
    最良パラメータ: {'n_estimators': 245, 'learning_rate': 0.018585180132685557, 'num_leaves': 37, 'max_depth': 10, 'min_child_samples': 4, 'reg_alpha': 0.00532463457929216, 'reg_lambda': 0.0036382518028858744}
    保存完了: 芝1600m_v6hit

  芝1800m ...
    訓練 6194行 / テスト 1550行 / 特徴量 66列
    最良パラメータ: {'n_estimators': 245, 'learning_rate': 0.018585180132685557, 'num_leaves': 37, 'max_depth': 10, 'min_child_samples': 4, 'reg_alpha': 0.00532463457929216, 'reg_lambda': 0.0036382518028858744}
    保存完了: 芝1800m_v6hit

  芝2000m ...
    訓練 1830行 / テスト 460行 / 特徴量 66列
    最良パラメータ: {'n_estimators': 320, 'learning_rate': 0.02595131508847582, 'num_leaves': 45, 'max_depth': 7, 'min_child_samples': 14, 'reg_alpha': 0.17613763016070647, 'reg_lambda': 0.03323102927882457}
    保存完了: 芝2000m_v6hit

  芝2200m ...
    訓練 1015行 / テスト 259行 / 特徴量 66列
    最良パラメータ: {'n_estimators': 379, 'learning_rate': 0.005743749302159308, 'num_leaves': 48, 'max_depth': 8, 'min_child_samples': 8, 'reg_alpha': 0.0028073229099750295, 'reg_lambda': 0.012496333968303307}
    保存完了: 芝2200m_v6hit

  芝2400m ...
    訓練 1015行 / テスト 259行 / 特徴量 66列
    最良パラメータ: {'n_estimators': 379, 'learning_rate': 0.005743749302159308, 'num_leaves': 48, 'max_depth': 8, 'min_child_samples': 8, 'reg_alpha': 0.0028073229099750295, 'reg_lambda': 0.012496333968303307}
    保存完了: 芝2400m_v6hit

  ダート1200m ...
    訓練 4521行 / テスト 1135行 / 特徴量 66列
    最良パラメータ: {'n_estimators': 420, 'learning_rate': 0.014469361482488454, 'num_leaves': 54, 'max_depth': 3, 'min_child_samples': 20, 'reg_alpha': 0.003151060651827965, 'reg_lambda': 1.9263197180254745}
    保存完了: ダート1200m_v6hit

  ダート1800m ...
    訓練 5344行 / テスト 1342行 / 特徴量 66列
    最良パラメータ: {'n_estimators': 306, 'learning_rate': 0.030649423093779722, 'num_leaves': 64, 'max_depth': 7, 'min_child_samples': 18, 'reg_alpha': 0.02036011844602891, 'reg_lambda': 0.6933457242319654}
    保存完了: ダート1800m_v6hit

  ダート2500m ...
    訓練 79行 / テスト 26行 / 特徴量 66列
    最良パラメータ: {'n_estimators': 320, 'learning_rate': 0.02595131508847582, 'num_leaves': 45, 'max_depth': 7, 'min_child_samples': 4, 'reg_alpha': 0.17613763016070647, 'reg_lambda': 0.03323102927882457}
    保存完了: ダート2500m_v6hit

=======================================================
[学習] 05_tokyo (place_id=5)
=======================================================

  芝1400m ...
    訓練 13053行 / テスト 3274行 / 特徴量 66列
    最良パラメータ: {'n_estimators': 361, 'learning_rate': 0.008959042707720502, 'num_leaves': 38, 'max_depth': 4, 'min_child_samples': 6, 'reg_alpha': 0.0024198461178770677, 'reg_lambda': 0.19148623742082843}
    保存完了: 芝1400m_v6hit

  芝1600m ...
    訓練 13053行 / テスト 3274行 / 特徴量 66列
    最良パラメータ: {'n_estimators': 361, 'learning_rate': 0.008959042707720502, 'num_leaves': 38, 'max_depth': 4, 'min_child_samples': 6, 'reg_alpha': 0.0024198461178770677, 'reg_lambda': 0.19148623742082843}
    保存完了: 芝1600m_v6hit

  芝1800m ...
    訓練 13053行 / テスト 3274行 / 特徴量 66列
    最良パラメータ: {'n_estimators': 361, 'learning_rate': 0.008959042707720502, 'num_leaves': 38, 'max_depth': 4, 'min_child_samples': 6, 'reg_alpha': 0.0024198461178770677, 'reg_lambda': 0.19148623742082843}
    保存完了: 芝1800m_v6hit

  芝2000m ...
    訓練 2519行 / テスト 638行 / 特徴量 66列
    最良パラメータ: {'n_estimators': 227, 'learning_rate': 0.04638945151639016, 'num_leaves': 62, 'max_depth': 6, 'min_child_samples': 29, 'reg_alpha': 0.0010980447267460633, 'reg_lambda': 0.011812419976497741}
    保存完了: 芝2000m_v6hit

  芝2300m ...
    訓練 2256行 / テスト 584行 / 特徴量 66列
    最良パラメータ: {'n_estimators': 155, 'learning_rate': 0.007862349874524862, 'num_leaves': 34, 'max_depth': 9, 'min_child_samples': 4, 'reg_alpha': 0.8196643530198039, 'reg_lambda': 0.0021584690047057415}
    保存完了: 芝2300m_v6hit

  芝2400m ...
    訓練 2256行 / テスト 584行 / 特徴量 66列
    最良パラメータ: {'n_estimators': 155, 'learning_rate': 0.007862349874524862, 'num_leaves': 34, 'max_depth': 9, 'min_child_samples': 4, 'reg_alpha': 0.8196643530198039, 'reg_lambda': 0.0021584690047057415}
    保存完了: 芝2400m_v6hit

  芝2500m ...
    訓練 2256行 / テスト 584行 / 特徴量 66列
    最良パラメータ: {'n_estimators': 155, 'learning_rate': 0.007862349874524862, 'num_leaves': 34, 'max_depth': 9, 'min_child_samples': 4, 'reg_alpha': 0.8196643530198039, 'reg_lambda': 0.0021584690047057415}
    保存完了: 芝2500m_v6hit

  芝3400m ...
    訓練 71行 / テスト 32行 / 特徴量 66列
    最良パラメータ: {'n_estimators': 379, 'learning_rate': 0.005743749302159308, 'num_leaves': 48, 'max_depth': 8, 'min_child_samples': 3, 'reg_alpha': 0.0028073229099750295, 'reg_lambda': 0.012496333968303307}
    保存完了: 芝3400m_v6hit

  ダート1300m ...
    訓練 1917行 / テスト 495行 / 特徴量 66列
    最良パラメータ: {'n_estimators': 320, 'learning_rate': 0.02595131508847582, 'num_leaves': 45, 'max_depth': 7, 'min_child_samples': 14, 'reg_alpha': 0.17613763016070647, 'reg_lambda': 0.03323102927882457}
    保存完了: ダート1300m_v6hit

  ダート1400m ...
    訓練 16495行 / テスト 4138行 / 特徴量 66列
    最良パラメータ: {'n_estimators': 293, 'learning_rate': 0.031464369291054485, 'num_leaves': 32, 'max_depth': 10, 'min_child_samples': 17, 'reg_alpha': 2.9533383235252932, 'reg_lambda': 0.0759288799403762}
    保存完了: ダート1400m_v6hit

  ダート1600m ...
    訓練 16495行 / テスト 4138行 / 特徴量 66列
    最良パラメータ: {'n_estimators': 293, 'learning_rate': 0.031464369291054485, 'num_leaves': 32, 'max_depth': 10, 'min_child_samples': 17, 'reg_alpha': 2.9533383235252932, 'reg_lambda': 0.0759288799403762}
    保存完了: ダート1600m_v6hit

  ダート2100m ...
    訓練 2922行 / テスト 736行 / 特徴量 66列
    最良パラメータ: {'n_estimators': 457, 'learning_rate': 0.04598675496284059, 'num_leaves': 34, 'max_depth': 9, 'min_child_samples': 17, 'reg_alpha': 0.09444083473101433, 'reg_lambda': 1.653528726720999}
    保存完了: ダート2100m_v6hit

  ダート2400m ...
    v4データなし: スキップ

=======================================================
[学習] 06_nakayama (place_id=6)
=======================================================

  芝1200m ...
    訓練 2570行 / テスト 644行 / 特徴量 66列
    最良パラメータ: {'n_estimators': 235, 'learning_rate': 0.04701765185428197, 'num_leaves': 62, 'max_depth': 6, 'min_child_samples': 29, 'reg_alpha': 0.011908521753034695, 'reg_lambda': 0.32591222211464116}
    保存完了: 芝1200m_v6hit

  芝1600m ...
    訓練 7178行 / テスト 1801行 / 特徴量 66列
    最良パラメータ: {'n_estimators': 225, 'learning_rate': 0.04721553607697163, 'num_leaves': 62, 'max_depth': 6, 'min_child_samples': 29, 'reg_alpha': 0.013695332647306414, 'reg_lambda': 0.17504739726856905}
    保存完了: 芝1600m_v6hit

  芝1800m ...
    訓練 7178行 / テスト 1801行 / 特徴量 66列
    最良パラメータ: {'n_estimators': 225, 'learning_rate': 0.04721553607697163, 'num_leaves': 62, 'max_depth': 6, 'min_child_samples': 29, 'reg_alpha': 0.013695332647306414, 'reg_lambda': 0.17504739726856905}
    保存完了: 芝1800m_v6hit

  芝2000m ...
    訓練 3715行 / テスト 937行 / 特徴量 66列
    最良パラメータ: {'n_estimators': 193, 'learning_rate': 0.03750428129645759, 'num_leaves': 52, 'max_depth': 6, 'min_child_samples': 23, 'reg_alpha': 0.008233002851887267, 'reg_lambda': 0.08630903180791953}
    保存完了: 芝2000m_v6hit

  芝2200m ...
    訓練 2024行 / テスト 513行 / 特徴量 66列
    最良パラメータ: {'n_estimators': 128, 'learning_rate': 0.006110817364354473, 'num_leaves': 16, 'max_depth': 9, 'min_child_samples': 24, 'reg_alpha': 1.0595897111084032, 'reg_lambda': 2.527985846003494}
    保存完了: 芝2200m_v6hit

  芝2500m ...
    訓練 2024行 / テスト 513行 / 特徴量 66列
    最良パラメータ: {'n_estimators': 128, 'learning_rate': 0.006110817364354473, 'num_leaves': 16, 'max_depth': 9, 'min_child_samples': 24, 'reg_alpha': 1.0595897111084032, 'reg_lambda': 2.527985846003494}
    保存完了: 芝2500m_v6hit

  芝3600m ...
    訓練 58行 / テスト 28行 / 特徴量 66列
    最良パラメータ: {'n_estimators': 305, 'learning_rate': 0.018306637411694703, 'num_leaves': 58, 'max_depth': 5, 'min_child_samples': 3, 'reg_alpha': 0.0011091588674869317, 'reg_lambda': 0.5621084574625006}
    保存完了: 芝3600m_v6hit

  ダート1200m ...
    訓練 10332行 / テスト 2589行 / 特徴量 66列
    最良パラメータ: {'n_estimators': 128, 'learning_rate': 0.006110817364354473, 'num_leaves': 16, 'max_depth': 9, 'min_child_samples': 24, 'reg_alpha': 1.0595897111084032, 'reg_lambda': 2.527985846003494}
    保存完了: ダート1200m_v6hit

  ダート1800m ...
    訓練 10850行 / テスト 2723行 / 特徴量 66列
    最良パラメータ: {'n_estimators': 420, 'learning_rate': 0.014469361482488454, 'num_leaves': 54, 'max_depth': 3, 'min_child_samples': 20, 'reg_alpha': 0.003151060651827965, 'reg_lambda': 1.9263197180254745}
    保存完了: ダート1800m_v6hit

  ダート2400m ...
    訓練 739行 / テスト 186行 / 特徴量 66列
    最良パラメータ: {'n_estimators': 194, 'learning_rate': 0.01184473547567037, 'num_leaves': 25, 'max_depth': 8, 'min_child_samples': 17, 'reg_alpha': 0.022257155168780858, 'reg_lambda': 0.004911866803359328}
    保存完了: ダート2400m_v6hit

  ダート2500m ...
    訓練 739行 / テスト 186行 / 特徴量 66列
    最良パラメータ: {'n_estimators': 194, 'learning_rate': 0.01184473547567037, 'num_leaves': 25, 'max_depth': 8, 'min_child_samples': 17, 'reg_alpha': 0.022257155168780858, 'reg_lambda': 0.004911866803359328}
    保存完了: ダート2500m_v6hit

=======================================================
[学習] 07_chukyo (place_id=7)
=======================================================

  芝1200m ...
    訓練 1706行 / テスト 440行 / 特徴量 66列
    最良パラメータ: {'n_estimators': 481, 'learning_rate': 0.04774816432813516, 'num_leaves': 62, 'max_depth': 6, 'min_child_samples': 29, 'reg_alpha': 0.046383763805220656, 'reg_lambda': 0.36271909307406064}
    保存完了: 芝1200m_v6hit

  芝1400m ...
    訓練 5259行 / テスト 1328行 / 特徴量 66列
    最良パラメータ: {'n_estimators': 270, 'learning_rate': 0.010947042127217371, 'num_leaves': 56, 'max_depth': 8, 'min_child_samples': 27, 'reg_alpha': 0.028211826887339947, 'reg_lambda': 0.009330197361583102}
    保存完了: 芝1400m_v6hit

  芝1600m ...
    訓練 5259行 / テスト 1328行 / 特徴量 66列
    最良パラメータ: {'n_estimators': 270, 'learning_rate': 0.010947042127217371, 'num_leaves': 56, 'max_depth': 8, 'min_child_samples': 27, 'reg_alpha': 0.028211826887339947, 'reg_lambda': 0.009330197361583102}
    保存完了: 芝1600m_v6hit

  芝2000m ...
    訓練 3437行 / テスト 867行 / 特徴量 66列
    最良パラメータ: {'n_estimators': 222, 'learning_rate': 0.00912396655063698, 'num_leaves': 45, 'max_depth': 7, 'min_child_samples': 28, 'reg_alpha': 0.022741808712375258, 'reg_lambda': 0.001053856203792836}
    保存完了: 芝2000m_v6hit

  芝2200m ...
    訓練 1410行 / テスト 353行 / 特徴量 66列
    最良パラメータ: {'n_estimators': 488, 'learning_rate': 0.01655460658402158, 'num_leaves': 57, 'max_depth': 10, 'min_child_samples': 25, 'reg_alpha': 0.009482133949943091, 'reg_lambda': 0.05499895084197008}
    保存完了: 芝2200m_v6hit

  ダート1200m ...
    訓練 3321行 / テスト 841行 / 特徴量 66列
    最良パラメータ: {'n_estimators': 487, 'learning_rate': 0.03246866408625956, 'num_leaves': 56, 'max_depth': 6, 'min_child_samples': 25, 'reg_alpha': 0.017424731285634213, 'reg_lambda': 0.040509315188747404}
    保存完了: ダート1200m_v6hit

  ダート1400m ...
    訓練 10270行 / テスト 2583行 / 特徴量 66列
    最良パラメータ: {'n_estimators': 225, 'learning_rate': 0.04721553607697163, 'num_leaves': 62, 'max_depth': 6, 'min_child_samples': 29, 'reg_alpha': 0.013695332647306414, 'reg_lambda': 0.17504739726856905}
    保存完了: ダート1400m_v6hit

  ダート1800m ...
    訓練 10270行 / テスト 2583行 / 特徴量 66列
    最良パラメータ: {'n_estimators': 225, 'learning_rate': 0.04721553607697163, 'num_leaves': 62, 'max_depth': 6, 'min_child_samples': 29, 'reg_alpha': 0.013695332647306414, 'reg_lambda': 0.17504739726856905}
    保存完了: ダート1800m_v6hit

  ダート1900m ...
    訓練 1891行 / テスト 481行 / 特徴量 66列
    最良パラメータ: {'n_estimators': 457, 'learning_rate': 0.04598675496284059, 'num_leaves': 34, 'max_depth': 9, 'min_child_samples': 17, 'reg_alpha': 0.09444083473101433, 'reg_lambda': 1.653528726720999}
    保存完了: ダート1900m_v6hit

=======================================================
[学習] 08_kyoto (place_id=8)
=======================================================

  芝1200m ...
    訓練 1172行 / テスト 299行 / 特徴量 66列
    最良パラメータ: {'n_estimators': 343, 'learning_rate': 0.027679777730246827, 'num_leaves': 64, 'max_depth': 7, 'min_child_samples': 26, 'reg_alpha': 0.058474006623797266, 'reg_lambda': 0.013131231433901075}
    保存完了: 芝1200m_v6hit

  芝1400m ...
    訓練 6044行 / テスト 1532行 / 特徴量 66列
    最良パラメータ: {'n_estimators': 347, 'learning_rate': 0.020467543734830815, 'num_leaves': 46, 'max_depth': 10, 'min_child_samples': 21, 'reg_alpha': 0.017784946468432317, 'reg_lambda': 0.03308362546133902}
    保存完了: 芝1400m_v6hit

  芝1600m ...
    訓練 6044行 / テスト 1532行 / 特徴量 66列
    最良パラメータ: {'n_estimators': 347, 'learning_rate': 0.020467543734830815, 'num_leaves': 46, 'max_depth': 10, 'min_child_samples': 21, 'reg_alpha': 0.017784946468432317, 'reg_lambda': 0.03308362546133902}
    保存完了: 芝1600m_v6hit

  芝1800m ...
    訓練 6044行 / テスト 1532行 / 特徴量 66列
    最良パラメータ: {'n_estimators': 347, 'learning_rate': 0.020467543734830815, 'num_leaves': 46, 'max_depth': 10, 'min_child_samples': 21, 'reg_alpha': 0.017784946468432317, 'reg_lambda': 0.03308362546133902}
    保存完了: 芝1800m_v6hit

  芝2000m ...
    訓練 1707行 / テスト 426行 / 特徴量 66列
    最良パラメータ: {'n_estimators': 488, 'learning_rate': 0.03062710814429584, 'num_leaves': 57, 'max_depth': 6, 'min_child_samples': 2, 'reg_alpha': 0.016778296767072123, 'reg_lambda': 0.03046913137377626}
    保存完了: 芝2000m_v6hit

  芝2200m ...
    訓練 1272行 / テスト 318行 / 特徴量 66列
    最良パラメータ: {'n_estimators': 100, 'learning_rate': 0.03265781718797481, 'num_leaves': 55, 'max_depth': 5, 'min_child_samples': 27, 'reg_alpha': 0.3625661548629982, 'reg_lambda': 0.5552358286438646}
    保存完了: 芝2200m_v6hit

  芝2400m ...
    訓練 1272行 / テスト 318行 / 特徴量 66列
    最良パラメータ: {'n_estimators': 100, 'learning_rate': 0.03265781718797481, 'num_leaves': 55, 'max_depth': 5, 'min_child_samples': 27, 'reg_alpha': 0.3625661548629982, 'reg_lambda': 0.5552358286438646}
    保存完了: 芝2400m_v6hit

  芝3000m ...
    訓練 178行 / テスト 47行 / 特徴量 66列
    最良パラメータ: {'n_estimators': 186, 'learning_rate': 0.034705882285596894, 'num_leaves': 39, 'max_depth': 8, 'min_child_samples': 5, 'reg_alpha': 0.3288191100299443, 'reg_lambda': 0.08268752524130836}
    保存完了: 芝3000m_v6hit

  芝3200m ...
    訓練 178行 / テスト 47行 / 特徴量 66列
    最良パラメータ: {'n_estimators': 186, 'learning_rate': 0.034705882285596894, 'num_leaves': 39, 'max_depth': 8, 'min_child_samples': 5, 'reg_alpha': 0.3288191100299443, 'reg_lambda': 0.08268752524130836}
    保存完了: 芝3200m_v6hit

  ダート1200m ...
    訓練 2863行 / テスト 724行 / 特徴量 66列
    最良パラメータ: {'n_estimators': 455, 'learning_rate': 0.03961193435336098, 'num_leaves': 55, 'max_depth': 7, 'min_child_samples': 28, 'reg_alpha': 0.00683055517377561, 'reg_lambda': 0.21764851019970513}
    保存完了: ダート1200m_v6hit

  ダート1400m ...
    訓練 8486行 / テスト 2129行 / 特徴量 66列
    最良パラメータ: {'n_estimators': 372, 'learning_rate': 0.01947187854770709, 'num_leaves': 25, 'max_depth': 10, 'min_child_samples': 11, 'reg_alpha': 0.05292685672972546, 'reg_lambda': 0.604704958305811}
    保存完了: ダート1400m_v6hit

  ダート1800m ...
    訓練 8486行 / テスト 2129行 / 特徴量 66列
    最良パラメータ: {'n_estimators': 372, 'learning_rate': 0.01947187854770709, 'num_leaves': 25, 'max_depth': 10, 'min_child_samples': 11, 'reg_alpha': 0.05292685672972546, 'reg_lambda': 0.604704958305811}
    保存完了: ダート1800m_v6hit

  ダート1900m ...
    訓練 1326行 / テスト 340行 / 特徴量 66列
    最良パラメータ: {'n_estimators': 272, 'learning_rate': 0.04918844657933028, 'num_leaves': 24, 'max_depth': 7, 'min_child_samples': 13, 'reg_alpha': 0.1460928915744875, 'reg_lambda': 0.24348240579548808}
    保存完了: ダート1900m_v6hit

=======================================================
[学習] 09_hanshin (place_id=9)
=======================================================

  芝1200m ...
    訓練 1484行 / テスト 387行 / 特徴量 66列
    最良パラメータ: {'n_estimators': 194, 'learning_rate': 0.012530705341381695, 'num_leaves': 41, 'max_depth': 8, 'min_child_samples': 24, 'reg_alpha': 0.04086438587333553, 'reg_lambda': 0.0840652250065408}
    保存完了: 芝1200m_v6hit

  芝1400m ...
    訓練 8685行 / テスト 2189行 / 特徴量 66列
    最良パラメータ: {'n_estimators': 245, 'learning_rate': 0.018585180132685557, 'num_leaves': 37, 'max_depth': 10, 'min_child_samples': 4, 'reg_alpha': 0.00532463457929216, 'reg_lambda': 0.0036382518028858744}
    保存完了: 芝1400m_v6hit

  芝1600m ...
    訓練 8685行 / テスト 2189行 / 特徴量 66列
    最良パラメータ: {'n_estimators': 245, 'learning_rate': 0.018585180132685557, 'num_leaves': 37, 'max_depth': 10, 'min_child_samples': 4, 'reg_alpha': 0.00532463457929216, 'reg_lambda': 0.0036382518028858744}
    保存完了: 芝1600m_v6hit

  芝1800m ...
    訓練 8685行 / テスト 2189行 / 特徴量 66列
    最良パラメータ: {'n_estimators': 245, 'learning_rate': 0.018585180132685557, 'num_leaves': 37, 'max_depth': 10, 'min_child_samples': 4, 'reg_alpha': 0.00532463457929216, 'reg_lambda': 0.0036382518028858744}
    保存完了: 芝1800m_v6hit

  芝2000m ...
    訓練 2453行 / テスト 619行 / 特徴量 66列
    最良パラメータ: {'n_estimators': 307, 'learning_rate': 0.02910159559933183, 'num_leaves': 46, 'max_depth': 6, 'min_child_samples': 13, 'reg_alpha': 0.030407720387593182, 'reg_lambda': 0.030868172383086808}
    保存完了: 芝2000m_v6hit

  芝2200m ...
    訓練 1759行 / テスト 441行 / 特徴量 66列
    最良パラメータ: {'n_estimators': 128, 'learning_rate': 0.006110817364354473, 'num_leaves': 16, 'max_depth': 9, 'min_child_samples': 24, 'reg_alpha': 1.0595897111084032, 'reg_lambda': 2.527985846003494}
    保存完了: 芝2200m_v6hit

  芝2400m ...
    訓練 1759行 / テスト 441行 / 特徴量 66列
    最良パラメータ: {'n_estimators': 128, 'learning_rate': 0.006110817364354473, 'num_leaves': 16, 'max_depth': 9, 'min_child_samples': 24, 'reg_alpha': 1.0595897111084032, 'reg_lambda': 2.527985846003494}
    保存完了: 芝2400m_v6hit

  芝2600m ...
    訓練 1759行 / テスト 441行 / 特徴量 66列
    最良パラメータ: {'n_estimators': 128, 'learning_rate': 0.006110817364354473, 'num_leaves': 16, 'max_depth': 9, 'min_child_samples': 24, 'reg_alpha': 1.0595897111084032, 'reg_lambda': 2.527985846003494}
    保存完了: 芝2600m_v6hit

  芝3000m ...
    訓練 150行 / テスト 41行 / 特徴量 66列
    最良パラメータ: {'n_estimators': 245, 'learning_rate': 0.018585180132685557, 'num_leaves': 37, 'max_depth': 10, 'min_child_samples': 3, 'reg_alpha': 0.00532463457929216, 'reg_lambda': 0.0036382518028858744}
    保存完了: 芝3000m_v6hit

  ダート1200m ...
    訓練 4766行 / テスト 1201行 / 特徴量 66列
    最良パラメータ: {'n_estimators': 264, 'learning_rate': 0.012321295695545962, 'num_leaves': 54, 'max_depth': 7, 'min_child_samples': 23, 'reg_alpha': 0.015334974188011757, 'reg_lambda': 0.007711630081905115}
    保存完了: ダート1200m_v6hit

  ダート1400m ...
    訓練 13770行 / テスト 3443行 / 特徴量 66列
    最良パラメータ: {'n_estimators': 226, 'learning_rate': 0.04631370436305321, 'num_leaves': 62, 'max_depth': 3, 'min_child_samples': 29, 'reg_alpha': 0.001097437555039278, 'reg_lambda': 0.2783021767683556}
    保存完了: ダート1400m_v6hit

  ダート1800m ...
    訓練 13770行 / テスト 3443行 / 特徴量 66列
    最良パラメータ: {'n_estimators': 226, 'learning_rate': 0.04631370436305321, 'num_leaves': 62, 'max_depth': 3, 'min_child_samples': 29, 'reg_alpha': 0.001097437555039278, 'reg_lambda': 0.2783021767683556}
    保存完了: ダート1800m_v6hit

  ダート2000m ...
    訓練 1344行 / テスト 341行 / 特徴量 66列
    最良パラメータ: {'n_estimators': 457, 'learning_rate': 0.04598675496284059, 'num_leaves': 34, 'max_depth': 9, 'min_child_samples': 17, 'reg_alpha': 0.09444083473101433, 'reg_lambda': 1.653528726720999}
    保存完了: ダート2000m_v6hit

=======================================================
[学習] 10_kokura (place_id=10)
=======================================================

  芝1200m ...
    訓練 5914行 / テスト 1498行 / 特徴量 66列
    最良パラメータ: {'n_estimators': 410, 'learning_rate': 0.02980376054635006, 'num_leaves': 50, 'max_depth': 7, 'min_child_samples': 11, 'reg_alpha': 0.04810376068203665, 'reg_lambda': 0.01409445911610755}
    保存完了: 芝1200m_v6hit

  芝1700m ...
    訓練 2915行 / テスト 738行 / 特徴量 66列
    最良パラメータ: {'n_estimators': 128, 'learning_rate': 0.006110817364354473, 'num_leaves': 16, 'max_depth': 9, 'min_child_samples': 24, 'reg_alpha': 1.0595897111084032, 'reg_lambda': 2.527985846003494}
    保存完了: 芝1700m_v6hit

  芝1800m ...
    訓練 2915行 / テスト 738行 / 特徴量 66列
    最良パラメータ: {'n_estimators': 128, 'learning_rate': 0.006110817364354473, 'num_leaves': 16, 'max_depth': 9, 'min_child_samples': 24, 'reg_alpha': 1.0595897111084032, 'reg_lambda': 2.527985846003494}
    保存完了: 芝1800m_v6hit

  芝2000m ...
    訓練 2757行 / テスト 690行 / 特徴量 66列
    最良パラメータ: {'n_estimators': 245, 'learning_rate': 0.018585180132685557, 'num_leaves': 37, 'max_depth': 10, 'min_child_samples': 4, 'reg_alpha': 0.00532463457929216, 'reg_lambda': 0.0036382518028858744}
    保存完了: 芝2000m_v6hit

  芝2600m ...
    訓練 691行 / テスト 178行 / 特徴量 66列
    最良パラメータ: {'n_estimators': 286, 'learning_rate': 0.006814109148875727, 'num_leaves': 41, 'max_depth': 10, 'min_child_samples': 6, 'reg_alpha': 0.03317157900765005, 'reg_lambda': 0.011002054585352798}
    保存完了: 芝2600m_v6hit

  ダート1000m ...
    訓練 2089行 / テスト 530行 / 特徴量 66列
    最良パラメータ: {'n_estimators': 494, 'learning_rate': 0.049629890103941615, 'num_leaves': 64, 'max_depth': 6, 'min_child_samples': 30, 'reg_alpha': 0.04602666228684508, 'reg_lambda': 0.46041358248698205}
    保存完了: ダート1000m_v6hit

  ダート1700m ...
    訓練 5093行 / テスト 1290行 / 特徴量 66列
    最良パラメータ: {'n_estimators': 462, 'learning_rate': 0.026737584334948796, 'num_leaves': 54, 'max_depth': 6, 'min_child_samples': 11, 'reg_alpha': 0.13354601662603474, 'reg_lambda': 0.031761558386954346}
    保存完了: ダート1700m_v6hit

  ダート2400m ...
    訓練 131行 / テスト 35行 / 特徴量 66列
    最良パラメータ: {'n_estimators': 155, 'learning_rate': 0.007862349874524862, 'num_leaves': 34, 'max_depth': 9, 'min_child_samples': 3, 'reg_alpha': 0.8196643530198039, 'reg_lambda': 0.0021584690047057415}
    保存完了: ダート2400m_v6hit

=======================================================
完了
=======================================================
