=======================================================
v19_no26  学習年: 2020～2025
データセット: v10（110列: v9 + 状態変化5列）
目的関数: binary + オッズ重み付き
=======================================================

=======================================================
[学習] 01_sapporo
=======================================================

  芝1000m ...
    train=1765行 / val=428行 / 1着率=0.074 / 平均勝馬オッズ=9.4
    params: {'n_estimators': 486, 'learning_rate': 0.012089588621664739, 'num_leaves': 54, 'max_depth': 7, 'min_child_samples': 18, 'reg_alpha': 1.653528726720999, 'reg_lambda': 0.0017660418375786328, 'scale_pos_weight': 2.6554566943292732}
    保存: C:\keiba_ai\keiba_ai_ver3.0\data\prediction\models\01_sapporo\turf1000_lambdarank_model_v19_no26.txt

  芝1200m ...
    train=1765行 / val=428行 / 1着率=0.074 / 平均勝馬オッズ=9.4
    params: {'n_estimators': 486, 'learning_rate': 0.012089588621664739, 'num_leaves': 54, 'max_depth': 7, 'min_child_samples': 18, 'reg_alpha': 1.653528726720999, 'reg_lambda': 0.0017660418375786328, 'scale_pos_weight': 2.6554566943292732}
    保存: C:\keiba_ai\keiba_ai_ver3.0\data\prediction\models\01_sapporo\turf1200_lambdarank_model_v19_no26.txt

  芝1500m ...
    train=2273行 / val=569行 / 1着率=0.087 / 平均勝馬オッズ=9.4
    params: {'n_estimators': 438, 'learning_rate': 0.009531479306602796, 'num_leaves': 25, 'max_depth': 6, 'min_child_samples': 15, 'reg_alpha': 0.0010357206437068233, 'reg_lambda': 0.0028035470550794336, 'scale_pos_weight': 1.3383067251108827}
    保存: C:\keiba_ai\keiba_ai_ver3.0\data\prediction\models\01_sapporo\turf1500_lambdarank_model_v19_no26.txt

  芝1800m ...
    train=2273行 / val=569行 / 1着率=0.087 / 平均勝馬オッズ=9.4
    params: {'n_estimators': 438, 'learning_rate': 0.009531479306602796, 'num_leaves': 25, 'max_depth': 6, 'min_child_samples': 15, 'reg_alpha': 0.0010357206437068233, 'reg_lambda': 0.0028035470550794336, 'scale_pos_weight': 1.3383067251108827}
    保存: C:\keiba_ai\keiba_ai_ver3.0\data\prediction\models\01_sapporo\turf1800_lambdarank_model_v19_no26.txt

  芝2000m ...
    train=1425行 / val=356行 / 1着率=0.076 / 平均勝馬オッズ=11.2
    params: {'n_estimators': 279, 'learning_rate': 0.008841574158013161, 'num_leaves': 58, 'max_depth': 9, 'min_child_samples': 24, 'reg_alpha': 0.6891041140743057, 'reg_lambda': 0.6330950267743543, 'scale_pos_weight': 6.443598970969573}
    保存: C:\keiba_ai\keiba_ai_ver3.0\data\prediction\models\01_sapporo\turf2000_lambdarank_model_v19_no26.txt

  芝2600m ...
    train=537行 / val=122行 / 1着率=0.080 / 平均勝馬オッズ=6.5
    params: {'n_estimators': 375, 'learning_rate': 0.00818747167331722, 'num_leaves': 64, 'max_depth': 4, 'min_child_samples': 2, 'reg_alpha': 0.007154333511217147, 'reg_lambda': 0.11693665648074437, 'scale_pos_weight': 11.899484155965284}
    保存: C:\keiba_ai\keiba_ai_ver3.0\data\prediction\models\01_sapporo\turf2600_lambdarank_model_v19_no26.txt

  ダート1000m ...
    train=983行 / val=240行 / 1着率=0.086 / 平均勝馬オッズ=8.2
    params: {'n_estimators': 491, 'learning_rate': 0.020128690588335083, 'num_leaves': 52, 'max_depth': 3, 'min_child_samples': 10, 'reg_alpha': 0.002617809369292395, 'reg_lambda': 0.010708172906263901, 'scale_pos_weight': 3.255826660130637}
    保存: C:\keiba_ai\keiba_ai_ver3.0\data\prediction\models\01_sapporo\dirt1000_lambdarank_model_v19_no26.txt

  ダート1700m ...
    train=3124行 / val=767行 / 1着率=0.076 / 平均勝馬オッズ=9.5
    params: {'n_estimators': 500, 'learning_rate': 0.030503183232941117, 'num_leaves': 18, 'max_depth': 8, 'min_child_samples': 27, 'reg_alpha': 0.059974420207602304, 'reg_lambda': 0.0022189280901032792, 'scale_pos_weight': 1.0261369932111757}
    保存: C:\keiba_ai\keiba_ai_ver3.0\data\prediction\models\01_sapporo\dirt1700_lambdarank_model_v19_no26.txt

  ダート2400m ...
    train=118行 / val=21行 / 1着率=0.085 / 平均勝馬オッズ=9.0
    params: {'n_estimators': 407, 'learning_rate': 0.0050191985507473886, 'num_leaves': 31, 'max_depth': 5, 'min_child_samples': 4, 'reg_alpha': 0.0185854774718348, 'reg_lambda': 0.31374494269264086, 'scale_pos_weight': 8.775734330905676}
    保存: C:\keiba_ai\keiba_ai_ver3.0\data\prediction\models\01_sapporo\dirt2400_lambdarank_model_v19_no26.txt

=======================================================
[学習] 02_hakodate
=======================================================

  芝1000m ...
    train=2685行 / val=669行 / 1着率=0.079 / 平均勝馬オッズ=8.8
    params: {'n_estimators': 165, 'learning_rate': 0.007613151986326819, 'num_leaves': 30, 'max_depth': 9, 'min_child_samples': 24, 'reg_alpha': 0.005392764847857088, 'reg_lambda': 0.0038087244761057515, 'scale_pos_weight': 6.443598970969573}
    保存: C:\keiba_ai\keiba_ai_ver3.0\data\prediction\models\02_hakodate\turf1000_lambdarank_model_v19_no26.txt

  芝1200m ...
    train=2685行 / val=669行 / 1着率=0.079 / 平均勝馬オッズ=8.8
    params: {'n_estimators': 165, 'learning_rate': 0.007613151986326819, 'num_leaves': 30, 'max_depth': 9, 'min_child_samples': 24, 'reg_alpha': 0.005392764847857088, 'reg_lambda': 0.0038087244761057515, 'scale_pos_weight': 6.443598970969573}
    保存: C:\keiba_ai\keiba_ai_ver3.0\data\prediction\models\02_hakodate\turf1200_lambdarank_model_v19_no26.txt

  芝1800m ...
    train=1243行 / val=300行 / 1着率=0.080 / 平均勝馬オッズ=8.2
    params: {'n_estimators': 312, 'learning_rate': 0.015036361363232083, 'num_leaves': 32, 'max_depth': 9, 'min_child_samples': 14, 'reg_alpha': 0.058474006623797266, 'reg_lambda': 0.14118455589004184, 'scale_pos_weight': 11.250899056915806}
    保存: C:\keiba_ai\keiba_ai_ver3.0\data\prediction\models\02_hakodate\turf1800_lambdarank_model_v19_no26.txt

  芝2000m ...
    train=873行 / val=213行 / 1着率=0.079 / 平均勝馬オッズ=12.6
    params: {'n_estimators': 244, 'learning_rate': 0.013677349923889491, 'num_leaves': 50, 'max_depth': 3, 'min_child_samples': 21, 'reg_alpha': 0.21472825295735185, 'reg_lambda': 0.005389217045426541, 'scale_pos_weight': 3.4495996554422126}
    保存: C:\keiba_ai\keiba_ai_ver3.0\data\prediction\models\02_hakodate\turf2000_lambdarank_model_v19_no26.txt

  芝2600m ...
    train=362行 / val=88行 / 1着率=0.080 / 平均勝馬オッズ=10.9
    params: {'n_estimators': 320, 'learning_rate': 0.02595131508847582, 'num_leaves': 45, 'max_depth': 7, 'min_child_samples': 14, 'reg_alpha': 0.17613763016070647, 'reg_lambda': 0.03323102927882457, 'scale_pos_weight': 17.943687014859517}
    保存: C:\keiba_ai\keiba_ai_ver3.0\data\prediction\models\02_hakodate\turf2600_lambdarank_model_v19_no26.txt

  ダート1000m ...
    train=1081行 / val=265行 / 1着率=0.088 / 平均勝馬オッズ=7.6
    params: {'n_estimators': 108, 'learning_rate': 0.034008685807730005, 'num_leaves': 54, 'max_depth': 9, 'min_child_samples': 30, 'reg_alpha': 0.6008571445079262, 'reg_lambda': 0.04023645393745574, 'scale_pos_weight': 15.830054349442653}
    保存: C:\keiba_ai\keiba_ai_ver3.0\data\prediction\models\02_hakodate\dirt1000_lambdarank_model_v19_no26.txt

  ダート1700m ...
    train=2253行 / val=555行 / 1着率=0.079 / 平均勝馬オッズ=10.3
    params: {'n_estimators': 486, 'learning_rate': 0.012089588621664739, 'num_leaves': 54, 'max_depth': 7, 'min_child_samples': 18, 'reg_alpha': 1.653528726720999, 'reg_lambda': 0.0017660418375786328, 'scale_pos_weight': 2.6554566943292732}
    保存: C:\keiba_ai\keiba_ai_ver3.0\data\prediction\models\02_hakodate\dirt1700_lambdarank_model_v19_no26.txt

  ダート2400m ...
    train=128行 / val=23行 / 1着率=0.094 / 平均勝馬オッズ=7.4
    params: {'n_estimators': 147, 'learning_rate': 0.021821822841070156, 'num_leaves': 23, 'max_depth': 10, 'min_child_samples': 7, 'reg_alpha': 0.027658577804793912, 'reg_lambda': 0.008315568432408486, 'scale_pos_weight': 15.710440099250116}
    保存: C:\keiba_ai\keiba_ai_ver3.0\data\prediction\models\02_hakodate\dirt2400_lambdarank_model_v19_no26.txt

=======================================================
[学習] 03_fukushima
=======================================================

  芝1200m ...
    train=3664行 / val=907行 / 1着率=0.068 / 平均勝馬オッズ=9.4
    params: {'n_estimators': 449, 'learning_rate': 0.0346090937068404, 'num_leaves': 37, 'max_depth': 6, 'min_child_samples': 14, 'reg_alpha': 0.058474006623797266, 'reg_lambda': 0.002822090633363097, 'scale_pos_weight': 1.5427442061443521}
    保存: C:\keiba_ai\keiba_ai_ver3.0\data\prediction\models\03_fukushima\turf1200_lambdarank_model_v19_no26.txt

  芝1800m ...
    train=2036行 / val=500行 / 1着率=0.070 / 平均勝馬オッズ=11.5
    params: {'n_estimators': 361, 'learning_rate': 0.008959042707720502, 'num_leaves': 38, 'max_depth': 4, 'min_child_samples': 6, 'reg_alpha': 0.0024198461178770677, 'reg_lambda': 0.19148623742082843, 'scale_pos_weight': 3.6254760756236624}
    保存: C:\keiba_ai\keiba_ai_ver3.0\data\prediction\models\03_fukushima\turf1800_lambdarank_model_v19_no26.txt

  芝2000m ...
    train=1680行 / val=419行 / 1着率=0.070 / 平均勝馬オッズ=11.8
    params: {'n_estimators': 428, 'learning_rate': 0.045851383910924734, 'num_leaves': 64, 'max_depth': 5, 'min_child_samples': 11, 'reg_alpha': 0.007674165539757527, 'reg_lambda': 0.03216781748684355, 'scale_pos_weight': 6.621879062918284}
    保存: C:\keiba_ai\keiba_ai_ver3.0\data\prediction\models\03_fukushima\turf2000_lambdarank_model_v19_no26.txt

  芝2600m ...
    train=747行 / val=181行 / 1着率=0.074 / 平均勝馬オッズ=8.6
    params: {'n_estimators': 100, 'learning_rate': 0.026190913465413423, 'num_leaves': 30, 'max_depth': 6, 'min_child_samples': 20, 'reg_alpha': 0.577500887374248, 'reg_lambda': 2.893133934840012, 'scale_pos_weight': 14.11566773253206}
    保存: C:\keiba_ai\keiba_ai_ver3.0\data\prediction\models\03_fukushima\turf2600_lambdarank_model_v19_no26.txt

  ダート1150m ...
    train=2516行 / val=625行 / 1着率=0.066 / 平均勝馬オッズ=11.6
    params: {'n_estimators': 407, 'learning_rate': 0.005547779593288271, 'num_leaves': 31, 'max_depth': 5, 'min_child_samples': 2, 'reg_alpha': 0.022691036018655242, 'reg_lambda': 0.3271098099893777, 'scale_pos_weight': 8.680162863216555}
    保存: C:\keiba_ai\keiba_ai_ver3.0\data\prediction\models\03_fukushima\dirt1150_lambdarank_model_v19_no26.txt

  ダート1700m ...
    train=3789行 / val=936行 / 1着率=0.069 / 平均勝馬オッズ=13.4
    params: {'n_estimators': 453, 'learning_rate': 0.04588884389812311, 'num_leaves': 42, 'max_depth': 6, 'min_child_samples': 24, 'reg_alpha': 0.0042633234844207364, 'reg_lambda': 0.023906799763433174, 'scale_pos_weight': 5.785587060967318}
    保存: C:\keiba_ai\keiba_ai_ver3.0\data\prediction\models\03_fukushima\dirt1700_lambdarank_model_v19_no26.txt

  ダート2400m ...
    train=117行 / val=27行 / 1着率=0.077 / 平均勝馬オッズ=16.6
    params: {'n_estimators': 108, 'learning_rate': 0.034008685807730005, 'num_leaves': 54, 'max_depth': 9, 'min_child_samples': 11, 'reg_alpha': 0.6008571445079262, 'reg_lambda': 0.04023645393745574, 'scale_pos_weight': 15.830054349442653}
    保存: C:\keiba_ai\keiba_ai_ver3.0\data\prediction\models\03_fukushima\dirt2400_lambdarank_model_v19_no26.txt

=======================================================
[学習] 04_nigata
=======================================================

  芝1000m ...
    train=3124行 / val=770行 / 1着率=0.061 / 平均勝馬オッズ=10.2
    params: {'n_estimators': 286, 'learning_rate': 0.007999024469421608, 'num_leaves': 63, 'max_depth': 8, 'min_child_samples': 25, 'reg_alpha': 0.0010337593753910398, 'reg_lambda': 0.08229992343382572, 'scale_pos_weight': 7.514396502421184}
    保存: C:\keiba_ai\keiba_ai_ver3.0\data\prediction\models\04_nigata\turf1000_lambdarank_model_v19_no26.txt

  芝1200m ...
    train=3124行 / val=770行 / 1着率=0.061 / 平均勝馬オッズ=10.2
    params: {'n_estimators': 286, 'learning_rate': 0.007999024469421608, 'num_leaves': 63, 'max_depth': 8, 'min_child_samples': 25, 'reg_alpha': 0.0010337593753910398, 'reg_lambda': 0.08229992343382572, 'scale_pos_weight': 7.514396502421184}
    保存: C:\keiba_ai\keiba_ai_ver3.0\data\prediction\models\04_nigata\turf1200_lambdarank_model_v19_no26.txt

  芝1400m ...
    train=6018行 / val=1487行 / 1着率=0.067 / 平均勝馬オッズ=10.1
    params: {'n_estimators': 399, 'learning_rate': 0.007561381809659511, 'num_leaves': 36, 'max_depth': 6, 'min_child_samples': 25, 'reg_alpha': 0.019624211596310753, 'reg_lambda': 0.0010627474504215676, 'scale_pos_weight': 1.011129343915962}
    保存: C:\keiba_ai\keiba_ai_ver3.0\data\prediction\models\04_nigata\turf1400_lambdarank_model_v19_no26.txt

  芝1600m ...
    train=6018行 / val=1487行 / 1着率=0.067 / 平均勝馬オッズ=10.1
    params: {'n_estimators': 399, 'learning_rate': 0.007561381809659511, 'num_leaves': 36, 'max_depth': 6, 'min_child_samples': 25, 'reg_alpha': 0.019624211596310753, 'reg_lambda': 0.0010627474504215676, 'scale_pos_weight': 1.011129343915962}
    保存: C:\keiba_ai\keiba_ai_ver3.0\data\prediction\models\04_nigata\turf1600_lambdarank_model_v19_no26.txt

  芝1800m ...
    train=6018行 / val=1487行 / 1着率=0.067 / 平均勝馬オッズ=10.1
    params: {'n_estimators': 399, 'learning_rate': 0.007561381809659511, 'num_leaves': 36, 'max_depth': 6, 'min_child_samples': 25, 'reg_alpha': 0.019624211596310753, 'reg_lambda': 0.0010627474504215676, 'scale_pos_weight': 1.011129343915962}
    保存: C:\keiba_ai\keiba_ai_ver3.0\data\prediction\models\04_nigata\turf1800_lambdarank_model_v19_no26.txt

  芝2000m ...
    train=1736行 / val=431行 / 1着率=0.074 / 平均勝馬オッズ=10.9
    params: {'n_estimators': 202, 'learning_rate': 0.007814156876852607, 'num_leaves': 32, 'max_depth': 3, 'min_child_samples': 8, 'reg_alpha': 0.058082374216877286, 'reg_lambda': 0.1598796140718324, 'scale_pos_weight': 6.458470800689829}
    保存: C:\keiba_ai\keiba_ai_ver3.0\data\prediction\models\04_nigata\turf2000_lambdarank_model_v19_no26.txt

  芝2200m ...
    train=984行 / val=246行 / 1着率=0.075 / 平均勝馬オッズ=15.7
    params: {'n_estimators': 320, 'learning_rate': 0.02595131508847582, 'num_leaves': 45, 'max_depth': 7, 'min_child_samples': 14, 'reg_alpha': 0.17613763016070647, 'reg_lambda': 0.03323102927882457, 'scale_pos_weight': 17.943687014859517}
    保存: C:\keiba_ai\keiba_ai_ver3.0\data\prediction\models\04_nigata\turf2200_lambdarank_model_v19_no26.txt

  芝2400m ...
    train=984行 / val=246行 / 1着率=0.075 / 平均勝馬オッズ=15.7
    params: {'n_estimators': 320, 'learning_rate': 0.02595131508847582, 'num_leaves': 45, 'max_depth': 7, 'min_child_samples': 14, 'reg_alpha': 0.17613763016070647, 'reg_lambda': 0.03323102927882457, 'scale_pos_weight': 17.943687014859517}
    保存: C:\keiba_ai\keiba_ai_ver3.0\data\prediction\models\04_nigata\turf2400_lambdarank_model_v19_no26.txt

  ダート1200m ...
    train=4314行 / val=1078行 / 1着率=0.069 / 平均勝馬オッズ=9.2
    params: {'n_estimators': 105, 'learning_rate': 0.04930480232815032, 'num_leaves': 62, 'max_depth': 10, 'min_child_samples': 10, 'reg_alpha': 2.521998215988086, 'reg_lambda': 0.034077078945705136, 'scale_pos_weight': 19.862303790230904}
    保存: C:\keiba_ai\keiba_ai_ver3.0\data\prediction\models\04_nigata\dirt1200_lambdarank_model_v19_no26.txt

  ダート1800m ...
    train=5083行 / val=1265行 / 1着率=0.072 / 平均勝馬オッズ=10.4
    params: {'n_estimators': 108, 'learning_rate': 0.034008685807730005, 'num_leaves': 54, 'max_depth': 9, 'min_child_samples': 30, 'reg_alpha': 0.6008571445079262, 'reg_lambda': 0.04023645393745574, 'scale_pos_weight': 15.830054349442653}
    保存: C:\keiba_ai\keiba_ai_ver3.0\data\prediction\models\04_nigata\dirt1800_lambdarank_model_v19_no26.txt

  ダート2500m ...
    train=90行 / val=15行 / 1着率=0.089 / 平均勝馬オッズ=10.9
    params: {'n_estimators': 321, 'learning_rate': 0.007695835711551683, 'num_leaves': 30, 'max_depth': 8, 'min_child_samples': 8, 'reg_alpha': 0.007170902174809065, 'reg_lambda': 0.1334022931553898, 'scale_pos_weight': 11.934985706070892}
    保存: C:\keiba_ai\keiba_ai_ver3.0\data\prediction\models\04_nigata\dirt2500_lambdarank_model_v19_no26.txt

=======================================================
[学習] 05_tokyo
=======================================================

  芝1400m ...
    train=12082行 / val=3010行 / 1着率=0.072 / 平均勝馬オッズ=10.5
    params: {'n_estimators': 282, 'learning_rate': 0.018509894916536547, 'num_leaves': 16, 'max_depth': 7, 'min_child_samples': 19, 'reg_alpha': 0.13968646061027282, 'reg_lambda': 1.912170011585717, 'scale_pos_weight': 13.954585682966185}
    保存: C:\keiba_ai\keiba_ai_ver3.0\data\prediction\models\05_tokyo\turf1400_lambdarank_model_v19_no26.txt

  芝1600m ...
    train=12082行 / val=3010行 / 1着率=0.072 / 平均勝馬オッズ=10.5
    params: {'n_estimators': 282, 'learning_rate': 0.018509894916536547, 'num_leaves': 16, 'max_depth': 7, 'min_child_samples': 19, 'reg_alpha': 0.13968646061027282, 'reg_lambda': 1.912170011585717, 'scale_pos_weight': 13.954585682966185}
    保存: C:\keiba_ai\keiba_ai_ver3.0\data\prediction\models\05_tokyo\turf1600_lambdarank_model_v19_no26.txt

  芝1800m ...
    train=12082行 / val=3010行 / 1着率=0.072 / 平均勝馬オッズ=10.5
    params: {'n_estimators': 282, 'learning_rate': 0.018509894916536547, 'num_leaves': 16, 'max_depth': 7, 'min_child_samples': 19, 'reg_alpha': 0.13968646061027282, 'reg_lambda': 1.912170011585717, 'scale_pos_weight': 13.954585682966185}
    保存: C:\keiba_ai\keiba_ai_ver3.0\data\prediction\models\05_tokyo\turf1800_lambdarank_model_v19_no26.txt

  芝2000m ...
    train=2363行 / val=591行 / 1着率=0.086 / 平均勝馬オッズ=7.7
    params: {'n_estimators': 399, 'learning_rate': 0.007561381809659511, 'num_leaves': 36, 'max_depth': 6, 'min_child_samples': 25, 'reg_alpha': 0.019624211596310753, 'reg_lambda': 0.0010627474504215676, 'scale_pos_weight': 1.011129343915962}
    保存: C:\keiba_ai\keiba_ai_ver3.0\data\prediction\models\05_tokyo\turf2000_lambdarank_model_v19_no26.txt

  芝2300m ...
    train=2034行 / val=508行 / 1着率=0.080 / 平均勝馬オッズ=7.8
    params: {'n_estimators': 414, 'learning_rate': 0.03336920232122082, 'num_leaves': 30, 'max_depth': 9, 'min_child_samples': 26, 'reg_alpha': 0.7365703603580589, 'reg_lambda': 0.3526323963940227, 'scale_pos_weight': 14.603749125411216}
    保存: C:\keiba_ai\keiba_ai_ver3.0\data\prediction\models\05_tokyo\turf2300_lambdarank_model_v19_no26.txt

  芝2400m ...
    train=2034行 / val=508行 / 1着率=0.080 / 平均勝馬オッズ=7.8
    params: {'n_estimators': 414, 'learning_rate': 0.03336920232122082, 'num_leaves': 30, 'max_depth': 9, 'min_child_samples': 26, 'reg_alpha': 0.7365703603580589, 'reg_lambda': 0.3526323963940227, 'scale_pos_weight': 14.603749125411216}
    保存: C:\keiba_ai\keiba_ai_ver3.0\data\prediction\models\05_tokyo\turf2400_lambdarank_model_v19_no26.txt

  芝2500m ...
    train=2034行 / val=508行 / 1着率=0.080 / 平均勝馬オッズ=7.8
    params: {'n_estimators': 414, 'learning_rate': 0.03336920232122082, 'num_leaves': 30, 'max_depth': 9, 'min_child_samples': 26, 'reg_alpha': 0.7365703603580589, 'reg_lambda': 0.3526323963940227, 'scale_pos_weight': 14.603749125411216}
    保存: C:\keiba_ai\keiba_ai_ver3.0\data\prediction\models\05_tokyo\turf2500_lambdarank_model_v19_no26.txt

  芝3400m ...
    train=72行 / val=16行 / 1着率=0.069 / 平均勝馬オッズ=70.7
    params: {'n_estimators': 226, 'learning_rate': 0.02706383366060803, 'num_leaves': 29, 'max_depth': 5, 'min_child_samples': 6, 'reg_alpha': 0.5829459068450976, 'reg_lambda': 0.08229992343382572, 'scale_pos_weight': 7.495903132624621}
    保存: C:\keiba_ai\keiba_ai_ver3.0\data\prediction\models\05_tokyo\turf3400_lambdarank_model_v19_no26.txt

  ダート1300m ...
    train=1788行 / val=436行 / 1着率=0.064 / 平均勝馬オッズ=14.2
    params: {'n_estimators': 218, 'learning_rate': 0.007534761300225572, 'num_leaves': 64, 'max_depth': 6, 'min_child_samples': 24, 'reg_alpha': 0.012527048928100835, 'reg_lambda': 0.0011513292731870563, 'scale_pos_weight': 1.4415272584349583}
    保存: C:\keiba_ai\keiba_ai_ver3.0\data\prediction\models\05_tokyo\dirt1300_lambdarank_model_v19_no26.txt

  ダート1400m ...
    train=15083行 / val=3764行 / 1着率=0.066 / 平均勝馬オッズ=10.3
    params: {'n_estimators': 375, 'learning_rate': 0.04582738321119936, 'num_leaves': 37, 'max_depth': 4, 'min_child_samples': 27, 'reg_alpha': 0.059974420207602304, 'reg_lambda': 0.1052665054095828, 'scale_pos_weight': 1.0165259707282877}
    保存: C:\keiba_ai\keiba_ai_ver3.0\data\prediction\models\05_tokyo\dirt1400_lambdarank_model_v19_no26.txt

  ダート1600m ...
    train=15083行 / val=3764行 / 1着率=0.066 / 平均勝馬オッズ=10.3
    params: {'n_estimators': 375, 'learning_rate': 0.04582738321119936, 'num_leaves': 37, 'max_depth': 4, 'min_child_samples': 27, 'reg_alpha': 0.059974420207602304, 'reg_lambda': 0.1052665054095828, 'scale_pos_weight': 1.0165259707282877}
    保存: C:\keiba_ai\keiba_ai_ver3.0\data\prediction\models\05_tokyo\dirt1600_lambdarank_model_v19_no26.txt

  ダート2100m ...
    train=2646行 / val=662行 / 1着率=0.068 / 平均勝馬オッズ=13.1
    params: {'n_estimators': 486, 'learning_rate': 0.012089588621664739, 'num_leaves': 54, 'max_depth': 7, 'min_child_samples': 18, 'reg_alpha': 1.653528726720999, 'reg_lambda': 0.0017660418375786328, 'scale_pos_weight': 2.6554566943292732}
    保存: C:\keiba_ai\keiba_ai_ver3.0\data\prediction\models\05_tokyo\dirt2100_lambdarank_model_v19_no26.txt

  ダート2400m ...
    データなし: スキップ

=======================================================
[学習] 06_nakayama
=======================================================

  芝1200m ...
    train=2431行 / val=596行 / 1着率=0.069 / 平均勝馬オッズ=9.9
    params: {'n_estimators': 282, 'learning_rate': 0.018509894916536547, 'num_leaves': 16, 'max_depth': 7, 'min_child_samples': 19, 'reg_alpha': 0.13968646061027282, 'reg_lambda': 1.912170011585717, 'scale_pos_weight': 13.954585682966185}
    保存: C:\keiba_ai\keiba_ai_ver3.0\data\prediction\models\06_nakayama\turf1200_lambdarank_model_v19_no26.txt

  芝1600m ...
    train=6611行 / val=1653行 / 1着率=0.071 / 平均勝馬オッズ=9.7
    params: {'n_estimators': 396, 'learning_rate': 0.04930480232815032, 'num_leaves': 61, 'max_depth': 3, 'min_child_samples': 10, 'reg_alpha': 0.016851827633627303, 'reg_lambda': 0.0011127901187522767, 'scale_pos_weight': 1.0130984003286123}
    保存: C:\keiba_ai\keiba_ai_ver3.0\data\prediction\models\06_nakayama\turf1600_lambdarank_model_v19_no26.txt

  芝1800m ...
    train=6611行 / val=1653行 / 1着率=0.071 / 平均勝馬オッズ=9.7
    params: {'n_estimators': 396, 'learning_rate': 0.04930480232815032, 'num_leaves': 61, 'max_depth': 3, 'min_child_samples': 10, 'reg_alpha': 0.016851827633627303, 'reg_lambda': 0.0011127901187522767, 'scale_pos_weight': 1.0130984003286123}
    保存: C:\keiba_ai\keiba_ai_ver3.0\data\prediction\models\06_nakayama\turf1800_lambdarank_model_v19_no26.txt

  芝2000m ...
    train=3375行 / val=831行 / 1着率=0.071 / 平均勝馬オッズ=8.4
    params: {'n_estimators': 361, 'learning_rate': 0.008959042707720502, 'num_leaves': 38, 'max_depth': 4, 'min_child_samples': 6, 'reg_alpha': 0.0024198461178770677, 'reg_lambda': 0.19148623742082843, 'scale_pos_weight': 3.6254760756236624}
    保存: C:\keiba_ai\keiba_ai_ver3.0\data\prediction\models\06_nakayama\turf2000_lambdarank_model_v19_no26.txt

  芝2200m ...
    train=1821行 / val=456行 / 1着率=0.075 / 平均勝馬オッズ=7.7
    params: {'n_estimators': 405, 'learning_rate': 0.04820516991975437, 'num_leaves': 31, 'max_depth': 5, 'min_child_samples': 2, 'reg_alpha': 0.026663719705187904, 'reg_lambda': 0.0016425608142713638, 'scale_pos_weight': 11.34308610137741}
    保存: C:\keiba_ai\keiba_ai_ver3.0\data\prediction\models\06_nakayama\turf2200_lambdarank_model_v19_no26.txt

  芝2500m ...
    train=1821行 / val=456行 / 1着率=0.075 / 平均勝馬オッズ=7.7
    params: {'n_estimators': 405, 'learning_rate': 0.04820516991975437, 'num_leaves': 31, 'max_depth': 5, 'min_child_samples': 2, 'reg_alpha': 0.026663719705187904, 'reg_lambda': 0.0016425608142713638, 'scale_pos_weight': 11.34308610137741}
    保存: C:\keiba_ai\keiba_ai_ver3.0\data\prediction\models\06_nakayama\turf2500_lambdarank_model_v19_no26.txt

  芝3600m ...
    train=72行 / val=14行 / 1着率=0.069 / 平均勝馬オッズ=9.9
    params: {'n_estimators': 320, 'learning_rate': 0.02595131508847582, 'num_leaves': 45, 'max_depth': 7, 'min_child_samples': 4, 'reg_alpha': 0.17613763016070647, 'reg_lambda': 0.03323102927882457, 'scale_pos_weight': 17.943687014859517}
    保存: C:\keiba_ai\keiba_ai_ver3.0\data\prediction\models\06_nakayama\turf3600_lambdarank_model_v19_no26.txt

  ダート1200m ...
    train=9401行 / val=2345行 / 1着率=0.064 / 平均勝馬オッズ=10.3
    params: {'n_estimators': 337, 'learning_rate': 0.04582738321119936, 'num_leaves': 16, 'max_depth': 6, 'min_child_samples': 5, 'reg_alpha': 0.059974420207602304, 'reg_lambda': 0.11065310297985799, 'scale_pos_weight': 1.1128376529578095}
    保存: C:\keiba_ai\keiba_ai_ver3.0\data\prediction\models\06_nakayama\dirt1200_lambdarank_model_v19_no26.txt

  ダート1800m ...
    train=9808行 / val=2448行 / 1着率=0.069 / 平均勝馬オッズ=10.6
    params: {'n_estimators': 226, 'learning_rate': 0.011552627632790552, 'num_leaves': 43, 'max_depth': 6, 'min_child_samples': 30, 'reg_alpha': 0.0022637172505759065, 'reg_lambda': 0.00532463457929216, 'scale_pos_weight': 4.064880839814929}
    保存: C:\keiba_ai\keiba_ai_ver3.0\data\prediction\models\06_nakayama\dirt1800_lambdarank_model_v19_no26.txt

  ダート2400m ...
    train=674行 / val=167行 / 1着率=0.074 / 平均勝馬オッズ=8.4
    params: {'n_estimators': 320, 'learning_rate': 0.02595131508847582, 'num_leaves': 45, 'max_depth': 7, 'min_child_samples': 14, 'reg_alpha': 0.17613763016070647, 'reg_lambda': 0.03323102927882457, 'scale_pos_weight': 17.943687014859517}
    保存: C:\keiba_ai\keiba_ai_ver3.0\data\prediction\models\06_nakayama\dirt2400_lambdarank_model_v19_no26.txt

  ダート2500m ...
    train=674行 / val=167行 / 1着率=0.074 / 平均勝馬オッズ=8.4
    params: {'n_estimators': 320, 'learning_rate': 0.02595131508847582, 'num_leaves': 45, 'max_depth': 7, 'min_child_samples': 14, 'reg_alpha': 0.17613763016070647, 'reg_lambda': 0.03323102927882457, 'scale_pos_weight': 17.943687014859517}
    保存: C:\keiba_ai\keiba_ai_ver3.0\data\prediction\models\06_nakayama\dirt2500_lambdarank_model_v19_no26.txt

=======================================================
[学習] 07_chukyo
=======================================================

  芝1200m ...
    train=1678行 / val=414行 / 1着率=0.066 / 平均勝馬オッズ=11.3
    params: {'n_estimators': 445, 'learning_rate': 0.02691543839851797, 'num_leaves': 48, 'max_depth': 6, 'min_child_samples': 14, 'reg_alpha': 0.007013310363415145, 'reg_lambda': 0.0023013911801354195, 'scale_pos_weight': 1.0165292650772577}
    保存: C:\keiba_ai\keiba_ai_ver3.0\data\prediction\models\07_chukyo\turf1200_lambdarank_model_v19_no26.txt

  芝1400m ...
    train=5049行 / val=1253行 / 1着率=0.072 / 平均勝馬オッズ=10.2
    params: {'n_estimators': 500, 'learning_rate': 0.04582738321119936, 'num_leaves': 39, 'max_depth': 7, 'min_child_samples': 7, 'reg_alpha': 0.5028643250899432, 'reg_lambda': 0.09358490618703037, 'scale_pos_weight': 1.022283872078767}
    保存: C:\keiba_ai\keiba_ai_ver3.0\data\prediction\models\07_chukyo\turf1400_lambdarank_model_v19_no26.txt

  芝1600m ...
    train=5049行 / val=1253行 / 1着率=0.072 / 平均勝馬オッズ=10.2
    params: {'n_estimators': 500, 'learning_rate': 0.04582738321119936, 'num_leaves': 39, 'max_depth': 7, 'min_child_samples': 7, 'reg_alpha': 0.5028643250899432, 'reg_lambda': 0.09358490618703037, 'scale_pos_weight': 1.022283872078767}
    保存: C:\keiba_ai\keiba_ai_ver3.0\data\prediction\models\07_chukyo\turf1600_lambdarank_model_v19_no26.txt

  芝2000m ...
    train=3317行 / val=821行 / 1着率=0.083 / 平均勝馬オッズ=8.0
    params: {'n_estimators': 396, 'learning_rate': 0.04930480232815032, 'num_leaves': 61, 'max_depth': 3, 'min_child_samples': 10, 'reg_alpha': 0.016851827633627303, 'reg_lambda': 0.0011127901187522767, 'scale_pos_weight': 1.0130984003286123}
    保存: C:\keiba_ai\keiba_ai_ver3.0\data\prediction\models\07_chukyo\turf2000_lambdarank_model_v19_no26.txt

  芝2200m ...
    train=1354行 / val=337行 / 1着率=0.084 / 平均勝馬オッズ=8.5
    params: {'n_estimators': 486, 'learning_rate': 0.012089588621664739, 'num_leaves': 54, 'max_depth': 7, 'min_child_samples': 18, 'reg_alpha': 1.653528726720999, 'reg_lambda': 0.0017660418375786328, 'scale_pos_weight': 2.6554566943292732}
    保存: C:\keiba_ai\keiba_ai_ver3.0\data\prediction\models\07_chukyo\turf2200_lambdarank_model_v19_no26.txt

  ダート1200m ...
    train=3253行 / val=814行 / 1着率=0.067 / 平均勝馬オッズ=11.7
    params: {'n_estimators': 441, 'learning_rate': 0.008058900382429943, 'num_leaves': 30, 'max_depth': 7, 'min_child_samples': 27, 'reg_alpha': 0.010663665805758494, 'reg_lambda': 0.8777565698448413, 'scale_pos_weight': 1.3120593937133833}
    保存: C:\keiba_ai\keiba_ai_ver3.0\data\prediction\models\07_chukyo\dirt1200_lambdarank_model_v19_no26.txt

  ダート1400m ...
    train=10035行 / val=2497行 / 1着率=0.073 / 平均勝馬オッズ=10.4
    params: {'n_estimators': 409, 'learning_rate': 0.00649449881811442, 'num_leaves': 32, 'max_depth': 8, 'min_child_samples': 24, 'reg_alpha': 0.022063728829552366, 'reg_lambda': 0.0010558197973323977, 'scale_pos_weight': 1.0123134774397313}
    保存: C:\keiba_ai\keiba_ai_ver3.0\data\prediction\models\07_chukyo\dirt1400_lambdarank_model_v19_no26.txt

  ダート1800m ...
    train=10035行 / val=2497行 / 1着率=0.073 / 平均勝馬オッズ=10.4
    params: {'n_estimators': 409, 'learning_rate': 0.00649449881811442, 'num_leaves': 32, 'max_depth': 8, 'min_child_samples': 24, 'reg_alpha': 0.022063728829552366, 'reg_lambda': 0.0010558197973323977, 'scale_pos_weight': 1.0123134774397313}
    保存: C:\keiba_ai\keiba_ai_ver3.0\data\prediction\models\07_chukyo\dirt1800_lambdarank_model_v19_no26.txt

  ダート1900m ...
    train=1841行 / val=451行 / 1着率=0.076 / 平均勝馬オッズ=10.4
    params: {'n_estimators': 412, 'learning_rate': 0.007523203375970674, 'num_leaves': 57, 'max_depth': 10, 'min_child_samples': 14, 'reg_alpha': 1.4013468115768617, 'reg_lambda': 0.0010489384265107025, 'scale_pos_weight': 1.3225957288184453}
    保存: C:\keiba_ai\keiba_ai_ver3.0\data\prediction\models\07_chukyo\dirt1900_lambdarank_model_v19_no26.txt

=======================================================
[学習] 08_kyoto
=======================================================

  芝1200m ...
    train=1030行 / val=256行 / 1着率=0.067 / 平均勝馬オッズ=6.6
    params: {'n_estimators': 282, 'learning_rate': 0.018509894916536547, 'num_leaves': 16, 'max_depth': 7, 'min_child_samples': 19, 'reg_alpha': 0.13968646061027282, 'reg_lambda': 1.912170011585717, 'scale_pos_weight': 13.954585682966185}
    保存: C:\keiba_ai\keiba_ai_ver3.0\data\prediction\models\08_kyoto\turf1200_lambdarank_model_v19_no26.txt

  芝1400m ...
    train=5192行 / val=1288行 / 1着率=0.075 / 平均勝馬オッズ=10.2
    params: {'n_estimators': 444, 'learning_rate': 0.015808500052876248, 'num_leaves': 22, 'max_depth': 6, 'min_child_samples': 9, 'reg_alpha': 0.0010357206437068233, 'reg_lambda': 0.0028035470550794336, 'scale_pos_weight': 1.3390084049513455}
    保存: C:\keiba_ai\keiba_ai_ver3.0\data\prediction\models\08_kyoto\turf1400_lambdarank_model_v19_no26.txt

  芝1600m ...
    train=5192行 / val=1288行 / 1着率=0.075 / 平均勝馬オッズ=10.2
    params: {'n_estimators': 444, 'learning_rate': 0.015808500052876248, 'num_leaves': 22, 'max_depth': 6, 'min_child_samples': 9, 'reg_alpha': 0.0010357206437068233, 'reg_lambda': 0.0028035470550794336, 'scale_pos_weight': 1.3390084049513455}
    保存: C:\keiba_ai\keiba_ai_ver3.0\data\prediction\models\08_kyoto\turf1600_lambdarank_model_v19_no26.txt

  芝1800m ...
    train=5192行 / val=1288行 / 1着率=0.075 / 平均勝馬オッズ=10.2
    params: {'n_estimators': 444, 'learning_rate': 0.015808500052876248, 'num_leaves': 22, 'max_depth': 6, 'min_child_samples': 9, 'reg_alpha': 0.0010357206437068233, 'reg_lambda': 0.0028035470550794336, 'scale_pos_weight': 1.3390084049513455}
    保存: C:\keiba_ai\keiba_ai_ver3.0\data\prediction\models\08_kyoto\turf1800_lambdarank_model_v19_no26.txt

  芝2000m ...
    train=1448行 / val=356行 / 1着率=0.087 / 平均勝馬オッズ=11.0
    params: {'n_estimators': 409, 'learning_rate': 0.00649449881811442, 'num_leaves': 32, 'max_depth': 8, 'min_child_samples': 24, 'reg_alpha': 0.022063728829552366, 'reg_lambda': 0.0010558197973323977, 'scale_pos_weight': 1.0123134774397313}
    保存: C:\keiba_ai\keiba_ai_ver3.0\data\prediction\models\08_kyoto\turf2000_lambdarank_model_v19_no26.txt

  芝2200m ...
    train=1060行 / val=261行 / 1着率=0.088 / 平均勝馬オッズ=6.2
    params: {'n_estimators': 194, 'learning_rate': 0.04057668183516785, 'num_leaves': 64, 'max_depth': 5, 'min_child_samples': 30, 'reg_alpha': 0.057383244079634216, 'reg_lambda': 0.0010489384265107025, 'scale_pos_weight': 13.058676133677961}
    保存: C:\keiba_ai\keiba_ai_ver3.0\data\prediction\models\08_kyoto\turf2200_lambdarank_model_v19_no26.txt

  芝2400m ...
    train=1060行 / val=261行 / 1着率=0.088 / 平均勝馬オッズ=6.2
    params: {'n_estimators': 194, 'learning_rate': 0.04057668183516785, 'num_leaves': 64, 'max_depth': 5, 'min_child_samples': 30, 'reg_alpha': 0.057383244079634216, 'reg_lambda': 0.0010489384265107025, 'scale_pos_weight': 13.058676133677961}
    保存: C:\keiba_ai\keiba_ai_ver3.0\data\prediction\models\08_kyoto\turf2400_lambdarank_model_v19_no26.txt

  芝3000m ...
    train=173行 / val=28行 / 1着率=0.064 / 平均勝馬オッズ=4.3
    params: {'n_estimators': 108, 'learning_rate': 0.034008685807730005, 'num_leaves': 54, 'max_depth': 9, 'min_child_samples': 17, 'reg_alpha': 0.6008571445079262, 'reg_lambda': 0.04023645393745574, 'scale_pos_weight': 15.830054349442653}
    保存: C:\keiba_ai\keiba_ai_ver3.0\data\prediction\models\08_kyoto\turf3000_lambdarank_model_v19_no26.txt

  芝3200m ...
    train=173行 / val=28行 / 1着率=0.064 / 平均勝馬オッズ=4.3
    params: {'n_estimators': 108, 'learning_rate': 0.034008685807730005, 'num_leaves': 54, 'max_depth': 9, 'min_child_samples': 17, 'reg_alpha': 0.6008571445079262, 'reg_lambda': 0.04023645393745574, 'scale_pos_weight': 15.830054349442653}
    保存: C:\keiba_ai\keiba_ai_ver3.0\data\prediction\models\08_kyoto\turf3200_lambdarank_model_v19_no26.txt

  ダート1200m ...
    train=2435行 / val=608行 / 1着率=0.068 / 平均勝馬オッズ=8.8
    params: {'n_estimators': 282, 'learning_rate': 0.018509894916536547, 'num_leaves': 16, 'max_depth': 7, 'min_child_samples': 19, 'reg_alpha': 0.13968646061027282, 'reg_lambda': 1.912170011585717, 'scale_pos_weight': 13.954585682966185}
    保存: C:\keiba_ai\keiba_ai_ver3.0\data\prediction\models\08_kyoto\dirt1200_lambdarank_model_v19_no26.txt

  ダート1400m ...
    train=7229行 / val=1800行 / 1着率=0.073 / 平均勝馬オッズ=9.3
    params: {'n_estimators': 226, 'learning_rate': 0.011552627632790552, 'num_leaves': 43, 'max_depth': 6, 'min_child_samples': 30, 'reg_alpha': 0.0022637172505759065, 'reg_lambda': 0.00532463457929216, 'scale_pos_weight': 4.064880839814929}
    保存: C:\keiba_ai\keiba_ai_ver3.0\data\prediction\models\08_kyoto\dirt1400_lambdarank_model_v19_no26.txt

  ダート1800m ...
    train=7229行 / val=1800行 / 1着率=0.073 / 平均勝馬オッズ=9.3
    params: {'n_estimators': 226, 'learning_rate': 0.011552627632790552, 'num_leaves': 43, 'max_depth': 6, 'min_child_samples': 30, 'reg_alpha': 0.0022637172505759065, 'reg_lambda': 0.00532463457929216, 'scale_pos_weight': 4.064880839814929}
    保存: C:\keiba_ai\keiba_ai_ver3.0\data\prediction\models\08_kyoto\dirt1800_lambdarank_model_v19_no26.txt

  ダート1900m ...
    train=1073行 / val=262行 / 1着率=0.077 / 平均勝馬オッズ=8.0
    params: {'n_estimators': 288, 'learning_rate': 0.01551462272489882, 'num_leaves': 48, 'max_depth': 3, 'min_child_samples': 28, 'reg_alpha': 0.058474006623797266, 'reg_lambda': 0.8611752215058063, 'scale_pos_weight': 7.096505631832103}
    保存: C:\keiba_ai\keiba_ai_ver3.0\data\prediction\models\08_kyoto\dirt1900_lambdarank_model_v19_no26.txt

=======================================================
[学習] 09_hanshin
=======================================================

  芝1200m ...
    train=1390行 / val=335行 / 1着率=0.076 / 平均勝馬オッズ=13.1
    params: {'n_estimators': 398, 'learning_rate': 0.005030553758760244, 'num_leaves': 32, 'max_depth': 9, 'min_child_samples': 9, 'reg_alpha': 0.014202975642258997, 'reg_lambda': 0.5771329032749738, 'scale_pos_weight': 6.731304651949277}
    保存: C:\keiba_ai\keiba_ai_ver3.0\data\prediction\models\09_hanshin\turf1200_lambdarank_model_v19_no26.txt

  芝1400m ...
    train=8113行 / val=2018行 / 1着率=0.075 / 平均勝馬オッズ=10.0
    params: {'n_estimators': 375, 'learning_rate': 0.04582738321119936, 'num_leaves': 38, 'max_depth': 8, 'min_child_samples': 21, 'reg_alpha': 0.059974420207602304, 'reg_lambda': 0.145271578666017, 'scale_pos_weight': 1.0165259707282877}
    保存: C:\keiba_ai\keiba_ai_ver3.0\data\prediction\models\09_hanshin\turf1400_lambdarank_model_v19_no26.txt

  芝1600m ...
    train=8113行 / val=2018行 / 1着率=0.075 / 平均勝馬オッズ=10.0
    params: {'n_estimators': 375, 'learning_rate': 0.04582738321119936, 'num_leaves': 38, 'max_depth': 8, 'min_child_samples': 21, 'reg_alpha': 0.059974420207602304, 'reg_lambda': 0.145271578666017, 'scale_pos_weight': 1.0165259707282877}
    保存: C:\keiba_ai\keiba_ai_ver3.0\data\prediction\models\09_hanshin\turf1600_lambdarank_model_v19_no26.txt

  芝1800m ...
    train=8113行 / val=2018行 / 1着率=0.075 / 平均勝馬オッズ=10.0
    params: {'n_estimators': 375, 'learning_rate': 0.04582738321119936, 'num_leaves': 38, 'max_depth': 8, 'min_child_samples': 21, 'reg_alpha': 0.059974420207602304, 'reg_lambda': 0.145271578666017, 'scale_pos_weight': 1.0165259707282877}
    保存: C:\keiba_ai\keiba_ai_ver3.0\data\prediction\models\09_hanshin\turf1800_lambdarank_model_v19_no26.txt

  芝2000m ...
    train=2267行 / val=567行 / 1着率=0.088 / 平均勝馬オッズ=8.5
    params: {'n_estimators': 108, 'learning_rate': 0.034008685807730005, 'num_leaves': 54, 'max_depth': 9, 'min_child_samples': 30, 'reg_alpha': 0.6008571445079262, 'reg_lambda': 0.04023645393745574, 'scale_pos_weight': 15.830054349442653}
    保存: C:\keiba_ai\keiba_ai_ver3.0\data\prediction\models\09_hanshin\turf2000_lambdarank_model_v19_no26.txt

  芝2200m ...
    train=1582行 / val=395行 / 1着率=0.088 / 平均勝馬オッズ=8.3
    params: {'n_estimators': 438, 'learning_rate': 0.041368577286939795, 'num_leaves': 22, 'max_depth': 8, 'min_child_samples': 20, 'reg_alpha': 0.5038796166137866, 'reg_lambda': 0.002391936937282135, 'scale_pos_weight': 8.674263262343258}
    保存: C:\keiba_ai\keiba_ai_ver3.0\data\prediction\models\09_hanshin\turf2200_lambdarank_model_v19_no26.txt

  芝2400m ...
    train=1582行 / val=395行 / 1着率=0.088 / 平均勝馬オッズ=8.3
    params: {'n_estimators': 438, 'learning_rate': 0.041368577286939795, 'num_leaves': 22, 'max_depth': 8, 'min_child_samples': 20, 'reg_alpha': 0.5038796166137866, 'reg_lambda': 0.002391936937282135, 'scale_pos_weight': 8.674263262343258}
    保存: C:\keiba_ai\keiba_ai_ver3.0\data\prediction\models\09_hanshin\turf2400_lambdarank_model_v19_no26.txt

  芝2600m ...
    train=1582行 / val=395行 / 1着率=0.088 / 平均勝馬オッズ=8.3
    params: {'n_estimators': 438, 'learning_rate': 0.041368577286939795, 'num_leaves': 22, 'max_depth': 8, 'min_child_samples': 20, 'reg_alpha': 0.5038796166137866, 'reg_lambda': 0.002391936937282135, 'scale_pos_weight': 8.674263262343258}
    保存: C:\keiba_ai\keiba_ai_ver3.0\data\prediction\models\09_hanshin\turf2600_lambdarank_model_v19_no26.txt

  芝3000m ...
    train=151行 / val=21行 / 1着率=0.073 / 平均勝馬オッズ=10.5
    params: {'n_estimators': 414, 'learning_rate': 0.005020244228815208, 'num_leaves': 31, 'max_depth': 5, 'min_child_samples': 2, 'reg_alpha': 0.015649920265341614, 'reg_lambda': 0.19902390068647188, 'scale_pos_weight': 19.895033124699818}
    保存: C:\keiba_ai\keiba_ai_ver3.0\data\prediction\models\09_hanshin\turf3000_lambdarank_model_v19_no26.txt

  ダート1200m ...
    train=4395行 / val=1087行 / 1着率=0.068 / 平均勝馬オッズ=8.3
    params: {'n_estimators': 108, 'learning_rate': 0.034008685807730005, 'num_leaves': 54, 'max_depth': 9, 'min_child_samples': 30, 'reg_alpha': 0.6008571445079262, 'reg_lambda': 0.04023645393745574, 'scale_pos_weight': 15.830054349442653}
    保存: C:\keiba_ai\keiba_ai_ver3.0\data\prediction\models\09_hanshin\dirt1200_lambdarank_model_v19_no26.txt

  ダート1400m ...
    train=12576行 / val=3137行 / 1着率=0.074 / 平均勝馬オッズ=8.6
    params: {'n_estimators': 434, 'learning_rate': 0.02638316700080709, 'num_leaves': 37, 'max_depth': 6, 'min_child_samples': 15, 'reg_alpha': 0.059974420207602304, 'reg_lambda': 0.1052665054095828, 'scale_pos_weight': 1.016529253790149}
    保存: C:\keiba_ai\keiba_ai_ver3.0\data\prediction\models\09_hanshin\dirt1400_lambdarank_model_v19_no26.txt

  ダート1800m ...
    train=12576行 / val=3137行 / 1着率=0.074 / 平均勝馬オッズ=8.6
    params: {'n_estimators': 434, 'learning_rate': 0.02638316700080709, 'num_leaves': 37, 'max_depth': 6, 'min_child_samples': 15, 'reg_alpha': 0.059974420207602304, 'reg_lambda': 0.1052665054095828, 'scale_pos_weight': 1.016529253790149}
    保存: C:\keiba_ai\keiba_ai_ver3.0\data\prediction\models\09_hanshin\dirt1800_lambdarank_model_v19_no26.txt

  ダート2000m ...
    train=1255行 / val=303行 / 1着率=0.080 / 平均勝馬オッズ=9.5
    params: {'n_estimators': 294, 'learning_rate': 0.028189875420003296, 'num_leaves': 26, 'max_depth': 6, 'min_child_samples': 2, 'reg_alpha': 0.059974420207602304, 'reg_lambda': 0.923720333929401, 'scale_pos_weight': 8.312461242746899}
    保存: C:\keiba_ai\keiba_ai_ver3.0\data\prediction\models\09_hanshin\dirt2000_lambdarank_model_v19_no26.txt

=======================================================
[学習] 10_kokura
=======================================================

  芝1200m ...
    train=5497行 / val=1362行 / 1着率=0.064 / 平均勝馬オッズ=11.7
    params: {'n_estimators': 244, 'learning_rate': 0.013677349923889491, 'num_leaves': 50, 'max_depth': 3, 'min_child_samples': 21, 'reg_alpha': 0.21472825295735185, 'reg_lambda': 0.005389217045426541, 'scale_pos_weight': 3.4495996554422126}
    保存: C:\keiba_ai\keiba_ai_ver3.0\data\prediction\models\10_kokura\turf1200_lambdarank_model_v19_no26.txt

  芝1700m ...
    train=2729行 / val=680行 / 1着率=0.075 / 平均勝馬オッズ=10.8
    params: {'n_estimators': 486, 'learning_rate': 0.012089588621664739, 'num_leaves': 54, 'max_depth': 7, 'min_child_samples': 18, 'reg_alpha': 1.653528726720999, 'reg_lambda': 0.0017660418375786328, 'scale_pos_weight': 2.6554566943292732}
    保存: C:\keiba_ai\keiba_ai_ver3.0\data\prediction\models\10_kokura\turf1700_lambdarank_model_v19_no26.txt

  芝1800m ...
    train=2729行 / val=680行 / 1着率=0.075 / 平均勝馬オッズ=10.8
    params: {'n_estimators': 486, 'learning_rate': 0.012089588621664739, 'num_leaves': 54, 'max_depth': 7, 'min_child_samples': 18, 'reg_alpha': 1.653528726720999, 'reg_lambda': 0.0017660418375786328, 'scale_pos_weight': 2.6554566943292732}
    保存: C:\keiba_ai\keiba_ai_ver3.0\data\prediction\models\10_kokura\turf1800_lambdarank_model_v19_no26.txt

  芝2000m ...
    train=2468行 / val=615行 / 1着率=0.078 / 平均勝馬オッズ=9.9
    params: {'n_estimators': 213, 'learning_rate': 0.007534761300225572, 'num_leaves': 64, 'max_depth': 5, 'min_child_samples': 29, 'reg_alpha': 2.960841695470026, 'reg_lambda': 0.003263257732118825, 'scale_pos_weight': 1.4408848514375765}
    保存: C:\keiba_ai\keiba_ai_ver3.0\data\prediction\models\10_kokura\turf2000_lambdarank_model_v19_no26.txt

  芝2600m ...
    train=632行 / val=156行 / 1着率=0.084 / 平均勝馬オッズ=7.4
    params: {'n_estimators': 486, 'learning_rate': 0.012089588621664739, 'num_leaves': 54, 'max_depth': 7, 'min_child_samples': 18, 'reg_alpha': 1.653528726720999, 'reg_lambda': 0.0017660418375786328, 'scale_pos_weight': 2.6554566943292732}
    保存: C:\keiba_ai\keiba_ai_ver3.0\data\prediction\models\10_kokura\turf2600_lambdarank_model_v19_no26.txt

  ダート1000m ...
    train=1944行 / val=479行 / 1着率=0.075 / 平均勝馬オッズ=10.8
    params: {'n_estimators': 278, 'learning_rate': 0.03180109478718727, 'num_leaves': 46, 'max_depth': 9, 'min_child_samples': 23, 'reg_alpha': 0.780441861047422, 'reg_lambda': 0.002917902267739575, 'scale_pos_weight': 5.880953909510776}
    保存: C:\keiba_ai\keiba_ai_ver3.0\data\prediction\models\10_kokura\dirt1000_lambdarank_model_v19_no26.txt

  ダート1700m ...
    train=4740行 / val=1168行 / 1着率=0.068 / 平均勝馬オッズ=10.7
    params: {'n_estimators': 407, 'learning_rate': 0.005489613271579069, 'num_leaves': 62, 'max_depth': 5, 'min_child_samples': 2, 'reg_alpha': 0.011390153037808588, 'reg_lambda': 0.9268055616452695, 'scale_pos_weight': 9.575405837820135}
    保存: C:\keiba_ai\keiba_ai_ver3.0\data\prediction\models\10_kokura\dirt1700_lambdarank_model_v19_no26.txt

  ダート2400m ...
    train=117行 / val=27行 / 1着率=0.094 / 平均勝馬オッズ=7.1
    params: {'n_estimators': 420, 'learning_rate': 0.00502020568184562, 'num_leaves': 31, 'max_depth': 5, 'min_child_samples': 4, 'reg_alpha': 0.014086683843930595, 'reg_lambda': 0.3384295207790855, 'scale_pos_weight': 8.862510396116358}
    保存: C:\keiba_ai\keiba_ai_ver3.0\data\prediction\models\10_kokura\dirt2400_lambdarank_model_v19_no26.txt

=======================================================
完了
=======================================================
