Traceback (most recent call last):
  File "c:\keiba_ai\keiba_ai_ver3.0\scripts\train_v8profit_no26.py", line 229, in train_all_courses
    model = _fit(best_params, ds_tr, ds_va, feval_fn, n_est)
            ^^^^^^^^^^^^^^^^^^^^^^^^^^^^^^^^^^^^^^^^^^^^^^^^
  File "c:\keiba_ai\keiba_ai_ver3.0\scripts\train_v8profit_no26.py", line 127, in _fit
    model = lgb.train(
            ^^^^^^^^^^
TypeError: train() got an unexpected keyword argument 'fobj'
Traceback (most recent call last):
  File "c:\keiba_ai\keiba_ai_ver3.0\scripts\train_v8profit_no26.py", line 229, in train_all_courses
    model = _fit(best_params, ds_tr, ds_va, feval_fn, n_est)
            ^^^^^^^^^^^^^^^^^^^^^^^^^^^^^^^^^^^^^^^^^^^^^^^^
  File "c:\keiba_ai\keiba_ai_ver3.0\scripts\train_v8profit_no26.py", line 127, in _fit
    model = lgb.train(
            ^^^^^^^^^^
TypeError: train() got an unexpected keyword argument 'fobj'
Traceback (most recent call last):
  File "c:\keiba_ai\keiba_ai_ver3.0\scripts\train_v8profit_no26.py", line 229, in train_all_courses
    model = _fit(best_params, ds_tr, ds_va, feval_fn, n_est)
            ^^^^^^^^^^^^^^^^^^^^^^^^^^^^^^^^^^^^^^^^^^^^^^^^
  File "c:\keiba_ai\keiba_ai_ver3.0\scripts\train_v8profit_no26.py", line 127, in _fit
    model = lgb.train(
            ^^^^^^^^^^
TypeError: train() got an unexpected keyword argument 'fobj'
Traceback (most recent call last):
  File "c:\keiba_ai\keiba_ai_ver3.0\scripts\train_v8profit_no26.py", line 229, in train_all_courses
    model = _fit(best_params, ds_tr, ds_va, feval_fn, n_est)
            ^^^^^^^^^^^^^^^^^^^^^^^^^^^^^^^^^^^^^^^^^^^^^^^^
  File "c:\keiba_ai\keiba_ai_ver3.0\scripts\train_v8profit_no26.py", line 127, in _fit
    model = lgb.train(
            ^^^^^^^^^^
TypeError: train() got an unexpected keyword argument 'fobj'
Traceback (most recent call last):
  File "c:\keiba_ai\keiba_ai_ver3.0\scripts\train_v8profit_no26.py", line 229, in train_all_courses
    model = _fit(best_params, ds_tr, ds_va, feval_fn, n_est)
            ^^^^^^^^^^^^^^^^^^^^^^^^^^^^^^^^^^^^^^^^^^^^^^^^
  File "c:\keiba_ai\keiba_ai_ver3.0\scripts\train_v8profit_no26.py", line 127, in _fit
    model = lgb.train(
            ^^^^^^^^^^
TypeError: train() got an unexpected keyword argument 'fobj'
Traceback (most recent call last):
  File "c:\keiba_ai\keiba_ai_ver3.0\scripts\train_v8profit_no26.py", line 229, in train_all_courses
    model = _fit(best_params, ds_tr, ds_va, feval_fn, n_est)
            ^^^^^^^^^^^^^^^^^^^^^^^^^^^^^^^^^^^^^^^^^^^^^^^^
  File "c:\keiba_ai\keiba_ai_ver3.0\scripts\train_v8profit_no26.py", line 127, in _fit
    model = lgb.train(
            ^^^^^^^^^^
TypeError: train() got an unexpected keyword argument 'fobj'
Traceback (most recent call last):
  File "c:\keiba_ai\keiba_ai_ver3.0\scripts\train_v8profit_no26.py", line 229, in train_all_courses
    model = _fit(best_params, ds_tr, ds_va, feval_fn, n_est)
            ^^^^^^^^^^^^^^^^^^^^^^^^^^^^^^^^^^^^^^^^^^^^^^^^
  File "c:\keiba_ai\keiba_ai_ver3.0\scripts\train_v8profit_no26.py", line 127, in _fit
    model = lgb.train(
            ^^^^^^^^^^
TypeError: train() got an unexpected keyword argument 'fobj'
Traceback (most recent call last):
  File "c:\keiba_ai\keiba_ai_ver3.0\scripts\train_v8profit_no26.py", line 229, in train_all_courses
    model = _fit(best_params, ds_tr, ds_va, feval_fn, n_est)
            ^^^^^^^^^^^^^^^^^^^^^^^^^^^^^^^^^^^^^^^^^^^^^^^^
  File "c:\keiba_ai\keiba_ai_ver3.0\scripts\train_v8profit_no26.py", line 127, in _fit
    model = lgb.train(
            ^^^^^^^^^^
TypeError: train() got an unexpected keyword argument 'fobj'
Traceback (most recent call last):
  File "c:\keiba_ai\keiba_ai_ver3.0\scripts\train_v8profit_no26.py", line 229, in train_all_courses
    model = _fit(best_params, ds_tr, ds_va, feval_fn, n_est)
            ^^^^^^^^^^^^^^^^^^^^^^^^^^^^^^^^^^^^^^^^^^^^^^^^
  File "c:\keiba_ai\keiba_ai_ver3.0\scripts\train_v8profit_no26.py", line 127, in _fit
    model = lgb.train(
            ^^^^^^^^^^
TypeError: train() got an unexpected keyword argument 'fobj'
Traceback (most recent call last):
  File "c:\keiba_ai\keiba_ai_ver3.0\scripts\train_v8profit_no26.py", line 229, in train_all_courses
    model = _fit(best_params, ds_tr, ds_va, feval_fn, n_est)
            ^^^^^^^^^^^^^^^^^^^^^^^^^^^^^^^^^^^^^^^^^^^^^^^^
  File "c:\keiba_ai\keiba_ai_ver3.0\scripts\train_v8profit_no26.py", line 127, in _fit
    model = lgb.train(
            ^^^^^^^^^^
TypeError: train() got an unexpected keyword argument 'fobj'
Traceback (most recent call last):
  File "c:\keiba_ai\keiba_ai_ver3.0\scripts\train_v8profit_no26.py", line 229, in train_all_courses
    model = _fit(best_params, ds_tr, ds_va, feval_fn, n_est)
            ^^^^^^^^^^^^^^^^^^^^^^^^^^^^^^^^^^^^^^^^^^^^^^^^
  File "c:\keiba_ai\keiba_ai_ver3.0\scripts\train_v8profit_no26.py", line 127, in _fit
    model = lgb.train(
            ^^^^^^^^^^
TypeError: train() got an unexpected keyword argument 'fobj'
Traceback (most recent call last):
  File "c:\keiba_ai\keiba_ai_ver3.0\scripts\train_v8profit_no26.py", line 229, in train_all_courses
    model = _fit(best_params, ds_tr, ds_va, feval_fn, n_est)
            ^^^^^^^^^^^^^^^^^^^^^^^^^^^^^^^^^^^^^^^^^^^^^^^^
  File "c:\keiba_ai\keiba_ai_ver3.0\scripts\train_v8profit_no26.py", line 127, in _fit
    model = lgb.train(
            ^^^^^^^^^^
TypeError: train() got an unexpected keyword argument 'fobj'
Traceback (most recent call last):
  File "c:\keiba_ai\keiba_ai_ver3.0\scripts\train_v8profit_no26.py", line 229, in train_all_courses
    model = _fit(best_params, ds_tr, ds_va, feval_fn, n_est)
            ^^^^^^^^^^^^^^^^^^^^^^^^^^^^^^^^^^^^^^^^^^^^^^^^
  File "c:\keiba_ai\keiba_ai_ver3.0\scripts\train_v8profit_no26.py", line 127, in _fit
    model = lgb.train(
            ^^^^^^^^^^
TypeError: train() got an unexpected keyword argument 'fobj'
Traceback (most recent call last):
  File "c:\keiba_ai\keiba_ai_ver3.0\scripts\train_v8profit_no26.py", line 229, in train_all_courses
    model = _fit(best_params, ds_tr, ds_va, feval_fn, n_est)
            ^^^^^^^^^^^^^^^^^^^^^^^^^^^^^^^^^^^^^^^^^^^^^^^^
  File "c:\keiba_ai\keiba_ai_ver3.0\scripts\train_v8profit_no26.py", line 127, in _fit
    model = lgb.train(
            ^^^^^^^^^^
TypeError: train() got an unexpected keyword argument 'fobj'
Traceback (most recent call last):
  File "c:\keiba_ai\keiba_ai_ver3.0\scripts\train_v8profit_no26.py", line 229, in train_all_courses
    model = _fit(best_params, ds_tr, ds_va, feval_fn, n_est)
            ^^^^^^^^^^^^^^^^^^^^^^^^^^^^^^^^^^^^^^^^^^^^^^^^
  File "c:\keiba_ai\keiba_ai_ver3.0\scripts\train_v8profit_no26.py", line 127, in _fit
    model = lgb.train(
            ^^^^^^^^^^
TypeError: train() got an unexpected keyword argument 'fobj'
Traceback (most recent call last):
  File "c:\keiba_ai\keiba_ai_ver3.0\scripts\train_v8profit_no26.py", line 229, in train_all_courses
    model = _fit(best_params, ds_tr, ds_va, feval_fn, n_est)
            ^^^^^^^^^^^^^^^^^^^^^^^^^^^^^^^^^^^^^^^^^^^^^^^^
  File "c:\keiba_ai\keiba_ai_ver3.0\scripts\train_v8profit_no26.py", line 127, in _fit
    model = lgb.train(
            ^^^^^^^^^^
TypeError: train() got an unexpected keyword argument 'fobj'
Traceback (most recent call last):
  File "c:\keiba_ai\keiba_ai_ver3.0\scripts\train_v8profit_no26.py", line 229, in train_all_courses
    model = _fit(best_params, ds_tr, ds_va, feval_fn, n_est)
            ^^^^^^^^^^^^^^^^^^^^^^^^^^^^^^^^^^^^^^^^^^^^^^^^
  File "c:\keiba_ai\keiba_ai_ver3.0\scripts\train_v8profit_no26.py", line 127, in _fit
    model = lgb.train(
            ^^^^^^^^^^
TypeError: train() got an unexpected keyword argument 'fobj'
Traceback (most recent call last):
  File "c:\keiba_ai\keiba_ai_ver3.0\scripts\train_v8profit_no26.py", line 229, in train_all_courses
    model = _fit(best_params, ds_tr, ds_va, feval_fn, n_est)
            ^^^^^^^^^^^^^^^^^^^^^^^^^^^^^^^^^^^^^^^^^^^^^^^^
  File "c:\keiba_ai\keiba_ai_ver3.0\scripts\train_v8profit_no26.py", line 127, in _fit
    model = lgb.train(
            ^^^^^^^^^^
TypeError: train() got an unexpected keyword argument 'fobj'
Traceback (most recent call last):
  File "c:\keiba_ai\keiba_ai_ver3.0\scripts\train_v8profit_no26.py", line 229, in train_all_courses
    model = _fit(best_params, ds_tr, ds_va, feval_fn, n_est)
            ^^^^^^^^^^^^^^^^^^^^^^^^^^^^^^^^^^^^^^^^^^^^^^^^
  File "c:\keiba_ai\keiba_ai_ver3.0\scripts\train_v8profit_no26.py", line 127, in _fit
    model = lgb.train(
            ^^^^^^^^^^
TypeError: train() got an unexpected keyword argument 'fobj'
Traceback (most recent call last):
  File "c:\keiba_ai\keiba_ai_ver3.0\scripts\train_v8profit_no26.py", line 229, in train_all_courses
    model = _fit(best_params, ds_tr, ds_va, feval_fn, n_est)
            ^^^^^^^^^^^^^^^^^^^^^^^^^^^^^^^^^^^^^^^^^^^^^^^^
  File "c:\keiba_ai\keiba_ai_ver3.0\scripts\train_v8profit_no26.py", line 127, in _fit
    model = lgb.train(
            ^^^^^^^^^^
TypeError: train() got an unexpected keyword argument 'fobj'
Traceback (most recent call last):
  File "c:\keiba_ai\keiba_ai_ver3.0\scripts\train_v8profit_no26.py", line 229, in train_all_courses
    model = _fit(best_params, ds_tr, ds_va, feval_fn, n_est)
            ^^^^^^^^^^^^^^^^^^^^^^^^^^^^^^^^^^^^^^^^^^^^^^^^
  File "c:\keiba_ai\keiba_ai_ver3.0\scripts\train_v8profit_no26.py", line 127, in _fit
    model = lgb.train(
            ^^^^^^^^^^
TypeError: train() got an unexpected keyword argument 'fobj'
Traceback (most recent call last):
  File "c:\keiba_ai\keiba_ai_ver3.0\scripts\train_v8profit_no26.py", line 229, in train_all_courses
    model = _fit(best_params, ds_tr, ds_va, feval_fn, n_est)
            ^^^^^^^^^^^^^^^^^^^^^^^^^^^^^^^^^^^^^^^^^^^^^^^^
  File "c:\keiba_ai\keiba_ai_ver3.0\scripts\train_v8profit_no26.py", line 127, in _fit
    model = lgb.train(
            ^^^^^^^^^^
TypeError: train() got an unexpected keyword argument 'fobj'
Traceback (most recent call last):
  File "c:\keiba_ai\keiba_ai_ver3.0\scripts\train_v8profit_no26.py", line 229, in train_all_courses
    model = _fit(best_params, ds_tr, ds_va, feval_fn, n_est)
            ^^^^^^^^^^^^^^^^^^^^^^^^^^^^^^^^^^^^^^^^^^^^^^^^
  File "c:\keiba_ai\keiba_ai_ver3.0\scripts\train_v8profit_no26.py", line 127, in _fit
    model = lgb.train(
            ^^^^^^^^^^
TypeError: train() got an unexpected keyword argument 'fobj'
Traceback (most recent call last):
  File "c:\keiba_ai\keiba_ai_ver3.0\scripts\train_v8profit_no26.py", line 229, in train_all_courses
    model = _fit(best_params, ds_tr, ds_va, feval_fn, n_est)
            ^^^^^^^^^^^^^^^^^^^^^^^^^^^^^^^^^^^^^^^^^^^^^^^^
  File "c:\keiba_ai\keiba_ai_ver3.0\scripts\train_v8profit_no26.py", line 127, in _fit
    model = lgb.train(
            ^^^^^^^^^^
TypeError: train() got an unexpected keyword argument 'fobj'
Traceback (most recent call last):
  File "c:\keiba_ai\keiba_ai_ver3.0\scripts\train_v8profit_no26.py", line 229, in train_all_courses
    model = _fit(best_params, ds_tr, ds_va, feval_fn, n_est)
            ^^^^^^^^^^^^^^^^^^^^^^^^^^^^^^^^^^^^^^^^^^^^^^^^
  File "c:\keiba_ai\keiba_ai_ver3.0\scripts\train_v8profit_no26.py", line 127, in _fit
    model = lgb.train(
            ^^^^^^^^^^
TypeError: train() got an unexpected keyword argument 'fobj'
Traceback (most recent call last):
  File "c:\keiba_ai\keiba_ai_ver3.0\scripts\train_v8profit_no26.py", line 229, in train_all_courses
    model = _fit(best_params, ds_tr, ds_va, feval_fn, n_est)
            ^^^^^^^^^^^^^^^^^^^^^^^^^^^^^^^^^^^^^^^^^^^^^^^^
  File "c:\keiba_ai\keiba_ai_ver3.0\scripts\train_v8profit_no26.py", line 127, in _fit
    model = lgb.train(
            ^^^^^^^^^^
TypeError: train() got an unexpected keyword argument 'fobj'
Traceback (most recent call last):
  File "c:\keiba_ai\keiba_ai_ver3.0\scripts\train_v8profit_no26.py", line 229, in train_all_courses
    model = _fit(best_params, ds_tr, ds_va, feval_fn, n_est)
            ^^^^^^^^^^^^^^^^^^^^^^^^^^^^^^^^^^^^^^^^^^^^^^^^
  File "c:\keiba_ai\keiba_ai_ver3.0\scripts\train_v8profit_no26.py", line 127, in _fit
    model = lgb.train(
            ^^^^^^^^^^
TypeError: train() got an unexpected keyword argument 'fobj'
Traceback (most recent call last):
  File "c:\keiba_ai\keiba_ai_ver3.0\scripts\train_v8profit_no26.py", line 229, in train_all_courses
    model = _fit(best_params, ds_tr, ds_va, feval_fn, n_est)
            ^^^^^^^^^^^^^^^^^^^^^^^^^^^^^^^^^^^^^^^^^^^^^^^^
  File "c:\keiba_ai\keiba_ai_ver3.0\scripts\train_v8profit_no26.py", line 127, in _fit
    model = lgb.train(
            ^^^^^^^^^^
TypeError: train() got an unexpected keyword argument 'fobj'
Traceback (most recent call last):
  File "c:\keiba_ai\keiba_ai_ver3.0\scripts\train_v8profit_no26.py", line 229, in train_all_courses
    model = _fit(best_params, ds_tr, ds_va, feval_fn, n_est)
            ^^^^^^^^^^^^^^^^^^^^^^^^^^^^^^^^^^^^^^^^^^^^^^^^
  File "c:\keiba_ai\keiba_ai_ver3.0\scripts\train_v8profit_no26.py", line 127, in _fit
    model = lgb.train(
            ^^^^^^^^^^
TypeError: train() got an unexpected keyword argument 'fobj'
Traceback (most recent call last):
  File "c:\keiba_ai\keiba_ai_ver3.0\scripts\train_v8profit_no26.py", line 229, in train_all_courses
    model = _fit(best_params, ds_tr, ds_va, feval_fn, n_est)
            ^^^^^^^^^^^^^^^^^^^^^^^^^^^^^^^^^^^^^^^^^^^^^^^^
  File "c:\keiba_ai\keiba_ai_ver3.0\scripts\train_v8profit_no26.py", line 127, in _fit
    model = lgb.train(
            ^^^^^^^^^^
TypeError: train() got an unexpected keyword argument 'fobj'
Traceback (most recent call last):
  File "c:\keiba_ai\keiba_ai_ver3.0\scripts\train_v8profit_no26.py", line 229, in train_all_courses
    model = _fit(best_params, ds_tr, ds_va, feval_fn, n_est)
            ^^^^^^^^^^^^^^^^^^^^^^^^^^^^^^^^^^^^^^^^^^^^^^^^
  File "c:\keiba_ai\keiba_ai_ver3.0\scripts\train_v8profit_no26.py", line 127, in _fit
    model = lgb.train(
            ^^^^^^^^^^
TypeError: train() got an unexpected keyword argument 'fobj'
Traceback (most recent call last):
  File "c:\keiba_ai\keiba_ai_ver3.0\scripts\train_v8profit_no26.py", line 229, in train_all_courses
    model = _fit(best_params, ds_tr, ds_va, feval_fn, n_est)
            ^^^^^^^^^^^^^^^^^^^^^^^^^^^^^^^^^^^^^^^^^^^^^^^^
  File "c:\keiba_ai\keiba_ai_ver3.0\scripts\train_v8profit_no26.py", line 127, in _fit
    model = lgb.train(
            ^^^^^^^^^^
TypeError: train() got an unexpected keyword argument 'fobj'
Traceback (most recent call last):
  File "c:\keiba_ai\keiba_ai_ver3.0\scripts\train_v8profit_no26.py", line 229, in train_all_courses
    model = _fit(best_params, ds_tr, ds_va, feval_fn, n_est)
            ^^^^^^^^^^^^^^^^^^^^^^^^^^^^^^^^^^^^^^^^^^^^^^^^
  File "c:\keiba_ai\keiba_ai_ver3.0\scripts\train_v8profit_no26.py", line 127, in _fit
    model = lgb.train(
            ^^^^^^^^^^
TypeError: train() got an unexpected keyword argument 'fobj'
Traceback (most recent call last):
  File "c:\keiba_ai\keiba_ai_ver3.0\scripts\train_v8profit_no26.py", line 229, in train_all_courses
    model = _fit(best_params, ds_tr, ds_va, feval_fn, n_est)
            ^^^^^^^^^^^^^^^^^^^^^^^^^^^^^^^^^^^^^^^^^^^^^^^^
  File "c:\keiba_ai\keiba_ai_ver3.0\scripts\train_v8profit_no26.py", line 127, in _fit
    model = lgb.train(
            ^^^^^^^^^^
TypeError: train() got an unexpected keyword argument 'fobj'
Traceback (most recent call last):
  File "c:\keiba_ai\keiba_ai_ver3.0\scripts\train_v8profit_no26.py", line 229, in train_all_courses
    model = _fit(best_params, ds_tr, ds_va, feval_fn, n_est)
            ^^^^^^^^^^^^^^^^^^^^^^^^^^^^^^^^^^^^^^^^^^^^^^^^
  File "c:\keiba_ai\keiba_ai_ver3.0\scripts\train_v8profit_no26.py", line 127, in _fit
    model = lgb.train(
            ^^^^^^^^^^
TypeError: train() got an unexpected keyword argument 'fobj'
Traceback (most recent call last):
  File "c:\keiba_ai\keiba_ai_ver3.0\scripts\train_v8profit_no26.py", line 229, in train_all_courses
    model = _fit(best_params, ds_tr, ds_va, feval_fn, n_est)
            ^^^^^^^^^^^^^^^^^^^^^^^^^^^^^^^^^^^^^^^^^^^^^^^^
  File "c:\keiba_ai\keiba_ai_ver3.0\scripts\train_v8profit_no26.py", line 127, in _fit
    model = lgb.train(
            ^^^^^^^^^^
TypeError: train() got an unexpected keyword argument 'fobj'
Traceback (most recent call last):
  File "c:\keiba_ai\keiba_ai_ver3.0\scripts\train_v8profit_no26.py", line 229, in train_all_courses
    model = _fit(best_params, ds_tr, ds_va, feval_fn, n_est)
            ^^^^^^^^^^^^^^^^^^^^^^^^^^^^^^^^^^^^^^^^^^^^^^^^
  File "c:\keiba_ai\keiba_ai_ver3.0\scripts\train_v8profit_no26.py", line 127, in _fit
    model = lgb.train(
            ^^^^^^^^^^
TypeError: train() got an unexpected keyword argument 'fobj'
Traceback (most recent call last):
  File "c:\keiba_ai\keiba_ai_ver3.0\scripts\train_v8profit_no26.py", line 229, in train_all_courses
    model = _fit(best_params, ds_tr, ds_va, feval_fn, n_est)
            ^^^^^^^^^^^^^^^^^^^^^^^^^^^^^^^^^^^^^^^^^^^^^^^^
  File "c:\keiba_ai\keiba_ai_ver3.0\scripts\train_v8profit_no26.py", line 127, in _fit
    model = lgb.train(
            ^^^^^^^^^^
TypeError: train() got an unexpected keyword argument 'fobj'
Traceback (most recent call last):
  File "c:\keiba_ai\keiba_ai_ver3.0\scripts\train_v8profit_no26.py", line 229, in train_all_courses
    model = _fit(best_params, ds_tr, ds_va, feval_fn, n_est)
            ^^^^^^^^^^^^^^^^^^^^^^^^^^^^^^^^^^^^^^^^^^^^^^^^
  File "c:\keiba_ai\keiba_ai_ver3.0\scripts\train_v8profit_no26.py", line 127, in _fit
    model = lgb.train(
            ^^^^^^^^^^
TypeError: train() got an unexpected keyword argument 'fobj'
Traceback (most recent call last):
  File "c:\keiba_ai\keiba_ai_ver3.0\scripts\train_v8profit_no26.py", line 229, in train_all_courses
    model = _fit(best_params, ds_tr, ds_va, feval_fn, n_est)
            ^^^^^^^^^^^^^^^^^^^^^^^^^^^^^^^^^^^^^^^^^^^^^^^^
  File "c:\keiba_ai\keiba_ai_ver3.0\scripts\train_v8profit_no26.py", line 127, in _fit
    model = lgb.train(
            ^^^^^^^^^^
TypeError: train() got an unexpected keyword argument 'fobj'
Traceback (most recent call last):
  File "c:\keiba_ai\keiba_ai_ver3.0\scripts\train_v8profit_no26.py", line 229, in train_all_courses
    model = _fit(best_params, ds_tr, ds_va, feval_fn, n_est)
            ^^^^^^^^^^^^^^^^^^^^^^^^^^^^^^^^^^^^^^^^^^^^^^^^
  File "c:\keiba_ai\keiba_ai_ver3.0\scripts\train_v8profit_no26.py", line 127, in _fit
    model = lgb.train(
            ^^^^^^^^^^
TypeError: train() got an unexpected keyword argument 'fobj'
Traceback (most recent call last):
  File "c:\keiba_ai\keiba_ai_ver3.0\scripts\train_v8profit_no26.py", line 229, in train_all_courses
    model = _fit(best_params, ds_tr, ds_va, feval_fn, n_est)
            ^^^^^^^^^^^^^^^^^^^^^^^^^^^^^^^^^^^^^^^^^^^^^^^^
  File "c:\keiba_ai\keiba_ai_ver3.0\scripts\train_v8profit_no26.py", line 127, in _fit
    model = lgb.train(
            ^^^^^^^^^^
TypeError: train() got an unexpected keyword argument 'fobj'
Traceback (most recent call last):
  File "c:\keiba_ai\keiba_ai_ver3.0\scripts\train_v8profit_no26.py", line 229, in train_all_courses
    model = _fit(best_params, ds_tr, ds_va, feval_fn, n_est)
            ^^^^^^^^^^^^^^^^^^^^^^^^^^^^^^^^^^^^^^^^^^^^^^^^
  File "c:\keiba_ai\keiba_ai_ver3.0\scripts\train_v8profit_no26.py", line 127, in _fit
    model = lgb.train(
            ^^^^^^^^^^
TypeError: train() got an unexpected keyword argument 'fobj'
Traceback (most recent call last):
  File "c:\keiba_ai\keiba_ai_ver3.0\scripts\train_v8profit_no26.py", line 229, in train_all_courses
    model = _fit(best_params, ds_tr, ds_va, feval_fn, n_est)
            ^^^^^^^^^^^^^^^^^^^^^^^^^^^^^^^^^^^^^^^^^^^^^^^^
  File "c:\keiba_ai\keiba_ai_ver3.0\scripts\train_v8profit_no26.py", line 127, in _fit
    model = lgb.train(
            ^^^^^^^^^^
TypeError: train() got an unexpected keyword argument 'fobj'
Traceback (most recent call last):
  File "c:\keiba_ai\keiba_ai_ver3.0\scripts\train_v8profit_no26.py", line 229, in train_all_courses
    model = _fit(best_params, ds_tr, ds_va, feval_fn, n_est)
            ^^^^^^^^^^^^^^^^^^^^^^^^^^^^^^^^^^^^^^^^^^^^^^^^
  File "c:\keiba_ai\keiba_ai_ver3.0\scripts\train_v8profit_no26.py", line 127, in _fit
    model = lgb.train(
            ^^^^^^^^^^
TypeError: train() got an unexpected keyword argument 'fobj'
Traceback (most recent call last):
  File "c:\keiba_ai\keiba_ai_ver3.0\scripts\train_v8profit_no26.py", line 229, in train_all_courses
    model = _fit(best_params, ds_tr, ds_va, feval_fn, n_est)
            ^^^^^^^^^^^^^^^^^^^^^^^^^^^^^^^^^^^^^^^^^^^^^^^^
  File "c:\keiba_ai\keiba_ai_ver3.0\scripts\train_v8profit_no26.py", line 127, in _fit
    model = lgb.train(
            ^^^^^^^^^^
TypeError: train() got an unexpected keyword argument 'fobj'
Traceback (most recent call last):
  File "c:\keiba_ai\keiba_ai_ver3.0\scripts\train_v8profit_no26.py", line 229, in train_all_courses
    model = _fit(best_params, ds_tr, ds_va, feval_fn, n_est)
            ^^^^^^^^^^^^^^^^^^^^^^^^^^^^^^^^^^^^^^^^^^^^^^^^
  File "c:\keiba_ai\keiba_ai_ver3.0\scripts\train_v8profit_no26.py", line 127, in _fit
    model = lgb.train(
            ^^^^^^^^^^
TypeError: train() got an unexpected keyword argument 'fobj'
Traceback (most recent call last):
  File "c:\keiba_ai\keiba_ai_ver3.0\scripts\train_v8profit_no26.py", line 229, in train_all_courses
    model = _fit(best_params, ds_tr, ds_va, feval_fn, n_est)
            ^^^^^^^^^^^^^^^^^^^^^^^^^^^^^^^^^^^^^^^^^^^^^^^^
  File "c:\keiba_ai\keiba_ai_ver3.0\scripts\train_v8profit_no26.py", line 127, in _fit
    model = lgb.train(
            ^^^^^^^^^^
TypeError: train() got an unexpected keyword argument 'fobj'
Traceback (most recent call last):
  File "c:\keiba_ai\keiba_ai_ver3.0\scripts\train_v8profit_no26.py", line 229, in train_all_courses
    model = _fit(best_params, ds_tr, ds_va, feval_fn, n_est)
            ^^^^^^^^^^^^^^^^^^^^^^^^^^^^^^^^^^^^^^^^^^^^^^^^
  File "c:\keiba_ai\keiba_ai_ver3.0\scripts\train_v8profit_no26.py", line 127, in _fit
    model = lgb.train(
            ^^^^^^^^^^
TypeError: train() got an unexpected keyword argument 'fobj'
Traceback (most recent call last):
  File "c:\keiba_ai\keiba_ai_ver3.0\scripts\train_v8profit_no26.py", line 229, in train_all_courses
    model = _fit(best_params, ds_tr, ds_va, feval_fn, n_est)
            ^^^^^^^^^^^^^^^^^^^^^^^^^^^^^^^^^^^^^^^^^^^^^^^^
  File "c:\keiba_ai\keiba_ai_ver3.0\scripts\train_v8profit_no26.py", line 127, in _fit
    model = lgb.train(
            ^^^^^^^^^^
TypeError: train() got an unexpected keyword argument 'fobj'
Traceback (most recent call last):
  File "c:\keiba_ai\keiba_ai_ver3.0\scripts\train_v8profit_no26.py", line 229, in train_all_courses
    model = _fit(best_params, ds_tr, ds_va, feval_fn, n_est)
            ^^^^^^^^^^^^^^^^^^^^^^^^^^^^^^^^^^^^^^^^^^^^^^^^
  File "c:\keiba_ai\keiba_ai_ver3.0\scripts\train_v8profit_no26.py", line 127, in _fit
    model = lgb.train(
            ^^^^^^^^^^
TypeError: train() got an unexpected keyword argument 'fobj'
=======================================================
v8profit_no26  学習年: 2020～2025
目的関数: 回収率直接最適化（カスタム勾配）
オッズ上限: 50.0
=======================================================

=======================================================
[学習] 01_sapporo
=======================================================

  芝1000m ...
    train=1765行 / val=428行 / 勝ち馬平均オッズ=9.4
    params: {'learning_rate': 0.01769226795453276, 'num_leaves': 51, 'max_depth': 7, 'min_child_samples': 17, 'reg_alpha': 0.029723442531939294, 'reg_lambda': 0.17613763016070647, 'n_estimators': 275}
    ERROR: 芝1000m

  芝1200m ...
    train=1765行 / val=428行 / 勝ち馬平均オッズ=9.4
    params: {'learning_rate': 0.01769226795453276, 'num_leaves': 51, 'max_depth': 7, 'min_child_samples': 17, 'reg_alpha': 0.029723442531939294, 'reg_lambda': 0.17613763016070647, 'n_estimators': 275}
    ERROR: 芝1200m

  芝1500m ...
    train=2273行 / val=569行 / 勝ち馬平均オッズ=9.4
    params: {'learning_rate': 0.01769226795453276, 'num_leaves': 51, 'max_depth': 7, 'min_child_samples': 17, 'reg_alpha': 0.029723442531939294, 'reg_lambda': 0.17613763016070647, 'n_estimators': 275}
    ERROR: 芝1500m

  芝1800m ...
    train=2273行 / val=569行 / 勝ち馬平均オッズ=9.4
    params: {'learning_rate': 0.01769226795453276, 'num_leaves': 51, 'max_depth': 7, 'min_child_samples': 17, 'reg_alpha': 0.029723442531939294, 'reg_lambda': 0.17613763016070647, 'n_estimators': 275}
    ERROR: 芝1800m

  芝2000m ...
    train=1425行 / val=356行 / 勝ち馬平均オッズ=11.2
    params: {'learning_rate': 0.01769226795453276, 'num_leaves': 51, 'max_depth': 7, 'min_child_samples': 17, 'reg_alpha': 0.029723442531939294, 'reg_lambda': 0.17613763016070647, 'n_estimators': 275}
    ERROR: 芝2000m

  芝2600m ...
    train=537行 / val=122行 / 勝ち馬平均オッズ=6.5
    params: {'learning_rate': 0.01769226795453276, 'num_leaves': 51, 'max_depth': 7, 'min_child_samples': 17, 'reg_alpha': 0.029723442531939294, 'reg_lambda': 0.17613763016070647, 'n_estimators': 275}
    ERROR: 芝2600m

  ダート1000m ...
    train=983行 / val=240行 / 勝ち馬平均オッズ=8.2
    params: {'learning_rate': 0.01769226795453276, 'num_leaves': 51, 'max_depth': 7, 'min_child_samples': 17, 'reg_alpha': 0.029723442531939294, 'reg_lambda': 0.17613763016070647, 'n_estimators': 275}
    ERROR: ダート1000m

  ダート1700m ...
    train=3124行 / val=767行 / 勝ち馬平均オッズ=9.5
    params: {'learning_rate': 0.01769226795453276, 'num_leaves': 51, 'max_depth': 7, 'min_child_samples': 17, 'reg_alpha': 0.029723442531939294, 'reg_lambda': 0.17613763016070647, 'n_estimators': 275}
    ERROR: ダート1700m

  ダート2400m ...
    train=118行 / val=21行 / 勝ち馬平均オッズ=9.0
    params: {'learning_rate': 0.01769226795453276, 'num_leaves': 51, 'max_depth': 7, 'min_child_samples': 7, 'reg_alpha': 0.029723442531939294, 'reg_lambda': 0.17613763016070647, 'n_estimators': 275}
    ERROR: ダート2400m

=======================================================
[学習] 02_hakodate
=======================================================

  芝1000m ...
    train=2685行 / val=669行 / 勝ち馬平均オッズ=8.8
    params: {'learning_rate': 0.01769226795453276, 'num_leaves': 51, 'max_depth': 7, 'min_child_samples': 17, 'reg_alpha': 0.029723442531939294, 'reg_lambda': 0.17613763016070647, 'n_estimators': 275}
    ERROR: 芝1000m

  芝1200m ...
    train=2685行 / val=669行 / 勝ち馬平均オッズ=8.8
    params: {'learning_rate': 0.01769226795453276, 'num_leaves': 51, 'max_depth': 7, 'min_child_samples': 17, 'reg_alpha': 0.029723442531939294, 'reg_lambda': 0.17613763016070647, 'n_estimators': 275}
    ERROR: 芝1200m

  芝1800m ...
    train=1243行 / val=300行 / 勝ち馬平均オッズ=8.2
    params: {'learning_rate': 0.01769226795453276, 'num_leaves': 51, 'max_depth': 7, 'min_child_samples': 17, 'reg_alpha': 0.029723442531939294, 'reg_lambda': 0.17613763016070647, 'n_estimators': 275}
    ERROR: 芝1800m

  芝2000m ...
    train=873行 / val=213行 / 勝ち馬平均オッズ=12.6
    params: {'learning_rate': 0.01769226795453276, 'num_leaves': 51, 'max_depth': 7, 'min_child_samples': 17, 'reg_alpha': 0.029723442531939294, 'reg_lambda': 0.17613763016070647, 'n_estimators': 275}
    ERROR: 芝2000m

  芝2600m ...
    train=362行 / val=88行 / 勝ち馬平均オッズ=10.9
    params: {'learning_rate': 0.01769226795453276, 'num_leaves': 51, 'max_depth': 7, 'min_child_samples': 17, 'reg_alpha': 0.029723442531939294, 'reg_lambda': 0.17613763016070647, 'n_estimators': 275}
    ERROR: 芝2600m

  ダート1000m ...
    train=1081行 / val=265行 / 勝ち馬平均オッズ=7.6
    params: {'learning_rate': 0.01769226795453276, 'num_leaves': 51, 'max_depth': 7, 'min_child_samples': 17, 'reg_alpha': 0.029723442531939294, 'reg_lambda': 0.17613763016070647, 'n_estimators': 275}
    ERROR: ダート1000m

  ダート1700m ...
    train=2253行 / val=555行 / 勝ち馬平均オッズ=10.3
    params: {'learning_rate': 0.01769226795453276, 'num_leaves': 51, 'max_depth': 7, 'min_child_samples': 17, 'reg_alpha': 0.029723442531939294, 'reg_lambda': 0.17613763016070647, 'n_estimators': 275}
    ERROR: ダート1700m

  ダート2400m ...
    train=128行 / val=23行 / 勝ち馬平均オッズ=7.4
    params: {'learning_rate': 0.01769226795453276, 'num_leaves': 51, 'max_depth': 7, 'min_child_samples': 7, 'reg_alpha': 0.029723442531939294, 'reg_lambda': 0.17613763016070647, 'n_estimators': 275}
    ERROR: ダート2400m

=======================================================
[学習] 03_fukushima
=======================================================

  芝1200m ...
    train=3664行 / val=907行 / 勝ち馬平均オッズ=9.4
    params: {'learning_rate': 0.01769226795453276, 'num_leaves': 51, 'max_depth': 7, 'min_child_samples': 17, 'reg_alpha': 0.029723442531939294, 'reg_lambda': 0.17613763016070647, 'n_estimators': 275}
    ERROR: 芝1200m

  芝1800m ...
    train=2036行 / val=500行 / 勝ち馬平均オッズ=11.5
    params: {'learning_rate': 0.01769226795453276, 'num_leaves': 51, 'max_depth': 7, 'min_child_samples': 17, 'reg_alpha': 0.029723442531939294, 'reg_lambda': 0.17613763016070647, 'n_estimators': 275}
    ERROR: 芝1800m

  芝2000m ...
    train=1680行 / val=419行 / 勝ち馬平均オッズ=11.8
    params: {'learning_rate': 0.01769226795453276, 'num_leaves': 51, 'max_depth': 7, 'min_child_samples': 17, 'reg_alpha': 0.029723442531939294, 'reg_lambda': 0.17613763016070647, 'n_estimators': 275}
    ERROR: 芝2000m

  芝2600m ...
    train=747行 / val=181行 / 勝ち馬平均オッズ=8.6
    params: {'learning_rate': 0.01769226795453276, 'num_leaves': 51, 'max_depth': 7, 'min_child_samples': 17, 'reg_alpha': 0.029723442531939294, 'reg_lambda': 0.17613763016070647, 'n_estimators': 275}
    ERROR: 芝2600m

  ダート1150m ...
    train=2516行 / val=625行 / 勝ち馬平均オッズ=11.6
    params: {'learning_rate': 0.01769226795453276, 'num_leaves': 51, 'max_depth': 7, 'min_child_samples': 17, 'reg_alpha': 0.029723442531939294, 'reg_lambda': 0.17613763016070647, 'n_estimators': 275}
    ERROR: ダート1150m

  ダート1700m ...
    train=3789行 / val=936行 / 勝ち馬平均オッズ=13.4
    params: {'learning_rate': 0.01769226795453276, 'num_leaves': 51, 'max_depth': 7, 'min_child_samples': 17, 'reg_alpha': 0.029723442531939294, 'reg_lambda': 0.17613763016070647, 'n_estimators': 275}
    ERROR: ダート1700m

  ダート2400m ...
    train=117行 / val=27行 / 勝ち馬平均オッズ=16.6
    params: {'learning_rate': 0.01769226795453276, 'num_leaves': 51, 'max_depth': 7, 'min_child_samples': 7, 'reg_alpha': 0.029723442531939294, 'reg_lambda': 0.17613763016070647, 'n_estimators': 275}
    ERROR: ダート2400m

=======================================================
[学習] 04_nigata
=======================================================

  芝1000m ...
    train=3124行 / val=770行 / 勝ち馬平均オッズ=10.2
    params: {'learning_rate': 0.01769226795453276, 'num_leaves': 51, 'max_depth': 7, 'min_child_samples': 17, 'reg_alpha': 0.029723442531939294, 'reg_lambda': 0.17613763016070647, 'n_estimators': 275}
    ERROR: 芝1000m

  芝1200m ...
    train=3124行 / val=770行 / 勝ち馬平均オッズ=10.2
Traceback (most recent call last):
  File "c:\keiba_ai\keiba_ai_ver3.0\scripts\train_v8profit_no26.py", line 229, in train_all_courses
    model = _fit(best_params, ds_tr, ds_va, feval_fn, n_est)
            ^^^^^^^^^^^^^^^^^^^^^^^^^^^^^^^^^^^^^^^^^^^^^^^^
  File "c:\keiba_ai\keiba_ai_ver3.0\scripts\train_v8profit_no26.py", line 127, in _fit
    model = lgb.train(
            ^^^^^^^^^^
TypeError: train() got an unexpected keyword argument 'fobj'
Traceback (most recent call last):
  File "c:\keiba_ai\keiba_ai_ver3.0\scripts\train_v8profit_no26.py", line 229, in train_all_courses
    model = _fit(best_params, ds_tr, ds_va, feval_fn, n_est)
            ^^^^^^^^^^^^^^^^^^^^^^^^^^^^^^^^^^^^^^^^^^^^^^^^
  File "c:\keiba_ai\keiba_ai_ver3.0\scripts\train_v8profit_no26.py", line 127, in _fit
    model = lgb.train(
            ^^^^^^^^^^
TypeError: train() got an unexpected keyword argument 'fobj'
Traceback (most recent call last):
  File "c:\keiba_ai\keiba_ai_ver3.0\scripts\train_v8profit_no26.py", line 229, in train_all_courses
    model = _fit(best_params, ds_tr, ds_va, feval_fn, n_est)
            ^^^^^^^^^^^^^^^^^^^^^^^^^^^^^^^^^^^^^^^^^^^^^^^^
  File "c:\keiba_ai\keiba_ai_ver3.0\scripts\train_v8profit_no26.py", line 127, in _fit
    model = lgb.train(
            ^^^^^^^^^^
TypeError: train() got an unexpected keyword argument 'fobj'
Traceback (most recent call last):
  File "c:\keiba_ai\keiba_ai_ver3.0\scripts\train_v8profit_no26.py", line 229, in train_all_courses
    model = _fit(best_params, ds_tr, ds_va, feval_fn, n_est)
            ^^^^^^^^^^^^^^^^^^^^^^^^^^^^^^^^^^^^^^^^^^^^^^^^
  File "c:\keiba_ai\keiba_ai_ver3.0\scripts\train_v8profit_no26.py", line 127, in _fit
    model = lgb.train(
            ^^^^^^^^^^
TypeError: train() got an unexpected keyword argument 'fobj'
Traceback (most recent call last):
  File "c:\keiba_ai\keiba_ai_ver3.0\scripts\train_v8profit_no26.py", line 229, in train_all_courses
    model = _fit(best_params, ds_tr, ds_va, feval_fn, n_est)
            ^^^^^^^^^^^^^^^^^^^^^^^^^^^^^^^^^^^^^^^^^^^^^^^^
  File "c:\keiba_ai\keiba_ai_ver3.0\scripts\train_v8profit_no26.py", line 127, in _fit
    model = lgb.train(
            ^^^^^^^^^^
TypeError: train() got an unexpected keyword argument 'fobj'
Traceback (most recent call last):
  File "c:\keiba_ai\keiba_ai_ver3.0\scripts\train_v8profit_no26.py", line 229, in train_all_courses
    model = _fit(best_params, ds_tr, ds_va, feval_fn, n_est)
            ^^^^^^^^^^^^^^^^^^^^^^^^^^^^^^^^^^^^^^^^^^^^^^^^
  File "c:\keiba_ai\keiba_ai_ver3.0\scripts\train_v8profit_no26.py", line 127, in _fit
    model = lgb.train(
            ^^^^^^^^^^
TypeError: train() got an unexpected keyword argument 'fobj'
Traceback (most recent call last):
  File "c:\keiba_ai\keiba_ai_ver3.0\scripts\train_v8profit_no26.py", line 229, in train_all_courses
    model = _fit(best_params, ds_tr, ds_va, feval_fn, n_est)
            ^^^^^^^^^^^^^^^^^^^^^^^^^^^^^^^^^^^^^^^^^^^^^^^^
  File "c:\keiba_ai\keiba_ai_ver3.0\scripts\train_v8profit_no26.py", line 127, in _fit
    model = lgb.train(
            ^^^^^^^^^^
TypeError: train() got an unexpected keyword argument 'fobj'
Traceback (most recent call last):
  File "c:\keiba_ai\keiba_ai_ver3.0\scripts\train_v8profit_no26.py", line 229, in train_all_courses
    model = _fit(best_params, ds_tr, ds_va, feval_fn, n_est)
            ^^^^^^^^^^^^^^^^^^^^^^^^^^^^^^^^^^^^^^^^^^^^^^^^
  File "c:\keiba_ai\keiba_ai_ver3.0\scripts\train_v8profit_no26.py", line 127, in _fit
    model = lgb.train(
            ^^^^^^^^^^
TypeError: train() got an unexpected keyword argument 'fobj'
Traceback (most recent call last):
  File "c:\keiba_ai\keiba_ai_ver3.0\scripts\train_v8profit_no26.py", line 229, in train_all_courses
    model = _fit(best_params, ds_tr, ds_va, feval_fn, n_est)
            ^^^^^^^^^^^^^^^^^^^^^^^^^^^^^^^^^^^^^^^^^^^^^^^^
  File "c:\keiba_ai\keiba_ai_ver3.0\scripts\train_v8profit_no26.py", line 127, in _fit
    model = lgb.train(
            ^^^^^^^^^^
TypeError: train() got an unexpected keyword argument 'fobj'
Traceback (most recent call last):
  File "c:\keiba_ai\keiba_ai_ver3.0\scripts\train_v8profit_no26.py", line 229, in train_all_courses
    model = _fit(best_params, ds_tr, ds_va, feval_fn, n_est)
            ^^^^^^^^^^^^^^^^^^^^^^^^^^^^^^^^^^^^^^^^^^^^^^^^
  File "c:\keiba_ai\keiba_ai_ver3.0\scripts\train_v8profit_no26.py", line 127, in _fit
    model = lgb.train(
            ^^^^^^^^^^
TypeError: train() got an unexpected keyword argument 'fobj'
Traceback (most recent call last):
  File "c:\keiba_ai\keiba_ai_ver3.0\scripts\train_v8profit_no26.py", line 229, in train_all_courses
    model = _fit(best_params, ds_tr, ds_va, feval_fn, n_est)
            ^^^^^^^^^^^^^^^^^^^^^^^^^^^^^^^^^^^^^^^^^^^^^^^^
  File "c:\keiba_ai\keiba_ai_ver3.0\scripts\train_v8profit_no26.py", line 127, in _fit
    model = lgb.train(
            ^^^^^^^^^^
TypeError: train() got an unexpected keyword argument 'fobj'
Traceback (most recent call last):
  File "c:\keiba_ai\keiba_ai_ver3.0\scripts\train_v8profit_no26.py", line 229, in train_all_courses
    model = _fit(best_params, ds_tr, ds_va, feval_fn, n_est)
            ^^^^^^^^^^^^^^^^^^^^^^^^^^^^^^^^^^^^^^^^^^^^^^^^
  File "c:\keiba_ai\keiba_ai_ver3.0\scripts\train_v8profit_no26.py", line 127, in _fit
    model = lgb.train(
            ^^^^^^^^^^
TypeError: train() got an unexpected keyword argument 'fobj'
Traceback (most recent call last):
  File "c:\keiba_ai\keiba_ai_ver3.0\scripts\train_v8profit_no26.py", line 229, in train_all_courses
    model = _fit(best_params, ds_tr, ds_va, feval_fn, n_est)
            ^^^^^^^^^^^^^^^^^^^^^^^^^^^^^^^^^^^^^^^^^^^^^^^^
  File "c:\keiba_ai\keiba_ai_ver3.0\scripts\train_v8profit_no26.py", line 127, in _fit
    model = lgb.train(
            ^^^^^^^^^^
TypeError: train() got an unexpected keyword argument 'fobj'
Traceback (most recent call last):
  File "c:\keiba_ai\keiba_ai_ver3.0\scripts\train_v8profit_no26.py", line 229, in train_all_courses
    model = _fit(best_params, ds_tr, ds_va, feval_fn, n_est)
            ^^^^^^^^^^^^^^^^^^^^^^^^^^^^^^^^^^^^^^^^^^^^^^^^
  File "c:\keiba_ai\keiba_ai_ver3.0\scripts\train_v8profit_no26.py", line 127, in _fit
    model = lgb.train(
            ^^^^^^^^^^
TypeError: train() got an unexpected keyword argument 'fobj'
Traceback (most recent call last):
  File "c:\keiba_ai\keiba_ai_ver3.0\scripts\train_v8profit_no26.py", line 229, in train_all_courses
    model = _fit(best_params, ds_tr, ds_va, feval_fn, n_est)
            ^^^^^^^^^^^^^^^^^^^^^^^^^^^^^^^^^^^^^^^^^^^^^^^^
  File "c:\keiba_ai\keiba_ai_ver3.0\scripts\train_v8profit_no26.py", line 127, in _fit
    model = lgb.train(
            ^^^^^^^^^^
TypeError: train() got an unexpected keyword argument 'fobj'
Traceback (most recent call last):
  File "c:\keiba_ai\keiba_ai_ver3.0\scripts\train_v8profit_no26.py", line 229, in train_all_courses
    model = _fit(best_params, ds_tr, ds_va, feval_fn, n_est)
            ^^^^^^^^^^^^^^^^^^^^^^^^^^^^^^^^^^^^^^^^^^^^^^^^
  File "c:\keiba_ai\keiba_ai_ver3.0\scripts\train_v8profit_no26.py", line 127, in _fit
    model = lgb.train(
            ^^^^^^^^^^
TypeError: train() got an unexpected keyword argument 'fobj'
Traceback (most recent call last):
  File "c:\keiba_ai\keiba_ai_ver3.0\scripts\train_v8profit_no26.py", line 229, in train_all_courses
    model = _fit(best_params, ds_tr, ds_va, feval_fn, n_est)
            ^^^^^^^^^^^^^^^^^^^^^^^^^^^^^^^^^^^^^^^^^^^^^^^^
  File "c:\keiba_ai\keiba_ai_ver3.0\scripts\train_v8profit_no26.py", line 127, in _fit
    model = lgb.train(
            ^^^^^^^^^^
TypeError: train() got an unexpected keyword argument 'fobj'
Traceback (most recent call last):
  File "c:\keiba_ai\keiba_ai_ver3.0\scripts\train_v8profit_no26.py", line 229, in train_all_courses
    model = _fit(best_params, ds_tr, ds_va, feval_fn, n_est)
            ^^^^^^^^^^^^^^^^^^^^^^^^^^^^^^^^^^^^^^^^^^^^^^^^
  File "c:\keiba_ai\keiba_ai_ver3.0\scripts\train_v8profit_no26.py", line 127, in _fit
    model = lgb.train(
            ^^^^^^^^^^
TypeError: train() got an unexpected keyword argument 'fobj'
Traceback (most recent call last):
  File "c:\keiba_ai\keiba_ai_ver3.0\scripts\train_v8profit_no26.py", line 229, in train_all_courses
    model = _fit(best_params, ds_tr, ds_va, feval_fn, n_est)
            ^^^^^^^^^^^^^^^^^^^^^^^^^^^^^^^^^^^^^^^^^^^^^^^^
  File "c:\keiba_ai\keiba_ai_ver3.0\scripts\train_v8profit_no26.py", line 127, in _fit
    model = lgb.train(
            ^^^^^^^^^^
TypeError: train() got an unexpected keyword argument 'fobj'
Traceback (most recent call last):
  File "c:\keiba_ai\keiba_ai_ver3.0\scripts\train_v8profit_no26.py", line 229, in train_all_courses
    model = _fit(best_params, ds_tr, ds_va, feval_fn, n_est)
            ^^^^^^^^^^^^^^^^^^^^^^^^^^^^^^^^^^^^^^^^^^^^^^^^
  File "c:\keiba_ai\keiba_ai_ver3.0\scripts\train_v8profit_no26.py", line 127, in _fit
    model = lgb.train(
            ^^^^^^^^^^
TypeError: train() got an unexpected keyword argument 'fobj'
Traceback (most recent call last):
  File "c:\keiba_ai\keiba_ai_ver3.0\scripts\train_v8profit_no26.py", line 229, in train_all_courses
    model = _fit(best_params, ds_tr, ds_va, feval_fn, n_est)
            ^^^^^^^^^^^^^^^^^^^^^^^^^^^^^^^^^^^^^^^^^^^^^^^^
  File "c:\keiba_ai\keiba_ai_ver3.0\scripts\train_v8profit_no26.py", line 127, in _fit
    model = lgb.train(
            ^^^^^^^^^^
TypeError: train() got an unexpected keyword argument 'fobj'
Traceback (most recent call last):
  File "c:\keiba_ai\keiba_ai_ver3.0\scripts\train_v8profit_no26.py", line 229, in train_all_courses
    model = _fit(best_params, ds_tr, ds_va, feval_fn, n_est)
            ^^^^^^^^^^^^^^^^^^^^^^^^^^^^^^^^^^^^^^^^^^^^^^^^
  File "c:\keiba_ai\keiba_ai_ver3.0\scripts\train_v8profit_no26.py", line 127, in _fit
    model = lgb.train(
            ^^^^^^^^^^
TypeError: train() got an unexpected keyword argument 'fobj'
Traceback (most recent call last):
  File "c:\keiba_ai\keiba_ai_ver3.0\scripts\train_v8profit_no26.py", line 229, in train_all_courses
    model = _fit(best_params, ds_tr, ds_va, feval_fn, n_est)
            ^^^^^^^^^^^^^^^^^^^^^^^^^^^^^^^^^^^^^^^^^^^^^^^^
  File "c:\keiba_ai\keiba_ai_ver3.0\scripts\train_v8profit_no26.py", line 127, in _fit
    model = lgb.train(
            ^^^^^^^^^^
TypeError: train() got an unexpected keyword argument 'fobj'
Traceback (most recent call last):
  File "c:\keiba_ai\keiba_ai_ver3.0\scripts\train_v8profit_no26.py", line 229, in train_all_courses
    model = _fit(best_params, ds_tr, ds_va, feval_fn, n_est)
            ^^^^^^^^^^^^^^^^^^^^^^^^^^^^^^^^^^^^^^^^^^^^^^^^
  File "c:\keiba_ai\keiba_ai_ver3.0\scripts\train_v8profit_no26.py", line 127, in _fit
    model = lgb.train(
            ^^^^^^^^^^
TypeError: train() got an unexpected keyword argument 'fobj'
Traceback (most recent call last):
  File "c:\keiba_ai\keiba_ai_ver3.0\scripts\train_v8profit_no26.py", line 229, in train_all_courses
    model = _fit(best_params, ds_tr, ds_va, feval_fn, n_est)
            ^^^^^^^^^^^^^^^^^^^^^^^^^^^^^^^^^^^^^^^^^^^^^^^^
  File "c:\keiba_ai\keiba_ai_ver3.0\scripts\train_v8profit_no26.py", line 127, in _fit
    model = lgb.train(
            ^^^^^^^^^^
TypeError: train() got an unexpected keyword argument 'fobj'
Traceback (most recent call last):
  File "c:\keiba_ai\keiba_ai_ver3.0\scripts\train_v8profit_no26.py", line 229, in train_all_courses
    model = _fit(best_params, ds_tr, ds_va, feval_fn, n_est)
            ^^^^^^^^^^^^^^^^^^^^^^^^^^^^^^^^^^^^^^^^^^^^^^^^
  File "c:\keiba_ai\keiba_ai_ver3.0\scripts\train_v8profit_no26.py", line 127, in _fit
    model = lgb.train(
            ^^^^^^^^^^
TypeError: train() got an unexpected keyword argument 'fobj'
Traceback (most recent call last):
  File "c:\keiba_ai\keiba_ai_ver3.0\scripts\train_v8profit_no26.py", line 229, in train_all_courses
    model = _fit(best_params, ds_tr, ds_va, feval_fn, n_est)
            ^^^^^^^^^^^^^^^^^^^^^^^^^^^^^^^^^^^^^^^^^^^^^^^^
  File "c:\keiba_ai\keiba_ai_ver3.0\scripts\train_v8profit_no26.py", line 127, in _fit
    model = lgb.train(
            ^^^^^^^^^^
TypeError: train() got an unexpected keyword argument 'fobj'
    params: {'learning_rate': 0.01769226795453276, 'num_leaves': 51, 'max_depth': 7, 'min_child_samples': 17, 'reg_alpha': 0.029723442531939294, 'reg_lambda': 0.17613763016070647, 'n_estimators': 275}
    ERROR: 芝1200m

  芝1400m ...
    train=6018行 / val=1487行 / 勝ち馬平均オッズ=10.1
    params: {'learning_rate': 0.01769226795453276, 'num_leaves': 51, 'max_depth': 7, 'min_child_samples': 17, 'reg_alpha': 0.029723442531939294, 'reg_lambda': 0.17613763016070647, 'n_estimators': 275}
    ERROR: 芝1400m

  芝1600m ...
    train=6018行 / val=1487行 / 勝ち馬平均オッズ=10.1
    params: {'learning_rate': 0.01769226795453276, 'num_leaves': 51, 'max_depth': 7, 'min_child_samples': 17, 'reg_alpha': 0.029723442531939294, 'reg_lambda': 0.17613763016070647, 'n_estimators': 275}
    ERROR: 芝1600m

  芝1800m ...
    train=6018行 / val=1487行 / 勝ち馬平均オッズ=10.1
    params: {'learning_rate': 0.01769226795453276, 'num_leaves': 51, 'max_depth': 7, 'min_child_samples': 17, 'reg_alpha': 0.029723442531939294, 'reg_lambda': 0.17613763016070647, 'n_estimators': 275}
    ERROR: 芝1800m

  芝2000m ...
    train=1736行 / val=431行 / 勝ち馬平均オッズ=10.9
    params: {'learning_rate': 0.01769226795453276, 'num_leaves': 51, 'max_depth': 7, 'min_child_samples': 17, 'reg_alpha': 0.029723442531939294, 'reg_lambda': 0.17613763016070647, 'n_estimators': 275}
    ERROR: 芝2000m

  芝2200m ...
    train=984行 / val=246行 / 勝ち馬平均オッズ=15.7
    params: {'learning_rate': 0.01769226795453276, 'num_leaves': 51, 'max_depth': 7, 'min_child_samples': 17, 'reg_alpha': 0.029723442531939294, 'reg_lambda': 0.17613763016070647, 'n_estimators': 275}
    ERROR: 芝2200m

  芝2400m ...
    train=984行 / val=246行 / 勝ち馬平均オッズ=15.7
    params: {'learning_rate': 0.01769226795453276, 'num_leaves': 51, 'max_depth': 7, 'min_child_samples': 17, 'reg_alpha': 0.029723442531939294, 'reg_lambda': 0.17613763016070647, 'n_estimators': 275}
    ERROR: 芝2400m

  ダート1200m ...
    train=4314行 / val=1078行 / 勝ち馬平均オッズ=9.2
    params: {'learning_rate': 0.01769226795453276, 'num_leaves': 51, 'max_depth': 7, 'min_child_samples': 17, 'reg_alpha': 0.029723442531939294, 'reg_lambda': 0.17613763016070647, 'n_estimators': 275}
    ERROR: ダート1200m

  ダート1800m ...
    train=5083行 / val=1265行 / 勝ち馬平均オッズ=10.4
    params: {'learning_rate': 0.01769226795453276, 'num_leaves': 51, 'max_depth': 7, 'min_child_samples': 17, 'reg_alpha': 0.029723442531939294, 'reg_lambda': 0.17613763016070647, 'n_estimators': 275}
    ERROR: ダート1800m

  ダート2500m ...
    train=90行 / val=15行 / 勝ち馬平均オッズ=10.9
    params: {'learning_rate': 0.01769226795453276, 'num_leaves': 51, 'max_depth': 7, 'min_child_samples': 6, 'reg_alpha': 0.029723442531939294, 'reg_lambda': 0.17613763016070647, 'n_estimators': 275}
    ERROR: ダート2500m

=======================================================
[学習] 05_tokyo
=======================================================

  芝1400m ...
    train=12082行 / val=3010行 / 勝ち馬平均オッズ=10.5
    params: {'learning_rate': 0.01769226795453276, 'num_leaves': 51, 'max_depth': 7, 'min_child_samples': 17, 'reg_alpha': 0.029723442531939294, 'reg_lambda': 0.17613763016070647, 'n_estimators': 275}
    ERROR: 芝1400m

  芝1600m ...
    train=12082行 / val=3010行 / 勝ち馬平均オッズ=10.5
    params: {'learning_rate': 0.01769226795453276, 'num_leaves': 51, 'max_depth': 7, 'min_child_samples': 17, 'reg_alpha': 0.029723442531939294, 'reg_lambda': 0.17613763016070647, 'n_estimators': 275}
    ERROR: 芝1600m

  芝1800m ...
    train=12082行 / val=3010行 / 勝ち馬平均オッズ=10.5
    params: {'learning_rate': 0.01769226795453276, 'num_leaves': 51, 'max_depth': 7, 'min_child_samples': 17, 'reg_alpha': 0.029723442531939294, 'reg_lambda': 0.17613763016070647, 'n_estimators': 275}
    ERROR: 芝1800m

  芝2000m ...
    train=2363行 / val=591行 / 勝ち馬平均オッズ=7.7
    params: {'learning_rate': 0.01769226795453276, 'num_leaves': 51, 'max_depth': 7, 'min_child_samples': 17, 'reg_alpha': 0.029723442531939294, 'reg_lambda': 0.17613763016070647, 'n_estimators': 275}
    ERROR: 芝2000m

  芝2300m ...
    train=2034行 / val=508行 / 勝ち馬平均オッズ=7.8
    params: {'learning_rate': 0.01769226795453276, 'num_leaves': 51, 'max_depth': 7, 'min_child_samples': 17, 'reg_alpha': 0.029723442531939294, 'reg_lambda': 0.17613763016070647, 'n_estimators': 275}
    ERROR: 芝2300m

  芝2400m ...
    train=2034行 / val=508行 / 勝ち馬平均オッズ=7.8
    params: {'learning_rate': 0.01769226795453276, 'num_leaves': 51, 'max_depth': 7, 'min_child_samples': 17, 'reg_alpha': 0.029723442531939294, 'reg_lambda': 0.17613763016070647, 'n_estimators': 275}
    ERROR: 芝2400m

  芝2500m ...
    train=2034行 / val=508行 / 勝ち馬平均オッズ=7.8
    params: {'learning_rate': 0.01769226795453276, 'num_leaves': 51, 'max_depth': 7, 'min_child_samples': 17, 'reg_alpha': 0.029723442531939294, 'reg_lambda': 0.17613763016070647, 'n_estimators': 275}
    ERROR: 芝2500m

  芝3400m ...
    train=72行 / val=16行 / 勝ち馬平均オッズ=70.7
    params: {'learning_rate': 0.01769226795453276, 'num_leaves': 51, 'max_depth': 7, 'min_child_samples': 5, 'reg_alpha': 0.029723442531939294, 'reg_lambda': 0.17613763016070647, 'n_estimators': 275}
    ERROR: 芝3400m

  ダート1300m ...
    train=1788行 / val=436行 / 勝ち馬平均オッズ=14.2
    params: {'learning_rate': 0.01769226795453276, 'num_leaves': 51, 'max_depth': 7, 'min_child_samples': 17, 'reg_alpha': 0.029723442531939294, 'reg_lambda': 0.17613763016070647, 'n_estimators': 275}
    ERROR: ダート1300m

  ダート1400m ...
    train=15083行 / val=3764行 / 勝ち馬平均オッズ=10.3
    params: {'learning_rate': 0.01769226795453276, 'num_leaves': 51, 'max_depth': 7, 'min_child_samples': 17, 'reg_alpha': 0.029723442531939294, 'reg_lambda': 0.17613763016070647, 'n_estimators': 275}
    ERROR: ダート1400m

  ダート1600m ...
    train=15083行 / val=3764行 / 勝ち馬平均オッズ=10.3
    params: {'learning_rate': 0.01769226795453276, 'num_leaves': 51, 'max_depth': 7, 'min_child_samples': 17, 'reg_alpha': 0.029723442531939294, 'reg_lambda': 0.17613763016070647, 'n_estimators': 275}
    ERROR: ダート1600m

  ダート2100m ...
    train=2646行 / val=662行 / 勝ち馬平均オッズ=13.1
    params: {'learning_rate': 0.01769226795453276, 'num_leaves': 51, 'max_depth': 7, 'min_child_samples': 17, 'reg_alpha': 0.029723442531939294, 'reg_lambda': 0.17613763016070647, 'n_estimators': 275}
    ERROR: ダート2100m

  ダート2400m ...
    データなし: スキップ

=======================================================
[学習] 06_nakayama
=======================================================

  芝1200m ...
    train=2431行 / val=596行 / 勝ち馬平均オッズ=9.9
    params: {'learning_rate': 0.01769226795453276, 'num_leaves': 51, 'max_depth': 7, 'min_child_samples': 17, 'reg_alpha': 0.029723442531939294, 'reg_lambda': 0.17613763016070647, 'n_estimators': 275}
    ERROR: 芝1200m

  芝1600m ...
    train=6611行 / val=1653行 / 勝ち馬平均オッズ=9.7
    params: {'learning_rate': 0.01769226795453276, 'num_leaves': 51, 'max_depth': 7, 'min_child_samples': 17, 'reg_alpha': 0.029723442531939294, 'reg_lambda': 0.17613763016070647, 'n_estimators': 275}
    ERROR: 芝1600m

  芝1800m ...
    train=6611行 / val=1653行 / 勝ち馬平均オッズ=9.7
    params: {'learning_rate': 0.01769226795453276, 'num_leaves': 51, 'max_depth': 7, 'min_child_samples': 17, 'reg_alpha': 0.029723442531939294, 'reg_lambda': 0.17613763016070647, 'n_estimators': 275}
    ERROR: 芝1800m

  芝2000m ...
    train=3375行 / val=831行 / 勝ち馬平均オッズ=8.4
    params: {'learning_rate': 0.01769226795453276, 'num_leaves': 51, 'max_depth': 7, 'min_child_samples': 17, 'reg_alpha': 0.029723442531939294, 'reg_lambda': 0.17613763016070647, 'n_estimators': 275}
    ERROR: 芝2000m

  芝2200m ...
    train=1821行 / val=456行 / 勝ち馬平均オッズ=7.7
    params: {'learning_rate': 0.01769226795453276, 'num_leaves': 51, 'max_depth': 7, 'min_child_samples': 17, 'reg_alpha': 0.029723442531939294, 'reg_lambda': 0.17613763016070647, 'n_estimators': 275}
Traceback (most recent call last):
  File "c:\keiba_ai\keiba_ai_ver3.0\scripts\train_v8profit_no26.py", line 229, in train_all_courses
    model = _fit(best_params, ds_tr, ds_va, feval_fn, n_est)
            ^^^^^^^^^^^^^^^^^^^^^^^^^^^^^^^^^^^^^^^^^^^^^^^^
  File "c:\keiba_ai\keiba_ai_ver3.0\scripts\train_v8profit_no26.py", line 127, in _fit
    model = lgb.train(
            ^^^^^^^^^^
TypeError: train() got an unexpected keyword argument 'fobj'
Traceback (most recent call last):
  File "c:\keiba_ai\keiba_ai_ver3.0\scripts\train_v8profit_no26.py", line 229, in train_all_courses
    model = _fit(best_params, ds_tr, ds_va, feval_fn, n_est)
            ^^^^^^^^^^^^^^^^^^^^^^^^^^^^^^^^^^^^^^^^^^^^^^^^
  File "c:\keiba_ai\keiba_ai_ver3.0\scripts\train_v8profit_no26.py", line 127, in _fit
    model = lgb.train(
            ^^^^^^^^^^
TypeError: train() got an unexpected keyword argument 'fobj'
Traceback (most recent call last):
  File "c:\keiba_ai\keiba_ai_ver3.0\scripts\train_v8profit_no26.py", line 229, in train_all_courses
    model = _fit(best_params, ds_tr, ds_va, feval_fn, n_est)
            ^^^^^^^^^^^^^^^^^^^^^^^^^^^^^^^^^^^^^^^^^^^^^^^^
  File "c:\keiba_ai\keiba_ai_ver3.0\scripts\train_v8profit_no26.py", line 127, in _fit
    model = lgb.train(
            ^^^^^^^^^^
TypeError: train() got an unexpected keyword argument 'fobj'
Traceback (most recent call last):
  File "c:\keiba_ai\keiba_ai_ver3.0\scripts\train_v8profit_no26.py", line 229, in train_all_courses
    model = _fit(best_params, ds_tr, ds_va, feval_fn, n_est)
            ^^^^^^^^^^^^^^^^^^^^^^^^^^^^^^^^^^^^^^^^^^^^^^^^
  File "c:\keiba_ai\keiba_ai_ver3.0\scripts\train_v8profit_no26.py", line 127, in _fit
    model = lgb.train(
            ^^^^^^^^^^
TypeError: train() got an unexpected keyword argument 'fobj'
Traceback (most recent call last):
  File "c:\keiba_ai\keiba_ai_ver3.0\scripts\train_v8profit_no26.py", line 229, in train_all_courses
    model = _fit(best_params, ds_tr, ds_va, feval_fn, n_est)
            ^^^^^^^^^^^^^^^^^^^^^^^^^^^^^^^^^^^^^^^^^^^^^^^^
  File "c:\keiba_ai\keiba_ai_ver3.0\scripts\train_v8profit_no26.py", line 127, in _fit
    model = lgb.train(
            ^^^^^^^^^^
TypeError: train() got an unexpected keyword argument 'fobj'
Traceback (most recent call last):
  File "c:\keiba_ai\keiba_ai_ver3.0\scripts\train_v8profit_no26.py", line 229, in train_all_courses
    model = _fit(best_params, ds_tr, ds_va, feval_fn, n_est)
            ^^^^^^^^^^^^^^^^^^^^^^^^^^^^^^^^^^^^^^^^^^^^^^^^
  File "c:\keiba_ai\keiba_ai_ver3.0\scripts\train_v8profit_no26.py", line 127, in _fit
    model = lgb.train(
            ^^^^^^^^^^
TypeError: train() got an unexpected keyword argument 'fobj'
Traceback (most recent call last):
  File "c:\keiba_ai\keiba_ai_ver3.0\scripts\train_v8profit_no26.py", line 229, in train_all_courses
    model = _fit(best_params, ds_tr, ds_va, feval_fn, n_est)
            ^^^^^^^^^^^^^^^^^^^^^^^^^^^^^^^^^^^^^^^^^^^^^^^^
  File "c:\keiba_ai\keiba_ai_ver3.0\scripts\train_v8profit_no26.py", line 127, in _fit
    model = lgb.train(
            ^^^^^^^^^^
TypeError: train() got an unexpected keyword argument 'fobj'
Traceback (most recent call last):
  File "c:\keiba_ai\keiba_ai_ver3.0\scripts\train_v8profit_no26.py", line 229, in train_all_courses
    model = _fit(best_params, ds_tr, ds_va, feval_fn, n_est)
            ^^^^^^^^^^^^^^^^^^^^^^^^^^^^^^^^^^^^^^^^^^^^^^^^
  File "c:\keiba_ai\keiba_ai_ver3.0\scripts\train_v8profit_no26.py", line 127, in _fit
    model = lgb.train(
            ^^^^^^^^^^
TypeError: train() got an unexpected keyword argument 'fobj'
Traceback (most recent call last):
  File "c:\keiba_ai\keiba_ai_ver3.0\scripts\train_v8profit_no26.py", line 229, in train_all_courses
    model = _fit(best_params, ds_tr, ds_va, feval_fn, n_est)
            ^^^^^^^^^^^^^^^^^^^^^^^^^^^^^^^^^^^^^^^^^^^^^^^^
  File "c:\keiba_ai\keiba_ai_ver3.0\scripts\train_v8profit_no26.py", line 127, in _fit
    model = lgb.train(
            ^^^^^^^^^^
TypeError: train() got an unexpected keyword argument 'fobj'
Traceback (most recent call last):
  File "c:\keiba_ai\keiba_ai_ver3.0\scripts\train_v8profit_no26.py", line 229, in train_all_courses
    model = _fit(best_params, ds_tr, ds_va, feval_fn, n_est)
            ^^^^^^^^^^^^^^^^^^^^^^^^^^^^^^^^^^^^^^^^^^^^^^^^
  File "c:\keiba_ai\keiba_ai_ver3.0\scripts\train_v8profit_no26.py", line 127, in _fit
    model = lgb.train(
            ^^^^^^^^^^
TypeError: train() got an unexpected keyword argument 'fobj'
Traceback (most recent call last):
  File "c:\keiba_ai\keiba_ai_ver3.0\scripts\train_v8profit_no26.py", line 229, in train_all_courses
    model = _fit(best_params, ds_tr, ds_va, feval_fn, n_est)
            ^^^^^^^^^^^^^^^^^^^^^^^^^^^^^^^^^^^^^^^^^^^^^^^^
  File "c:\keiba_ai\keiba_ai_ver3.0\scripts\train_v8profit_no26.py", line 127, in _fit
    model = lgb.train(
            ^^^^^^^^^^
TypeError: train() got an unexpected keyword argument 'fobj'
Traceback (most recent call last):
  File "c:\keiba_ai\keiba_ai_ver3.0\scripts\train_v8profit_no26.py", line 229, in train_all_courses
    model = _fit(best_params, ds_tr, ds_va, feval_fn, n_est)
            ^^^^^^^^^^^^^^^^^^^^^^^^^^^^^^^^^^^^^^^^^^^^^^^^
  File "c:\keiba_ai\keiba_ai_ver3.0\scripts\train_v8profit_no26.py", line 127, in _fit
    model = lgb.train(
            ^^^^^^^^^^
TypeError: train() got an unexpected keyword argument 'fobj'
Traceback (most recent call last):
  File "c:\keiba_ai\keiba_ai_ver3.0\scripts\train_v8profit_no26.py", line 229, in train_all_courses
    model = _fit(best_params, ds_tr, ds_va, feval_fn, n_est)
            ^^^^^^^^^^^^^^^^^^^^^^^^^^^^^^^^^^^^^^^^^^^^^^^^
  File "c:\keiba_ai\keiba_ai_ver3.0\scripts\train_v8profit_no26.py", line 127, in _fit
    model = lgb.train(
            ^^^^^^^^^^
TypeError: train() got an unexpected keyword argument 'fobj'
Traceback (most recent call last):
  File "c:\keiba_ai\keiba_ai_ver3.0\scripts\train_v8profit_no26.py", line 229, in train_all_courses
    model = _fit(best_params, ds_tr, ds_va, feval_fn, n_est)
            ^^^^^^^^^^^^^^^^^^^^^^^^^^^^^^^^^^^^^^^^^^^^^^^^
  File "c:\keiba_ai\keiba_ai_ver3.0\scripts\train_v8profit_no26.py", line 127, in _fit
    model = lgb.train(
            ^^^^^^^^^^
TypeError: train() got an unexpected keyword argument 'fobj'
Traceback (most recent call last):
  File "c:\keiba_ai\keiba_ai_ver3.0\scripts\train_v8profit_no26.py", line 229, in train_all_courses
    model = _fit(best_params, ds_tr, ds_va, feval_fn, n_est)
            ^^^^^^^^^^^^^^^^^^^^^^^^^^^^^^^^^^^^^^^^^^^^^^^^
  File "c:\keiba_ai\keiba_ai_ver3.0\scripts\train_v8profit_no26.py", line 127, in _fit
    model = lgb.train(
            ^^^^^^^^^^
TypeError: train() got an unexpected keyword argument 'fobj'
Traceback (most recent call last):
  File "c:\keiba_ai\keiba_ai_ver3.0\scripts\train_v8profit_no26.py", line 229, in train_all_courses
    model = _fit(best_params, ds_tr, ds_va, feval_fn, n_est)
            ^^^^^^^^^^^^^^^^^^^^^^^^^^^^^^^^^^^^^^^^^^^^^^^^
  File "c:\keiba_ai\keiba_ai_ver3.0\scripts\train_v8profit_no26.py", line 127, in _fit
    model = lgb.train(
            ^^^^^^^^^^
TypeError: train() got an unexpected keyword argument 'fobj'
Traceback (most recent call last):
  File "c:\keiba_ai\keiba_ai_ver3.0\scripts\train_v8profit_no26.py", line 229, in train_all_courses
    model = _fit(best_params, ds_tr, ds_va, feval_fn, n_est)
            ^^^^^^^^^^^^^^^^^^^^^^^^^^^^^^^^^^^^^^^^^^^^^^^^
  File "c:\keiba_ai\keiba_ai_ver3.0\scripts\train_v8profit_no26.py", line 127, in _fit
    model = lgb.train(
            ^^^^^^^^^^
TypeError: train() got an unexpected keyword argument 'fobj'
Traceback (most recent call last):
  File "c:\keiba_ai\keiba_ai_ver3.0\scripts\train_v8profit_no26.py", line 229, in train_all_courses
    model = _fit(best_params, ds_tr, ds_va, feval_fn, n_est)
            ^^^^^^^^^^^^^^^^^^^^^^^^^^^^^^^^^^^^^^^^^^^^^^^^
  File "c:\keiba_ai\keiba_ai_ver3.0\scripts\train_v8profit_no26.py", line 127, in _fit
    model = lgb.train(
            ^^^^^^^^^^
TypeError: train() got an unexpected keyword argument 'fobj'
Traceback (most recent call last):
  File "c:\keiba_ai\keiba_ai_ver3.0\scripts\train_v8profit_no26.py", line 229, in train_all_courses
    model = _fit(best_params, ds_tr, ds_va, feval_fn, n_est)
            ^^^^^^^^^^^^^^^^^^^^^^^^^^^^^^^^^^^^^^^^^^^^^^^^
  File "c:\keiba_ai\keiba_ai_ver3.0\scripts\train_v8profit_no26.py", line 127, in _fit
    model = lgb.train(
            ^^^^^^^^^^
TypeError: train() got an unexpected keyword argument 'fobj'
Traceback (most recent call last):
  File "c:\keiba_ai\keiba_ai_ver3.0\scripts\train_v8profit_no26.py", line 229, in train_all_courses
    model = _fit(best_params, ds_tr, ds_va, feval_fn, n_est)
            ^^^^^^^^^^^^^^^^^^^^^^^^^^^^^^^^^^^^^^^^^^^^^^^^
  File "c:\keiba_ai\keiba_ai_ver3.0\scripts\train_v8profit_no26.py", line 127, in _fit
    model = lgb.train(
            ^^^^^^^^^^
TypeError: train() got an unexpected keyword argument 'fobj'
Traceback (most recent call last):
  File "c:\keiba_ai\keiba_ai_ver3.0\scripts\train_v8profit_no26.py", line 229, in train_all_courses
    model = _fit(best_params, ds_tr, ds_va, feval_fn, n_est)
            ^^^^^^^^^^^^^^^^^^^^^^^^^^^^^^^^^^^^^^^^^^^^^^^^
  File "c:\keiba_ai\keiba_ai_ver3.0\scripts\train_v8profit_no26.py", line 127, in _fit
    model = lgb.train(
            ^^^^^^^^^^
TypeError: train() got an unexpected keyword argument 'fobj'
Traceback (most recent call last):
  File "c:\keiba_ai\keiba_ai_ver3.0\scripts\train_v8profit_no26.py", line 229, in train_all_courses
    model = _fit(best_params, ds_tr, ds_va, feval_fn, n_est)
            ^^^^^^^^^^^^^^^^^^^^^^^^^^^^^^^^^^^^^^^^^^^^^^^^
  File "c:\keiba_ai\keiba_ai_ver3.0\scripts\train_v8profit_no26.py", line 127, in _fit
    model = lgb.train(
            ^^^^^^^^^^
TypeError: train() got an unexpected keyword argument 'fobj'
Traceback (most recent call last):
  File "c:\keiba_ai\keiba_ai_ver3.0\scripts\train_v8profit_no26.py", line 229, in train_all_courses
    model = _fit(best_params, ds_tr, ds_va, feval_fn, n_est)
            ^^^^^^^^^^^^^^^^^^^^^^^^^^^^^^^^^^^^^^^^^^^^^^^^
  File "c:\keiba_ai\keiba_ai_ver3.0\scripts\train_v8profit_no26.py", line 127, in _fit
    model = lgb.train(
            ^^^^^^^^^^
TypeError: train() got an unexpected keyword argument 'fobj'
    ERROR: 芝2200m

  芝2500m ...
    train=1821行 / val=456行 / 勝ち馬平均オッズ=7.7
    params: {'learning_rate': 0.01769226795453276, 'num_leaves': 51, 'max_depth': 7, 'min_child_samples': 17, 'reg_alpha': 0.029723442531939294, 'reg_lambda': 0.17613763016070647, 'n_estimators': 275}
    ERROR: 芝2500m

  芝3600m ...
    train=72行 / val=14行 / 勝ち馬平均オッズ=9.9
    params: {'learning_rate': 0.01769226795453276, 'num_leaves': 51, 'max_depth': 7, 'min_child_samples': 5, 'reg_alpha': 0.029723442531939294, 'reg_lambda': 0.17613763016070647, 'n_estimators': 275}
    ERROR: 芝3600m

  ダート1200m ...
    train=9401行 / val=2345行 / 勝ち馬平均オッズ=10.3
    params: {'learning_rate': 0.01769226795453276, 'num_leaves': 51, 'max_depth': 7, 'min_child_samples': 17, 'reg_alpha': 0.029723442531939294, 'reg_lambda': 0.17613763016070647, 'n_estimators': 275}
    ERROR: ダート1200m

  ダート1800m ...
    train=9808行 / val=2448行 / 勝ち馬平均オッズ=10.6
    params: {'learning_rate': 0.01769226795453276, 'num_leaves': 51, 'max_depth': 7, 'min_child_samples': 17, 'reg_alpha': 0.029723442531939294, 'reg_lambda': 0.17613763016070647, 'n_estimators': 275}
    ERROR: ダート1800m

  ダート2400m ...
    train=674行 / val=167行 / 勝ち馬平均オッズ=8.4
    params: {'learning_rate': 0.01769226795453276, 'num_leaves': 51, 'max_depth': 7, 'min_child_samples': 17, 'reg_alpha': 0.029723442531939294, 'reg_lambda': 0.17613763016070647, 'n_estimators': 275}
    ERROR: ダート2400m

  ダート2500m ...
    train=674行 / val=167行 / 勝ち馬平均オッズ=8.4
    params: {'learning_rate': 0.01769226795453276, 'num_leaves': 51, 'max_depth': 7, 'min_child_samples': 17, 'reg_alpha': 0.029723442531939294, 'reg_lambda': 0.17613763016070647, 'n_estimators': 275}
    ERROR: ダート2500m

=======================================================
[学習] 07_chukyo
=======================================================

  芝1200m ...
    train=1678行 / val=414行 / 勝ち馬平均オッズ=11.3
    params: {'learning_rate': 0.01769226795453276, 'num_leaves': 51, 'max_depth': 7, 'min_child_samples': 17, 'reg_alpha': 0.029723442531939294, 'reg_lambda': 0.17613763016070647, 'n_estimators': 275}
    ERROR: 芝1200m

  芝1400m ...
    train=5049行 / val=1253行 / 勝ち馬平均オッズ=10.2
    params: {'learning_rate': 0.01769226795453276, 'num_leaves': 51, 'max_depth': 7, 'min_child_samples': 17, 'reg_alpha': 0.029723442531939294, 'reg_lambda': 0.17613763016070647, 'n_estimators': 275}
    ERROR: 芝1400m

  芝1600m ...
    train=5049行 / val=1253行 / 勝ち馬平均オッズ=10.2
    params: {'learning_rate': 0.01769226795453276, 'num_leaves': 51, 'max_depth': 7, 'min_child_samples': 17, 'reg_alpha': 0.029723442531939294, 'reg_lambda': 0.17613763016070647, 'n_estimators': 275}
    ERROR: 芝1600m

  芝2000m ...
    train=3317行 / val=821行 / 勝ち馬平均オッズ=8.0
    params: {'learning_rate': 0.01769226795453276, 'num_leaves': 51, 'max_depth': 7, 'min_child_samples': 17, 'reg_alpha': 0.029723442531939294, 'reg_lambda': 0.17613763016070647, 'n_estimators': 275}
    ERROR: 芝2000m

  芝2200m ...
    train=1354行 / val=337行 / 勝ち馬平均オッズ=8.5
    params: {'learning_rate': 0.01769226795453276, 'num_leaves': 51, 'max_depth': 7, 'min_child_samples': 17, 'reg_alpha': 0.029723442531939294, 'reg_lambda': 0.17613763016070647, 'n_estimators': 275}
    ERROR: 芝2200m

  ダート1200m ...
    train=3253行 / val=814行 / 勝ち馬平均オッズ=11.7
    params: {'learning_rate': 0.01769226795453276, 'num_leaves': 51, 'max_depth': 7, 'min_child_samples': 17, 'reg_alpha': 0.029723442531939294, 'reg_lambda': 0.17613763016070647, 'n_estimators': 275}
    ERROR: ダート1200m

  ダート1400m ...
    train=10035行 / val=2497行 / 勝ち馬平均オッズ=10.4
    params: {'learning_rate': 0.01769226795453276, 'num_leaves': 51, 'max_depth': 7, 'min_child_samples': 17, 'reg_alpha': 0.029723442531939294, 'reg_lambda': 0.17613763016070647, 'n_estimators': 275}
    ERROR: ダート1400m

  ダート1800m ...
    train=10035行 / val=2497行 / 勝ち馬平均オッズ=10.4
    params: {'learning_rate': 0.01769226795453276, 'num_leaves': 51, 'max_depth': 7, 'min_child_samples': 17, 'reg_alpha': 0.029723442531939294, 'reg_lambda': 0.17613763016070647, 'n_estimators': 275}
    ERROR: ダート1800m

  ダート1900m ...
    train=1841行 / val=451行 / 勝ち馬平均オッズ=10.4
    params: {'learning_rate': 0.01769226795453276, 'num_leaves': 51, 'max_depth': 7, 'min_child_samples': 17, 'reg_alpha': 0.029723442531939294, 'reg_lambda': 0.17613763016070647, 'n_estimators': 275}
    ERROR: ダート1900m

=======================================================
[学習] 08_kyoto
=======================================================

  芝1200m ...
    train=1030行 / val=256行 / 勝ち馬平均オッズ=6.6
    params: {'learning_rate': 0.01769226795453276, 'num_leaves': 51, 'max_depth': 7, 'min_child_samples': 17, 'reg_alpha': 0.029723442531939294, 'reg_lambda': 0.17613763016070647, 'n_estimators': 275}
    ERROR: 芝1200m

  芝1400m ...
    train=5192行 / val=1288行 / 勝ち馬平均オッズ=10.2
    params: {'learning_rate': 0.01769226795453276, 'num_leaves': 51, 'max_depth': 7, 'min_child_samples': 17, 'reg_alpha': 0.029723442531939294, 'reg_lambda': 0.17613763016070647, 'n_estimators': 275}
    ERROR: 芝1400m

  芝1600m ...
    train=5192行 / val=1288行 / 勝ち馬平均オッズ=10.2
    params: {'learning_rate': 0.01769226795453276, 'num_leaves': 51, 'max_depth': 7, 'min_child_samples': 17, 'reg_alpha': 0.029723442531939294, 'reg_lambda': 0.17613763016070647, 'n_estimators': 275}
    ERROR: 芝1600m

  芝1800m ...
    train=5192行 / val=1288行 / 勝ち馬平均オッズ=10.2
    params: {'learning_rate': 0.01769226795453276, 'num_leaves': 51, 'max_depth': 7, 'min_child_samples': 17, 'reg_alpha': 0.029723442531939294, 'reg_lambda': 0.17613763016070647, 'n_estimators': 275}
    ERROR: 芝1800m

  芝2000m ...
    train=1448行 / val=356行 / 勝ち馬平均オッズ=11.0
    params: {'learning_rate': 0.01769226795453276, 'num_leaves': 51, 'max_depth': 7, 'min_child_samples': 17, 'reg_alpha': 0.029723442531939294, 'reg_lambda': 0.17613763016070647, 'n_estimators': 275}
    ERROR: 芝2000m

  芝2200m ...
    train=1060行 / val=261行 / 勝ち馬平均オッズ=6.2
    params: {'learning_rate': 0.01769226795453276, 'num_leaves': 51, 'max_depth': 7, 'min_child_samples': 17, 'reg_alpha': 0.029723442531939294, 'reg_lambda': 0.17613763016070647, 'n_estimators': 275}
    ERROR: 芝2200m

  芝2400m ...
    train=1060行 / val=261行 / 勝ち馬平均オッズ=6.2
    params: {'learning_rate': 0.01769226795453276, 'num_leaves': 51, 'max_depth': 7, 'min_child_samples': 17, 'reg_alpha': 0.029723442531939294, 'reg_lambda': 0.17613763016070647, 'n_estimators': 275}
    ERROR: 芝2400m

  芝3000m ...
    train=173行 / val=28行 / 勝ち馬平均オッズ=4.3
    params: {'learning_rate': 0.01769226795453276, 'num_leaves': 51, 'max_depth': 7, 'min_child_samples': 10, 'reg_alpha': 0.029723442531939294, 'reg_lambda': 0.17613763016070647, 'n_estimators': 275}
    ERROR: 芝3000m

  芝3200m ...
    train=173行 / val=28行 / 勝ち馬平均オッズ=4.3
    params: {'learning_rate': 0.01769226795453276, 'num_leaves': 51, 'max_depth': 7, 'min_child_samples': 10, 'reg_alpha': 0.029723442531939294, 'reg_lambda': 0.17613763016070647, 'n_estimators': 275}
    ERROR: 芝3200m

  ダート1200m ...
    train=2435行 / val=608行 / 勝ち馬平均オッズ=8.8
    params: {'learning_rate': 0.01769226795453276, 'num_leaves': 51, 'max_depth': 7, 'min_child_samples': 17, 'reg_alpha': 0.029723442531939294, 'reg_lambda': 0.17613763016070647, 'n_estimators': 275}
    ERROR: ダート1200m

  ダート1400m ...
    train=7229行 / val=1800行 / 勝ち馬平均オッズ=9.3
    params: {'learning_rate': 0.01769226795453276, 'num_leaves': 51, 'max_depth': 7, 'min_child_samples': 17, 'reg_alpha': 0.029723442531939294, 'reg_lambda': 0.17613763016070647, 'n_estimators': 275}
    ERROR: ダート1400m

  ダート1800m ...
    train=7229行 / val=1800行 / 勝ち馬平均オッズ=9.3
    params: {'learning_rate': 0.01769226795453276, 'num_leaves': 51, 'max_depth': 7, 'min_child_samples': 17, 'reg_alpha': 0.029723442531939294, 'reg_lambda': 0.17613763016070647, 'n_estimators': 275}
    ERROR: ダート1800m

  ダート1900m ...
    train=1073行 / val=262行 / 勝ち馬平均オッズ=8.0
    params: {'learning_rate': 0.01769226795453276, 'num_leaves': 51, 'max_depth': 7, 'min_child_samples': 17, 'reg_alpha': 0.029723442531939294, 'reg_lambda': 0.17613763016070647, 'n_estimators': 275}
    ERROR: ダート1900m

=======================================================
[学習] 09_hanshin
=======================================================

  芝1200m ...
    train=1390行 / val=335行 / 勝ち馬平均オッズ=13.1
    params: {'learning_rate': 0.01769226795453276, 'num_leaves': 51, 'max_depth': 7, 'min_child_samples': 17, 'reg_alpha': 0.029723442531939294, 'reg_lambda': 0.17613763016070647, 'n_estimators': 275}
    ERROR: 芝1200m

  芝1400m ...
    train=8113行 / val=2018行 / 勝ち馬平均オッズ=10.0
    params: {'learning_rate': 0.01769226795453276, 'num_leaves': 51, 'max_depth': 7, 'min_child_samples': 17, 'reg_alpha': 0.029723442531939294, 'reg_lambda': 0.17613763016070647, 'n_estimators': 275}
    ERROR: 芝1400m

  芝1600m ...
    train=8113行 / val=2018行 / 勝ち馬平均オッズ=10.0
    params: {'learning_rate': 0.01769226795453276, 'num_leaves': 51, 'max_depth': 7, 'min_child_samples': 17, 'reg_alpha': 0.029723442531939294, 'reg_lambda': 0.17613763016070647, 'n_estimators': 275}
    ERROR: 芝1600m

  芝1800m ...
    train=8113行 / val=2018行 / 勝ち馬平均オッズ=10.0
    params: {'learning_rate': 0.01769226795453276, 'num_leaves': 51, 'max_depth': 7, 'min_child_samples': 17, 'reg_alpha': 0.029723442531939294, 'reg_lambda': 0.17613763016070647, 'n_estimators': 275}
    ERROR: 芝1800m

  芝2000m ...
    train=2267行 / val=567行 / 勝ち馬平均オッズ=8.5
    params: {'learning_rate': 0.01769226795453276, 'num_leaves': 51, 'max_depth': 7, 'min_child_samples': 17, 'reg_alpha': 0.029723442531939294, 'reg_lambda': 0.17613763016070647, 'n_estimators': 275}
    ERROR: 芝2000m

  芝2200m ...
    train=1582行 / val=395行 / 勝ち馬平均オッズ=8.3
    params: {'learning_rate': 0.01769226795453276, 'num_leaves': 51, 'max_depth': 7, 'min_child_samples': 17, 'reg_alpha': 0.029723442531939294, 'reg_lambda': 0.17613763016070647, 'n_estimators': 275}
    ERROR: 芝2200m

  芝2400m ...
    train=1582行 / val=395行 / 勝ち馬平均オッズ=8.3
    params: {'learning_rate': 0.01769226795453276, 'num_leaves': 51, 'max_depth': 7, 'min_child_samples': 17, 'reg_alpha': 0.029723442531939294, 'reg_lambda': 0.17613763016070647, 'n_estimators': 275}
    ERROR: 芝2400m

  芝2600m ...
    train=1582行 / val=395行 / 勝ち馬平均オッズ=8.3
    params: {'learning_rate': 0.01769226795453276, 'num_leaves': 51, 'max_depth': 7, 'min_child_samples': 17, 'reg_alpha': 0.029723442531939294, 'reg_lambda': 0.17613763016070647, 'n_estimators': 275}
    ERROR: 芝2600m

  芝3000m ...
    train=151行 / val=21行 / 勝ち馬平均オッズ=10.5
    params: {'learning_rate': 0.01769226795453276, 'num_leaves': 51, 'max_depth': 7, 'min_child_samples': 9, 'reg_alpha': 0.029723442531939294, 'reg_lambda': 0.17613763016070647, 'n_estimators': 275}
    ERROR: 芝3000m

  ダート1200m ...
    train=4395行 / val=1087行 / 勝ち馬平均オッズ=8.3
    params: {'learning_rate': 0.01769226795453276, 'num_leaves': 51, 'max_depth': 7, 'min_child_samples': 17, 'reg_alpha': 0.029723442531939294, 'reg_lambda': 0.17613763016070647, 'n_estimators': 275}
    ERROR: ダート1200m

  ダート1400m ...
    train=12576行 / val=3137行 / 勝ち馬平均オッズ=8.6
    params: {'learning_rate': 0.01769226795453276, 'num_leaves': 51, 'max_depth': 7, 'min_child_samples': 17, 'reg_alpha': 0.029723442531939294, 'reg_lambda': 0.17613763016070647, 'n_estimators': 275}
    ERROR: ダート1400m

  ダート1800m ...
    train=12576行 / val=3137行 / 勝ち馬平均オッズ=8.6
    params: {'learning_rate': 0.01769226795453276, 'num_leaves': 51, 'max_depth': 7, 'min_child_samples': 17, 'reg_alpha': 0.029723442531939294, 'reg_lambda': 0.17613763016070647, 'n_estimators': 275}
    ERROR: ダート1800m

  ダート2000m ...
    train=1255行 / val=303行 / 勝ち馬平均オッズ=9.5
    params: {'learning_rate': 0.01769226795453276, 'num_leaves': 51, 'max_depth': 7, 'min_child_samples': 17, 'reg_alpha': 0.029723442531939294, 'reg_lambda': 0.17613763016070647, 'n_estimators': 275}
    ERROR: ダート2000m

=======================================================
[学習] 10_kokura
=======================================================

  芝1200m ...
    train=5497行 / val=1362行 / 勝ち馬平均オッズ=11.7
    params: {'learning_rate': 0.01769226795453276, 'num_leaves': 51, 'max_depth': 7, 'min_child_samples': 17, 'reg_alpha': 0.029723442531939294, 'reg_lambda': 0.17613763016070647, 'n_estimators': 275}
    ERROR: 芝1200m

  芝1700m ...
    train=2729行 / val=680行 / 勝ち馬平均オッズ=10.8
    params: {'learning_rate': 0.01769226795453276, 'num_leaves': 51, 'max_depth': 7, 'min_child_samples': 17, 'reg_alpha': 0.029723442531939294, 'reg_lambda': 0.17613763016070647, 'n_estimators': 275}
    ERROR: 芝1700m

  芝1800m ...
    train=2729行 / val=680行 / 勝ち馬平均オッズ=10.8
    params: {'learning_rate': 0.01769226795453276, 'num_leaves': 51, 'max_depth': 7, 'min_child_samples': 17, 'reg_alpha': 0.029723442531939294, 'reg_lambda': 0.17613763016070647, 'n_estimators': 275}
    ERROR: 芝1800m

  芝2000m ...
    train=2468行 / val=615行 / 勝ち馬平均オッズ=9.9
    params: {'learning_rate': 0.01769226795453276, 'num_leaves': 51, 'max_depth': 7, 'min_child_samples': 17, 'reg_alpha': 0.029723442531939294, 'reg_lambda': 0.17613763016070647, 'n_estimators': 275}
    ERROR: 芝2000m

  芝2600m ...
    train=632行 / val=156行 / 勝ち馬平均オッズ=7.4
    params: {'learning_rate': 0.01769226795453276, 'num_leaves': 51, 'max_depth': 7, 'min_child_samples': 17, 'reg_alpha': 0.029723442531939294, 'reg_lambda': 0.17613763016070647, 'n_estimators': 275}
    ERROR: 芝2600m

  ダート1000m ...
    train=1944行 / val=479行 / 勝ち馬平均オッズ=10.8
    params: {'learning_rate': 0.01769226795453276, 'num_leaves': 51, 'max_depth': 7, 'min_child_samples': 17, 'reg_alpha': 0.029723442531939294, 'reg_lambda': 0.17613763016070647, 'n_estimators': 275}
    ERROR: ダート1000m

  ダート1700m ...
    train=4740行 / val=1168行 / 勝ち馬平均オッズ=10.7
    params: {'learning_rate': 0.01769226795453276, 'num_leaves': 51, 'max_depth': 7, 'min_child_samples': 17, 'reg_alpha': 0.029723442531939294, 'reg_lambda': 0.17613763016070647, 'n_estimators': 275}
    ERROR: ダート1700m

  ダート2400m ...
    train=117行 / val=27行 / 勝ち馬平均オッズ=7.1
    params: {'learning_rate': 0.01769226795453276, 'num_leaves': 51, 'max_depth': 7, 'min_child_samples': 7, 'reg_alpha': 0.029723442531939294, 'reg_lambda': 0.17613763016070647, 'n_estimators': 275}
    ERROR: ダート2400m

=======================================================
完了
=======================================================
