=======================================================
v9feat_no26  学習年: 2020～2025
特徴量: v6（5走拡張 86列）
目的関数: binary + オッズ重み付き
=======================================================

[Step 1] 血統vocabをロード...
vocab読み込み済み: 1738種類 (C:\keiba_ai\keiba_ai_ver3.0\data\prediction\models\pedigree_vocab_v5.json)

[Step 2] 欠損データセットを生成...

[データ生成] 01_sapporo 2020年 (9コース欠損)
  騎手×コース成績テーブル構築中...
  ルックアップエントリ数: 3810
  芝1200m (366走)
    保存完了: 366行
  芝1500m (228走)
    保存完了: 228行
  芝1800m (204走)
    保存完了: 204行
  芝2000m (292走)
    保存完了: 292行
  芝2600m (99走)
    保存完了: 99行
  ダート1000m (220走)
    保存完了: 220行
  ダート1700m (606走)
    保存完了: 606行
  ダート2400m (22走)
    保存完了: 22行

[データ生成] 01_sapporo 2021年 (9コース欠損)
  騎手×コース成績テーブル構築中...
  ルックアップエントリ数: 5943
  芝1000m (13走)
    保存完了: 13行
  芝1200m (468走)
    保存完了: 468行
  芝1500m (248走)
    保存完了: 248行
  芝1800m (201走)
    保存完了: 201行
  芝2000m (254走)
    保存完了: 254行
  芝2600m (101走)
    保存完了: 101行
  ダート1000m (223走)
    保存完了: 223行
  ダート1700m (623走)
    保存完了: 623行
  ダート2400m (24走)
    保存完了: 24行

[データ生成] 01_sapporo 2022年 (9コース欠損)
  騎手×コース成績テーブル構築中...
  ルックアップエントリ数: 8069
  芝1200m (343走)
    保存完了: 343行
  芝1500m (264走)
    保存完了: 264行
  芝1800m (243走)
    保存完了: 243行
  芝2000m (306走)
    保存完了: 306行
  芝2600m (112走)
    保存完了: 112行
  ダート1000m (195走)
    保存完了: 195行
  ダート1700m (657走)
    保存完了: 657行
  ダート2400m (24走)
    保存完了: 24行

[データ生成] 01_sapporo 2023年 (9コース欠損)
  騎手×コース成績テーブル構築中...
  ルックアップエントリ数: 10223
  芝1200m (341走)
    保存完了: 341行
  芝1500m (263走)
    保存完了: 263行
  芝1800m (218走)
    保存完了: 218行
  芝2000m (318走)
    保存完了: 318行
  芝2600m (125走)
    保存完了: 125行
  ダート1000m (198走)
    保存完了: 198行
  ダート1700m (688走)
    保存完了: 688行
  ダート2400m (24走)
    保存完了: 24行

[データ生成] 01_sapporo 2024年 (9コース欠損)
  騎手×コース成績テーブル構築中...
  ルックアップエントリ数: 12338
  芝1200m (336走)
    保存完了: 336行
  芝1500m (255走)
    保存完了: 255行
  芝1800m (234走)
    保存完了: 234行
  芝2000m (314走)
    保存完了: 314行
  芝2600m (114走)
    保存完了: 114行
  ダート1000m (195走)
    保存完了: 195行
  ダート1700m (661走)
    保存完了: 661行
  ダート2400m (24走)
    保存完了: 24行

[データ生成] 01_sapporo 2025年 (9コース欠損)
  騎手×コース成績テーブル構築中...
  ルックアップエントリ数: 12607
  芝1200m (326走)
    保存完了: 326行
  芝1500m (245走)
    保存完了: 245行
  芝1800m (239走)
    保存完了: 239行
  芝2000m (297走)
    保存完了: 297行
  芝2600m (108走)
    保存完了: 108行
  ダート1000m (192走)
    保存完了: 192行
  ダート1700m (656走)
    保存完了: 656行
  ダート2400m (21走)
    保存完了: 21行

[データ生成] 02_hakodate 2020年 (8コース欠損)
  騎手×コース成績テーブル構築中...
  ルックアップエントリ数: 3434
  芝1000m (11走)
    保存完了: 11行
  芝1200m (574走)
    保存完了: 574行
  芝1800m (221走)
    保存完了: 221行
  芝2000m (151走)
    保存完了: 151行
  芝2600m (78走)
    保存完了: 78行
  ダート1000m (230走)
    保存完了: 230行
  ダート1700m (475走)
    保存完了: 475行
  ダート2400m (20走)
    保存完了: 20行

[データ生成] 02_hakodate 2021年 (8コース欠損)
  騎手×コース成績テーブル構築中...
  ルックアップエントリ数: 5293
  芝1200m (496走)
    保存完了: 496行
  芝1800m (302走)
    保存完了: 302行
  芝2000m (223走)
    保存完了: 223行
  芝2600m (100走)
    保存完了: 100行
  ダート1000m (203走)
    保存完了: 203行
  ダート1700m (515走)
    保存完了: 515行
  ダート2400m (24走)
    保存完了: 24行

[データ生成] 02_hakodate 2022年 (8コース欠損)
  騎手×コース成績テーブル構築中...
  ルックアップエントリ数: 7045
  芝1000m (9走)
    保存完了: 9行
  芝1200m (569走)
    保存完了: 569行
  芝1800m (226走)
    保存完了: 226行
  芝2000m (183走)
    保存完了: 183行
  芝2600m (71走)
    保存完了: 71行
  ダート1000m (228走)
    保存完了: 228行
  ダート1700m (461走)
    保存完了: 461行
  ダート2400m (21走)
    保存完了: 21行

[データ生成] 02_hakodate 2023年 (8コース欠損)
  騎手×コース成績テーブル構築中...
  ルックアップエントリ数: 8804
  芝1000m (11走)
    保存完了: 11行
  芝1200m (566走)
    保存完了: 566行
  芝1800m (250走)
    保存完了: 250行
  芝2000m (170走)
    保存完了: 170行
  芝2600m (62走)
    保存完了: 62行
  ダート1000m (230走)
    保存完了: 230行
  ダート1700m (461走)
    保存完了: 461行
  ダート2400m (18走)
    保存完了: 18行

[データ生成] 02_hakodate 2024年 (8コース欠損)
  騎手×コース成績テーブル構築中...
  ルックアップエントリ数: 10560
  芝1000m (11走)
    保存完了: 11行
  芝1200m (534走)
    保存完了: 534行
  芝1800m (266走)
    保存完了: 266行
  芝2000m (188走)
    保存完了: 188行
  芝2600m (74走)
    保存完了: 74行
  ダート1000m (226走)
    保存完了: 226行
  ダート1700m (444走)
    保存完了: 444行
  ダート2400m (33走)
    保存完了: 33行

[データ生成] 02_hakodate 2025年 (8コース欠損)
  騎手×コース成績テーブル構築中...
  ルックアップエントリ数: 10666
  芝1000m (12走)
    保存完了: 12行
  芝1200m (561走)
    保存完了: 561行
  芝1800m (278走)
    保存完了: 278行
  芝2000m (171走)
    保存完了: 171行
  芝2600m (65走)
    保存完了: 65行
  ダート1000m (229走)
    保存完了: 229行
  ダート1700m (452走)
    保存完了: 452行
  ダート2400m (35走)
    保存完了: 35行

[データ生成] 03_fukushima 2020年 (7コース欠損)
  騎手×コース成績テーブル構築中...
  ルックアップエントリ数: 6873
  芝1200m (802走)
    保存完了: 802行
  芝1800m (377走)
    保存完了: 377行
  芝2000m (402走)
    保存完了: 402行
  芝2600m (166走)
    保存完了: 166行
  ダート1150m (554走)
    保存完了: 554行
  ダート1700m (855走)
    保存完了: 855行
  ダート2400m (28走)
    保存完了: 28行

[データ生成] 03_fukushima 2021年 (7コース欠損)
  騎手×コース成績テーブル構築中...
  ルックアップエントリ数: 8959
  芝1200m (514走)
    保存完了: 514行
  芝1800m (280走)
    保存完了: 280行
  芝2000m (221走)
    保存完了: 221行
  芝2600m (99走)
    保存完了: 99行
  ダート1150m (319走)
    保存完了: 319行
  ダート1700m (497走)
    保存完了: 497行
  ダート2400m (29走)
    保存完了: 29行

[データ生成] 03_fukushima 2022年 (7コース欠損)
  騎手×コース成績テーブル構築中...
  ルックアップエントリ数: 12319
  芝1200m (780走)
    保存完了: 780行
  芝1800m (491走)
    保存完了: 491行
  芝2000m (325走)
    保存完了: 325行
  芝2600m (152走)
    保存完了: 152行
  ダート1150m (559走)
    保存完了: 559行
  ダート1700m (831走)
    保存完了: 831行
  ダート2400m (27走)
    保存完了: 27行

[データ生成] 03_fukushima 2023年 (7コース欠損)
  騎手×コース成績テーブル構築中...
  ルックアップエントリ数: 15680
  芝1200m (784走)
    保存完了: 784行
  芝1800m (461走)
    保存完了: 461行
  芝2000m (347走)
    保存完了: 347行
  芝2600m (165走)
    保存完了: 165行
  ダート1150m (554走)
    保存完了: 554行
  ダート1700m (820走)
    保存完了: 820行
  ダート2400m (21走)
    保存完了: 21行

[データ生成] 03_fukushima 2024年 (7コース欠損)
  騎手×コース成績テーブル構築中...
  ルックアップエントリ数: 19028
  芝1200m (784走)
    保存完了: 784行
  芝1800m (443走)
    保存完了: 443行
  芝2000m (369走)
    保存完了: 369行
  芝2600m (165走)
    保存完了: 165行
  ダート1150m (562走)
    保存完了: 562行
  ダート1700m (816走)
    保存完了: 816行
  ダート2400m (23走)
    保存完了: 23行

[データ生成] 03_fukushima 2025年 (7コース欠損)
  騎手×コース成績テーブル構築中...
  ルックアップエントリ数: 18880
  芝1200m (907走)
    保存完了: 907行
  芝1800m (484走)
    保存完了: 484行
  芝2000m (435走)
    保存完了: 435行
  芝2600m (181走)
    保存完了: 181行
  ダート1150m (593走)
    保存完了: 593行
  ダート1700m (906走)
    保存完了: 906行
  ダート2400m (16走)
    保存完了: 16行

[データ生成] 04_nigata 2020年 (11コース欠損)
  騎手×コース成績テーブル構築中...
  ルックアップエントリ数: 8899
  芝1000m (358走)
    保存完了: 358行
  芝1200m (233走)
    保存完了: 233行
  芝1400m (346走)
    保存完了: 346行
  芝1600m (510走)
    保存完了: 510行
  芝1800m (468走)
    保存完了: 468行
  芝2000m (366走)
    保存完了: 366行
  芝2200m (116走)
    保存完了: 116行
  芝2400m (82走)
    保存完了: 82行
  ダート1200m (822走)
    保存完了: 822行
  ダート1800m (951走)
    保存完了: 951行
  ダート2500m (11走)
    保存完了: 11行

[データ生成] 04_nigata 2021年 (11コース欠損)
  騎手×コース成績テーブル構築中...
  ルックアップエントリ数: 15081
  芝1000m (403走)
    保存完了: 403行
  芝1200m (473走)
    保存完了: 473行
  芝1400m (402走)
    保存完了: 402行
  芝1600m (517走)
    保存完了: 517行
  芝1800m (514走)
    保存完了: 514行
  芝2000m (460走)
    保存完了: 460行
  芝2200m (132走)
    保存完了: 132行
  芝2400m (117走)
    保存完了: 117行
  ダート1200m (1349走)
    保存完了: 1349行
  ダート1800m (1500走)
    保存完了: 1500行
  ダート2500m (48走)
    保存完了: 48行

[データ生成] 04_nigata 2022年 (11コース欠損)
  騎手×コース成績テーブル構築中...
  ルックアップエントリ数: 19515
  芝1000m (345走)
    保存完了: 345行
  芝1200m (293走)
    保存完了: 293行
  芝1400m (367走)
    保存完了: 367行
  芝1600m (401走)
    保存完了: 401行
  芝1800m (428走)
    保存完了: 428行
  芝2000m (312走)
    保存完了: 312行
  芝2200m (138走)
    保存完了: 138行
  芝2400m (73走)
    保存完了: 73行
  ダート1200m (820走)
    保存完了: 820行
  ダート1800m (966走)
    保存完了: 966行
  ダート2500m (11走)
    保存完了: 11行

[データ生成] 04_nigata 2023年 (11コース欠損)
  騎手×コース成績テーブル構築中...
  ルックアップエントリ数: 23925
  芝1000m (370走)
    保存完了: 370行
  芝1200m (238走)
    保存完了: 238行
  芝1400m (362走)
    保存完了: 362行
  芝1600m (388走)
    保存完了: 388行
  芝1800m (432走)
    保存完了: 432行
  芝2000m (350走)
    保存完了: 350行
  芝2200m (142走)
    保存完了: 142行
  芝2400m (46走)
    保存完了: 46行
  ダート1200m (805走)
    保存完了: 805行
  ダート1800m (992走)
    保存完了: 992行
  ダート2500m (10走)
    保存完了: 10行

[データ生成] 04_nigata 2024年 (11コース欠損)
  騎手×コース成績テーブル構築中...
  ルックアップエントリ数: 28463
  芝1000m (385走)
    保存完了: 385行
  芝1200m (233走)
    保存完了: 233行
  芝1400m (366走)
    保存完了: 366行
  芝1600m (412走)
    保存完了: 412行
  芝1800m (461走)
    保存完了: 461行
  芝2000m (353走)
    保存完了: 353行
  芝2200m (138走)
    保存完了: 138行
  芝2400m (61走)
    保存完了: 61行
  ダート1200m (854走)
    保存完了: 854行
  ダート1800m (1030走)
    保存完了: 1030行
  ダート2500m (10走)
    保存完了: 10行

[データ生成] 04_nigata 2025年 (11コース欠損)
  騎手×コース成績テーブル構築中...
  ルックアップエントリ数: 28167
  芝1000m (353走)
    保存完了: 353行
  芝1200m (210走)
    保存完了: 210行
  芝1400m (366走)
    保存完了: 366行
  芝1600m (321走)
    保存完了: 321行
  芝1800m (444走)
    保存完了: 444行
  芝2000m (326走)
    保存完了: 326行
  芝2200m (140走)
    保存完了: 140行
  芝2400m (45走)
    保存完了: 45行
  ダート1200m (742走)
    保存完了: 742行
  ダート1800m (909走)
    保存完了: 909行
  ダート2500m (15走)
    保存完了: 15行

[データ生成] 05_tokyo 2020年 (13コース欠損)
  騎手×コース成績テーブル構築中...
  ルックアップエントリ数: 15145
  芝1400m (873走)
    保存完了: 873行
  芝1600m (1001走)
    保存完了: 1001行
  芝1800m (737走)
    保存完了: 737行
  芝2000m (461走)
    保存完了: 461行
  芝2300m (33走)
    保存完了: 33行
  芝2400m (386走)
    保存完了: 386行
  芝2500m (36走)
    保存完了: 36行
  芝3400m (16走)
    保存完了: 16行
  ダート1300m (415走)
    保存完了: 415行
  ダート1400m (1500走)
    保存完了: 1500行
  ダート1600m (1685走)
    保存完了: 1685行
  ダート2100m (547走)
    保存完了: 547行

[データ生成] 05_tokyo 2021年 (13コース欠損)
  騎手×コース成績テーブル構築中...
  ルックアップエントリ数: 22679
  芝1400m (825走)
    保存完了: 825行
  芝1600m (998走)
    保存完了: 998行
  芝1800m (712走)
    保存完了: 712行
  芝2000m (503走)
    保存完了: 503行
  芝2300m (18走)
    保存完了: 18行
  芝2400m (377走)
    保存完了: 377行
  芝2500m (31走)
    保存完了: 31行
  芝3400m (16走)
    保存完了: 16行
  ダート1300m (359走)
    保存完了: 359行
  ダート1400m (1422走)
    保存完了: 1422行
  ダート1600m (1626走)
    保存完了: 1626行
  ダート2100m (553走)
    保存完了: 553行

[データ生成] 05_tokyo 2022年 (13コース欠損)
  騎手×コース成績テーブル構築中...
  ルックアップエントリ数: 30239
  芝1400m (785走)
    保存完了: 785行
  芝1600m (986走)
    保存完了: 986行
  芝1800m (711走)
    保存完了: 711行
  芝2000m (517走)
    保存完了: 517行
  芝2300m (18走)
    保存完了: 18行
  芝2400m (360走)
    保存完了: 360行
  芝2500m (36走)
    保存完了: 36行
  芝3400m (14走)
    保存完了: 14行
  ダート1300m (390走)
    保存完了: 390行
  ダート1400m (1449走)
    保存完了: 1449行
  ダート1600m (1704走)
    保存完了: 1704行
  ダート2100m (545走)
    保存完了: 545行

[データ生成] 05_tokyo 2023年 (13コース欠損)
  騎手×コース成績テーブル構築中...
  ルックアップエントリ数: 37831
  芝1400m (751走)
    保存完了: 751行
  芝1600m (969走)
    保存完了: 969行
  芝1800m (725走)
    保存完了: 725行
  芝2000m (513走)
    保存完了: 513行
  芝2300m (21走)
    保存完了: 21行
  芝2400m (373走)
    保存完了: 373行
  芝2500m (43走)
    保存完了: 43行
  芝3400m (16走)
    保存完了: 16行
  ダート1300m (377走)
    保存完了: 377行
  ダート1400m (1463走)
    保存完了: 1463行
  ダート1600m (1740走)
    保存完了: 1740行
  ダート2100m (572走)
    保存完了: 572行

[データ生成] 05_tokyo 2024年 (13コース欠損)
  騎手×コース成績テーブル構築中...
  ルックアップエントリ数: 45102
  芝1400m (721走)
    保存完了: 721行
  芝1600m (923走)
    保存完了: 923行
  芝1800m (760走)
    保存完了: 760行
  芝2000m (461走)
    保存完了: 461行
  芝2300m (25走)
    保存完了: 25行
  芝2400m (337走)
    保存完了: 337行
  芝2500m (36走)
    保存完了: 36行
  芝3400m (10走)
    保存完了: 10行
  ダート1300m (336走)
    保存完了: 336行
  ダート1400m (1434走)
    保存完了: 1434行
  ダート1600m (1654走)
    保存完了: 1654行
  ダート2100m (555走)
    保存完了: 555行

[データ生成] 05_tokyo 2025年 (13コース欠損)
  騎手×コース成績テーブル構築中...
  ルックアップエントリ数: 45369
  芝1400m (784走)
    保存完了: 784行
  芝1600m (982走)
    保存完了: 982行
  芝1800m (849走)
    保存完了: 849行
  芝2000m (499走)
    保存完了: 499行
  芝2400m (376走)
    保存完了: 376行
  芝2500m (36走)
    保存完了: 36行
  芝3400m (16走)
    保存完了: 16行
  ダート1300m (347走)
    保存完了: 347行
  ダート1400m (1448走)
    保存完了: 1448行
  ダート1600m (1722走)
    保存完了: 1722行
  ダート2100m (536走)
    保存完了: 536行

[データ生成] 06_nakayama 2020年 (11コース欠損)
  騎手×コース成績テーブル構築中...
  ルックアップエントリ数: 14502
  芝1200m (566走)
    保存完了: 566行
  芝1600m (932走)
    保存完了: 932行
  芝1800m (436走)
    保存完了: 436行
  芝2000m (672走)
    保存完了: 672行
  芝2200m (248走)
    保存完了: 248行
  芝2500m (131走)
    保存完了: 131行
  芝3600m (15走)
    保存完了: 15行
  ダート1200m (2045走)
    保存完了: 2045行
  ダート1800m (2118走)
    保存完了: 2118行
  ダート2400m (130走)
    保存完了: 130行
  ダート2500m (11走)
    保存完了: 11行

[データ生成] 06_nakayama 2021年 (11コース欠損)
  騎手×コース成績テーブル構築中...
  ルックアップエントリ数: 21792
  芝1200m (513走)
    保存完了: 513行
  芝1600m (925走)
    保存完了: 925行
  芝1800m (495走)
    保存完了: 495行
  芝2000m (662走)
    保存完了: 662行
  芝2200m (249走)
    保存完了: 249行
  芝2500m (135走)
    保存完了: 135行
  芝3600m (13走)
    保存完了: 13行
  ダート1200m (2008走)
    保存完了: 2008行
  ダート1800m (1992走)
    保存完了: 1992行
  ダート2400m (126走)
    保存完了: 126行
  ダート2500m (16走)
    保存完了: 16行

[データ生成] 06_nakayama 2022年 (11コース欠損)
  騎手×コース成績テーブル構築中...
  ルックアップエントリ数: 29001
  芝1200m (514走)
    保存完了: 514行
  芝1600m (903走)
    保存完了: 903行
  芝1800m (497走)
    保存完了: 497行
  芝2000m (701走)
    保存完了: 701行
  芝2200m (229走)
    保存完了: 229行
  芝2500m (134走)
    保存完了: 134行
  芝3600m (14走)
    保存完了: 14行
  ダート1200m (1969走)
    保存完了: 1969行
  ダート1800m (1988走)
    保存完了: 1988行
  ダート2400m (122走)
    保存完了: 122行
  ダート2500m (11走)
    保存完了: 11行

[データ生成] 06_nakayama 2023年 (11コース欠損)
  騎手×コース成績テーブル構築中...
  ルックアップエントリ数: 36253
  芝1200m (486走)
    保存完了: 486行
  芝1600m (916走)
    保存完了: 916行
  芝1800m (463走)
    保存完了: 463行
  芝2000m (727走)
    保存完了: 727行
  芝2200m (237走)
    保存完了: 237行
  芝2500m (132走)
    保存完了: 132行
  芝3600m (16走)
    保存完了: 16行
  ダート1200m (1957走)
    保存完了: 1957行
  ダート1800m (2040走)
    保存完了: 2040行
  ダート2400m (127走)
    保存完了: 127行
  ダート2500m (11走)
    保存完了: 11行

[データ生成] 06_nakayama 2024年 (11コース欠損)
  騎手×コース成績テーブル構築中...
  ルックアップエントリ数: 43334
  芝1200m (476走)
    保存完了: 476行
  芝1600m (890走)
    保存完了: 890行
  芝1800m (476走)
    保存完了: 476行
  芝2000m (685走)
    保存完了: 685行
  芝2200m (262走)
    保存完了: 262行
  芝2500m (123走)
    保存完了: 123行
  芝3600m (14走)
    保存完了: 14行
  ダート1200m (1861走)
    保存完了: 1861行
  ダート1800m (2046走)
    保存完了: 2046行
  ダート2400m (134走)
    保存完了: 134行
  ダート2500m (14走)
    保存完了: 14行

[データ生成] 06_nakayama 2025年 (11コース欠損)
  騎手×コース成績テーブル構築中...
  ルックアップエントリ数: 43551
  芝1200m (472走)
    保存完了: 472行
  芝1600m (898走)
    保存完了: 898行
  芝1800m (433走)
    保存完了: 433行
  芝2000m (759走)
    保存完了: 759行
  芝2200m (254走)
    保存完了: 254行
  芝2500m (143走)
    保存完了: 143行
  芝3600m (14走)
    保存完了: 14行
  ダート1200m (1906走)
    保存完了: 1906行
  ダート1800m (2072走)
    保存完了: 2072行
  ダート2400m (125走)
    保存完了: 125行
  ダート2500m (14走)
    保存完了: 14行

[データ生成] 07_chukyo 2020年 (9コース欠損)
  騎手×コース成績テーブル構築中...
  ルックアップエントリ数: 8212
  芝1200m (315走)
    保存完了: 315行
  芝1400m (343走)
    保存完了: 343行
  芝1600m (378走)
    保存完了: 378行
  芝2000m (463走)
    保存完了: 463行
  芝2200m (188走)
    保存完了: 188行
  ダート1200m (390走)
    保存完了: 390行
  ダート1400m (619走)
    保存完了: 619行
  ダート1800m (688走)
    保存完了: 688行
  ダート1900m (233走)
    保存完了: 233行

[データ生成] 07_chukyo 2021年 (9コース欠損)
  騎手×コース成績テーブル構築中...
  ルックアップエントリ数: 15472
  芝1200m (458走)
    保存完了: 458行
  芝1400m (512走)
    保存完了: 512行
  芝1600m (659走)
    保存完了: 659行
  芝2000m (862走)
    保存完了: 862行
  芝2200m (382走)
    保存完了: 382行
  ダート1200m (981走)
    保存完了: 981行
  ダート1400m (1292走)
    保存完了: 1292行
  ダート1800m (1495走)
    保存完了: 1495行
  ダート1900m (579走)
    保存完了: 579行

[データ生成] 07_chukyo 2022年 (9コース欠損)
  騎手×コース成績テーブル構築中...
  ルックアップエントリ数: 22602
  芝1200m (423走)
    保存完了: 423行
  芝1400m (496走)
    保存完了: 496行
  芝1600m (751走)
    保存完了: 751行
  芝2000m (875走)
    保存完了: 875行
  芝2200m (376走)
    保存完了: 376行
  ダート1200m (940走)
    保存完了: 940行
  ダート1400m (1230走)
    保存完了: 1230行
  ダート1800m (1443走)
    保存完了: 1443行
  ダート1900m (557走)
    保存完了: 557行

[データ生成] 07_chukyo 2023年 (9コース欠損)
  騎手×コース成績テーブル構築中...
  ルックアップエントリ数: 27804
  芝1200m (293走)
    保存完了: 293行
  芝1400m (405走)
    保存完了: 405行
  芝1600m (625走)
    保存完了: 625行
  芝2000m (632走)
    保存完了: 632行
  芝2200m (279走)
    保存完了: 279行
  ダート1200m (653走)
    保存完了: 653行
  ダート1400m (828走)
    保存完了: 828行
  ダート1800m (1073走)
    保存完了: 1073行
  ダート1900m (371走)
    保存完了: 371行

[データ生成] 07_chukyo 2024年 (9コース欠損)
  騎手×コース成績テーブル構築中...
  ルックアップエントリ数: 32397
  芝1200m (332走)
    保存完了: 332行
  芝1400m (472走)
    保存完了: 472行
  芝1600m (478走)
    保存完了: 478行
  芝2000m (636走)
    保存完了: 636行
  芝2200m (202走)
    保存完了: 202行
  ダート1200m (505走)
    保存完了: 505行
  ダート1400m (741走)
    保存完了: 741行
  ダート1800m (942走)
    保存完了: 942行
  ダート1900m (251走)
    保存完了: 251行

[データ生成] 07_chukyo 2025年 (9コース欠損)
  騎手×コース成績テーブル構築中...
  ルックアップエントリ数: 33557
  芝1200m (271走)
    保存完了: 271行
  芝1400m (559走)
    保存完了: 559行
  芝1600m (624走)
    保存完了: 624行
  芝2000m (670走)
    保存完了: 670行
  芝2200m (264走)
    保存完了: 264行
  ダート1200m (598走)
    保存完了: 598行
  ダート1400m (951走)
    保存完了: 951行
  ダート1800m (1230走)
    保存完了: 1230行
  ダート1900m (301走)
    保存完了: 301行

[データ生成] 08_kyoto 2020年 (13コース欠損)
  騎手×コース成績テーブル構築中...
  ルックアップエントリ数: 12931
  芝1200m (314走)
    保存完了: 314行
  芝1400m (442走)
    保存完了: 442行
  芝1600m (612走)
    保存完了: 612行
  芝1800m (478走)
    保存完了: 478行
  芝2000m (408走)
    保存完了: 408行
  芝2200m (137走)
    保存完了: 137行
  芝2400m (181走)
    保存完了: 181行
  芝3000m (33走)
    保存完了: 33行
  芝3200m (14走)
    保存完了: 14行
  ダート1200m (778走)
    保存完了: 778行
  ダート1400m (895走)
    保存完了: 895行
  ダート1800m (1271走)
past_performance:C:\keiba_ai\keiba_ai_ver2.0\src\Datasets\past_performance.py
KeyError: 'race_id'
past_performance:C:\keiba_ai\keiba_ai_ver2.0\src\Datasets\past_performance.py
KeyError: 'race_id'
    保存完了: 1271行
  ダート1900m (275走)
    保存完了: 275行

[データ生成] 08_kyoto 2021年 (13コース欠損)
  データなし: 2021 08_kyoto

[データ生成] 08_kyoto 2022年 (13コース欠損)
  データなし: 2022 08_kyoto

[データ生成] 08_kyoto 2023年 (13コース欠損)
  騎手×コース成績テーブル構築中...
  ルックアップエントリ数: 17520
  芝1200m (283走)
    保存完了: 283行
  芝1400m (450走)
    保存完了: 450行
  芝1600m (503走)
    保存完了: 503行
  芝1800m (384走)
    保存完了: 384行
  芝2000m (381走)
    保存完了: 381行
  芝2200m (123走)
    保存完了: 123行
  芝2400m (99走)
    保存完了: 99行
  芝3000m (34走)
    保存完了: 34行
  芝3200m (17走)
    保存完了: 17行
  ダート1200m (487走)
    保存完了: 487行
  ダート1400m (613走)
    保存完了: 613行
  ダート1800m (951走)
    保存完了: 951行
  ダート1900m (241走)
    保存完了: 241行

[データ生成] 08_kyoto 2024年 (13コース欠損)
  騎手×コース成績テーブル構築中...
  ルックアップエントリ数: 25609
  芝1200m (364走)
    保存完了: 364行
  芝1400m (560走)
    保存完了: 560行
  芝1600m (921走)
    保存完了: 921行
  芝1800m (536走)
    保存完了: 536行
  芝2000m (549走)
    保存完了: 549行
  芝2200m (266走)
    保存完了: 266行
  芝2400m (190走)
    保存完了: 190行
  芝3000m (39走)
    保存完了: 39行
  芝3200m (18走)
    保存完了: 18行
  ダート1200m (1108走)
    保存完了: 1108行
  ダート1400m (1261走)
    保存完了: 1261行
  ダート1800m (1776走)
    保存完了: 1776行
  ダート1900m (509走)
    保存完了: 509行

[データ生成] 08_kyoto 2025年 (13コース欠損)
  騎手×コース成績テーブル構築中...
  ルックアップエントリ数: 24717
  芝1200m (325走)
    保存完了: 325行
  芝1400m (458走)
    保存完了: 458行
  芝1600m (678走)
    保存完了: 678行
  芝1800m (458走)
    保存完了: 458行
  芝2000m (466走)
    保存完了: 466行
  芝2200m (140走)
    保存完了: 140行
  芝2400m (185走)
    保存完了: 185行
  芝3000m (31走)
    保存完了: 31行
  芝3200m (15走)
    保存完了: 15行
  ダート1200m (670走)
    保存完了: 670行
  ダート1400m (978走)
    保存完了: 978行
  ダート1800m (1284走)
    保存完了: 1284行
  ダート1900m (310走)
    保存完了: 310行

[データ生成] 09_hanshin 2020年 (13コース欠損)
  騎手×コース成績テーブル構築中...
  ルックアップエントリ数: 14418
  芝1200m (419走)
    保存完了: 419行
  芝1400m (622走)
    保存完了: 622行
  芝1600m (911走)
    保存完了: 911行
  芝1800m (560走)
    保存完了: 560行
  芝2000m (548走)
    保存完了: 548行
  芝2200m (193走)
    保存完了: 193行
  芝2400m (168走)
    保存完了: 168行
  芝2600m (37走)
    保存完了: 37行
  芝3000m (10走)
    保存完了: 10行
  ダート1200m (986走)
    保存完了: 986行
  ダート1400m (1245走)
    保存完了: 1245行
  ダート1800m (1691走)
past_performance:C:\keiba_ai\keiba_ai_ver2.0\src\Datasets\past_performance.py
KeyError: 'race_id'
past_performance:C:\keiba_ai\keiba_ai_ver2.0\src\Datasets\past_performance.py
KeyError: 'race_id'
    保存完了: 1691行
  ダート2000m (307走)
    保存完了: 307行

[データ生成] 09_hanshin 2021年 (13コース欠損)
  騎手×コース成績テーブル構築中...
  ルックアップエントリ数: 22641
  芝1200m (304走)
    保存完了: 304行
  芝1400m (607走)
    保存完了: 607行
  芝1600m (873走)
    保存完了: 873行
  芝1800m (576走)
    保存完了: 576行
  芝2000m (551走)
    保存完了: 551行
  芝2200m (142走)
    保存完了: 142行
  芝2400m (173走)
    保存完了: 173行
  芝2600m (35走)
    保存完了: 35行
  芝3000m (42走)
    保存完了: 42行
  ダート1200m (1187走)
    保存完了: 1187行
  ダート1400m (1395走)
    保存完了: 1395行
  ダート1800m (1807走)
    保存完了: 1807行
  ダート2000m (326走)
    保存完了: 326行

[データ生成] 09_hanshin 2022年 (13コース欠損)
  騎手×コース成績テーブル構築中...
  ルックアップエントリ数: 31061
  芝1200m (321走)
    保存完了: 321行
  芝1400m (621走)
    保存完了: 621行
  芝1600m (863走)
    保存完了: 863行
  芝1800m (587走)
    保存完了: 587行
  芝2000m (545走)
    保存完了: 545行
  芝2200m (151走)
    保存完了: 151行
  芝2400m (204走)
    保存完了: 204行
  芝2600m (30走)
    保存完了: 30行
  芝3000m (45走)
    保存完了: 45行
  ダート1200m (1228走)
    保存完了: 1228行
  ダート1400m (1420走)
    保存完了: 1420行
  ダート1800m (1934走)
    保存完了: 1934行
  ダート2000m (325走)
    保存完了: 325行

[データ生成] 09_hanshin 2023年 (13コース欠損)
  騎手×コース成績テーブル構築中...
  ルックアップエントリ数: 38255
  芝1200m (325走)
    保存完了: 325行
  芝1400m (500走)
    保存完了: 500行
  芝1600m (781走)
    保存完了: 781行
  芝1800m (482走)
    保存完了: 482行
  芝2000m (551走)
    保存完了: 551行
  芝2200m (120走)
    保存完了: 120行
  芝2400m (202走)
    保存完了: 202行
  芝2600m (33走)
    保存完了: 33行
  芝3000m (27走)
    保存完了: 27行
  ダート1200m (1010走)
    保存完了: 1010行
  ダート1400m (1170走)
    保存完了: 1170行
  ダート1800m (1578走)
    保存完了: 1578行
  ダート2000m (297走)
    保存完了: 297行

[データ生成] 09_hanshin 2024年 (13コース欠損)
  騎手×コース成績テーブル構築中...
  ルックアップエントリ数: 40739
  芝1200m (72走)
    保存完了: 72行
  芝1400m (147走)
    保存完了: 147行
  芝1600m (262走)
    保存完了: 262行
  芝1800m (135走)
    保存完了: 135行
  芝2000m (176走)
    保存完了: 176行
  芝2200m (37走)
    保存完了: 37行
  芝2400m (79走)
    保存完了: 79行
  芝2600m (23走)
    保存完了: 23行
  芝3000m (27走)
    保存完了: 27行
  ダート1200m (361走)
    保存完了: 361行
  ダート1400m (441走)
    保存完了: 441行
  ダート1800m (592走)
    保存完了: 592行
  ダート2000m (115走)
    保存完了: 115行

[データ生成] 09_hanshin 2025年 (13コース欠損)
  騎手×コース成績テーブル構築中...
  ルックアップエントリ数: 40300
  芝1200m (284走)
    保存完了: 284行
  芝1400m (395走)
    保存完了: 395行
  芝1600m (758走)
    保存完了: 758行
  芝1800m (451走)
    保存完了: 451行
  芝2000m (463走)
    保存完了: 463行
  芝2200m (163走)
    保存完了: 163行
  芝2400m (167走)
    保存完了: 167行
  芝2600m (20走)
    保存完了: 20行
  芝3000m (21走)
    保存完了: 21行
  ダート1200m (710走)
    保存完了: 710行
  ダート1400m (1044走)
    保存完了: 1044行
  ダート1800m (1396走)
    保存完了: 1396行
  ダート2000m (188走)
    保存完了: 188行

[データ生成] 10_kokura 2020年 (8コース欠損)
  騎手×コース成績テーブル構築中...
  ルックアップエントリ数: 6780
  芝1200m (1089走)
    保存完了: 1089行
  芝1800m (437走)
    保存完了: 437行
  芝2000m (495走)
    保存完了: 495行
  芝2600m (118走)
    保存完了: 118行
  ダート1000m (323走)
    保存完了: 323行
  ダート1700m (837走)
    保存完了: 837行
  ダート2400m (27走)
    保存完了: 27行

[データ生成] 10_kokura 2021年 (8コース欠損)
  騎手×コース成績テーブル構築中...
  ルックアップエントリ数: 11689
  芝1200m (1385走)
    保存完了: 1385行
  芝1800m (691走)
    保存完了: 691行
  芝2000m (578走)
    保存完了: 578行
  芝2600m (155走)
    保存完了: 155行
  ダート1000m (526走)
    保存完了: 526行
  ダート1700m (1226走)
    保存完了: 1226行
  ダート2400m (18走)
    保存完了: 18行

[データ生成] 10_kokura 2022年 (8コース欠損)
  騎手×コース成績テーブル構築中...
  ルックアップエントリ数: 16539
  芝1200m (1326走)
    保存完了: 1326行
  芝1800m (725走)
    保存完了: 725行
  芝2000m (583走)
    保存完了: 583行
  芝2600m (161走)
    保存完了: 161行
  ダート1000m (520走)
    保存完了: 520行
  ダート1700m (1239走)
    保存完了: 1239行
  ダート2400m (22走)
    保存完了: 22行

[データ生成] 10_kokura 2023年 (8コース欠損)
  騎手×コース成績テーブル構築中...
  ルックアップエントリ数: 20300
  芝1200m (1084走)
    保存完了: 1084行
  芝1800m (548走)
    保存完了: 548行
  芝2000m (452走)
    保存完了: 452行
  芝2600m (104走)
    保存完了: 104行
  ダート1000m (357走)
    保存完了: 357行
  ダート1700m (921走)
    保存完了: 921行
  ダート2400m (24走)
    保存完了: 24行

[データ生成] 10_kokura 2024年 (8コース欠損)
  騎手×コース成績テーブル構築中...
  ルックアップエントリ数: 24196
  芝1200m (1055走)
    保存完了: 1055行
  芝1800m (562走)
    保存完了: 562行
  芝2000m (519走)
    保存完了: 519行
  芝2600m (141走)
    保存完了: 141行
  ダート1000m (383走)
    保存完了: 383行
  ダート1700m (957走)
    保存完了: 957行
  ダート2400m (26走)
    保存完了: 26行

[データ生成] 10_kokura 2025年 (8コース欠損)
  騎手×コース成績テーブル構築中...
  ルックアップエントリ数: 23943
  芝1200m (920走)
    保存完了: 920行
  芝1800m (446走)
    保存完了: 446行
  芝2000m (456走)
    保存完了: 456行
  芝2600m (109走)
    保存完了: 109行
  ダート1000m (314走)
    保存完了: 314行
  ダート1700m (728走)
    保存完了: 728行
  ダート2400m (27走)
    保存完了: 27行

[Step 3] モデル学習...

=======================================================
[学習] 01_sapporo
=======================================================

  芝1000m ...
    train=1765行 / val=428行 / 1着率=0.074 / 平均勝馬オッズ=9.4
    params: {'n_estimators': 486, 'learning_rate': 0.012089588621664739, 'num_leaves': 54, 'max_depth': 7, 'min_child_samples': 18, 'reg_alpha': 1.653528726720999, 'reg_lambda': 0.0017660418375786328, 'scale_pos_weight': 2.6554566943292732}
    保存: C:\keiba_ai\keiba_ai_ver3.0\data\prediction\models\01_sapporo\turf1000_lambdarank_model_v9feat_no26.txt

  芝1200m ...
    train=1765行 / val=428行 / 1着率=0.074 / 平均勝馬オッズ=9.4
    params: {'n_estimators': 486, 'learning_rate': 0.012089588621664739, 'num_leaves': 54, 'max_depth': 7, 'min_child_samples': 18, 'reg_alpha': 1.653528726720999, 'reg_lambda': 0.0017660418375786328, 'scale_pos_weight': 2.6554566943292732}
    保存: C:\keiba_ai\keiba_ai_ver3.0\data\prediction\models\01_sapporo\turf1200_lambdarank_model_v9feat_no26.txt

  芝1500m ...
    train=2273行 / val=569行 / 1着率=0.087 / 平均勝馬オッズ=9.4
    params: {'n_estimators': 436, 'learning_rate': 0.007844085530731567, 'num_leaves': 63, 'max_depth': 8, 'min_child_samples': 14, 'reg_alpha': 0.013293358416474265, 'reg_lambda': 0.002584527673152182, 'scale_pos_weight': 1.157033755082567}
    保存: C:\keiba_ai\keiba_ai_ver3.0\data\prediction\models\01_sapporo\turf1500_lambdarank_model_v9feat_no26.txt

  芝1800m ...
    train=2273行 / val=569行 / 1着率=0.087 / 平均勝馬オッズ=9.4
    params: {'n_estimators': 436, 'learning_rate': 0.007844085530731567, 'num_leaves': 63, 'max_depth': 8, 'min_child_samples': 14, 'reg_alpha': 0.013293358416474265, 'reg_lambda': 0.002584527673152182, 'scale_pos_weight': 1.157033755082567}
    保存: C:\keiba_ai\keiba_ai_ver3.0\data\prediction\models\01_sapporo\turf1800_lambdarank_model_v9feat_no26.txt

  芝2000m ...
    train=1425行 / val=356行 / 1着率=0.076 / 平均勝馬オッズ=11.2
    params: {'n_estimators': 282, 'learning_rate': 0.018509894916536547, 'num_leaves': 16, 'max_depth': 7, 'min_child_samples': 19, 'reg_alpha': 0.13968646061027282, 'reg_lambda': 1.912170011585717, 'scale_pos_weight': 13.954585682966185}
    保存: C:\keiba_ai\keiba_ai_ver3.0\data\prediction\models\01_sapporo\turf2000_lambdarank_model_v9feat_no26.txt

  芝2600m ...
    train=537行 / val=122行 / 1着率=0.080 / 平均勝馬オッズ=6.5
    params: {'n_estimators': 491, 'learning_rate': 0.020128690588335083, 'num_leaves': 52, 'max_depth': 3, 'min_child_samples': 10, 'reg_alpha': 0.002617809369292395, 'reg_lambda': 0.010708172906263901, 'scale_pos_weight': 3.255826660130637}
    保存: C:\keiba_ai\keiba_ai_ver3.0\data\prediction\models\01_sapporo\turf2600_lambdarank_model_v9feat_no26.txt

  ダート1000m ...
    train=983行 / val=240行 / 1着率=0.086 / 平均勝馬オッズ=8.2
    params: {'n_estimators': 291, 'learning_rate': 0.014617713724077571, 'num_leaves': 62, 'max_depth': 5, 'min_child_samples': 23, 'reg_alpha': 0.058082374216877286, 'reg_lambda': 0.003153059205550798, 'scale_pos_weight': 4.56034004343282}
    保存: C:\keiba_ai\keiba_ai_ver3.0\data\prediction\models\01_sapporo\dirt1000_lambdarank_model_v9feat_no26.txt

  ダート1700m ...
    train=3124行 / val=767行 / 1着率=0.076 / 平均勝馬オッズ=9.5
    params: {'n_estimators': 407, 'learning_rate': 0.007968270348431132, 'num_leaves': 31, 'max_depth': 5, 'min_child_samples': 25, 'reg_alpha': 0.021687995297082204, 'reg_lambda': 0.001231063297966399, 'scale_pos_weight': 1.157033755082567}
    保存: C:\keiba_ai\keiba_ai_ver3.0\data\prediction\models\01_sapporo\dirt1700_lambdarank_model_v9feat_no26.txt

  ダート2400m ...
    train=118行 / val=21行 / 1着率=0.085 / 平均勝馬オッズ=9.0
    params: {'n_estimators': 419, 'learning_rate': 0.006745433534910174, 'num_leaves': 64, 'max_depth': 6, 'min_child_samples': 2, 'reg_alpha': 0.03857229517845769, 'reg_lambda': 0.021689024611019746, 'scale_pos_weight': 6.61313930845345}
    保存: C:\keiba_ai\keiba_ai_ver3.0\data\prediction\models\01_sapporo\dirt2400_lambdarank_model_v9feat_no26.txt

=======================================================
[学習] 02_hakodate
=======================================================

  芝1000m ...
    train=2685行 / val=669行 / 1着率=0.079 / 平均勝馬オッズ=8.8
    params: {'n_estimators': 396, 'learning_rate': 0.04930480232815032, 'num_leaves': 61, 'max_depth': 3, 'min_child_samples': 10, 'reg_alpha': 0.016851827633627303, 'reg_lambda': 0.0011127901187522767, 'scale_pos_weight': 1.0130984003286123}
    保存: C:\keiba_ai\keiba_ai_ver3.0\data\prediction\models\02_hakodate\turf1000_lambdarank_model_v9feat_no26.txt

  芝1200m ...
    train=2685行 / val=669行 / 1着率=0.079 / 平均勝馬オッズ=8.8
    params: {'n_estimators': 396, 'learning_rate': 0.04930480232815032, 'num_leaves': 61, 'max_depth': 3, 'min_child_samples': 10, 'reg_alpha': 0.016851827633627303, 'reg_lambda': 0.0011127901187522767, 'scale_pos_weight': 1.0130984003286123}
    保存: C:\keiba_ai\keiba_ai_ver3.0\data\prediction\models\02_hakodate\turf1200_lambdarank_model_v9feat_no26.txt

  芝1800m ...
    train=1243行 / val=300行 / 1着率=0.080 / 平均勝馬オッズ=8.2
    params: {'n_estimators': 439, 'learning_rate': 0.005355839429364193, 'num_leaves': 42, 'max_depth': 7, 'min_child_samples': 22, 'reg_alpha': 0.06121443794411656, 'reg_lambda': 0.029614077363130518, 'scale_pos_weight': 5.558791212514027}
    保存: C:\keiba_ai\keiba_ai_ver3.0\data\prediction\models\02_hakodate\turf1800_lambdarank_model_v9feat_no26.txt

  芝2000m ...
    train=873行 / val=213行 / 1着率=0.079 / 平均勝馬オッズ=12.6
    params: {'n_estimators': 445, 'learning_rate': 0.007394233100444647, 'num_leaves': 26, 'max_depth': 6, 'min_child_samples': 5, 'reg_alpha': 0.04585495370183586, 'reg_lambda': 0.8849653150986367, 'scale_pos_weight': 6.71027285708869}
    保存: C:\keiba_ai\keiba_ai_ver3.0\data\prediction\models\02_hakodate\turf2000_lambdarank_model_v9feat_no26.txt

  芝2600m ...
    train=362行 / val=88行 / 1着率=0.080 / 平均勝馬オッズ=10.9
    params: {'n_estimators': 337, 'learning_rate': 0.026836598696876497, 'num_leaves': 27, 'max_depth': 9, 'min_child_samples': 14, 'reg_alpha': 0.034471570430353655, 'reg_lambda': 0.06718052314415424, 'scale_pos_weight': 14.916538770111263}
    保存: C:\keiba_ai\keiba_ai_ver3.0\data\prediction\models\02_hakodate\turf2600_lambdarank_model_v9feat_no26.txt

  ダート1000m ...
    train=1081行 / val=265行 / 1着率=0.088 / 平均勝馬オッズ=7.6
    params: {'n_estimators': 419, 'learning_rate': 0.024959290396749108, 'num_leaves': 38, 'max_depth': 8, 'min_child_samples': 12, 'reg_alpha': 0.8480449739457698, 'reg_lambda': 0.8350664560142476, 'scale_pos_weight': 12.214935259599672}
    保存: C:\keiba_ai\keiba_ai_ver3.0\data\prediction\models\02_hakodate\dirt1000_lambdarank_model_v9feat_no26.txt

  ダート1700m ...
    train=2253行 / val=555行 / 1着率=0.079 / 平均勝馬オッズ=10.3
    params: {'n_estimators': 420, 'learning_rate': 0.01035500048350266, 'num_leaves': 43, 'max_depth': 10, 'min_child_samples': 24, 'reg_alpha': 0.007912658859362532, 'reg_lambda': 0.0010833588871640284, 'scale_pos_weight': 6.346983165407111}
    保存: C:\keiba_ai\keiba_ai_ver3.0\data\prediction\models\02_hakodate\dirt1700_lambdarank_model_v9feat_no26.txt

  ダート2400m ...
    train=128行 / val=23行 / 1着率=0.094 / 平均勝馬オッズ=7.4
    params: {'n_estimators': 403, 'learning_rate': 0.005064852852116056, 'num_leaves': 32, 'max_depth': 5, 'min_child_samples': 2, 'reg_alpha': 0.018863203942731225, 'reg_lambda': 0.3962484588891849, 'scale_pos_weight': 8.618975579475492}
    保存: C:\keiba_ai\keiba_ai_ver3.0\data\prediction\models\02_hakodate\dirt2400_lambdarank_model_v9feat_no26.txt

=======================================================
[学習] 03_fukushima
=======================================================

  芝1200m ...
    train=3664行 / val=907行 / 1着率=0.068 / 平均勝馬オッズ=9.4
    params: {'n_estimators': 286, 'learning_rate': 0.008866437346170169, 'num_leaves': 63, 'max_depth': 4, 'min_child_samples': 28, 'reg_alpha': 0.00448695044463821, 'reg_lambda': 0.08381554363999688, 'scale_pos_weight': 1.3114522118777439}
    保存: C:\keiba_ai\keiba_ai_ver3.0\data\prediction\models\03_fukushima\turf1200_lambdarank_model_v9feat_no26.txt

  芝1800m ...
    train=2036行 / val=500行 / 1着率=0.070 / 平均勝馬オッズ=11.5
    params: {'n_estimators': 361, 'learning_rate': 0.008959042707720502, 'num_leaves': 38, 'max_depth': 4, 'min_child_samples': 6, 'reg_alpha': 0.0024198461178770677, 'reg_lambda': 0.19148623742082843, 'scale_pos_weight': 3.6254760756236624}
    保存: C:\keiba_ai\keiba_ai_ver3.0\data\prediction\models\03_fukushima\turf1800_lambdarank_model_v9feat_no26.txt

  芝2000m ...
    train=1680行 / val=419行 / 1着率=0.070 / 平均勝馬オッズ=11.8
    params: {'n_estimators': 273, 'learning_rate': 0.009288562889392544, 'num_leaves': 27, 'max_depth': 4, 'min_child_samples': 5, 'reg_alpha': 0.007154333511217147, 'reg_lambda': 0.019492708178439268, 'scale_pos_weight': 1.8361312889369046}
    保存: C:\keiba_ai\keiba_ai_ver3.0\data\prediction\models\03_fukushima\turf2000_lambdarank_model_v9feat_no26.txt

  芝2600m ...
    train=747行 / val=181行 / 1着率=0.074 / 平均勝馬オッズ=8.6
    params: {'n_estimators': 328, 'learning_rate': 0.006456908125310544, 'num_leaves': 28, 'max_depth': 4, 'min_child_samples': 5, 'reg_alpha': 0.006224272602674653, 'reg_lambda': 0.8158036207227601, 'scale_pos_weight': 11.731218059258207}
    保存: C:\keiba_ai\keiba_ai_ver3.0\data\prediction\models\03_fukushima\turf2600_lambdarank_model_v9feat_no26.txt

  ダート1150m ...
    train=2516行 / val=625行 / 1着率=0.066 / 平均勝馬オッズ=11.6
    params: {'n_estimators': 491, 'learning_rate': 0.020128690588335083, 'num_leaves': 52, 'max_depth': 3, 'min_child_samples': 10, 'reg_alpha': 0.002617809369292395, 'reg_lambda': 0.010708172906263901, 'scale_pos_weight': 3.255826660130637}
    保存: C:\keiba_ai\keiba_ai_ver3.0\data\prediction\models\03_fukushima\dirt1150_lambdarank_model_v9feat_no26.txt

  ダート1700m ...
    train=3789行 / val=936行 / 1着率=0.069 / 平均勝馬オッズ=13.4
    params: {'n_estimators': 337, 'learning_rate': 0.015496693188407663, 'num_leaves': 47, 'max_depth': 6, 'min_child_samples': 6, 'reg_alpha': 0.001054758986126324, 'reg_lambda': 0.07560667889864428, 'scale_pos_weight': 1.0920800028988449}
    保存: C:\keiba_ai\keiba_ai_ver3.0\data\prediction\models\03_fukushima\dirt1700_lambdarank_model_v9feat_no26.txt

  ダート2400m ...
    train=117行 / val=27行 / 1着率=0.077 / 平均勝馬オッズ=16.6
    params: {'n_estimators': 226, 'learning_rate': 0.011552627632790552, 'num_leaves': 43, 'max_depth': 6, 'min_child_samples': 11, 'reg_alpha': 0.0022637172505759065, 'reg_lambda': 0.00532463457929216, 'scale_pos_weight': 4.064880839814929}
    保存: C:\keiba_ai\keiba_ai_ver3.0\data\prediction\models\03_fukushima\dirt2400_lambdarank_model_v9feat_no26.txt

=======================================================
[学習] 04_nigata
=======================================================

  芝1000m ...
    train=3124行 / val=770行 / 1着率=0.061 / 平均勝馬オッズ=10.2
    params: {'n_estimators': 486, 'learning_rate': 0.012089588621664739, 'num_leaves': 54, 'max_depth': 7, 'min_child_samples': 18, 'reg_alpha': 1.653528726720999, 'reg_lambda': 0.0017660418375786328, 'scale_pos_weight': 2.6554566943292732}
    保存: C:\keiba_ai\keiba_ai_ver3.0\data\prediction\models\04_nigata\turf1000_lambdarank_model_v9feat_no26.txt

  芝1200m ...
    train=3124行 / val=770行 / 1着率=0.061 / 平均勝馬オッズ=10.2
    params: {'n_estimators': 486, 'learning_rate': 0.012089588621664739, 'num_leaves': 54, 'max_depth': 7, 'min_child_samples': 18, 'reg_alpha': 1.653528726720999, 'reg_lambda': 0.0017660418375786328, 'scale_pos_weight': 2.6554566943292732}
    保存: C:\keiba_ai\keiba_ai_ver3.0\data\prediction\models\04_nigata\turf1200_lambdarank_model_v9feat_no26.txt

  芝1400m ...
    train=6018行 / val=1487行 / 1着率=0.067 / 平均勝馬オッズ=10.1
    params: {'n_estimators': 399, 'learning_rate': 0.007561381809659511, 'num_leaves': 36, 'max_depth': 6, 'min_child_samples': 25, 'reg_alpha': 0.019624211596310753, 'reg_lambda': 0.0010627474504215676, 'scale_pos_weight': 1.011129343915962}
    保存: C:\keiba_ai\keiba_ai_ver3.0\data\prediction\models\04_nigata\turf1400_lambdarank_model_v9feat_no26.txt

  芝1600m ...
    train=6018行 / val=1487行 / 1着率=0.067 / 平均勝馬オッズ=10.1
    params: {'n_estimators': 399, 'learning_rate': 0.007561381809659511, 'num_leaves': 36, 'max_depth': 6, 'min_child_samples': 25, 'reg_alpha': 0.019624211596310753, 'reg_lambda': 0.0010627474504215676, 'scale_pos_weight': 1.011129343915962}
    保存: C:\keiba_ai\keiba_ai_ver3.0\data\prediction\models\04_nigata\turf1600_lambdarank_model_v9feat_no26.txt

  芝1800m ...
    train=6018行 / val=1487行 / 1着率=0.067 / 平均勝馬オッズ=10.1
    params: {'n_estimators': 399, 'learning_rate': 0.007561381809659511, 'num_leaves': 36, 'max_depth': 6, 'min_child_samples': 25, 'reg_alpha': 0.019624211596310753, 'reg_lambda': 0.0010627474504215676, 'scale_pos_weight': 1.011129343915962}
    保存: C:\keiba_ai\keiba_ai_ver3.0\data\prediction\models\04_nigata\turf1800_lambdarank_model_v9feat_no26.txt

  芝2000m ...
    train=1736行 / val=431行 / 1着率=0.074 / 平均勝馬オッズ=10.9
    params: {'n_estimators': 202, 'learning_rate': 0.007814156876852607, 'num_leaves': 32, 'max_depth': 3, 'min_child_samples': 8, 'reg_alpha': 0.058082374216877286, 'reg_lambda': 0.1598796140718324, 'scale_pos_weight': 6.458470800689829}
    保存: C:\keiba_ai\keiba_ai_ver3.0\data\prediction\models\04_nigata\turf2000_lambdarank_model_v9feat_no26.txt

  芝2200m ...
    train=984行 / val=246行 / 1着率=0.075 / 平均勝馬オッズ=15.7
    params: {'n_estimators': 267, 'learning_rate': 0.03976638781948045, 'num_leaves': 35, 'max_depth': 6, 'min_child_samples': 11, 'reg_alpha': 0.5656670781044312, 'reg_lambda': 2.893133934840012, 'scale_pos_weight': 14.11566773253206}
    保存: C:\keiba_ai\keiba_ai_ver3.0\data\prediction\models\04_nigata\turf2200_lambdarank_model_v9feat_no26.txt

  芝2400m ...
    train=984行 / val=246行 / 1着率=0.075 / 平均勝馬オッズ=15.7
    params: {'n_estimators': 267, 'learning_rate': 0.03976638781948045, 'num_leaves': 35, 'max_depth': 6, 'min_child_samples': 11, 'reg_alpha': 0.5656670781044312, 'reg_lambda': 2.893133934840012, 'scale_pos_weight': 14.11566773253206}
    保存: C:\keiba_ai\keiba_ai_ver3.0\data\prediction\models\04_nigata\turf2400_lambdarank_model_v9feat_no26.txt

  ダート1200m ...
    train=4314行 / val=1078行 / 1着率=0.069 / 平均勝馬オッズ=9.2
    params: {'n_estimators': 105, 'learning_rate': 0.04930480232815032, 'num_leaves': 62, 'max_depth': 10, 'min_child_samples': 10, 'reg_alpha': 2.521998215988086, 'reg_lambda': 0.034077078945705136, 'scale_pos_weight': 19.862303790230904}
    保存: C:\keiba_ai\keiba_ai_ver3.0\data\prediction\models\04_nigata\dirt1200_lambdarank_model_v9feat_no26.txt

  ダート1800m ...
    train=5083行 / val=1265行 / 1着率=0.072 / 平均勝馬オッズ=10.4
    params: {'n_estimators': 108, 'learning_rate': 0.034008685807730005, 'num_leaves': 54, 'max_depth': 9, 'min_child_samples': 30, 'reg_alpha': 0.6008571445079262, 'reg_lambda': 0.04023645393745574, 'scale_pos_weight': 15.830054349442653}
    保存: C:\keiba_ai\keiba_ai_ver3.0\data\prediction\models\04_nigata\dirt1800_lambdarank_model_v9feat_no26.txt

  ダート2500m ...
    train=90行 / val=15行 / 1着率=0.089 / 平均勝馬オッズ=10.9
    params: {'n_estimators': 312, 'learning_rate': 0.008282131104621015, 'num_leaves': 46, 'max_depth': 8, 'min_child_samples': 9, 'reg_alpha': 0.05507715936579408, 'reg_lambda': 0.0042678771141135205, 'scale_pos_weight': 11.027458702239612}
    保存: C:\keiba_ai\keiba_ai_ver3.0\data\prediction\models\04_nigata\dirt2500_lambdarank_model_v9feat_no26.txt

=======================================================
[学習] 05_tokyo
=======================================================

  芝1400m ...
    train=12082行 / val=3010行 / 1着率=0.072 / 平均勝馬オッズ=10.5
    params: {'n_estimators': 437, 'learning_rate': 0.005770864857330799, 'num_leaves': 43, 'max_depth': 4, 'min_child_samples': 5, 'reg_alpha': 0.05102073486359618, 'reg_lambda': 0.10802689880345642, 'scale_pos_weight': 1.5681211541074414}
    保存: C:\keiba_ai\keiba_ai_ver3.0\data\prediction\models\05_tokyo\turf1400_lambdarank_model_v9feat_no26.txt

  芝1600m ...
    train=12082行 / val=3010行 / 1着率=0.072 / 平均勝馬オッズ=10.5
    params: {'n_estimators': 437, 'learning_rate': 0.005770864857330799, 'num_leaves': 43, 'max_depth': 4, 'min_child_samples': 5, 'reg_alpha': 0.05102073486359618, 'reg_lambda': 0.10802689880345642, 'scale_pos_weight': 1.5681211541074414}
    保存: C:\keiba_ai\keiba_ai_ver3.0\data\prediction\models\05_tokyo\turf1600_lambdarank_model_v9feat_no26.txt

  芝1800m ...
    train=12082行 / val=3010行 / 1着率=0.072 / 平均勝馬オッズ=10.5
    params: {'n_estimators': 437, 'learning_rate': 0.005770864857330799, 'num_leaves': 43, 'max_depth': 4, 'min_child_samples': 5, 'reg_alpha': 0.05102073486359618, 'reg_lambda': 0.10802689880345642, 'scale_pos_weight': 1.5681211541074414}
    保存: C:\keiba_ai\keiba_ai_ver3.0\data\prediction\models\05_tokyo\turf1800_lambdarank_model_v9feat_no26.txt

  芝2000m ...
    train=2363行 / val=591行 / 1着率=0.086 / 平均勝馬オッズ=7.7
    params: {'n_estimators': 438, 'learning_rate': 0.009531479306602796, 'num_leaves': 25, 'max_depth': 6, 'min_child_samples': 15, 'reg_alpha': 0.0010357206437068233, 'reg_lambda': 0.0028035470550794336, 'scale_pos_weight': 1.3383067251108827}
    保存: C:\keiba_ai\keiba_ai_ver3.0\data\prediction\models\05_tokyo\turf2000_lambdarank_model_v9feat_no26.txt

  芝2300m ...
    train=2034行 / val=508行 / 1着率=0.080 / 平均勝馬オッズ=7.8
    params: {'n_estimators': 194, 'learning_rate': 0.009648946252597676, 'num_leaves': 32, 'max_depth': 8, 'min_child_samples': 28, 'reg_alpha': 0.059974420207602304, 'reg_lambda': 0.021809241993346086, 'scale_pos_weight': 5.437880732660046}
    保存: C:\keiba_ai\keiba_ai_ver3.0\data\prediction\models\05_tokyo\turf2300_lambdarank_model_v9feat_no26.txt

  芝2400m ...
    train=2034行 / val=508行 / 1着率=0.080 / 平均勝馬オッズ=7.8
    params: {'n_estimators': 194, 'learning_rate': 0.009648946252597676, 'num_leaves': 32, 'max_depth': 8, 'min_child_samples': 28, 'reg_alpha': 0.059974420207602304, 'reg_lambda': 0.021809241993346086, 'scale_pos_weight': 5.437880732660046}
    保存: C:\keiba_ai\keiba_ai_ver3.0\data\prediction\models\05_tokyo\turf2400_lambdarank_model_v9feat_no26.txt

  芝2500m ...
    train=2034行 / val=508行 / 1着率=0.080 / 平均勝馬オッズ=7.8
    params: {'n_estimators': 194, 'learning_rate': 0.009648946252597676, 'num_leaves': 32, 'max_depth': 8, 'min_child_samples': 28, 'reg_alpha': 0.059974420207602304, 'reg_lambda': 0.021809241993346086, 'scale_pos_weight': 5.437880732660046}
    保存: C:\keiba_ai\keiba_ai_ver3.0\data\prediction\models\05_tokyo\turf2500_lambdarank_model_v9feat_no26.txt

  芝3400m ...
    train=72行 / val=16行 / 1着率=0.069 / 平均勝馬オッズ=70.7
    params: {'n_estimators': 448, 'learning_rate': 0.033383161590358146, 'num_leaves': 27, 'max_depth': 4, 'min_child_samples': 3, 'reg_alpha': 0.00718294091277647, 'reg_lambda': 0.7570794541284922, 'scale_pos_weight': 6.126575327202726}
    保存: C:\keiba_ai\keiba_ai_ver3.0\data\prediction\models\05_tokyo\turf3400_lambdarank_model_v9feat_no26.txt

  ダート1300m ...
    train=1788行 / val=436行 / 1着率=0.064 / 平均勝馬オッズ=14.2
    params: {'n_estimators': 108, 'learning_rate': 0.04766328468362096, 'num_leaves': 62, 'max_depth': 10, 'min_child_samples': 2, 'reg_alpha': 2.6285616375297236, 'reg_lambda': 0.18204922867584064, 'scale_pos_weight': 9.674262551787578}
    保存: C:\keiba_ai\keiba_ai_ver3.0\data\prediction\models\05_tokyo\dirt1300_lambdarank_model_v9feat_no26.txt

  ダート1400m ...
    train=15083行 / val=3764行 / 1着率=0.066 / 平均勝馬オッズ=10.3
    params: {'n_estimators': 409, 'learning_rate': 0.00649449881811442, 'num_leaves': 32, 'max_depth': 8, 'min_child_samples': 24, 'reg_alpha': 0.022063728829552366, 'reg_lambda': 0.0010558197973323977, 'scale_pos_weight': 1.0123134774397313}
    保存: C:\keiba_ai\keiba_ai_ver3.0\data\prediction\models\05_tokyo\dirt1400_lambdarank_model_v9feat_no26.txt

  ダート1600m ...
    train=15083行 / val=3764行 / 1着率=0.066 / 平均勝馬オッズ=10.3
    params: {'n_estimators': 409, 'learning_rate': 0.00649449881811442, 'num_leaves': 32, 'max_depth': 8, 'min_child_samples': 24, 'reg_alpha': 0.022063728829552366, 'reg_lambda': 0.0010558197973323977, 'scale_pos_weight': 1.0123134774397313}
    保存: C:\keiba_ai\keiba_ai_ver3.0\data\prediction\models\05_tokyo\dirt1600_lambdarank_model_v9feat_no26.txt

  ダート2100m ...
    train=2646行 / val=662行 / 1着率=0.068 / 平均勝馬オッズ=13.1
    params: {'n_estimators': 369, 'learning_rate': 0.04582738321119936, 'num_leaves': 36, 'max_depth': 4, 'min_child_samples': 4, 'reg_alpha': 0.059974420207602304, 'reg_lambda': 0.053785008752723344, 'scale_pos_weight': 1.0165259707282877}
    保存: C:\keiba_ai\keiba_ai_ver3.0\data\prediction\models\05_tokyo\dirt2100_lambdarank_model_v9feat_no26.txt

  ダート2400m ...
    データなし: スキップ

=======================================================
[学習] 06_nakayama
=======================================================

  芝1200m ...
    train=2431行 / val=596行 / 1着率=0.069 / 平均勝馬オッズ=9.9
    params: {'n_estimators': 436, 'learning_rate': 0.007208309706098623, 'num_leaves': 28, 'max_depth': 5, 'min_child_samples': 8, 'reg_alpha': 0.030053722285273317, 'reg_lambda': 0.47546238326175144, 'scale_pos_weight': 11.401592768523164}
    保存: C:\keiba_ai\keiba_ai_ver3.0\data\prediction\models\06_nakayama\turf1200_lambdarank_model_v9feat_no26.txt

  芝1600m ...
    train=6611行 / val=1653行 / 1着率=0.071 / 平均勝馬オッズ=9.7
    params: {'n_estimators': 396, 'learning_rate': 0.04930480232815032, 'num_leaves': 61, 'max_depth': 3, 'min_child_samples': 10, 'reg_alpha': 0.016851827633627303, 'reg_lambda': 0.0011127901187522767, 'scale_pos_weight': 1.0130984003286123}
    保存: C:\keiba_ai\keiba_ai_ver3.0\data\prediction\models\06_nakayama\turf1600_lambdarank_model_v9feat_no26.txt

  芝1800m ...
    train=6611行 / val=1653行 / 1着率=0.071 / 平均勝馬オッズ=9.7
    params: {'n_estimators': 396, 'learning_rate': 0.04930480232815032, 'num_leaves': 61, 'max_depth': 3, 'min_child_samples': 10, 'reg_alpha': 0.016851827633627303, 'reg_lambda': 0.0011127901187522767, 'scale_pos_weight': 1.0130984003286123}
    保存: C:\keiba_ai\keiba_ai_ver3.0\data\prediction\models\06_nakayama\turf1800_lambdarank_model_v9feat_no26.txt

  芝2000m ...
    train=3375行 / val=831行 / 1着率=0.071 / 平均勝馬オッズ=8.4
    params: {'n_estimators': 486, 'learning_rate': 0.012089588621664739, 'num_leaves': 54, 'max_depth': 7, 'min_child_samples': 18, 'reg_alpha': 1.653528726720999, 'reg_lambda': 0.0017660418375786328, 'scale_pos_weight': 2.6554566943292732}
    保存: C:\keiba_ai\keiba_ai_ver3.0\data\prediction\models\06_nakayama\turf2000_lambdarank_model_v9feat_no26.txt

  芝2200m ...
    train=1821行 / val=456行 / 1着率=0.075 / 平均勝馬オッズ=7.7
    params: {'n_estimators': 432, 'learning_rate': 0.011865392574126752, 'num_leaves': 40, 'max_depth': 8, 'min_child_samples': 30, 'reg_alpha': 0.013920973384485695, 'reg_lambda': 0.0030071363974128293, 'scale_pos_weight': 7.135346069807507}
    保存: C:\keiba_ai\keiba_ai_ver3.0\data\prediction\models\06_nakayama\turf2200_lambdarank_model_v9feat_no26.txt

  芝2500m ...
    train=1821行 / val=456行 / 1着率=0.075 / 平均勝馬オッズ=7.7
    params: {'n_estimators': 432, 'learning_rate': 0.011865392574126752, 'num_leaves': 40, 'max_depth': 8, 'min_child_samples': 30, 'reg_alpha': 0.013920973384485695, 'reg_lambda': 0.0030071363974128293, 'scale_pos_weight': 7.135346069807507}
    保存: C:\keiba_ai\keiba_ai_ver3.0\data\prediction\models\06_nakayama\turf2500_lambdarank_model_v9feat_no26.txt

  芝3600m ...
    train=72行 / val=14行 / 1着率=0.069 / 平均勝馬オッズ=9.9
    params: {'n_estimators': 108, 'learning_rate': 0.034008685807730005, 'num_leaves': 54, 'max_depth': 9, 'min_child_samples': 7, 'reg_alpha': 0.6008571445079262, 'reg_lambda': 0.04023645393745574, 'scale_pos_weight': 15.830054349442653}
    保存: C:\keiba_ai\keiba_ai_ver3.0\data\prediction\models\06_nakayama\turf3600_lambdarank_model_v9feat_no26.txt

  ダート1200m ...
    train=9401行 / val=2345行 / 1着率=0.064 / 平均勝馬オッズ=10.3
    params: {'n_estimators': 408, 'learning_rate': 0.0074595896716486785, 'num_leaves': 64, 'max_depth': 8, 'min_child_samples': 11, 'reg_alpha': 0.6377887158015647, 'reg_lambda': 0.0021408169422225216, 'scale_pos_weight': 6.18292073214781}
    保存: C:\keiba_ai\keiba_ai_ver3.0\data\prediction\models\06_nakayama\dirt1200_lambdarank_model_v9feat_no26.txt

  ダート1800m ...
    train=9808行 / val=2448行 / 1着率=0.069 / 平均勝馬オッズ=10.6
    params: {'n_estimators': 486, 'learning_rate': 0.012089588621664739, 'num_leaves': 54, 'max_depth': 7, 'min_child_samples': 18, 'reg_alpha': 1.653528726720999, 'reg_lambda': 0.0017660418375786328, 'scale_pos_weight': 2.6554566943292732}
    保存: C:\keiba_ai\keiba_ai_ver3.0\data\prediction\models\06_nakayama\dirt1800_lambdarank_model_v9feat_no26.txt

  ダート2400m ...
    train=674行 / val=167行 / 1着率=0.074 / 平均勝馬オッズ=8.4
    params: {'n_estimators': 282, 'learning_rate': 0.018509894916536547, 'num_leaves': 16, 'max_depth': 7, 'min_child_samples': 19, 'reg_alpha': 0.13968646061027282, 'reg_lambda': 1.912170011585717, 'scale_pos_weight': 13.954585682966185}
    保存: C:\keiba_ai\keiba_ai_ver3.0\data\prediction\models\06_nakayama\dirt2400_lambdarank_model_v9feat_no26.txt

  ダート2500m ...
    train=674行 / val=167行 / 1着率=0.074 / 平均勝馬オッズ=8.4
    params: {'n_estimators': 282, 'learning_rate': 0.018509894916536547, 'num_leaves': 16, 'max_depth': 7, 'min_child_samples': 19, 'reg_alpha': 0.13968646061027282, 'reg_lambda': 1.912170011585717, 'scale_pos_weight': 13.954585682966185}
    保存: C:\keiba_ai\keiba_ai_ver3.0\data\prediction\models\06_nakayama\dirt2500_lambdarank_model_v9feat_no26.txt

=======================================================
[学習] 07_chukyo
=======================================================

  芝1200m ...
    train=1678行 / val=414行 / 1着率=0.066 / 平均勝馬オッズ=11.3
    params: {'n_estimators': 167, 'learning_rate': 0.031704171043185805, 'num_leaves': 39, 'max_depth': 8, 'min_child_samples': 8, 'reg_alpha': 1.3223771848587267, 'reg_lambda': 0.0024526815384482317, 'scale_pos_weight': 1.0779073391598608}
    保存: C:\keiba_ai\keiba_ai_ver3.0\data\prediction\models\07_chukyo\turf1200_lambdarank_model_v9feat_no26.txt

  芝1400m ...
    train=5049行 / val=1253行 / 1着率=0.072 / 平均勝馬オッズ=10.2
    params: {'n_estimators': 413, 'learning_rate': 0.0070237175473989825, 'num_leaves': 60, 'max_depth': 5, 'min_child_samples': 25, 'reg_alpha': 0.009743461256037308, 'reg_lambda': 0.011046336675320362, 'scale_pos_weight': 1.018759088282641}
    保存: C:\keiba_ai\keiba_ai_ver3.0\data\prediction\models\07_chukyo\turf1400_lambdarank_model_v9feat_no26.txt

  芝1600m ...
    train=5049行 / val=1253行 / 1着率=0.072 / 平均勝馬オッズ=10.2
    params: {'n_estimators': 413, 'learning_rate': 0.0070237175473989825, 'num_leaves': 60, 'max_depth': 5, 'min_child_samples': 25, 'reg_alpha': 0.009743461256037308, 'reg_lambda': 0.011046336675320362, 'scale_pos_weight': 1.018759088282641}
    保存: C:\keiba_ai\keiba_ai_ver3.0\data\prediction\models\07_chukyo\turf1600_lambdarank_model_v9feat_no26.txt

  芝2000m ...
    train=3317行 / val=821行 / 1着率=0.083 / 平均勝馬オッズ=8.0
    params: {'n_estimators': 108, 'learning_rate': 0.034008685807730005, 'num_leaves': 54, 'max_depth': 9, 'min_child_samples': 30, 'reg_alpha': 0.6008571445079262, 'reg_lambda': 0.04023645393745574, 'scale_pos_weight': 15.830054349442653}
    保存: C:\keiba_ai\keiba_ai_ver3.0\data\prediction\models\07_chukyo\turf2000_lambdarank_model_v9feat_no26.txt

  芝2200m ...
    train=1354行 / val=337行 / 1着率=0.084 / 平均勝馬オッズ=8.5
    params: {'n_estimators': 409, 'learning_rate': 0.00649449881811442, 'num_leaves': 32, 'max_depth': 8, 'min_child_samples': 24, 'reg_alpha': 0.022063728829552366, 'reg_lambda': 0.0010558197973323977, 'scale_pos_weight': 1.0123134774397313}
    保存: C:\keiba_ai\keiba_ai_ver3.0\data\prediction\models\07_chukyo\turf2200_lambdarank_model_v9feat_no26.txt

  ダート1200m ...
    train=3253行 / val=814行 / 1着率=0.067 / 平均勝馬オッズ=11.7
    params: {'n_estimators': 399, 'learning_rate': 0.007561381809659511, 'num_leaves': 36, 'max_depth': 6, 'min_child_samples': 25, 'reg_alpha': 0.019624211596310753, 'reg_lambda': 0.0010627474504215676, 'scale_pos_weight': 1.011129343915962}
    保存: C:\keiba_ai\keiba_ai_ver3.0\data\prediction\models\07_chukyo\dirt1200_lambdarank_model_v9feat_no26.txt

  ダート1400m ...
    train=10035行 / val=2497行 / 1着率=0.073 / 平均勝馬オッズ=10.4
    params: {'n_estimators': 399, 'learning_rate': 0.007561381809659511, 'num_leaves': 36, 'max_depth': 6, 'min_child_samples': 25, 'reg_alpha': 0.019624211596310753, 'reg_lambda': 0.0010627474504215676, 'scale_pos_weight': 1.011129343915962}
    保存: C:\keiba_ai\keiba_ai_ver3.0\data\prediction\models\07_chukyo\dirt1400_lambdarank_model_v9feat_no26.txt

  ダート1800m ...
    train=10035行 / val=2497行 / 1着率=0.073 / 平均勝馬オッズ=10.4
    params: {'n_estimators': 399, 'learning_rate': 0.007561381809659511, 'num_leaves': 36, 'max_depth': 6, 'min_child_samples': 25, 'reg_alpha': 0.019624211596310753, 'reg_lambda': 0.0010627474504215676, 'scale_pos_weight': 1.011129343915962}
    保存: C:\keiba_ai\keiba_ai_ver3.0\data\prediction\models\07_chukyo\dirt1800_lambdarank_model_v9feat_no26.txt

  ダート1900m ...
    train=1841行 / val=451行 / 1着率=0.076 / 平均勝馬オッズ=10.4
    params: {'n_estimators': 486, 'learning_rate': 0.012089588621664739, 'num_leaves': 54, 'max_depth': 7, 'min_child_samples': 18, 'reg_alpha': 1.653528726720999, 'reg_lambda': 0.0017660418375786328, 'scale_pos_weight': 2.6554566943292732}
    保存: C:\keiba_ai\keiba_ai_ver3.0\data\prediction\models\07_chukyo\dirt1900_lambdarank_model_v9feat_no26.txt

=======================================================
[学習] 08_kyoto
=======================================================

  芝1200m ...
    train=1030行 / val=256行 / 1着率=0.067 / 平均勝馬オッズ=6.6
    params: {'n_estimators': 282, 'learning_rate': 0.018509894916536547, 'num_leaves': 16, 'max_depth': 7, 'min_child_samples': 19, 'reg_alpha': 0.13968646061027282, 'reg_lambda': 1.912170011585717, 'scale_pos_weight': 13.954585682966185}
    保存: C:\keiba_ai\keiba_ai_ver3.0\data\prediction\models\08_kyoto\turf1200_lambdarank_model_v9feat_no26.txt

  芝1400m ...
    train=5192行 / val=1288行 / 1着率=0.075 / 平均勝馬オッズ=10.2
    params: {'n_estimators': 375, 'learning_rate': 0.04582738321119936, 'num_leaves': 37, 'max_depth': 4, 'min_child_samples': 27, 'reg_alpha': 0.059974420207602304, 'reg_lambda': 0.1052665054095828, 'scale_pos_weight': 1.0165259707282877}
    保存: C:\keiba_ai\keiba_ai_ver3.0\data\prediction\models\08_kyoto\turf1400_lambdarank_model_v9feat_no26.txt

  芝1600m ...
    train=5192行 / val=1288行 / 1着率=0.075 / 平均勝馬オッズ=10.2
    params: {'n_estimators': 375, 'learning_rate': 0.04582738321119936, 'num_leaves': 37, 'max_depth': 4, 'min_child_samples': 27, 'reg_alpha': 0.059974420207602304, 'reg_lambda': 0.1052665054095828, 'scale_pos_weight': 1.0165259707282877}
    保存: C:\keiba_ai\keiba_ai_ver3.0\data\prediction\models\08_kyoto\turf1600_lambdarank_model_v9feat_no26.txt

  芝1800m ...
    train=5192行 / val=1288行 / 1着率=0.075 / 平均勝馬オッズ=10.2
    params: {'n_estimators': 375, 'learning_rate': 0.04582738321119936, 'num_leaves': 37, 'max_depth': 4, 'min_child_samples': 27, 'reg_alpha': 0.059974420207602304, 'reg_lambda': 0.1052665054095828, 'scale_pos_weight': 1.0165259707282877}
    保存: C:\keiba_ai\keiba_ai_ver3.0\data\prediction\models\08_kyoto\turf1800_lambdarank_model_v9feat_no26.txt

  芝2000m ...
    train=1448行 / val=356行 / 1着率=0.087 / 平均勝馬オッズ=11.0
    params: {'n_estimators': 500, 'learning_rate': 0.007376273272979382, 'num_leaves': 59, 'max_depth': 5, 'min_child_samples': 10, 'reg_alpha': 0.008829072104875638, 'reg_lambda': 0.016869211783388183, 'scale_pos_weight': 1.0353506426053372}
    保存: C:\keiba_ai\keiba_ai_ver3.0\data\prediction\models\08_kyoto\turf2000_lambdarank_model_v9feat_no26.txt

  芝2200m ...
    train=1060行 / val=261行 / 1着率=0.088 / 平均勝馬オッズ=6.2
    params: {'n_estimators': 194, 'learning_rate': 0.04057668183516785, 'num_leaves': 64, 'max_depth': 5, 'min_child_samples': 30, 'reg_alpha': 0.057383244079634216, 'reg_lambda': 0.0010489384265107025, 'scale_pos_weight': 13.058676133677961}
    保存: C:\keiba_ai\keiba_ai_ver3.0\data\prediction\models\08_kyoto\turf2200_lambdarank_model_v9feat_no26.txt

  芝2400m ...
    train=1060行 / val=261行 / 1着率=0.088 / 平均勝馬オッズ=6.2
    params: {'n_estimators': 194, 'learning_rate': 0.04057668183516785, 'num_leaves': 64, 'max_depth': 5, 'min_child_samples': 30, 'reg_alpha': 0.057383244079634216, 'reg_lambda': 0.0010489384265107025, 'scale_pos_weight': 13.058676133677961}
    保存: C:\keiba_ai\keiba_ai_ver3.0\data\prediction\models\08_kyoto\turf2400_lambdarank_model_v9feat_no26.txt

  芝3000m ...
    train=173行 / val=28行 / 1着率=0.064 / 平均勝馬オッズ=4.3
    params: {'n_estimators': 342, 'learning_rate': 0.034417947083463137, 'num_leaves': 63, 'max_depth': 8, 'min_child_samples': 17, 'reg_alpha': 0.011458731796483797, 'reg_lambda': 0.33769876844548175, 'scale_pos_weight': 12.832747743288476}
    保存: C:\keiba_ai\keiba_ai_ver3.0\data\prediction\models\08_kyoto\turf3000_lambdarank_model_v9feat_no26.txt

  芝3200m ...
    train=173行 / val=28行 / 1着率=0.064 / 平均勝馬オッズ=4.3
    params: {'n_estimators': 342, 'learning_rate': 0.034417947083463137, 'num_leaves': 63, 'max_depth': 8, 'min_child_samples': 17, 'reg_alpha': 0.011458731796483797, 'reg_lambda': 0.33769876844548175, 'scale_pos_weight': 12.832747743288476}
    保存: C:\keiba_ai\keiba_ai_ver3.0\data\prediction\models\08_kyoto\turf3200_lambdarank_model_v9feat_no26.txt

  ダート1200m ...
    train=2435行 / val=608行 / 1着率=0.068 / 平均勝馬オッズ=8.8
    params: {'n_estimators': 318, 'learning_rate': 0.04930480232815032, 'num_leaves': 16, 'max_depth': 8, 'min_child_samples': 13, 'reg_alpha': 0.10219900236136546, 'reg_lambda': 1.4166204417181059, 'scale_pos_weight': 12.562411815895445}
    保存: C:\keiba_ai\keiba_ai_ver3.0\data\prediction\models\08_kyoto\dirt1200_lambdarank_model_v9feat_no26.txt

  ダート1400m ...
    train=7229行 / val=1800行 / 1着率=0.073 / 平均勝馬オッズ=9.3
    params: {'n_estimators': 291, 'learning_rate': 0.00862485003579231, 'num_leaves': 16, 'max_depth': 6, 'min_child_samples': 12, 'reg_alpha': 0.02600905589968838, 'reg_lambda': 0.10192694102902167, 'scale_pos_weight': 5.621302967087582}
    保存: C:\keiba_ai\keiba_ai_ver3.0\data\prediction\models\08_kyoto\dirt1400_lambdarank_model_v9feat_no26.txt

  ダート1800m ...
    train=7229行 / val=1800行 / 1着率=0.073 / 平均勝馬オッズ=9.3
    params: {'n_estimators': 291, 'learning_rate': 0.00862485003579231, 'num_leaves': 16, 'max_depth': 6, 'min_child_samples': 12, 'reg_alpha': 0.02600905589968838, 'reg_lambda': 0.10192694102902167, 'scale_pos_weight': 5.621302967087582}
    保存: C:\keiba_ai\keiba_ai_ver3.0\data\prediction\models\08_kyoto\dirt1800_lambdarank_model_v9feat_no26.txt

  ダート1900m ...
    train=1073行 / val=262行 / 1着率=0.077 / 平均勝馬オッズ=8.0
    params: {'n_estimators': 207, 'learning_rate': 0.041449730320472104, 'num_leaves': 40, 'max_depth': 8, 'min_child_samples': 30, 'reg_alpha': 0.02331958203582425, 'reg_lambda': 0.0014467567621240516, 'scale_pos_weight': 8.618975579475492}
    保存: C:\keiba_ai\keiba_ai_ver3.0\data\prediction\models\08_kyoto\dirt1900_lambdarank_model_v9feat_no26.txt

=======================================================
[学習] 09_hanshin
=======================================================

  芝1200m ...
    train=1390行 / val=335行 / 1着率=0.076 / 平均勝馬オッズ=13.1
    params: {'n_estimators': 361, 'learning_rate': 0.008959042707720502, 'num_leaves': 38, 'max_depth': 4, 'min_child_samples': 6, 'reg_alpha': 0.0024198461178770677, 'reg_lambda': 0.19148623742082843, 'scale_pos_weight': 3.6254760756236624}
    保存: C:\keiba_ai\keiba_ai_ver3.0\data\prediction\models\09_hanshin\turf1200_lambdarank_model_v9feat_no26.txt

  芝1400m ...
    train=8113行 / val=2018行 / 1着率=0.075 / 平均勝馬オッズ=10.0
    params: {'n_estimators': 375, 'learning_rate': 0.04582738321119936, 'num_leaves': 38, 'max_depth': 8, 'min_child_samples': 21, 'reg_alpha': 0.059974420207602304, 'reg_lambda': 0.145271578666017, 'scale_pos_weight': 1.0165259707282877}
    保存: C:\keiba_ai\keiba_ai_ver3.0\data\prediction\models\09_hanshin\turf1400_lambdarank_model_v9feat_no26.txt

  芝1600m ...
    train=8113行 / val=2018行 / 1着率=0.075 / 平均勝馬オッズ=10.0
    params: {'n_estimators': 375, 'learning_rate': 0.04582738321119936, 'num_leaves': 38, 'max_depth': 8, 'min_child_samples': 21, 'reg_alpha': 0.059974420207602304, 'reg_lambda': 0.145271578666017, 'scale_pos_weight': 1.0165259707282877}
    保存: C:\keiba_ai\keiba_ai_ver3.0\data\prediction\models\09_hanshin\turf1600_lambdarank_model_v9feat_no26.txt

  芝1800m ...
    train=8113行 / val=2018行 / 1着率=0.075 / 平均勝馬オッズ=10.0
    params: {'n_estimators': 375, 'learning_rate': 0.04582738321119936, 'num_leaves': 38, 'max_depth': 8, 'min_child_samples': 21, 'reg_alpha': 0.059974420207602304, 'reg_lambda': 0.145271578666017, 'scale_pos_weight': 1.0165259707282877}
    保存: C:\keiba_ai\keiba_ai_ver3.0\data\prediction\models\09_hanshin\turf1800_lambdarank_model_v9feat_no26.txt

  芝2000m ...
    train=2267行 / val=567行 / 1着率=0.088 / 平均勝馬オッズ=8.5
    params: {'n_estimators': 108, 'learning_rate': 0.034008685807730005, 'num_leaves': 54, 'max_depth': 9, 'min_child_samples': 30, 'reg_alpha': 0.6008571445079262, 'reg_lambda': 0.04023645393745574, 'scale_pos_weight': 15.830054349442653}
    保存: C:\keiba_ai\keiba_ai_ver3.0\data\prediction\models\09_hanshin\turf2000_lambdarank_model_v9feat_no26.txt

  芝2200m ...
    train=1582行 / val=395行 / 1着率=0.088 / 平均勝馬オッズ=8.3
    params: {'n_estimators': 423, 'learning_rate': 0.03469453384651948, 'num_leaves': 34, 'max_depth': 10, 'min_child_samples': 25, 'reg_alpha': 0.5364847038618128, 'reg_lambda': 0.031156588547154116, 'scale_pos_weight': 6.61313930845345}
    保存: C:\keiba_ai\keiba_ai_ver3.0\data\prediction\models\09_hanshin\turf2200_lambdarank_model_v9feat_no26.txt

  芝2400m ...
    train=1582行 / val=395行 / 1着率=0.088 / 平均勝馬オッズ=8.3
    params: {'n_estimators': 423, 'learning_rate': 0.03469453384651948, 'num_leaves': 34, 'max_depth': 10, 'min_child_samples': 25, 'reg_alpha': 0.5364847038618128, 'reg_lambda': 0.031156588547154116, 'scale_pos_weight': 6.61313930845345}
    保存: C:\keiba_ai\keiba_ai_ver3.0\data\prediction\models\09_hanshin\turf2400_lambdarank_model_v9feat_no26.txt

  芝2600m ...
    train=1582行 / val=395行 / 1着率=0.088 / 平均勝馬オッズ=8.3
    params: {'n_estimators': 423, 'learning_rate': 0.03469453384651948, 'num_leaves': 34, 'max_depth': 10, 'min_child_samples': 25, 'reg_alpha': 0.5364847038618128, 'reg_lambda': 0.031156588547154116, 'scale_pos_weight': 6.61313930845345}
    保存: C:\keiba_ai\keiba_ai_ver3.0\data\prediction\models\09_hanshin\turf2600_lambdarank_model_v9feat_no26.txt

  芝3000m ...
    train=151行 / val=21行 / 1着率=0.073 / 平均勝馬オッズ=10.5
    params: {'n_estimators': 196, 'learning_rate': 0.030587966435874202, 'num_leaves': 64, 'max_depth': 8, 'min_child_samples': 11, 'reg_alpha': 0.08119786357389898, 'reg_lambda': 0.014414176746149516, 'scale_pos_weight': 13.860167389670025}
    保存: C:\keiba_ai\keiba_ai_ver3.0\data\prediction\models\09_hanshin\turf3000_lambdarank_model_v9feat_no26.txt

  ダート1200m ...
    train=4395行 / val=1087行 / 1着率=0.068 / 平均勝馬オッズ=8.3
    params: {'n_estimators': 226, 'learning_rate': 0.011552627632790552, 'num_leaves': 43, 'max_depth': 6, 'min_child_samples': 30, 'reg_alpha': 0.0022637172505759065, 'reg_lambda': 0.00532463457929216, 'scale_pos_weight': 4.064880839814929}
    保存: C:\keiba_ai\keiba_ai_ver3.0\data\prediction\models\09_hanshin\dirt1200_lambdarank_model_v9feat_no26.txt

  ダート1400m ...
    train=12576行 / val=3137行 / 1着率=0.074 / 平均勝馬オッズ=8.6
    params: {'n_estimators': 405, 'learning_rate': 0.04960031596941324, 'num_leaves': 64, 'max_depth': 4, 'min_child_samples': 8, 'reg_alpha': 0.04971708564939159, 'reg_lambda': 0.0012393286262781429, 'scale_pos_weight': 1.1570338603579315}
    保存: C:\keiba_ai\keiba_ai_ver3.0\data\prediction\models\09_hanshin\dirt1400_lambdarank_model_v9feat_no26.txt

  ダート1800m ...
    train=12576行 / val=3137行 / 1着率=0.074 / 平均勝馬オッズ=8.6
    params: {'n_estimators': 405, 'learning_rate': 0.04960031596941324, 'num_leaves': 64, 'max_depth': 4, 'min_child_samples': 8, 'reg_alpha': 0.04971708564939159, 'reg_lambda': 0.0012393286262781429, 'scale_pos_weight': 1.1570338603579315}
    保存: C:\keiba_ai\keiba_ai_ver3.0\data\prediction\models\09_hanshin\dirt1800_lambdarank_model_v9feat_no26.txt

  ダート2000m ...
    train=1255行 / val=303行 / 1着率=0.080 / 平均勝馬オッズ=9.5
    params: {'n_estimators': 491, 'learning_rate': 0.020128690588335083, 'num_leaves': 52, 'max_depth': 3, 'min_child_samples': 10, 'reg_alpha': 0.002617809369292395, 'reg_lambda': 0.010708172906263901, 'scale_pos_weight': 3.255826660130637}
    保存: C:\keiba_ai\keiba_ai_ver3.0\data\prediction\models\09_hanshin\dirt2000_lambdarank_model_v9feat_no26.txt

=======================================================
[学習] 10_kokura
=======================================================

  芝1200m ...
    train=5497行 / val=1362行 / 1着率=0.064 / 平均勝馬オッズ=11.7
    params: {'n_estimators': 491, 'learning_rate': 0.020128690588335083, 'num_leaves': 52, 'max_depth': 3, 'min_child_samples': 10, 'reg_alpha': 0.002617809369292395, 'reg_lambda': 0.010708172906263901, 'scale_pos_weight': 3.255826660130637}
    保存: C:\keiba_ai\keiba_ai_ver3.0\data\prediction\models\10_kokura\turf1200_lambdarank_model_v9feat_no26.txt

  芝1700m ...
    train=2729行 / val=680行 / 1着率=0.075 / 平均勝馬オッズ=10.8
    params: {'n_estimators': 486, 'learning_rate': 0.012089588621664739, 'num_leaves': 54, 'max_depth': 7, 'min_child_samples': 18, 'reg_alpha': 1.653528726720999, 'reg_lambda': 0.0017660418375786328, 'scale_pos_weight': 2.6554566943292732}
    保存: C:\keiba_ai\keiba_ai_ver3.0\data\prediction\models\10_kokura\turf1700_lambdarank_model_v9feat_no26.txt

  芝1800m ...
    train=2729行 / val=680行 / 1着率=0.075 / 平均勝馬オッズ=10.8
    params: {'n_estimators': 486, 'learning_rate': 0.012089588621664739, 'num_leaves': 54, 'max_depth': 7, 'min_child_samples': 18, 'reg_alpha': 1.653528726720999, 'reg_lambda': 0.0017660418375786328, 'scale_pos_weight': 2.6554566943292732}
    保存: C:\keiba_ai\keiba_ai_ver3.0\data\prediction\models\10_kokura\turf1800_lambdarank_model_v9feat_no26.txt

  芝2000m ...
    train=2468行 / val=615行 / 1着率=0.078 / 平均勝馬オッズ=9.9
    params: {'n_estimators': 226, 'learning_rate': 0.011552627632790552, 'num_leaves': 43, 'max_depth': 6, 'min_child_samples': 30, 'reg_alpha': 0.0022637172505759065, 'reg_lambda': 0.00532463457929216, 'scale_pos_weight': 4.064880839814929}
    保存: C:\keiba_ai\keiba_ai_ver3.0\data\prediction\models\10_kokura\turf2000_lambdarank_model_v9feat_no26.txt

  芝2600m ...
    train=632行 / val=156行 / 1着率=0.084 / 平均勝馬オッズ=7.4
    params: {'n_estimators': 486, 'learning_rate': 0.012089588621664739, 'num_leaves': 54, 'max_depth': 7, 'min_child_samples': 18, 'reg_alpha': 1.653528726720999, 'reg_lambda': 0.0017660418375786328, 'scale_pos_weight': 2.6554566943292732}
    保存: C:\keiba_ai\keiba_ai_ver3.0\data\prediction\models\10_kokura\turf2600_lambdarank_model_v9feat_no26.txt

  ダート1000m ...
    train=1944行 / val=479行 / 1着率=0.075 / 平均勝馬オッズ=10.8
    params: {'n_estimators': 498, 'learning_rate': 0.04930480232815032, 'num_leaves': 43, 'max_depth': 8, 'min_child_samples': 11, 'reg_alpha': 0.015785707345882936, 'reg_lambda': 0.028957394569199484, 'scale_pos_weight': 8.4387643582738}
    保存: C:\keiba_ai\keiba_ai_ver3.0\data\prediction\models\10_kokura\dirt1000_lambdarank_model_v9feat_no26.txt

  ダート1700m ...
    train=4740行 / val=1168行 / 1着率=0.068 / 平均勝馬オッズ=10.7
    params: {'n_estimators': 214, 'learning_rate': 0.006456908125310544, 'num_leaves': 32, 'max_depth': 3, 'min_child_samples': 22, 'reg_alpha': 0.0010381590340759342, 'reg_lambda': 0.20479788514504688, 'scale_pos_weight': 11.896876919511307}
    保存: C:\keiba_ai\keiba_ai_ver3.0\data\prediction\models\10_kokura\dirt1700_lambdarank_model_v9feat_no26.txt

  ダート2400m ...
    train=117行 / val=27行 / 1着率=0.094 / 平均勝馬オッズ=7.1
    params: {'n_estimators': 265, 'learning_rate': 0.030000434914941705, 'num_leaves': 46, 'max_depth': 5, 'min_child_samples': 9, 'reg_alpha': 0.19246772000116263, 'reg_lambda': 0.001385310891169117, 'scale_pos_weight': 8.618975579475492}
    保存: C:\keiba_ai\keiba_ai_ver3.0\data\prediction\models\10_kokura\dirt2400_lambdarank_model_v9feat_no26.txt

=======================================================
完了
=======================================================
