=======================================================
v7odds_binary_no26  学習年: 2020～2025
目的関数: binary + オッズ重み付き（勝ち馬weight=オッズ）
=======================================================

=======================================================
[学習] 01_sapporo
=======================================================

  芝1000m ...
    train=1765行 / val=428行 / 1着率=0.074 / 平均勝馬オッズ=9.4
    params: {'n_estimators': 343, 'learning_rate': 0.009439909631780208, 'num_leaves': 27, 'max_depth': 4, 'min_child_samples': 6, 'reg_alpha': 0.005103635400114194, 'reg_lambda': 0.14118455589004184, 'scale_pos_weight': 1.568131105428792}
    保存: c:\keiba_ai\keiba_ai_ver3.0\data\prediction\models\01_sapporo\turf1000_lambdarank_model_v7odds_binary_no26.txt

  芝1200m ...
    train=1765行 / val=428行 / 1着率=0.074 / 平均勝馬オッズ=9.4
    params: {'n_estimators': 343, 'learning_rate': 0.009439909631780208, 'num_leaves': 27, 'max_depth': 4, 'min_child_samples': 6, 'reg_alpha': 0.005103635400114194, 'reg_lambda': 0.14118455589004184, 'scale_pos_weight': 1.568131105428792}
    保存: c:\keiba_ai\keiba_ai_ver3.0\data\prediction\models\01_sapporo\turf1200_lambdarank_model_v7odds_binary_no26.txt

  芝1500m ...
    train=2273行 / val=569行 / 1着率=0.087 / 平均勝馬オッズ=9.4
    params: {'n_estimators': 486, 'learning_rate': 0.012089588621664739, 'num_leaves': 54, 'max_depth': 7, 'min_child_samples': 18, 'reg_alpha': 1.653528726720999, 'reg_lambda': 0.0017660418375786328, 'scale_pos_weight': 2.6554566943292732}
    保存: c:\keiba_ai\keiba_ai_ver3.0\data\prediction\models\01_sapporo\turf1500_lambdarank_model_v7odds_binary_no26.txt

  芝1800m ...
    train=2273行 / val=569行 / 1着率=0.087 / 平均勝馬オッズ=9.4
    params: {'n_estimators': 486, 'learning_rate': 0.012089588621664739, 'num_leaves': 54, 'max_depth': 7, 'min_child_samples': 18, 'reg_alpha': 1.653528726720999, 'reg_lambda': 0.0017660418375786328, 'scale_pos_weight': 2.6554566943292732}
    保存: c:\keiba_ai\keiba_ai_ver3.0\data\prediction\models\01_sapporo\turf1800_lambdarank_model_v7odds_binary_no26.txt

  芝2000m ...
    train=1425行 / val=356行 / 1着率=0.076 / 平均勝馬オッズ=11.2
    params: {'n_estimators': 312, 'learning_rate': 0.007907281993636597, 'num_leaves': 64, 'max_depth': 10, 'min_child_samples': 9, 'reg_alpha': 0.5432503409776871, 'reg_lambda': 0.8611752215058063, 'scale_pos_weight': 16.5382938873958}
    保存: c:\keiba_ai\keiba_ai_ver3.0\data\prediction\models\01_sapporo\turf2000_lambdarank_model_v7odds_binary_no26.txt

  芝2600m ...
    train=537行 / val=122行 / 1着率=0.080 / 平均勝馬オッズ=6.5
    params: {'n_estimators': 226, 'learning_rate': 0.011552627632790552, 'num_leaves': 43, 'max_depth': 6, 'min_child_samples': 30, 'reg_alpha': 0.0022637172505759065, 'reg_lambda': 0.00532463457929216, 'scale_pos_weight': 4.064880839814929}
    保存: c:\keiba_ai\keiba_ai_ver3.0\data\prediction\models\01_sapporo\turf2600_lambdarank_model_v7odds_binary_no26.txt

  ダート1000m ...
    train=983行 / val=240行 / 1着率=0.086 / 平均勝馬オッズ=8.2
    params: {'n_estimators': 486, 'learning_rate': 0.012089588621664739, 'num_leaves': 54, 'max_depth': 7, 'min_child_samples': 18, 'reg_alpha': 1.653528726720999, 'reg_lambda': 0.0017660418375786328, 'scale_pos_weight': 2.6554566943292732}
    保存: c:\keiba_ai\keiba_ai_ver3.0\data\prediction\models\01_sapporo\dirt1000_lambdarank_model_v7odds_binary_no26.txt

  ダート1700m ...
    train=3124行 / val=767行 / 1着率=0.076 / 平均勝馬オッズ=9.5
    params: {'n_estimators': 399, 'learning_rate': 0.007561381809659511, 'num_leaves': 36, 'max_depth': 6, 'min_child_samples': 25, 'reg_alpha': 0.019624211596310753, 'reg_lambda': 0.0010627474504215676, 'scale_pos_weight': 1.011129343915962}
    保存: c:\keiba_ai\keiba_ai_ver3.0\data\prediction\models\01_sapporo\dirt1700_lambdarank_model_v7odds_binary_no26.txt

  ダート2400m ...
    train=118行 / val=21行 / 1着率=0.085 / 平均勝馬オッズ=9.0
    params: {'n_estimators': 327, 'learning_rate': 0.005794641350311422, 'num_leaves': 28, 'max_depth': 8, 'min_child_samples': 3, 'reg_alpha': 0.006513246808861542, 'reg_lambda': 0.1068169010820621, 'scale_pos_weight': 6.452065638415979}
    保存: c:\keiba_ai\keiba_ai_ver3.0\data\prediction\models\01_sapporo\dirt2400_lambdarank_model_v7odds_binary_no26.txt

=======================================================
[学習] 02_hakodate
=======================================================

  芝1000m ...
    train=2685行 / val=669行 / 1着率=0.079 / 平均勝馬オッズ=8.8
    params: {'n_estimators': 396, 'learning_rate': 0.04930480232815032, 'num_leaves': 61, 'max_depth': 3, 'min_child_samples': 10, 'reg_alpha': 0.016851827633627303, 'reg_lambda': 0.0011127901187522767, 'scale_pos_weight': 1.0130984003286123}
    保存: c:\keiba_ai\keiba_ai_ver3.0\data\prediction\models\02_hakodate\turf1000_lambdarank_model_v7odds_binary_no26.txt

  芝1200m ...
    train=2685行 / val=669行 / 1着率=0.079 / 平均勝馬オッズ=8.8
    params: {'n_estimators': 396, 'learning_rate': 0.04930480232815032, 'num_leaves': 61, 'max_depth': 3, 'min_child_samples': 10, 'reg_alpha': 0.016851827633627303, 'reg_lambda': 0.0011127901187522767, 'scale_pos_weight': 1.0130984003286123}
    保存: c:\keiba_ai\keiba_ai_ver3.0\data\prediction\models\02_hakodate\turf1200_lambdarank_model_v7odds_binary_no26.txt

  芝1800m ...
    train=1243行 / val=300行 / 1着率=0.080 / 平均勝馬オッズ=8.2
    params: {'n_estimators': 361, 'learning_rate': 0.008959042707720502, 'num_leaves': 38, 'max_depth': 4, 'min_child_samples': 6, 'reg_alpha': 0.0024198461178770677, 'reg_lambda': 0.19148623742082843, 'scale_pos_weight': 3.6254760756236624}
    保存: c:\keiba_ai\keiba_ai_ver3.0\data\prediction\models\02_hakodate\turf1800_lambdarank_model_v7odds_binary_no26.txt

  芝2000m ...
    train=873行 / val=213行 / 1着率=0.079 / 平均勝馬オッズ=12.6
    params: {'n_estimators': 416, 'learning_rate': 0.005018969333355401, 'num_leaves': 29, 'max_depth': 5, 'min_child_samples': 2, 'reg_alpha': 0.014607558591703604, 'reg_lambda': 0.47588684546283216, 'scale_pos_weight': 8.84882303110864}
    保存: c:\keiba_ai\keiba_ai_ver3.0\data\prediction\models\02_hakodate\turf2000_lambdarank_model_v7odds_binary_no26.txt

  芝2600m ...
    train=362行 / val=88行 / 1着率=0.080 / 平均勝馬オッズ=10.9
    params: {'n_estimators': 320, 'learning_rate': 0.02595131508847582, 'num_leaves': 45, 'max_depth': 7, 'min_child_samples': 14, 'reg_alpha': 0.17613763016070647, 'reg_lambda': 0.03323102927882457, 'scale_pos_weight': 17.943687014859517}
    保存: c:\keiba_ai\keiba_ai_ver3.0\data\prediction\models\02_hakodate\turf2600_lambdarank_model_v7odds_binary_no26.txt

  ダート1000m ...
    train=1081行 / val=265行 / 1着率=0.088 / 平均勝馬オッズ=7.6
    params: {'n_estimators': 242, 'learning_rate': 0.0076600927738707586, 'num_leaves': 59, 'max_depth': 6, 'min_child_samples': 23, 'reg_alpha': 0.05090031373217218, 'reg_lambda': 0.10411017774877049, 'scale_pos_weight': 6.61313930845345}
    保存: c:\keiba_ai\keiba_ai_ver3.0\data\prediction\models\02_hakodate\dirt1000_lambdarank_model_v7odds_binary_no26.txt

  ダート1700m ...
    train=2253行 / val=555行 / 1着率=0.079 / 平均勝馬オッズ=10.3
    params: {'n_estimators': 439, 'learning_rate': 0.00797749968794885, 'num_leaves': 25, 'max_depth': 6, 'min_child_samples': 14, 'reg_alpha': 0.007154333511217147, 'reg_lambda': 0.002822090633363097, 'scale_pos_weight': 1.542746846131105}
    保存: c:\keiba_ai\keiba_ai_ver3.0\data\prediction\models\02_hakodate\dirt1700_lambdarank_model_v7odds_binary_no26.txt

  ダート2400m ...
    train=128行 / val=23行 / 1着率=0.094 / 平均勝馬オッズ=7.4
    params: {'n_estimators': 108, 'learning_rate': 0.034008685807730005, 'num_leaves': 54, 'max_depth': 9, 'min_child_samples': 12, 'reg_alpha': 0.6008571445079262, 'reg_lambda': 0.04023645393745574, 'scale_pos_weight': 15.830054349442653}
    保存: c:\keiba_ai\keiba_ai_ver3.0\data\prediction\models\02_hakodate\dirt2400_lambdarank_model_v7odds_binary_no26.txt

=======================================================
[学習] 03_fukushima
=======================================================

  芝1200m ...
    train=3664行 / val=907行 / 1着率=0.068 / 平均勝馬オッズ=9.4
    params: {'n_estimators': 380, 'learning_rate': 0.0422250198230109, 'num_leaves': 58, 'max_depth': 4, 'min_child_samples': 14, 'reg_alpha': 0.006603746740108179, 'reg_lambda': 0.0028633034668667295, 'scale_pos_weight': 1.542746855207327}
    保存: c:\keiba_ai\keiba_ai_ver3.0\data\prediction\models\03_fukushima\turf1200_lambdarank_model_v7odds_binary_no26.txt

  芝1800m ...
    train=2036行 / val=500行 / 1着率=0.070 / 平均勝馬オッズ=11.5
    params: {'n_estimators': 361, 'learning_rate': 0.008959042707720502, 'num_leaves': 38, 'max_depth': 4, 'min_child_samples': 6, 'reg_alpha': 0.0024198461178770677, 'reg_lambda': 0.19148623742082843, 'scale_pos_weight': 3.6254760756236624}
    保存: c:\keiba_ai\keiba_ai_ver3.0\data\prediction\models\03_fukushima\turf1800_lambdarank_model_v7odds_binary_no26.txt

  芝2000m ...
    train=1680行 / val=419行 / 1着率=0.070 / 平均勝馬オッズ=11.8
    params: {'n_estimators': 168, 'learning_rate': 0.026651657009171097, 'num_leaves': 40, 'max_depth': 6, 'min_child_samples': 21, 'reg_alpha': 0.0065820102163912505, 'reg_lambda': 0.08229992343382572, 'scale_pos_weight': 5.154728727826271}
    保存: c:\keiba_ai\keiba_ai_ver3.0\data\prediction\models\03_fukushima\turf2000_lambdarank_model_v7odds_binary_no26.txt

  芝2600m ...
    train=747行 / val=181行 / 1着率=0.074 / 平均勝馬オッズ=8.6
    params: {'n_estimators': 407, 'learning_rate': 0.005018329972318951, 'num_leaves': 64, 'max_depth': 5, 'min_child_samples': 11, 'reg_alpha': 0.016240441888610065, 'reg_lambda': 0.36115158867956965, 'scale_pos_weight': 8.029858914495064}
    保存: c:\keiba_ai\keiba_ai_ver3.0\data\prediction\models\03_fukushima\turf2600_lambdarank_model_v7odds_binary_no26.txt

  ダート1150m ...
    train=2516行 / val=625行 / 1着率=0.066 / 平均勝馬オッズ=11.6
    params: {'n_estimators': 396, 'learning_rate': 0.04930480232815032, 'num_leaves': 61, 'max_depth': 3, 'min_child_samples': 10, 'reg_alpha': 0.016851827633627303, 'reg_lambda': 0.0011127901187522767, 'scale_pos_weight': 1.0130984003286123}
    保存: c:\keiba_ai\keiba_ai_ver3.0\data\prediction\models\03_fukushima\dirt1150_lambdarank_model_v7odds_binary_no26.txt

  ダート1700m ...
    train=3789行 / val=936行 / 1着率=0.069 / 平均勝馬オッズ=13.4
    params: {'n_estimators': 373, 'learning_rate': 0.0162004379784972, 'num_leaves': 64, 'max_depth': 6, 'min_child_samples': 7, 'reg_alpha': 0.006246371924045949, 'reg_lambda': 0.0026582858145529605, 'scale_pos_weight': 2.9950706356447023}
    保存: c:\keiba_ai\keiba_ai_ver3.0\data\prediction\models\03_fukushima\dirt1700_lambdarank_model_v7odds_binary_no26.txt

  ダート2400m ...
    train=117行 / val=27行 / 1着率=0.077 / 平均勝馬オッズ=16.6
    params: {'n_estimators': 378, 'learning_rate': 0.03180109478718727, 'num_leaves': 24, 'max_depth': 8, 'min_child_samples': 7, 'reg_alpha': 0.058082374216877286, 'reg_lambda': 0.0010467722864104876, 'scale_pos_weight': 11.584391145480186}
    保存: c:\keiba_ai\keiba_ai_ver3.0\data\prediction\models\03_fukushima\dirt2400_lambdarank_model_v7odds_binary_no26.txt

=======================================================
[学習] 04_nigata
=======================================================

  芝1000m ...
    train=3124行 / val=770行 / 1着率=0.061 / 平均勝馬オッズ=10.2
    params: {'n_estimators': 375, 'learning_rate': 0.027969028453846256, 'num_leaves': 23, 'max_depth': 6, 'min_child_samples': 13, 'reg_alpha': 0.35299236170260095, 'reg_lambda': 0.145271578666017, 'scale_pos_weight': 1.0165259707282877}
    保存: c:\keiba_ai\keiba_ai_ver3.0\data\prediction\models\04_nigata\turf1000_lambdarank_model_v7odds_binary_no26.txt

  芝1200m ...
    train=3124行 / val=770行 / 1着率=0.061 / 平均勝馬オッズ=10.2
    params: {'n_estimators': 375, 'learning_rate': 0.027969028453846256, 'num_leaves': 23, 'max_depth': 6, 'min_child_samples': 13, 'reg_alpha': 0.35299236170260095, 'reg_lambda': 0.145271578666017, 'scale_pos_weight': 1.0165259707282877}
    保存: c:\keiba_ai\keiba_ai_ver3.0\data\prediction\models\04_nigata\turf1200_lambdarank_model_v7odds_binary_no26.txt

  芝1400m ...
    train=6018行 / val=1487行 / 1着率=0.067 / 平均勝馬オッズ=10.1
    params: {'n_estimators': 486, 'learning_rate': 0.012089588621664739, 'num_leaves': 54, 'max_depth': 7, 'min_child_samples': 18, 'reg_alpha': 1.653528726720999, 'reg_lambda': 0.0017660418375786328, 'scale_pos_weight': 2.6554566943292732}
    保存: c:\keiba_ai\keiba_ai_ver3.0\data\prediction\models\04_nigata\turf1400_lambdarank_model_v7odds_binary_no26.txt

  芝1600m ...
    train=6018行 / val=1487行 / 1着率=0.067 / 平均勝馬オッズ=10.1
    params: {'n_estimators': 486, 'learning_rate': 0.012089588621664739, 'num_leaves': 54, 'max_depth': 7, 'min_child_samples': 18, 'reg_alpha': 1.653528726720999, 'reg_lambda': 0.0017660418375786328, 'scale_pos_weight': 2.6554566943292732}
    保存: c:\keiba_ai\keiba_ai_ver3.0\data\prediction\models\04_nigata\turf1600_lambdarank_model_v7odds_binary_no26.txt

  芝1800m ...
    train=6018行 / val=1487行 / 1着率=0.067 / 平均勝馬オッズ=10.1
    params: {'n_estimators': 486, 'learning_rate': 0.012089588621664739, 'num_leaves': 54, 'max_depth': 7, 'min_child_samples': 18, 'reg_alpha': 1.653528726720999, 'reg_lambda': 0.0017660418375786328, 'scale_pos_weight': 2.6554566943292732}
    保存: c:\keiba_ai\keiba_ai_ver3.0\data\prediction\models\04_nigata\turf1800_lambdarank_model_v7odds_binary_no26.txt

  芝2000m ...
    train=1736行 / val=431行 / 1着率=0.074 / 平均勝馬オッズ=10.9
    params: {'n_estimators': 446, 'learning_rate': 0.005980199729831243, 'num_leaves': 58, 'max_depth': 4, 'min_child_samples': 15, 'reg_alpha': 0.00105124376247596, 'reg_lambda': 0.32984265427432957, 'scale_pos_weight': 11.424026987027423}
    保存: c:\keiba_ai\keiba_ai_ver3.0\data\prediction\models\04_nigata\turf2000_lambdarank_model_v7odds_binary_no26.txt

  芝2200m ...
    train=984行 / val=246行 / 1着率=0.075 / 平均勝馬オッズ=15.7
    params: {'n_estimators': 244, 'learning_rate': 0.013677349923889491, 'num_leaves': 50, 'max_depth': 3, 'min_child_samples': 21, 'reg_alpha': 0.21472825295735185, 'reg_lambda': 0.005389217045426541, 'scale_pos_weight': 3.4495996554422126}
    保存: c:\keiba_ai\keiba_ai_ver3.0\data\prediction\models\04_nigata\turf2200_lambdarank_model_v7odds_binary_no26.txt

  芝2400m ...
    train=984行 / val=246行 / 1着率=0.075 / 平均勝馬オッズ=15.7
    params: {'n_estimators': 244, 'learning_rate': 0.013677349923889491, 'num_leaves': 50, 'max_depth': 3, 'min_child_samples': 21, 'reg_alpha': 0.21472825295735185, 'reg_lambda': 0.005389217045426541, 'scale_pos_weight': 3.4495996554422126}
    保存: c:\keiba_ai\keiba_ai_ver3.0\data\prediction\models\04_nigata\turf2400_lambdarank_model_v7odds_binary_no26.txt

  ダート1200m ...
    train=4314行 / val=1078行 / 1着率=0.069 / 平均勝馬オッズ=9.2
    params: {'n_estimators': 108, 'learning_rate': 0.034008685807730005, 'num_leaves': 54, 'max_depth': 9, 'min_child_samples': 30, 'reg_alpha': 0.6008571445079262, 'reg_lambda': 0.04023645393745574, 'scale_pos_weight': 15.830054349442653}
    保存: c:\keiba_ai\keiba_ai_ver3.0\data\prediction\models\04_nigata\dirt1200_lambdarank_model_v7odds_binary_no26.txt

  ダート1800m ...
    train=5083行 / val=1265行 / 1着率=0.072 / 平均勝馬オッズ=10.4
    params: {'n_estimators': 279, 'learning_rate': 0.008841574158013161, 'num_leaves': 58, 'max_depth': 9, 'min_child_samples': 24, 'reg_alpha': 0.6891041140743057, 'reg_lambda': 0.6330950267743543, 'scale_pos_weight': 6.443598970969573}
    保存: c:\keiba_ai\keiba_ai_ver3.0\data\prediction\models\04_nigata\dirt1800_lambdarank_model_v7odds_binary_no26.txt

  ダート2500m ...
    train=90行 / val=15行 / 1着率=0.089 / 平均勝馬オッズ=10.9
    params: {'n_estimators': 481, 'learning_rate': 0.005672238793847669, 'num_leaves': 31, 'max_depth': 5, 'min_child_samples': 2, 'reg_alpha': 0.011469083977484567, 'reg_lambda': 0.366782795607366, 'scale_pos_weight': 8.703086109218072}
    保存: c:\keiba_ai\keiba_ai_ver3.0\data\prediction\models\04_nigata\dirt2500_lambdarank_model_v7odds_binary_no26.txt

=======================================================
[学習] 05_tokyo
=======================================================

  芝1400m ...
    train=12082行 / val=3010行 / 1着率=0.072 / 平均勝馬オッズ=10.5
    params: {'n_estimators': 337, 'learning_rate': 0.00729821469674092, 'num_leaves': 40, 'max_depth': 4, 'min_child_samples': 13, 'reg_alpha': 0.0010692727299431361, 'reg_lambda': 0.11429165813869935, 'scale_pos_weight': 1.0272280764497097}
    保存: c:\keiba_ai\keiba_ai_ver3.0\data\prediction\models\05_tokyo\turf1400_lambdarank_model_v7odds_binary_no26.txt

  芝1600m ...
    train=12082行 / val=3010行 / 1着率=0.072 / 平均勝馬オッズ=10.5
    params: {'n_estimators': 337, 'learning_rate': 0.00729821469674092, 'num_leaves': 40, 'max_depth': 4, 'min_child_samples': 13, 'reg_alpha': 0.0010692727299431361, 'reg_lambda': 0.11429165813869935, 'scale_pos_weight': 1.0272280764497097}
    保存: c:\keiba_ai\keiba_ai_ver3.0\data\prediction\models\05_tokyo\turf1600_lambdarank_model_v7odds_binary_no26.txt

  芝1800m ...
    train=12082行 / val=3010行 / 1着率=0.072 / 平均勝馬オッズ=10.5
    params: {'n_estimators': 337, 'learning_rate': 0.00729821469674092, 'num_leaves': 40, 'max_depth': 4, 'min_child_samples': 13, 'reg_alpha': 0.0010692727299431361, 'reg_lambda': 0.11429165813869935, 'scale_pos_weight': 1.0272280764497097}
    保存: c:\keiba_ai\keiba_ai_ver3.0\data\prediction\models\05_tokyo\turf1800_lambdarank_model_v7odds_binary_no26.txt

  芝2000m ...
    train=2363行 / val=591行 / 1着率=0.086 / 平均勝馬オッズ=7.7
    params: {'n_estimators': 399, 'learning_rate': 0.007561381809659511, 'num_leaves': 36, 'max_depth': 6, 'min_child_samples': 25, 'reg_alpha': 0.019624211596310753, 'reg_lambda': 0.0010627474504215676, 'scale_pos_weight': 1.011129343915962}
    保存: c:\keiba_ai\keiba_ai_ver3.0\data\prediction\models\05_tokyo\turf2000_lambdarank_model_v7odds_binary_no26.txt

  芝2300m ...
    train=2034行 / val=508行 / 1着率=0.080 / 平均勝馬オッズ=7.8
    params: {'n_estimators': 105, 'learning_rate': 0.03710297314374676, 'num_leaves': 19, 'max_depth': 10, 'min_child_samples': 13, 'reg_alpha': 0.026546870655137018, 'reg_lambda': 0.028957394569199484, 'scale_pos_weight': 19.929464334966543}
    保存: c:\keiba_ai\keiba_ai_ver3.0\data\prediction\models\05_tokyo\turf2300_lambdarank_model_v7odds_binary_no26.txt

  芝2400m ...
    train=2034行 / val=508行 / 1着率=0.080 / 平均勝馬オッズ=7.8
    params: {'n_estimators': 105, 'learning_rate': 0.03710297314374676, 'num_leaves': 19, 'max_depth': 10, 'min_child_samples': 13, 'reg_alpha': 0.026546870655137018, 'reg_lambda': 0.028957394569199484, 'scale_pos_weight': 19.929464334966543}
    保存: c:\keiba_ai\keiba_ai_ver3.0\data\prediction\models\05_tokyo\turf2400_lambdarank_model_v7odds_binary_no26.txt

  芝2500m ...
    train=2034行 / val=508行 / 1着率=0.080 / 平均勝馬オッズ=7.8
    params: {'n_estimators': 105, 'learning_rate': 0.03710297314374676, 'num_leaves': 19, 'max_depth': 10, 'min_child_samples': 13, 'reg_alpha': 0.026546870655137018, 'reg_lambda': 0.028957394569199484, 'scale_pos_weight': 19.929464334966543}
    保存: c:\keiba_ai\keiba_ai_ver3.0\data\prediction\models\05_tokyo\turf2500_lambdarank_model_v7odds_binary_no26.txt

  芝3400m ...
    train=72行 / val=16行 / 1着率=0.069 / 平均勝馬オッズ=70.7
    params: {'n_estimators': 500, 'learning_rate': 0.01746064512050237, 'num_leaves': 46, 'max_depth': 5, 'min_child_samples': 4, 'reg_alpha': 0.03270476205236035, 'reg_lambda': 0.013390876711477602, 'scale_pos_weight': 1.3225957288184453}
    保存: c:\keiba_ai\keiba_ai_ver3.0\data\prediction\models\05_tokyo\turf3400_lambdarank_model_v7odds_binary_no26.txt

  ダート1300m ...
    train=1788行 / val=436行 / 1着率=0.064 / 平均勝馬オッズ=14.2
    params: {'n_estimators': 389, 'learning_rate': 0.005241993073573575, 'num_leaves': 33, 'max_depth': 5, 'min_child_samples': 3, 'reg_alpha': 0.013194630722405424, 'reg_lambda': 0.2909640699673348, 'scale_pos_weight': 8.528831777523145}
    保存: c:\keiba_ai\keiba_ai_ver3.0\data\prediction\models\05_tokyo\dirt1300_lambdarank_model_v7odds_binary_no26.txt

  ダート1400m ...
    train=15083行 / val=3764行 / 1着率=0.066 / 平均勝馬オッズ=10.3
    params: {'n_estimators': 450, 'learning_rate': 0.014875818736337526, 'num_leaves': 46, 'max_depth': 8, 'min_child_samples': 17, 'reg_alpha': 0.01920352433420594, 'reg_lambda': 0.8176389727032091, 'scale_pos_weight': 1.5573075327659232}
    保存: c:\keiba_ai\keiba_ai_ver3.0\data\prediction\models\05_tokyo\dirt1400_lambdarank_model_v7odds_binary_no26.txt

  ダート1600m ...
    train=15083行 / val=3764行 / 1着率=0.066 / 平均勝馬オッズ=10.3
    params: {'n_estimators': 450, 'learning_rate': 0.014875818736337526, 'num_leaves': 46, 'max_depth': 8, 'min_child_samples': 17, 'reg_alpha': 0.01920352433420594, 'reg_lambda': 0.8176389727032091, 'scale_pos_weight': 1.5573075327659232}
    保存: c:\keiba_ai\keiba_ai_ver3.0\data\prediction\models\05_tokyo\dirt1600_lambdarank_model_v7odds_binary_no26.txt

  ダート2100m ...
    train=2646行 / val=662行 / 1着率=0.068 / 平均勝馬オッズ=13.1
    params: {'n_estimators': 451, 'learning_rate': 0.014699888519132879, 'num_leaves': 37, 'max_depth': 10, 'min_child_samples': 10, 'reg_alpha': 0.007154333511217147, 'reg_lambda': 0.01732438640609622, 'scale_pos_weight': 10.584733613269465}
    保存: c:\keiba_ai\keiba_ai_ver3.0\data\prediction\models\05_tokyo\dirt2100_lambdarank_model_v7odds_binary_no26.txt

  ダート2400m ...
    データなし: スキップ

=======================================================
[学習] 06_nakayama
=======================================================

  芝1200m ...
    train=2431行 / val=596行 / 1着率=0.069 / 平均勝馬オッズ=9.9
    params: {'n_estimators': 291, 'learning_rate': 0.025260159055386096, 'num_leaves': 30, 'max_depth': 7, 'min_child_samples': 22, 'reg_alpha': 0.0713237009582432, 'reg_lambda': 0.3962484588891849, 'scale_pos_weight': 19.06822144489652}
    保存: c:\keiba_ai\keiba_ai_ver3.0\data\prediction\models\06_nakayama\turf1200_lambdarank_model_v7odds_binary_no26.txt

  芝1600m ...
    train=6611行 / val=1653行 / 1着率=0.071 / 平均勝馬オッズ=9.7
    params: {'n_estimators': 396, 'learning_rate': 0.04930480232815032, 'num_leaves': 61, 'max_depth': 3, 'min_child_samples': 10, 'reg_alpha': 0.016851827633627303, 'reg_lambda': 0.0011127901187522767, 'scale_pos_weight': 1.0130984003286123}
    保存: c:\keiba_ai\keiba_ai_ver3.0\data\prediction\models\06_nakayama\turf1600_lambdarank_model_v7odds_binary_no26.txt

  芝1800m ...
    train=6611行 / val=1653行 / 1着率=0.071 / 平均勝馬オッズ=9.7
    params: {'n_estimators': 396, 'learning_rate': 0.04930480232815032, 'num_leaves': 61, 'max_depth': 3, 'min_child_samples': 10, 'reg_alpha': 0.016851827633627303, 'reg_lambda': 0.0011127901187522767, 'scale_pos_weight': 1.0130984003286123}
    保存: c:\keiba_ai\keiba_ai_ver3.0\data\prediction\models\06_nakayama\turf1800_lambdarank_model_v7odds_binary_no26.txt

  芝2000m ...
    train=3375行 / val=831行 / 1着率=0.071 / 平均勝馬オッズ=8.4
    params: {'n_estimators': 437, 'learning_rate': 0.007152722669131179, 'num_leaves': 60, 'max_depth': 4, 'min_child_samples': 6, 'reg_alpha': 0.05657704119248377, 'reg_lambda': 0.8611752215058063, 'scale_pos_weight': 1.5637574827563776}
    保存: c:\keiba_ai\keiba_ai_ver3.0\data\prediction\models\06_nakayama\turf2000_lambdarank_model_v7odds_binary_no26.txt

  芝2200m ...
    train=1821行 / val=456行 / 1着率=0.075 / 平均勝馬オッズ=7.7
    params: {'n_estimators': 375, 'learning_rate': 0.01612435175580364, 'num_leaves': 64, 'max_depth': 10, 'min_child_samples': 11, 'reg_alpha': 0.00782360758913947, 'reg_lambda': 0.26916923555800043, 'scale_pos_weight': 11.951506571239861}
    保存: c:\keiba_ai\keiba_ai_ver3.0\data\prediction\models\06_nakayama\turf2200_lambdarank_model_v7odds_binary_no26.txt

  芝2500m ...
    train=1821行 / val=456行 / 1着率=0.075 / 平均勝馬オッズ=7.7
    params: {'n_estimators': 375, 'learning_rate': 0.01612435175580364, 'num_leaves': 64, 'max_depth': 10, 'min_child_samples': 11, 'reg_alpha': 0.00782360758913947, 'reg_lambda': 0.26916923555800043, 'scale_pos_weight': 11.951506571239861}
    保存: c:\keiba_ai\keiba_ai_ver3.0\data\prediction\models\06_nakayama\turf2500_lambdarank_model_v7odds_binary_no26.txt

  芝3600m ...
    train=72行 / val=14行 / 1着率=0.069 / 平均勝馬オッズ=9.9
    params: {'n_estimators': 259, 'learning_rate': 0.03531124383027086, 'num_leaves': 46, 'max_depth': 6, 'min_child_samples': 7, 'reg_alpha': 0.5591717200764238, 'reg_lambda': 0.5451428709675248, 'scale_pos_weight': 15.566972213126572}
    保存: c:\keiba_ai\keiba_ai_ver3.0\data\prediction\models\06_nakayama\turf3600_lambdarank_model_v7odds_binary_no26.txt

  ダート1200m ...
    train=9401行 / val=2345行 / 1着率=0.064 / 平均勝馬オッズ=10.3
    params: {'n_estimators': 409, 'learning_rate': 0.00649449881811442, 'num_leaves': 32, 'max_depth': 8, 'min_child_samples': 24, 'reg_alpha': 0.022063728829552366, 'reg_lambda': 0.0010558197973323977, 'scale_pos_weight': 1.0123134774397313}
    保存: c:\keiba_ai\keiba_ai_ver3.0\data\prediction\models\06_nakayama\dirt1200_lambdarank_model_v7odds_binary_no26.txt

  ダート1800m ...
    train=9808行 / val=2448行 / 1着率=0.069 / 平均勝馬オッズ=10.6
    params: {'n_estimators': 171, 'learning_rate': 0.014685369829448028, 'num_leaves': 63, 'max_depth': 5, 'min_child_samples': 25, 'reg_alpha': 0.05251833887854584, 'reg_lambda': 0.0028410314198272627, 'scale_pos_weight': 1.3225957288184453}
    保存: c:\keiba_ai\keiba_ai_ver3.0\data\prediction\models\06_nakayama\dirt1800_lambdarank_model_v7odds_binary_no26.txt

  ダート2400m ...
    train=674行 / val=167行 / 1着率=0.074 / 平均勝馬オッズ=8.4
    params: {'n_estimators': 337, 'learning_rate': 0.045725991920851014, 'num_leaves': 30, 'max_depth': 9, 'min_child_samples': 13, 'reg_alpha': 0.03329839318213662, 'reg_lambda': 0.05598508156939553, 'scale_pos_weight': 19.735657038141117}
    保存: c:\keiba_ai\keiba_ai_ver3.0\data\prediction\models\06_nakayama\dirt2400_lambdarank_model_v7odds_binary_no26.txt

  ダート2500m ...
    train=674行 / val=167行 / 1着率=0.074 / 平均勝馬オッズ=8.4
    params: {'n_estimators': 337, 'learning_rate': 0.045725991920851014, 'num_leaves': 30, 'max_depth': 9, 'min_child_samples': 13, 'reg_alpha': 0.03329839318213662, 'reg_lambda': 0.05598508156939553, 'scale_pos_weight': 19.735657038141117}
    保存: c:\keiba_ai\keiba_ai_ver3.0\data\prediction\models\06_nakayama\dirt2500_lambdarank_model_v7odds_binary_no26.txt

=======================================================
[学習] 07_chukyo
=======================================================

  芝1200m ...
    train=1678行 / val=414行 / 1着率=0.066 / 平均勝馬オッズ=11.3
    params: {'n_estimators': 103, 'learning_rate': 0.014997269343609749, 'num_leaves': 37, 'max_depth': 4, 'min_child_samples': 21, 'reg_alpha': 0.4953132458594968, 'reg_lambda': 2.8235948381942158, 'scale_pos_weight': 1.3225957288184453}
    保存: c:\keiba_ai\keiba_ai_ver3.0\data\prediction\models\07_chukyo\turf1200_lambdarank_model_v7odds_binary_no26.txt

  芝1400m ...
    train=5049行 / val=1253行 / 1着率=0.072 / 平均勝馬オッズ=10.2
    params: {'n_estimators': 441, 'learning_rate': 0.013652140048987559, 'num_leaves': 27, 'max_depth': 6, 'min_child_samples': 10, 'reg_alpha': 0.0065820102163912505, 'reg_lambda': 0.0028035470550794336, 'scale_pos_weight': 1.3110633555664342}
    保存: c:\keiba_ai\keiba_ai_ver3.0\data\prediction\models\07_chukyo\turf1400_lambdarank_model_v7odds_binary_no26.txt

  芝1600m ...
    train=5049行 / val=1253行 / 1着率=0.072 / 平均勝馬オッズ=10.2
    params: {'n_estimators': 441, 'learning_rate': 0.013652140048987559, 'num_leaves': 27, 'max_depth': 6, 'min_child_samples': 10, 'reg_alpha': 0.0065820102163912505, 'reg_lambda': 0.0028035470550794336, 'scale_pos_weight': 1.3110633555664342}
    保存: c:\keiba_ai\keiba_ai_ver3.0\data\prediction\models\07_chukyo\turf1600_lambdarank_model_v7odds_binary_no26.txt

  芝2000m ...
    train=3317行 / val=821行 / 1着率=0.083 / 平均勝馬オッズ=8.0
    params: {'n_estimators': 279, 'learning_rate': 0.008792585952519605, 'num_leaves': 39, 'max_depth': 4, 'min_child_samples': 2, 'reg_alpha': 0.0010574931913676646, 'reg_lambda': 0.0029334211278149633, 'scale_pos_weight': 1.026218518344233}
    保存: c:\keiba_ai\keiba_ai_ver3.0\data\prediction\models\07_chukyo\turf2000_lambdarank_model_v7odds_binary_no26.txt

  芝2200m ...
    train=1354行 / val=337行 / 1着率=0.084 / 平均勝馬オッズ=8.5
    params: {'n_estimators': 399, 'learning_rate': 0.007561381809659511, 'num_leaves': 36, 'max_depth': 6, 'min_child_samples': 25, 'reg_alpha': 0.019624211596310753, 'reg_lambda': 0.0010627474504215676, 'scale_pos_weight': 1.011129343915962}
    保存: c:\keiba_ai\keiba_ai_ver3.0\data\prediction\models\07_chukyo\turf2200_lambdarank_model_v7odds_binary_no26.txt

  ダート1200m ...
    train=3253行 / val=814行 / 1着率=0.067 / 平均勝馬オッズ=11.7
    params: {'n_estimators': 409, 'learning_rate': 0.00649449881811442, 'num_leaves': 32, 'max_depth': 8, 'min_child_samples': 24, 'reg_alpha': 0.022063728829552366, 'reg_lambda': 0.0010558197973323977, 'scale_pos_weight': 1.0123134774397313}
    保存: c:\keiba_ai\keiba_ai_ver3.0\data\prediction\models\07_chukyo\dirt1200_lambdarank_model_v7odds_binary_no26.txt

  ダート1400m ...
    train=10035行 / val=2497行 / 1着率=0.073 / 平均勝馬オッズ=10.4
    params: {'n_estimators': 125, 'learning_rate': 0.04282213163268474, 'num_leaves': 27, 'max_depth': 10, 'min_child_samples': 11, 'reg_alpha': 0.020921110532980028, 'reg_lambda': 0.13284726138790456, 'scale_pos_weight': 9.635983906527297}
    保存: c:\keiba_ai\keiba_ai_ver3.0\data\prediction\models\07_chukyo\dirt1400_lambdarank_model_v7odds_binary_no26.txt

  ダート1800m ...
    train=10035行 / val=2497行 / 1着率=0.073 / 平均勝馬オッズ=10.4
    params: {'n_estimators': 125, 'learning_rate': 0.04282213163268474, 'num_leaves': 27, 'max_depth': 10, 'min_child_samples': 11, 'reg_alpha': 0.020921110532980028, 'reg_lambda': 0.13284726138790456, 'scale_pos_weight': 9.635983906527297}
    保存: c:\keiba_ai\keiba_ai_ver3.0\data\prediction\models\07_chukyo\dirt1800_lambdarank_model_v7odds_binary_no26.txt

  ダート1900m ...
    train=1841行 / val=451行 / 1着率=0.076 / 平均勝馬オッズ=10.4
    params: {'n_estimators': 148, 'learning_rate': 0.02616361667025393, 'num_leaves': 21, 'max_depth': 8, 'min_child_samples': 27, 'reg_alpha': 0.059974420207602304, 'reg_lambda': 0.015934926233992123, 'scale_pos_weight': 10.860405525807563}
    保存: c:\keiba_ai\keiba_ai_ver3.0\data\prediction\models\07_chukyo\dirt1900_lambdarank_model_v7odds_binary_no26.txt

=======================================================
[学習] 08_kyoto
=======================================================

  芝1200m ...
    train=1030行 / val=256行 / 1着率=0.067 / 平均勝馬オッズ=6.6
    params: {'n_estimators': 164, 'learning_rate': 0.015799272645716466, 'num_leaves': 64, 'max_depth': 10, 'min_child_samples': 27, 'reg_alpha': 2.856388439001598, 'reg_lambda': 2.632116855267067, 'scale_pos_weight': 7.150069951331352}
    保存: c:\keiba_ai\keiba_ai_ver3.0\data\prediction\models\08_kyoto\turf1200_lambdarank_model_v7odds_binary_no26.txt

  芝1400m ...
    train=5192行 / val=1288行 / 1着率=0.075 / 平均勝馬オッズ=10.2
    params: {'n_estimators': 409, 'learning_rate': 0.00649449881811442, 'num_leaves': 32, 'max_depth': 8, 'min_child_samples': 24, 'reg_alpha': 0.022063728829552366, 'reg_lambda': 0.0010558197973323977, 'scale_pos_weight': 1.0123134774397313}
    保存: c:\keiba_ai\keiba_ai_ver3.0\data\prediction\models\08_kyoto\turf1400_lambdarank_model_v7odds_binary_no26.txt

  芝1600m ...
    train=5192行 / val=1288行 / 1着率=0.075 / 平均勝馬オッズ=10.2
    params: {'n_estimators': 409, 'learning_rate': 0.00649449881811442, 'num_leaves': 32, 'max_depth': 8, 'min_child_samples': 24, 'reg_alpha': 0.022063728829552366, 'reg_lambda': 0.0010558197973323977, 'scale_pos_weight': 1.0123134774397313}
    保存: c:\keiba_ai\keiba_ai_ver3.0\data\prediction\models\08_kyoto\turf1600_lambdarank_model_v7odds_binary_no26.txt

  芝1800m ...
    train=5192行 / val=1288行 / 1着率=0.075 / 平均勝馬オッズ=10.2
    params: {'n_estimators': 409, 'learning_rate': 0.00649449881811442, 'num_leaves': 32, 'max_depth': 8, 'min_child_samples': 24, 'reg_alpha': 0.022063728829552366, 'reg_lambda': 0.0010558197973323977, 'scale_pos_weight': 1.0123134774397313}
    保存: c:\keiba_ai\keiba_ai_ver3.0\data\prediction\models\08_kyoto\turf1800_lambdarank_model_v7odds_binary_no26.txt

  芝2000m ...
    train=1448行 / val=356行 / 1着率=0.087 / 平均勝馬オッズ=11.0
    params: {'n_estimators': 288, 'learning_rate': 0.018947662425393648, 'num_leaves': 64, 'max_depth': 8, 'min_child_samples': 14, 'reg_alpha': 0.058474006623797266, 'reg_lambda': 0.07562731803299255, 'scale_pos_weight': 12.841639631143943}
    保存: c:\keiba_ai\keiba_ai_ver3.0\data\prediction\models\08_kyoto\turf2000_lambdarank_model_v7odds_binary_no26.txt

  芝2200m ...
    train=1060行 / val=261行 / 1着率=0.088 / 平均勝馬オッズ=6.2
    params: {'n_estimators': 105, 'learning_rate': 0.04930480232815032, 'num_leaves': 62, 'max_depth': 10, 'min_child_samples': 30, 'reg_alpha': 2.521998215988086, 'reg_lambda': 0.05407821955373674, 'scale_pos_weight': 19.864093661293257}
    保存: c:\keiba_ai\keiba_ai_ver3.0\data\prediction\models\08_kyoto\turf2200_lambdarank_model_v7odds_binary_no26.txt

  芝2400m ...
    train=1060行 / val=261行 / 1着率=0.088 / 平均勝馬オッズ=6.2
    params: {'n_estimators': 105, 'learning_rate': 0.04930480232815032, 'num_leaves': 62, 'max_depth': 10, 'min_child_samples': 30, 'reg_alpha': 2.521998215988086, 'reg_lambda': 0.05407821955373674, 'scale_pos_weight': 19.864093661293257}
    保存: c:\keiba_ai\keiba_ai_ver3.0\data\prediction\models\08_kyoto\turf2400_lambdarank_model_v7odds_binary_no26.txt

  芝3000m ...
    train=173行 / val=28行 / 1着率=0.064 / 平均勝馬オッズ=4.3
    params: {'n_estimators': 108, 'learning_rate': 0.034008685807730005, 'num_leaves': 54, 'max_depth': 9, 'min_child_samples': 17, 'reg_alpha': 0.6008571445079262, 'reg_lambda': 0.04023645393745574, 'scale_pos_weight': 15.830054349442653}
    保存: c:\keiba_ai\keiba_ai_ver3.0\data\prediction\models\08_kyoto\turf3000_lambdarank_model_v7odds_binary_no26.txt

  芝3200m ...
    train=173行 / val=28行 / 1着率=0.064 / 平均勝馬オッズ=4.3
    params: {'n_estimators': 108, 'learning_rate': 0.034008685807730005, 'num_leaves': 54, 'max_depth': 9, 'min_child_samples': 17, 'reg_alpha': 0.6008571445079262, 'reg_lambda': 0.04023645393745574, 'scale_pos_weight': 15.830054349442653}
    保存: c:\keiba_ai\keiba_ai_ver3.0\data\prediction\models\08_kyoto\turf3200_lambdarank_model_v7odds_binary_no26.txt

  ダート1200m ...
    train=2435行 / val=608行 / 1着率=0.068 / 平均勝馬オッズ=8.8
    params: {'n_estimators': 269, 'learning_rate': 0.045851383910924734, 'num_leaves': 29, 'max_depth': 8, 'min_child_samples': 11, 'reg_alpha': 0.08303502238858991, 'reg_lambda': 0.44017762918552583, 'scale_pos_weight': 12.946274666775334}
    保存: c:\keiba_ai\keiba_ai_ver3.0\data\prediction\models\08_kyoto\dirt1200_lambdarank_model_v7odds_binary_no26.txt

  ダート1400m ...
    train=7229行 / val=1800行 / 1着率=0.073 / 平均勝馬オッズ=9.3
    params: {'n_estimators': 392, 'learning_rate': 0.024945649477883046, 'num_leaves': 25, 'max_depth': 8, 'min_child_samples': 15, 'reg_alpha': 0.24528090138833386, 'reg_lambda': 0.016256001202742818, 'scale_pos_weight': 12.236389780843856}
    保存: c:\keiba_ai\keiba_ai_ver3.0\data\prediction\models\08_kyoto\dirt1400_lambdarank_model_v7odds_binary_no26.txt

  ダート1800m ...
    train=7229行 / val=1800行 / 1着率=0.073 / 平均勝馬オッズ=9.3
    params: {'n_estimators': 392, 'learning_rate': 0.024945649477883046, 'num_leaves': 25, 'max_depth': 8, 'min_child_samples': 15, 'reg_alpha': 0.24528090138833386, 'reg_lambda': 0.016256001202742818, 'scale_pos_weight': 12.236389780843856}
    保存: c:\keiba_ai\keiba_ai_ver3.0\data\prediction\models\08_kyoto\dirt1800_lambdarank_model_v7odds_binary_no26.txt

  ダート1900m ...
    train=1073行 / val=262行 / 1着率=0.077 / 平均勝馬オッズ=8.0
    params: {'n_estimators': 498, 'learning_rate': 0.04930480232815032, 'num_leaves': 61, 'max_depth': 3, 'min_child_samples': 10, 'reg_alpha': 0.013168427028211438, 'reg_lambda': 0.0011127901187522767, 'scale_pos_weight': 1.0130984003286123}
    保存: c:\keiba_ai\keiba_ai_ver3.0\data\prediction\models\08_kyoto\dirt1900_lambdarank_model_v7odds_binary_no26.txt

=======================================================
[学習] 09_hanshin
=======================================================

  芝1200m ...
    train=1390行 / val=335行 / 1着率=0.076 / 平均勝馬オッズ=13.1
    params: {'n_estimators': 412, 'learning_rate': 0.00529123982255093, 'num_leaves': 30, 'max_depth': 9, 'min_child_samples': 9, 'reg_alpha': 0.02203058127436925, 'reg_lambda': 0.5318514741422488, 'scale_pos_weight': 7.532144367794611}
    保存: c:\keiba_ai\keiba_ai_ver3.0\data\prediction\models\09_hanshin\turf1200_lambdarank_model_v7odds_binary_no26.txt

  芝1400m ...
    train=8113行 / val=2018行 / 1着率=0.075 / 平均勝馬オッズ=10.0
    params: {'n_estimators': 441, 'learning_rate': 0.013652140048987559, 'num_leaves': 27, 'max_depth': 6, 'min_child_samples': 10, 'reg_alpha': 0.0065820102163912505, 'reg_lambda': 0.0028035470550794336, 'scale_pos_weight': 1.3110633555664342}
    保存: c:\keiba_ai\keiba_ai_ver3.0\data\prediction\models\09_hanshin\turf1400_lambdarank_model_v7odds_binary_no26.txt

  芝1600m ...
    train=8113行 / val=2018行 / 1着率=0.075 / 平均勝馬オッズ=10.0
    params: {'n_estimators': 441, 'learning_rate': 0.013652140048987559, 'num_leaves': 27, 'max_depth': 6, 'min_child_samples': 10, 'reg_alpha': 0.0065820102163912505, 'reg_lambda': 0.0028035470550794336, 'scale_pos_weight': 1.3110633555664342}
    保存: c:\keiba_ai\keiba_ai_ver3.0\data\prediction\models\09_hanshin\turf1600_lambdarank_model_v7odds_binary_no26.txt

  芝1800m ...
    train=8113行 / val=2018行 / 1着率=0.075 / 平均勝馬オッズ=10.0
    params: {'n_estimators': 441, 'learning_rate': 0.013652140048987559, 'num_leaves': 27, 'max_depth': 6, 'min_child_samples': 10, 'reg_alpha': 0.0065820102163912505, 'reg_lambda': 0.0028035470550794336, 'scale_pos_weight': 1.3110633555664342}
    保存: c:\keiba_ai\keiba_ai_ver3.0\data\prediction\models\09_hanshin\turf1800_lambdarank_model_v7odds_binary_no26.txt

  芝2000m ...
    train=2267行 / val=567行 / 1着率=0.088 / 平均勝馬オッズ=8.5
    params: {'n_estimators': 108, 'learning_rate': 0.034008685807730005, 'num_leaves': 54, 'max_depth': 9, 'min_child_samples': 30, 'reg_alpha': 0.6008571445079262, 'reg_lambda': 0.04023645393745574, 'scale_pos_weight': 15.830054349442653}
    保存: c:\keiba_ai\keiba_ai_ver3.0\data\prediction\models\09_hanshin\turf2000_lambdarank_model_v7odds_binary_no26.txt

  芝2200m ...
    train=1582行 / val=395行 / 1着率=0.088 / 平均勝馬オッズ=8.3
    params: {'n_estimators': 416, 'learning_rate': 0.03572875002324133, 'num_leaves': 64, 'max_depth': 10, 'min_child_samples': 7, 'reg_alpha': 0.011546032686235493, 'reg_lambda': 0.4350090348435103, 'scale_pos_weight': 11.617448685352755}
    保存: c:\keiba_ai\keiba_ai_ver3.0\data\prediction\models\09_hanshin\turf2200_lambdarank_model_v7odds_binary_no26.txt

  芝2400m ...
    train=1582行 / val=395行 / 1着率=0.088 / 平均勝馬オッズ=8.3
    params: {'n_estimators': 416, 'learning_rate': 0.03572875002324133, 'num_leaves': 64, 'max_depth': 10, 'min_child_samples': 7, 'reg_alpha': 0.011546032686235493, 'reg_lambda': 0.4350090348435103, 'scale_pos_weight': 11.617448685352755}
    保存: c:\keiba_ai\keiba_ai_ver3.0\data\prediction\models\09_hanshin\turf2400_lambdarank_model_v7odds_binary_no26.txt

  芝2600m ...
    train=1582行 / val=395行 / 1着率=0.088 / 平均勝馬オッズ=8.3
    params: {'n_estimators': 416, 'learning_rate': 0.03572875002324133, 'num_leaves': 64, 'max_depth': 10, 'min_child_samples': 7, 'reg_alpha': 0.011546032686235493, 'reg_lambda': 0.4350090348435103, 'scale_pos_weight': 11.617448685352755}
    保存: c:\keiba_ai\keiba_ai_ver3.0\data\prediction\models\09_hanshin\turf2600_lambdarank_model_v7odds_binary_no26.txt

  芝3000m ...
    train=151行 / val=21行 / 1着率=0.073 / 平均勝馬オッズ=10.5
    params: {'n_estimators': 486, 'learning_rate': 0.012089588621664739, 'num_leaves': 54, 'max_depth': 7, 'min_child_samples': 9, 'reg_alpha': 1.653528726720999, 'reg_lambda': 0.0017660418375786328, 'scale_pos_weight': 2.6554566943292732}
    保存: c:\keiba_ai\keiba_ai_ver3.0\data\prediction\models\09_hanshin\turf3000_lambdarank_model_v7odds_binary_no26.txt

  ダート1200m ...
    train=4395行 / val=1087行 / 1着率=0.068 / 平均勝馬オッズ=8.3
    params: {'n_estimators': 244, 'learning_rate': 0.013677349923889491, 'num_leaves': 50, 'max_depth': 3, 'min_child_samples': 21, 'reg_alpha': 0.21472825295735185, 'reg_lambda': 0.005389217045426541, 'scale_pos_weight': 3.4495996554422126}
    保存: c:\keiba_ai\keiba_ai_ver3.0\data\prediction\models\09_hanshin\dirt1200_lambdarank_model_v7odds_binary_no26.txt

  ダート1400m ...
    train=12576行 / val=3137行 / 1着率=0.074 / 平均勝馬オッズ=8.6
    params: {'n_estimators': 410, 'learning_rate': 0.04566740578759215, 'num_leaves': 62, 'max_depth': 9, 'min_child_samples': 11, 'reg_alpha': 0.01534175403023357, 'reg_lambda': 0.0011461752966084088, 'scale_pos_weight': 1.0123134774397313}
    保存: c:\keiba_ai\keiba_ai_ver3.0\data\prediction\models\09_hanshin\dirt1400_lambdarank_model_v7odds_binary_no26.txt

  ダート1800m ...
    train=12576行 / val=3137行 / 1着率=0.074 / 平均勝馬オッズ=8.6
    params: {'n_estimators': 410, 'learning_rate': 0.04566740578759215, 'num_leaves': 62, 'max_depth': 9, 'min_child_samples': 11, 'reg_alpha': 0.01534175403023357, 'reg_lambda': 0.0011461752966084088, 'scale_pos_weight': 1.0123134774397313}
    保存: c:\keiba_ai\keiba_ai_ver3.0\data\prediction\models\09_hanshin\dirt1800_lambdarank_model_v7odds_binary_no26.txt

  ダート2000m ...
    train=1255行 / val=303行 / 1着率=0.080 / 平均勝馬オッズ=9.5
    params: {'n_estimators': 389, 'learning_rate': 0.005241993073573575, 'num_leaves': 33, 'max_depth': 5, 'min_child_samples': 3, 'reg_alpha': 0.013194630722405424, 'reg_lambda': 0.2909640699673348, 'scale_pos_weight': 8.528831777523145}
    保存: c:\keiba_ai\keiba_ai_ver3.0\data\prediction\models\09_hanshin\dirt2000_lambdarank_model_v7odds_binary_no26.txt

=======================================================
[学習] 10_kokura
=======================================================

  芝1200m ...
    train=5497行 / val=1362行 / 1着率=0.064 / 平均勝馬オッズ=11.7
    params: {'n_estimators': 388, 'learning_rate': 0.008561840107262565, 'num_leaves': 23, 'max_depth': 5, 'min_child_samples': 27, 'reg_alpha': 0.07078604442171123, 'reg_lambda': 0.3431151226296379, 'scale_pos_weight': 2.0942845585734595}
    保存: c:\keiba_ai\keiba_ai_ver3.0\data\prediction\models\10_kokura\turf1200_lambdarank_model_v7odds_binary_no26.txt

  芝1700m ...
    train=2729行 / val=680行 / 1着率=0.075 / 平均勝馬オッズ=10.8
    params: {'n_estimators': 486, 'learning_rate': 0.012089588621664739, 'num_leaves': 54, 'max_depth': 7, 'min_child_samples': 18, 'reg_alpha': 1.653528726720999, 'reg_lambda': 0.0017660418375786328, 'scale_pos_weight': 2.6554566943292732}
    保存: c:\keiba_ai\keiba_ai_ver3.0\data\prediction\models\10_kokura\turf1700_lambdarank_model_v7odds_binary_no26.txt

  芝1800m ...
    train=2729行 / val=680行 / 1着率=0.075 / 平均勝馬オッズ=10.8
    params: {'n_estimators': 486, 'learning_rate': 0.012089588621664739, 'num_leaves': 54, 'max_depth': 7, 'min_child_samples': 18, 'reg_alpha': 1.653528726720999, 'reg_lambda': 0.0017660418375786328, 'scale_pos_weight': 2.6554566943292732}
    保存: c:\keiba_ai\keiba_ai_ver3.0\data\prediction\models\10_kokura\turf1800_lambdarank_model_v7odds_binary_no26.txt

  芝2000m ...
    train=2468行 / val=615行 / 1着率=0.078 / 平均勝馬オッズ=9.9
    params: {'n_estimators': 403, 'learning_rate': 0.03180411376772407, 'num_leaves': 29, 'max_depth': 9, 'min_child_samples': 24, 'reg_alpha': 0.6037467210094207, 'reg_lambda': 0.2165340127250177, 'scale_pos_weight': 19.85949582122572}
    保存: c:\keiba_ai\keiba_ai_ver3.0\data\prediction\models\10_kokura\turf2000_lambdarank_model_v7odds_binary_no26.txt

  芝2600m ...
    train=632行 / val=156行 / 1着率=0.084 / 平均勝馬オッズ=7.4
    params: {'n_estimators': 321, 'learning_rate': 0.02790269802640939, 'num_leaves': 62, 'max_depth': 6, 'min_child_samples': 14, 'reg_alpha': 0.11790576118541027, 'reg_lambda': 0.1334022931553898, 'scale_pos_weight': 11.934985706070892}
    保存: c:\keiba_ai\keiba_ai_ver3.0\data\prediction\models\10_kokura\turf2600_lambdarank_model_v7odds_binary_no26.txt

  ダート1000m ...
    train=1944行 / val=479行 / 1着率=0.075 / 平均勝馬オッズ=10.8
    params: {'n_estimators': 425, 'learning_rate': 0.03572875002324133, 'num_leaves': 64, 'max_depth': 10, 'min_child_samples': 6, 'reg_alpha': 0.011518419109743891, 'reg_lambda': 0.3508971077926505, 'scale_pos_weight': 11.598382097217344}
    保存: c:\keiba_ai\keiba_ai_ver3.0\data\prediction\models\10_kokura\dirt1000_lambdarank_model_v7odds_binary_no26.txt

  ダート1700m ...
    train=4740行 / val=1168行 / 1着率=0.068 / 平均勝馬オッズ=10.7
    params: {'n_estimators': 115, 'learning_rate': 0.006456908125310544, 'num_leaves': 58, 'max_depth': 3, 'min_child_samples': 22, 'reg_alpha': 0.004998954445990911, 'reg_lambda': 1.2187099641647203, 'scale_pos_weight': 11.896876919511307}
    保存: c:\keiba_ai\keiba_ai_ver3.0\data\prediction\models\10_kokura\dirt1700_lambdarank_model_v7odds_binary_no26.txt

  ダート2400m ...
    train=117行 / val=27行 / 1着率=0.094 / 平均勝馬オッズ=7.1
    params: {'n_estimators': 381, 'learning_rate': 0.005438950673737269, 'num_leaves': 34, 'max_depth': 5, 'min_child_samples': 2, 'reg_alpha': 0.011435236582198968, 'reg_lambda': 0.306978852626519, 'scale_pos_weight': 8.686673328649967}
    保存: c:\keiba_ai\keiba_ai_ver3.0\data\prediction\models\10_kokura\dirt2400_lambdarank_model_v7odds_binary_no26.txt

=======================================================
完了
=======================================================
