=======================================================
v10ev_no26  学習年: 2020〜2025
目的関数: EV回帰（ターゲット=odds×win, 損失=MSE）
オッズ上限: 50.0
=======================================================

=======================================================
[学習] 01_sapporo
=======================================================

  芝1000m ...
    train=1765行 / val=428行 / 勝ち馬平均オッズ=9.2 (上限50.0)
    params: {'learning_rate': 0.005773728960730848, 'num_leaves': 64, 'max_depth': 3, 'min_child_samples': 14, 'reg_alpha': 2.53546126996237, 'reg_lambda': 2.981200837076743, 'n_estimators': 412}
    保存: C:\keiba_ai\keiba_ai_ver3.0\data\prediction\models\01_sapporo\turf1000_lambdarank_model_v10ev_no26.txt

  芝1200m ...
    train=1765行 / val=428行 / 勝ち馬平均オッズ=9.2 (上限50.0)
    params: {'learning_rate': 0.005773728960730848, 'num_leaves': 64, 'max_depth': 3, 'min_child_samples': 14, 'reg_alpha': 2.53546126996237, 'reg_lambda': 2.981200837076743, 'n_estimators': 412}
    保存: C:\keiba_ai\keiba_ai_ver3.0\data\prediction\models\01_sapporo\turf1200_lambdarank_model_v10ev_no26.txt

  芝1500m ...
    train=2273行 / val=569行 / 勝ち馬平均オッズ=8.1 (上限50.0)
    params: {'learning_rate': 0.005773728960730848, 'num_leaves': 16, 'max_depth': 3, 'min_child_samples': 25, 'reg_alpha': 2.53546126996237, 'reg_lambda': 2.6698082522876434, 'n_estimators': 378}
    保存: C:\keiba_ai\keiba_ai_ver3.0\data\prediction\models\01_sapporo\turf1500_lambdarank_model_v10ev_no26.txt

  芝1800m ...
    train=2273行 / val=569行 / 勝ち馬平均オッズ=8.1 (上限50.0)
    params: {'learning_rate': 0.005773728960730848, 'num_leaves': 16, 'max_depth': 3, 'min_child_samples': 25, 'reg_alpha': 2.53546126996237, 'reg_lambda': 2.6698082522876434, 'n_estimators': 378}
    保存: C:\keiba_ai\keiba_ai_ver3.0\data\prediction\models\01_sapporo\turf1800_lambdarank_model_v10ev_no26.txt

  芝2000m ...
    train=1425行 / val=356行 / 勝ち馬平均オッズ=9.3 (上限50.0)
    params: {'learning_rate': 0.007782625913275384, 'num_leaves': 47, 'max_depth': 4, 'min_child_samples': 3, 'reg_alpha': 0.0010489384265107025, 'reg_lambda': 0.024108779339501635, 'n_estimators': 409}
    保存: C:\keiba_ai\keiba_ai_ver3.0\data\prediction\models\01_sapporo\turf2000_lambdarank_model_v10ev_no26.txt

  芝2600m ...
    train=537行 / val=122行 / 勝ち馬平均オッズ=6.5 (上限50.0)
    params: {'learning_rate': 0.041378103220166114, 'num_leaves': 33, 'max_depth': 3, 'min_child_samples': 2, 'reg_alpha': 0.01813332877707676, 'reg_lambda': 0.01544726861682225, 'n_estimators': 102}
    保存: C:\keiba_ai\keiba_ai_ver3.0\data\prediction\models\01_sapporo\turf2600_lambdarank_model_v10ev_no26.txt

  ダート1000m ...
    train=983行 / val=240行 / 勝ち馬平均オッズ=8.0 (上限50.0)
    params: {'learning_rate': 0.010348932541675746, 'num_leaves': 64, 'max_depth': 10, 'min_child_samples': 14, 'reg_alpha': 2.53546126996237, 'reg_lambda': 0.017346125984690663, 'n_estimators': 342}
    保存: C:\keiba_ai\keiba_ai_ver3.0\data\prediction\models\01_sapporo\dirt1000_lambdarank_model_v10ev_no26.txt

  ダート1700m ...
    train=3124行 / val=767行 / 勝ち馬平均オッズ=9.1 (上限50.0)
    params: {'learning_rate': 0.03441474483959015, 'num_leaves': 24, 'max_depth': 4, 'min_child_samples': 8, 'reg_alpha': 0.0010270942384509076, 'reg_lambda': 0.008999455906836313, 'n_estimators': 197}
    保存: C:\keiba_ai\keiba_ai_ver3.0\data\prediction\models\01_sapporo\dirt1700_lambdarank_model_v10ev_no26.txt

  ダート2400m ...
    train=118行 / val=21行 / 勝ち馬平均オッズ=9.0 (上限50.0)
    params: {'learning_rate': 0.01769226795453276, 'num_leaves': 51, 'max_depth': 7, 'min_child_samples': 7, 'reg_alpha': 0.029723442531939294, 'reg_lambda': 0.17613763016070647, 'n_estimators': 275}
    保存: C:\keiba_ai\keiba_ai_ver3.0\data\prediction\models\01_sapporo\dirt2400_lambdarank_model_v10ev_no26.txt

=======================================================
[学習] 02_hakodate
=======================================================

  芝1000m ...
    train=2685行 / val=669行 / 勝ち馬平均オッズ=8.3 (上限50.0)
    params: {'learning_rate': 0.01469530759587424, 'num_leaves': 51, 'max_depth': 5, 'min_child_samples': 2, 'reg_alpha': 0.07946335091446068, 'reg_lambda': 0.03149320258766495, 'n_estimators': 235}
    保存: C:\keiba_ai\keiba_ai_ver3.0\data\prediction\models\02_hakodate\turf1000_lambdarank_model_v10ev_no26.txt

  芝1200m ...
    train=2685行 / val=669行 / 勝ち馬平均オッズ=8.3 (上限50.0)
    params: {'learning_rate': 0.01469530759587424, 'num_leaves': 51, 'max_depth': 5, 'min_child_samples': 2, 'reg_alpha': 0.07946335091446068, 'reg_lambda': 0.03149320258766495, 'n_estimators': 235}
    保存: C:\keiba_ai\keiba_ai_ver3.0\data\prediction\models\02_hakodate\turf1200_lambdarank_model_v10ev_no26.txt

  芝1800m ...
    train=1243行 / val=300行 / 勝ち馬平均オッズ=7.8 (上限50.0)
    params: {'learning_rate': 0.014738818137378698, 'num_leaves': 45, 'max_depth': 3, 'min_child_samples': 14, 'reg_alpha': 0.9031466058517098, 'reg_lambda': 0.04788762711741461, 'n_estimators': 447}
    保存: C:\keiba_ai\keiba_ai_ver3.0\data\prediction\models\02_hakodate\turf1800_lambdarank_model_v10ev_no26.txt

  芝2000m ...
    train=873行 / val=213行 / 勝ち馬平均オッズ=9.7 (上限50.0)
    params: {'learning_rate': 0.01193917586119916, 'num_leaves': 29, 'max_depth': 3, 'min_child_samples': 10, 'reg_alpha': 0.008724434983744402, 'reg_lambda': 0.022134054668866185, 'n_estimators': 376}
    保存: C:\keiba_ai\keiba_ai_ver3.0\data\prediction\models\02_hakodate\turf2000_lambdarank_model_v10ev_no26.txt

  芝2600m ...
    train=362行 / val=88行 / 勝ち馬平均オッズ=10.2 (上限50.0)
    params: {'learning_rate': 0.01769226795453276, 'num_leaves': 51, 'max_depth': 7, 'min_child_samples': 17, 'reg_alpha': 0.029723442531939294, 'reg_lambda': 0.17613763016070647, 'n_estimators': 275}
    保存: C:\keiba_ai\keiba_ai_ver3.0\data\prediction\models\02_hakodate\turf2600_lambdarank_model_v10ev_no26.txt

  ダート1000m ...
    train=1081行 / val=265行 / 勝ち馬平均オッズ=6.5 (上限50.0)
    params: {'learning_rate': 0.02914306154058277, 'num_leaves': 16, 'max_depth': 9, 'min_child_samples': 2, 'reg_alpha': 0.008863818621078363, 'reg_lambda': 0.01544726861682225, 'n_estimators': 371}
    保存: C:\keiba_ai\keiba_ai_ver3.0\data\prediction\models\02_hakodate\dirt1000_lambdarank_model_v10ev_no26.txt

  ダート1700m ...
    train=2253行 / val=555行 / 勝ち馬平均オッズ=9.1 (上限50.0)
    params: {'learning_rate': 0.009314947532206078, 'num_leaves': 56, 'max_depth': 3, 'min_child_samples': 18, 'reg_alpha': 0.846252351674196, 'reg_lambda': 0.5130629167233828, 'n_estimators': 428}
    保存: C:\keiba_ai\keiba_ai_ver3.0\data\prediction\models\02_hakodate\dirt1700_lambdarank_model_v10ev_no26.txt

  ダート2400m ...
    train=128行 / val=23行 / 勝ち馬平均オッズ=7.4 (上限50.0)
    params: {'learning_rate': 0.038971130575804744, 'num_leaves': 63, 'max_depth': 6, 'min_child_samples': 10, 'reg_alpha': 0.06902902940976643, 'reg_lambda': 0.09444083473101433, 'n_estimators': 471}
    保存: C:\keiba_ai\keiba_ai_ver3.0\data\prediction\models\02_hakodate\dirt2400_lambdarank_model_v10ev_no26.txt

=======================================================
[学習] 03_fukushima
=======================================================

  芝1200m ...
    train=3664行 / val=907行 / 勝ち馬平均オッズ=8.8 (上限50.0)
    params: {'learning_rate': 0.010598237166842587, 'num_leaves': 52, 'max_depth': 3, 'min_child_samples': 9, 'reg_alpha': 1.4122716100233779, 'reg_lambda': 0.3245402054276483, 'n_estimators': 438}
    保存: C:\keiba_ai\keiba_ai_ver3.0\data\prediction\models\03_fukushima\turf1200_lambdarank_model_v10ev_no26.txt

  芝1800m ...
    train=2036行 / val=500行 / 勝ち馬平均オッズ=10.4 (上限50.0)
    params: {'learning_rate': 0.031141587248619526, 'num_leaves': 20, 'max_depth': 5, 'min_child_samples': 28, 'reg_alpha': 0.013048248556848083, 'reg_lambda': 1.4278146437025816, 'n_estimators': 447}
    保存: C:\keiba_ai\keiba_ai_ver3.0\data\prediction\models\03_fukushima\turf1800_lambdarank_model_v10ev_no26.txt

  芝2000m ...
    train=1680行 / val=419行 / 勝ち馬平均オッズ=9.0 (上限50.0)
    params: {'learning_rate': 0.013748510113332824, 'num_leaves': 20, 'max_depth': 3, 'min_child_samples': 27, 'reg_alpha': 0.019937932376043892, 'reg_lambda': 0.008842179355832282, 'n_estimators': 438}
    保存: C:\keiba_ai\keiba_ai_ver3.0\data\prediction\models\03_fukushima\turf2000_lambdarank_model_v10ev_no26.txt

  芝2600m ...
    train=747行 / val=181行 / 勝ち馬平均オッズ=8.6 (上限50.0)
    params: {'learning_rate': 0.03148680311563485, 'num_leaves': 38, 'max_depth': 9, 'min_child_samples': 5, 'reg_alpha': 0.16791248331372585, 'reg_lambda': 0.003151060651827965, 'n_estimators': 478}
    保存: C:\keiba_ai\keiba_ai_ver3.0\data\prediction\models\03_fukushima\turf2600_lambdarank_model_v10ev_no26.txt

  ダート1150m ...
    train=2516行 / val=625行 / 勝ち馬平均オッズ=9.1 (上限50.0)
    params: {'learning_rate': 0.011072698813115936, 'num_leaves': 50, 'max_depth': 8, 'min_child_samples': 30, 'reg_alpha': 0.01357961880950874, 'reg_lambda': 0.019336743602794762, 'n_estimators': 238}
    保存: C:\keiba_ai\keiba_ai_ver3.0\data\prediction\models\03_fukushima\dirt1150_lambdarank_model_v10ev_no26.txt

  ダート1700m ...
    train=3789行 / val=936行 / 勝ち馬平均オッズ=10.2 (上限50.0)
    params: {'learning_rate': 0.03014879869231393, 'num_leaves': 35, 'max_depth': 3, 'min_child_samples': 2, 'reg_alpha': 0.13977831388237902, 'reg_lambda': 0.3004082125754825, 'n_estimators': 104}
    保存: C:\keiba_ai\keiba_ai_ver3.0\data\prediction\models\03_fukushima\dirt1700_lambdarank_model_v10ev_no26.txt

  ダート2400m ...
    train=117行 / val=27行 / 勝ち馬平均オッズ=15.9 (上限50.0)
    params: {'learning_rate': 0.01769226795453276, 'num_leaves': 51, 'max_depth': 7, 'min_child_samples': 7, 'reg_alpha': 0.029723442531939294, 'reg_lambda': 0.17613763016070647, 'n_estimators': 275}
    保存: C:\keiba_ai\keiba_ai_ver3.0\data\prediction\models\03_fukushima\dirt2400_lambdarank_model_v10ev_no26.txt

=======================================================
[学習] 04_nigata
=======================================================

  芝1000m ...
    train=3124行 / val=770行 / 勝ち馬平均オッズ=9.0 (上限50.0)
    params: {'learning_rate': 0.013818087961323283, 'num_leaves': 36, 'max_depth': 4, 'min_child_samples': 3, 'reg_alpha': 0.010131838000633183, 'reg_lambda': 0.033378929961966876, 'n_estimators': 237}
    保存: C:\keiba_ai\keiba_ai_ver3.0\data\prediction\models\04_nigata\turf1000_lambdarank_model_v10ev_no26.txt

  芝1200m ...
    train=3124行 / val=770行 / 勝ち馬平均オッズ=9.0 (上限50.0)
    params: {'learning_rate': 0.013818087961323283, 'num_leaves': 36, 'max_depth': 4, 'min_child_samples': 3, 'reg_alpha': 0.010131838000633183, 'reg_lambda': 0.033378929961966876, 'n_estimators': 237}
    保存: C:\keiba_ai\keiba_ai_ver3.0\data\prediction\models\04_nigata\turf1200_lambdarank_model_v10ev_no26.txt

  芝1400m ...
    train=6018行 / val=1487行 / 勝ち馬平均オッズ=9.4 (上限50.0)
    params: {'learning_rate': 0.005239676520359454, 'num_leaves': 63, 'max_depth': 3, 'min_child_samples': 13, 'reg_alpha': 2.041196090403216, 'reg_lambda': 2.638519885976584, 'n_estimators': 386}
    保存: C:\keiba_ai\keiba_ai_ver3.0\data\prediction\models\04_nigata\turf1400_lambdarank_model_v10ev_no26.txt

  芝1600m ...
    train=6018行 / val=1487行 / 勝ち馬平均オッズ=9.4 (上限50.0)
    params: {'learning_rate': 0.005239676520359454, 'num_leaves': 63, 'max_depth': 3, 'min_child_samples': 13, 'reg_alpha': 2.041196090403216, 'reg_lambda': 2.638519885976584, 'n_estimators': 386}
    保存: C:\keiba_ai\keiba_ai_ver3.0\data\prediction\models\04_nigata\turf1600_lambdarank_model_v10ev_no26.txt

  芝1800m ...
    train=6018行 / val=1487行 / 勝ち馬平均オッズ=9.4 (上限50.0)
    params: {'learning_rate': 0.005239676520359454, 'num_leaves': 63, 'max_depth': 3, 'min_child_samples': 13, 'reg_alpha': 2.041196090403216, 'reg_lambda': 2.638519885976584, 'n_estimators': 386}
    保存: C:\keiba_ai\keiba_ai_ver3.0\data\prediction\models\04_nigata\turf1800_lambdarank_model_v10ev_no26.txt

  芝2000m ...
    train=1736行 / val=431行 / 勝ち馬平均オッズ=9.6 (上限50.0)
    params: {'learning_rate': 0.007329027051548801, 'num_leaves': 24, 'max_depth': 4, 'min_child_samples': 21, 'reg_alpha': 0.014625203620241107, 'reg_lambda': 2.8546397029874333, 'n_estimators': 169}
    保存: C:\keiba_ai\keiba_ai_ver3.0\data\prediction\models\04_nigata\turf2000_lambdarank_model_v10ev_no26.txt

  芝2200m ...
    train=984行 / val=246行 / 勝ち馬平均オッズ=10.6 (上限50.0)
    params: {'learning_rate': 0.010811378385259163, 'num_leaves': 55, 'max_depth': 3, 'min_child_samples': 9, 'reg_alpha': 1.2814262919451405, 'reg_lambda': 0.013281974726888133, 'n_estimators': 365}
    保存: C:\keiba_ai\keiba_ai_ver3.0\data\prediction\models\04_nigata\turf2200_lambdarank_model_v10ev_no26.txt

  芝2400m ...
    train=984行 / val=246行 / 勝ち馬平均オッズ=10.6 (上限50.0)
    params: {'learning_rate': 0.010811378385259163, 'num_leaves': 55, 'max_depth': 3, 'min_child_samples': 9, 'reg_alpha': 1.2814262919451405, 'reg_lambda': 0.013281974726888133, 'n_estimators': 365}
    保存: C:\keiba_ai\keiba_ai_ver3.0\data\prediction\models\04_nigata\turf2400_lambdarank_model_v10ev_no26.txt

  ダート1200m ...
    train=4314行 / val=1078行 / 勝ち馬平均オッズ=8.5 (上限50.0)
    params: {'learning_rate': 0.009239514926615476, 'num_leaves': 16, 'max_depth': 4, 'min_child_samples': 17, 'reg_alpha': 0.5363800573525512, 'reg_lambda': 0.35337240657163915, 'n_estimators': 495}
    保存: C:\keiba_ai\keiba_ai_ver3.0\data\prediction\models\04_nigata\dirt1200_lambdarank_model_v10ev_no26.txt

  ダート1800m ...
    train=5083行 / val=1265行 / 勝ち馬平均オッズ=8.9 (上限50.0)
    params: {'learning_rate': 0.00652740938137429, 'num_leaves': 25, 'max_depth': 3, 'min_child_samples': 11, 'reg_alpha': 2.53546126996237, 'reg_lambda': 2.981200837076743, 'n_estimators': 394}
    保存: C:\keiba_ai\keiba_ai_ver3.0\data\prediction\models\04_nigata\dirt1800_lambdarank_model_v10ev_no26.txt

  ダート2500m ...
    train=90行 / val=15行 / 勝ち馬平均オッズ=10.9 (上限50.0)
    params: {'learning_rate': 0.03050010827575325, 'num_leaves': 54, 'max_depth': 8, 'min_child_samples': 4, 'reg_alpha': 0.08371496556712472, 'reg_lambda': 0.33102757611362843, 'n_estimators': 309}
    保存: C:\keiba_ai\keiba_ai_ver3.0\data\prediction\models\04_nigata\dirt2500_lambdarank_model_v10ev_no26.txt

=======================================================
[学習] 05_tokyo
=======================================================

  芝1400m ...
    train=12082行 / val=3010行 / 勝ち馬平均オッズ=8.0 (上限50.0)
    params: {'learning_rate': 0.02492305066047413, 'num_leaves': 18, 'max_depth': 8, 'min_child_samples': 21, 'reg_alpha': 0.005389217045426541, 'reg_lambda': 0.0028073229099750295, 'n_estimators': 226}
    保存: C:\keiba_ai\keiba_ai_ver3.0\data\prediction\models\05_tokyo\turf1400_lambdarank_model_v10ev_no26.txt

  芝1600m ...
    train=12082行 / val=3010行 / 勝ち馬平均オッズ=8.0 (上限50.0)
    params: {'learning_rate': 0.02492305066047413, 'num_leaves': 18, 'max_depth': 8, 'min_child_samples': 21, 'reg_alpha': 0.005389217045426541, 'reg_lambda': 0.0028073229099750295, 'n_estimators': 226}
    保存: C:\keiba_ai\keiba_ai_ver3.0\data\prediction\models\05_tokyo\turf1600_lambdarank_model_v10ev_no26.txt

  芝1800m ...
    train=12082行 / val=3010行 / 勝ち馬平均オッズ=8.0 (上限50.0)
    params: {'learning_rate': 0.02492305066047413, 'num_leaves': 18, 'max_depth': 8, 'min_child_samples': 21, 'reg_alpha': 0.005389217045426541, 'reg_lambda': 0.0028073229099750295, 'n_estimators': 226}
    保存: C:\keiba_ai\keiba_ai_ver3.0\data\prediction\models\05_tokyo\turf1800_lambdarank_model_v10ev_no26.txt

  芝2000m ...
    train=2363行 / val=591行 / 勝ち馬平均オッズ=7.2 (上限50.0)
    params: {'learning_rate': 0.006818645998316908, 'num_leaves': 64, 'max_depth': 4, 'min_child_samples': 2, 'reg_alpha': 0.18492238986769874, 'reg_lambda': 1.1537780347009436, 'n_estimators': 284}
    保存: C:\keiba_ai\keiba_ai_ver3.0\data\prediction\models\05_tokyo\turf2000_lambdarank_model_v10ev_no26.txt

  芝2300m ...
    train=2034行 / val=508行 / 勝ち馬平均オッズ=7.3 (上限50.0)
    params: {'learning_rate': 0.013905335010317871, 'num_leaves': 56, 'max_depth': 4, 'min_child_samples': 6, 'reg_alpha': 0.01803738407510586, 'reg_lambda': 0.0010232087282807344, 'n_estimators': 423}
    保存: C:\keiba_ai\keiba_ai_ver3.0\data\prediction\models\05_tokyo\turf2300_lambdarank_model_v10ev_no26.txt

  芝2400m ...
    train=2034行 / val=508行 / 勝ち馬平均オッズ=7.3 (上限50.0)
    params: {'learning_rate': 0.013905335010317871, 'num_leaves': 56, 'max_depth': 4, 'min_child_samples': 6, 'reg_alpha': 0.01803738407510586, 'reg_lambda': 0.0010232087282807344, 'n_estimators': 423}
    保存: C:\keiba_ai\keiba_ai_ver3.0\data\prediction\models\05_tokyo\turf2400_lambdarank_model_v10ev_no26.txt

  芝2500m ...
    train=2034行 / val=508行 / 勝ち馬平均オッズ=7.3 (上限50.0)
    params: {'learning_rate': 0.013905335010317871, 'num_leaves': 56, 'max_depth': 4, 'min_child_samples': 6, 'reg_alpha': 0.01803738407510586, 'reg_lambda': 0.0010232087282807344, 'n_estimators': 423}
    保存: C:\keiba_ai\keiba_ai_ver3.0\data\prediction\models\05_tokyo\turf2500_lambdarank_model_v10ev_no26.txt

  芝3400m ...
    train=72行 / val=16行 / 勝ち馬平均オッズ=15.6 (上限50.0)
    params: {'learning_rate': 0.01769226795453276, 'num_leaves': 51, 'max_depth': 7, 'min_child_samples': 5, 'reg_alpha': 0.029723442531939294, 'reg_lambda': 0.17613763016070647, 'n_estimators': 275}
    保存: C:\keiba_ai\keiba_ai_ver3.0\data\prediction\models\05_tokyo\turf3400_lambdarank_model_v10ev_no26.txt

  ダート1300m ...
    train=1788行 / val=436行 / 勝ち馬平均オッズ=10.8 (上限50.0)
    params: {'learning_rate': 0.008586782191830603, 'num_leaves': 34, 'max_depth': 4, 'min_child_samples': 25, 'reg_alpha': 0.14261726014763287, 'reg_lambda': 0.04086438587333553, 'n_estimators': 322}
    保存: C:\keiba_ai\keiba_ai_ver3.0\data\prediction\models\05_tokyo\dirt1300_lambdarank_model_v10ev_no26.txt

  ダート1400m ...
    train=15083行 / val=3764行 / 勝ち馬平均オッズ=8.4 (上限50.0)
    params: {'learning_rate': 0.02914306154058277, 'num_leaves': 32, 'max_depth': 9, 'min_child_samples': 2, 'reg_alpha': 0.2118963110885763, 'reg_lambda': 0.026777364266205226, 'n_estimators': 392}
    保存: C:\keiba_ai\keiba_ai_ver3.0\data\prediction\models\05_tokyo\dirt1400_lambdarank_model_v10ev_no26.txt

  ダート1600m ...
    train=15083行 / val=3764行 / 勝ち馬平均オッズ=8.4 (上限50.0)
    params: {'learning_rate': 0.02914306154058277, 'num_leaves': 32, 'max_depth': 9, 'min_child_samples': 2, 'reg_alpha': 0.2118963110885763, 'reg_lambda': 0.026777364266205226, 'n_estimators': 392}
    保存: C:\keiba_ai\keiba_ai_ver3.0\data\prediction\models\05_tokyo\dirt1600_lambdarank_model_v10ev_no26.txt

  ダート2100m ...
    train=2646行 / val=662行 / 勝ち馬平均オッズ=8.7 (上限50.0)
    params: {'learning_rate': 0.005239676520359454, 'num_leaves': 63, 'max_depth': 3, 'min_child_samples': 13, 'reg_alpha': 2.041196090403216, 'reg_lambda': 2.638519885976584, 'n_estimators': 386}
    保存: C:\keiba_ai\keiba_ai_ver3.0\data\prediction\models\05_tokyo\dirt2100_lambdarank_model_v10ev_no26.txt

  ダート2400m ...
    データなし: スキップ

=======================================================
[学習] 06_nakayama
=======================================================

  芝1200m ...
    train=2431行 / val=596行 / 勝ち馬平均オッズ=9.8 (上限50.0)
    params: {'learning_rate': 0.038971130575804744, 'num_leaves': 63, 'max_depth': 6, 'min_child_samples': 24, 'reg_alpha': 0.06902902940976643, 'reg_lambda': 0.09444083473101433, 'n_estimators': 471}
    保存: C:\keiba_ai\keiba_ai_ver3.0\data\prediction\models\06_nakayama\turf1200_lambdarank_model_v10ev_no26.txt

  芝1600m ...
    train=6611行 / val=1653行 / 勝ち馬平均オッズ=8.6 (上限50.0)
    params: {'learning_rate': 0.007791661721050993, 'num_leaves': 45, 'max_depth': 3, 'min_child_samples': 5, 'reg_alpha': 2.574837189575476, 'reg_lambda': 0.024731166503258357, 'n_estimators': 347}
    保存: C:\keiba_ai\keiba_ai_ver3.0\data\prediction\models\06_nakayama\turf1600_lambdarank_model_v10ev_no26.txt

  芝1800m ...
    train=6611行 / val=1653行 / 勝ち馬平均オッズ=8.6 (上限50.0)
    params: {'learning_rate': 0.007791661721050993, 'num_leaves': 45, 'max_depth': 3, 'min_child_samples': 5, 'reg_alpha': 2.574837189575476, 'reg_lambda': 0.024731166503258357, 'n_estimators': 347}
    保存: C:\keiba_ai\keiba_ai_ver3.0\data\prediction\models\06_nakayama\turf1800_lambdarank_model_v10ev_no26.txt

  芝2000m ...
    train=3375行 / val=831行 / 勝ち馬平均オッズ=8.0 (上限50.0)
    params: {'learning_rate': 0.04899735940597069, 'num_leaves': 31, 'max_depth': 3, 'min_child_samples': 5, 'reg_alpha': 0.0010489384265107025, 'reg_lambda': 2.8470142737186577, 'n_estimators': 310}
    保存: C:\keiba_ai\keiba_ai_ver3.0\data\prediction\models\06_nakayama\turf2000_lambdarank_model_v10ev_no26.txt

  芝2200m ...
    train=1821行 / val=456行 / 勝ち馬平均オッズ=7.5 (上限50.0)
    params: {'learning_rate': 0.007950000761038644, 'num_leaves': 55, 'max_depth': 3, 'min_child_samples': 2, 'reg_alpha': 2.0363064913190194, 'reg_lambda': 2.704680448585227, 'n_estimators': 389}
    保存: C:\keiba_ai\keiba_ai_ver3.0\data\prediction\models\06_nakayama\turf2200_lambdarank_model_v10ev_no26.txt

  芝2500m ...
    train=1821行 / val=456行 / 勝ち馬平均オッズ=7.5 (上限50.0)
    params: {'learning_rate': 0.007950000761038644, 'num_leaves': 55, 'max_depth': 3, 'min_child_samples': 2, 'reg_alpha': 2.0363064913190194, 'reg_lambda': 2.704680448585227, 'n_estimators': 389}
    保存: C:\keiba_ai\keiba_ai_ver3.0\data\prediction\models\06_nakayama\turf2500_lambdarank_model_v10ev_no26.txt

  芝3600m ...
    train=72行 / val=14行 / 勝ち馬平均オッズ=9.9 (上限50.0)
    params: {'learning_rate': 0.01769226795453276, 'num_leaves': 51, 'max_depth': 7, 'min_child_samples': 5, 'reg_alpha': 0.029723442531939294, 'reg_lambda': 0.17613763016070647, 'n_estimators': 275}
    保存: C:\keiba_ai\keiba_ai_ver3.0\data\prediction\models\06_nakayama\turf3600_lambdarank_model_v10ev_no26.txt

  ダート1200m ...
    train=9401行 / val=2345行 / 勝ち馬平均オッズ=8.6 (上限50.0)
    params: {'learning_rate': 0.010598237166842587, 'num_leaves': 52, 'max_depth': 3, 'min_child_samples': 9, 'reg_alpha': 1.4122716100233779, 'reg_lambda': 0.3245402054276483, 'n_estimators': 438}
    保存: C:\keiba_ai\keiba_ai_ver3.0\data\prediction\models\06_nakayama\dirt1200_lambdarank_model_v10ev_no26.txt

  ダート1800m ...
    train=9808行 / val=2448行 / 勝ち馬平均オッズ=9.2 (上限50.0)
    params: {'learning_rate': 0.03148680311563485, 'num_leaves': 38, 'max_depth': 9, 'min_child_samples': 5, 'reg_alpha': 0.16791248331372585, 'reg_lambda': 0.003151060651827965, 'n_estimators': 478}
    保存: C:\keiba_ai\keiba_ai_ver3.0\data\prediction\models\06_nakayama\dirt1800_lambdarank_model_v10ev_no26.txt

  ダート2400m ...
    train=674行 / val=167行 / 勝ち馬平均オッズ=8.4 (上限50.0)
    params: {'learning_rate': 0.008646444243750129, 'num_leaves': 36, 'max_depth': 4, 'min_child_samples': 4, 'reg_alpha': 0.00777312943384342, 'reg_lambda': 0.5724757701865368, 'n_estimators': 426}
    保存: C:\keiba_ai\keiba_ai_ver3.0\data\prediction\models\06_nakayama\dirt2400_lambdarank_model_v10ev_no26.txt

  ダート2500m ...
    train=674行 / val=167行 / 勝ち馬平均オッズ=8.4 (上限50.0)
    params: {'learning_rate': 0.008646444243750129, 'num_leaves': 36, 'max_depth': 4, 'min_child_samples': 4, 'reg_alpha': 0.00777312943384342, 'reg_lambda': 0.5724757701865368, 'n_estimators': 426}
    保存: C:\keiba_ai\keiba_ai_ver3.0\data\prediction\models\06_nakayama\dirt2500_lambdarank_model_v10ev_no26.txt

=======================================================
[学習] 07_chukyo
=======================================================

  芝1200m ...
    train=1678行 / val=414行 / 勝ち馬平均オッズ=9.9 (上限50.0)
    params: {'learning_rate': 0.011552627632790552, 'num_leaves': 43, 'max_depth': 6, 'min_child_samples': 30, 'reg_alpha': 0.0022637172505759065, 'reg_lambda': 0.00532463457929216, 'n_estimators': 164}
    保存: C:\keiba_ai\keiba_ai_ver3.0\data\prediction\models\07_chukyo\turf1200_lambdarank_model_v10ev_no26.txt

  芝1400m ...
    train=5049行 / val=1253行 / 勝ち馬平均オッズ=9.2 (上限50.0)
    params: {'learning_rate': 0.0335586559283806, 'num_leaves': 40, 'max_depth': 3, 'min_child_samples': 11, 'reg_alpha': 2.2198337554318344, 'reg_lambda': 0.02130428646037263, 'n_estimators': 427}
    保存: C:\keiba_ai\keiba_ai_ver3.0\data\prediction\models\07_chukyo\turf1400_lambdarank_model_v10ev_no26.txt

  芝1600m ...
    train=5049行 / val=1253行 / 勝ち馬平均オッズ=9.2 (上限50.0)
    params: {'learning_rate': 0.0335586559283806, 'num_leaves': 40, 'max_depth': 3, 'min_child_samples': 11, 'reg_alpha': 2.2198337554318344, 'reg_lambda': 0.02130428646037263, 'n_estimators': 427}
    保存: C:\keiba_ai\keiba_ai_ver3.0\data\prediction\models\07_chukyo\turf1600_lambdarank_model_v10ev_no26.txt

  芝2000m ...
    train=3317行 / val=821行 / 勝ち馬平均オッズ=6.9 (上限50.0)
    params: {'learning_rate': 0.009809967559584042, 'num_leaves': 55, 'max_depth': 3, 'min_child_samples': 11, 'reg_alpha': 0.824707136320564, 'reg_lambda': 0.5415748225733517, 'n_estimators': 337}
    保存: C:\keiba_ai\keiba_ai_ver3.0\data\prediction\models\07_chukyo\turf2000_lambdarank_model_v10ev_no26.txt

  芝2200m ...
    train=1354行 / val=337行 / 勝ち馬平均オッズ=8.0 (上限50.0)
    params: {'learning_rate': 0.020730295911611695, 'num_leaves': 45, 'max_depth': 7, 'min_child_samples': 29, 'reg_alpha': 0.23483988223052538, 'reg_lambda': 0.017784946468432317, 'n_estimators': 275}
    保存: C:\keiba_ai\keiba_ai_ver3.0\data\prediction\models\07_chukyo\turf2200_lambdarank_model_v10ev_no26.txt

  ダート1200m ...
    train=3253行 / val=814行 / 勝ち馬平均オッズ=9.4 (上限50.0)
    params: {'learning_rate': 0.024731780582754208, 'num_leaves': 23, 'max_depth': 4, 'min_child_samples': 7, 'reg_alpha': 0.018089476033548373, 'reg_lambda': 0.23294810107098035, 'n_estimators': 433}
    保存: C:\keiba_ai\keiba_ai_ver3.0\data\prediction\models\07_chukyo\dirt1200_lambdarank_model_v10ev_no26.txt

  ダート1400m ...
    train=10035行 / val=2497行 / 勝ち馬平均オッズ=8.7 (上限50.0)
    params: {'learning_rate': 0.012493739109124396, 'num_leaves': 55, 'max_depth': 4, 'min_child_samples': 3, 'reg_alpha': 2.9553265981145733, 'reg_lambda': 1.4368561429522095, 'n_estimators': 313}
    保存: C:\keiba_ai\keiba_ai_ver3.0\data\prediction\models\07_chukyo\dirt1400_lambdarank_model_v10ev_no26.txt

  ダート1800m ...
    train=10035行 / val=2497行 / 勝ち馬平均オッズ=8.7 (上限50.0)
    params: {'learning_rate': 0.012493739109124396, 'num_leaves': 55, 'max_depth': 4, 'min_child_samples': 3, 'reg_alpha': 2.9553265981145733, 'reg_lambda': 1.4368561429522095, 'n_estimators': 313}
    保存: C:\keiba_ai\keiba_ai_ver3.0\data\prediction\models\07_chukyo\dirt1800_lambdarank_model_v10ev_no26.txt

  ダート1900m ...
    train=1841行 / val=451行 / 勝ち馬平均オッズ=8.1 (上限50.0)
    params: {'learning_rate': 0.012220277984218068, 'num_leaves': 54, 'max_depth': 4, 'min_child_samples': 3, 'reg_alpha': 0.6451403230452896, 'reg_lambda': 0.3804131077101875, 'n_estimators': 433}
    保存: C:\keiba_ai\keiba_ai_ver3.0\data\prediction\models\07_chukyo\dirt1900_lambdarank_model_v10ev_no26.txt

=======================================================
[学習] 08_kyoto
=======================================================

  芝1200m ...
    train=1030行 / val=256行 / 勝ち馬平均オッズ=6.6 (上限50.0)
    params: {'learning_rate': 0.013235776305492135, 'num_leaves': 33, 'max_depth': 4, 'min_child_samples': 2, 'reg_alpha': 0.9537910135601695, 'reg_lambda': 1.0629342066151297, 'n_estimators': 436}
    保存: C:\keiba_ai\keiba_ai_ver3.0\data\prediction\models\08_kyoto\turf1200_lambdarank_model_v10ev_no26.txt

  芝1400m ...
    train=5192行 / val=1288行 / 勝ち馬平均オッズ=8.8 (上限50.0)
    params: {'learning_rate': 0.005239676520359454, 'num_leaves': 63, 'max_depth': 3, 'min_child_samples': 13, 'reg_alpha': 2.041196090403216, 'reg_lambda': 2.638519885976584, 'n_estimators': 386}
    保存: C:\keiba_ai\keiba_ai_ver3.0\data\prediction\models\08_kyoto\turf1400_lambdarank_model_v10ev_no26.txt

  芝1600m ...
    train=5192行 / val=1288行 / 勝ち馬平均オッズ=8.8 (上限50.0)
    params: {'learning_rate': 0.005239676520359454, 'num_leaves': 63, 'max_depth': 3, 'min_child_samples': 13, 'reg_alpha': 2.041196090403216, 'reg_lambda': 2.638519885976584, 'n_estimators': 386}
    保存: C:\keiba_ai\keiba_ai_ver3.0\data\prediction\models\08_kyoto\turf1600_lambdarank_model_v10ev_no26.txt

  芝1800m ...
    train=5192行 / val=1288行 / 勝ち馬平均オッズ=8.8 (上限50.0)
    params: {'learning_rate': 0.005239676520359454, 'num_leaves': 63, 'max_depth': 3, 'min_child_samples': 13, 'reg_alpha': 2.041196090403216, 'reg_lambda': 2.638519885976584, 'n_estimators': 386}
    保存: C:\keiba_ai\keiba_ai_ver3.0\data\prediction\models\08_kyoto\turf1800_lambdarank_model_v10ev_no26.txt

  芝2000m ...
    train=1448行 / val=356行 / 勝ち馬平均オッズ=8.9 (上限50.0)
    params: {'learning_rate': 0.005239676520359454, 'num_leaves': 63, 'max_depth': 3, 'min_child_samples': 13, 'reg_alpha': 2.041196090403216, 'reg_lambda': 2.638519885976584, 'n_estimators': 386}
    保存: C:\keiba_ai\keiba_ai_ver3.0\data\prediction\models\08_kyoto\turf2000_lambdarank_model_v10ev_no26.txt

  芝2200m ...
    train=1060行 / val=261行 / 勝ち馬平均オッズ=5.9 (上限50.0)
    params: {'learning_rate': 0.008180921440291075, 'num_leaves': 57, 'max_depth': 3, 'min_child_samples': 21, 'reg_alpha': 0.011774971681091187, 'reg_lambda': 0.03872628794782943, 'n_estimators': 152}
    保存: C:\keiba_ai\keiba_ai_ver3.0\data\prediction\models\08_kyoto\turf2200_lambdarank_model_v10ev_no26.txt

  芝2400m ...
    train=1060行 / val=261行 / 勝ち馬平均オッズ=5.9 (上限50.0)
    params: {'learning_rate': 0.008180921440291075, 'num_leaves': 57, 'max_depth': 3, 'min_child_samples': 21, 'reg_alpha': 0.011774971681091187, 'reg_lambda': 0.03872628794782943, 'n_estimators': 152}
    保存: C:\keiba_ai\keiba_ai_ver3.0\data\prediction\models\08_kyoto\turf2400_lambdarank_model_v10ev_no26.txt

  芝3000m ...
    train=173行 / val=28行 / 勝ち馬平均オッズ=4.3 (上限50.0)
    params: {'learning_rate': 0.01769226795453276, 'num_leaves': 51, 'max_depth': 7, 'min_child_samples': 10, 'reg_alpha': 0.029723442531939294, 'reg_lambda': 0.17613763016070647, 'n_estimators': 275}
    保存: C:\keiba_ai\keiba_ai_ver3.0\data\prediction\models\08_kyoto\turf3000_lambdarank_model_v10ev_no26.txt

  芝3200m ...
    train=173行 / val=28行 / 勝ち馬平均オッズ=4.3 (上限50.0)
    params: {'learning_rate': 0.01769226795453276, 'num_leaves': 51, 'max_depth': 7, 'min_child_samples': 10, 'reg_alpha': 0.029723442531939294, 'reg_lambda': 0.17613763016070647, 'n_estimators': 275}
    保存: C:\keiba_ai\keiba_ai_ver3.0\data\prediction\models\08_kyoto\turf3200_lambdarank_model_v10ev_no26.txt

  ダート1200m ...
    train=2435行 / val=608行 / 勝ち馬平均オッズ=8.3 (上限50.0)
    params: {'learning_rate': 0.007950000761038644, 'num_leaves': 55, 'max_depth': 3, 'min_child_samples': 2, 'reg_alpha': 2.0363064913190194, 'reg_lambda': 2.704680448585227, 'n_estimators': 389}
    保存: C:\keiba_ai\keiba_ai_ver3.0\data\prediction\models\08_kyoto\dirt1200_lambdarank_model_v10ev_no26.txt

  ダート1400m ...
    train=7229行 / val=1800行 / 勝ち馬平均オッズ=8.0 (上限50.0)
    params: {'learning_rate': 0.027977966557820557, 'num_leaves': 16, 'max_depth': 5, 'min_child_samples': 8, 'reg_alpha': 0.11929660092519354, 'reg_lambda': 2.893133934840012, 'n_estimators': 422}
    保存: C:\keiba_ai\keiba_ai_ver3.0\data\prediction\models\08_kyoto\dirt1400_lambdarank_model_v10ev_no26.txt

  ダート1800m ...
    train=7229行 / val=1800行 / 勝ち馬平均オッズ=8.0 (上限50.0)
    params: {'learning_rate': 0.027977966557820557, 'num_leaves': 16, 'max_depth': 5, 'min_child_samples': 8, 'reg_alpha': 0.11929660092519354, 'reg_lambda': 2.893133934840012, 'n_estimators': 422}
    保存: C:\keiba_ai\keiba_ai_ver3.0\data\prediction\models\08_kyoto\dirt1800_lambdarank_model_v10ev_no26.txt

  ダート1900m ...
    train=1073行 / val=262行 / 勝ち馬平均オッズ=7.6 (上限50.0)
    params: {'learning_rate': 0.011436075586652435, 'num_leaves': 58, 'max_depth': 4, 'min_child_samples': 6, 'reg_alpha': 0.9728938756308657, 'reg_lambda': 0.3502014612664053, 'n_estimators': 334}
    保存: C:\keiba_ai\keiba_ai_ver3.0\data\prediction\models\08_kyoto\dirt1900_lambdarank_model_v10ev_no26.txt

=======================================================
[学習] 09_hanshin
=======================================================

  芝1200m ...
    train=1390行 / val=335行 / 勝ち馬平均オッズ=10.1 (上限50.0)
    params: {'learning_rate': 0.044474147876088554, 'num_leaves': 63, 'max_depth': 10, 'min_child_samples': 2, 'reg_alpha': 1.9987669752791228, 'reg_lambda': 0.001098564944856228, 'n_estimators': 395}
    保存: C:\keiba_ai\keiba_ai_ver3.0\data\prediction\models\09_hanshin\turf1200_lambdarank_model_v10ev_no26.txt

  芝1400m ...
    train=8113行 / val=2018行 / 勝ち馬平均オッズ=8.3 (上限50.0)
    params: {'learning_rate': 0.005239676520359454, 'num_leaves': 63, 'max_depth': 3, 'min_child_samples': 13, 'reg_alpha': 2.041196090403216, 'reg_lambda': 2.638519885976584, 'n_estimators': 386}
    保存: C:\keiba_ai\keiba_ai_ver3.0\data\prediction\models\09_hanshin\turf1400_lambdarank_model_v10ev_no26.txt

  芝1600m ...
    train=8113行 / val=2018行 / 勝ち馬平均オッズ=8.3 (上限50.0)
    params: {'learning_rate': 0.005239676520359454, 'num_leaves': 63, 'max_depth': 3, 'min_child_samples': 13, 'reg_alpha': 2.041196090403216, 'reg_lambda': 2.638519885976584, 'n_estimators': 386}
    保存: C:\keiba_ai\keiba_ai_ver3.0\data\prediction\models\09_hanshin\turf1600_lambdarank_model_v10ev_no26.txt

  芝1800m ...
    train=8113行 / val=2018行 / 勝ち馬平均オッズ=8.3 (上限50.0)
    params: {'learning_rate': 0.005239676520359454, 'num_leaves': 63, 'max_depth': 3, 'min_child_samples': 13, 'reg_alpha': 2.041196090403216, 'reg_lambda': 2.638519885976584, 'n_estimators': 386}
    保存: C:\keiba_ai\keiba_ai_ver3.0\data\prediction\models\09_hanshin\turf1800_lambdarank_model_v10ev_no26.txt

  芝2000m ...
    train=2267行 / val=567行 / 勝ち馬平均オッズ=7.7 (上限50.0)
    params: {'learning_rate': 0.03148680311563485, 'num_leaves': 38, 'max_depth': 9, 'min_child_samples': 5, 'reg_alpha': 0.16791248331372585, 'reg_lambda': 0.003151060651827965, 'n_estimators': 478}
    保存: C:\keiba_ai\keiba_ai_ver3.0\data\prediction\models\09_hanshin\turf2000_lambdarank_model_v10ev_no26.txt

  芝2200m ...
    train=1582行 / val=395行 / 勝ち馬平均オッズ=7.8 (上限50.0)
    params: {'learning_rate': 0.033045681067447354, 'num_leaves': 16, 'max_depth': 4, 'min_child_samples': 7, 'reg_alpha': 0.013039970044688504, 'reg_lambda': 0.04494157560679085, 'n_estimators': 323}
    保存: C:\keiba_ai\keiba_ai_ver3.0\data\prediction\models\09_hanshin\turf2200_lambdarank_model_v10ev_no26.txt

  芝2400m ...
    train=1582行 / val=395行 / 勝ち馬平均オッズ=7.8 (上限50.0)
    params: {'learning_rate': 0.033045681067447354, 'num_leaves': 16, 'max_depth': 4, 'min_child_samples': 7, 'reg_alpha': 0.013039970044688504, 'reg_lambda': 0.04494157560679085, 'n_estimators': 323}
    保存: C:\keiba_ai\keiba_ai_ver3.0\data\prediction\models\09_hanshin\turf2400_lambdarank_model_v10ev_no26.txt

  芝2600m ...
    train=1582行 / val=395行 / 勝ち馬平均オッズ=7.8 (上限50.0)
    params: {'learning_rate': 0.033045681067447354, 'num_leaves': 16, 'max_depth': 4, 'min_child_samples': 7, 'reg_alpha': 0.013039970044688504, 'reg_lambda': 0.04494157560679085, 'n_estimators': 323}
    保存: C:\keiba_ai\keiba_ai_ver3.0\data\prediction\models\09_hanshin\turf2600_lambdarank_model_v10ev_no26.txt

  芝3000m ...
    train=151行 / val=21行 / 勝ち馬平均オッズ=9.1 (上限50.0)
    params: {'learning_rate': 0.01769226795453276, 'num_leaves': 51, 'max_depth': 7, 'min_child_samples': 9, 'reg_alpha': 0.029723442531939294, 'reg_lambda': 0.17613763016070647, 'n_estimators': 275}
    保存: C:\keiba_ai\keiba_ai_ver3.0\data\prediction\models\09_hanshin\turf3000_lambdarank_model_v10ev_no26.txt

  ダート1200m ...
    train=4395行 / val=1087行 / 勝ち馬平均オッズ=8.0 (上限50.0)
    params: {'learning_rate': 0.010598237166842587, 'num_leaves': 52, 'max_depth': 3, 'min_child_samples': 9, 'reg_alpha': 1.4122716100233779, 'reg_lambda': 0.3245402054276483, 'n_estimators': 438}
    保存: C:\keiba_ai\keiba_ai_ver3.0\data\prediction\models\09_hanshin\dirt1200_lambdarank_model_v10ev_no26.txt

  ダート1400m ...
    train=12576行 / val=3137行 / 勝ち馬平均オッズ=7.8 (上限50.0)
    params: {'learning_rate': 0.008307705875375293, 'num_leaves': 55, 'max_depth': 3, 'min_child_samples': 2, 'reg_alpha': 2.0992978992922686, 'reg_lambda': 2.704680448585227, 'n_estimators': 407}
    保存: C:\keiba_ai\keiba_ai_ver3.0\data\prediction\models\09_hanshin\dirt1400_lambdarank_model_v10ev_no26.txt

  ダート1800m ...
    train=12576行 / val=3137行 / 勝ち馬平均オッズ=7.8 (上限50.0)
    params: {'learning_rate': 0.008307705875375293, 'num_leaves': 55, 'max_depth': 3, 'min_child_samples': 2, 'reg_alpha': 2.0992978992922686, 'reg_lambda': 2.704680448585227, 'n_estimators': 407}
    保存: C:\keiba_ai\keiba_ai_ver3.0\data\prediction\models\09_hanshin\dirt1800_lambdarank_model_v10ev_no26.txt

  ダート2000m ...
    train=1255行 / val=303行 / 勝ち馬平均オッズ=8.2 (上限50.0)
    params: {'learning_rate': 0.0116370344238912, 'num_leaves': 53, 'max_depth': 3, 'min_child_samples': 13, 'reg_alpha': 0.010346843614144523, 'reg_lambda': 2.588711369107236, 'n_estimators': 379}
    保存: C:\keiba_ai\keiba_ai_ver3.0\data\prediction\models\09_hanshin\dirt2000_lambdarank_model_v10ev_no26.txt

=======================================================
[学習] 10_kokura
=======================================================

  芝1200m ...
    train=5497行 / val=1362行 / 勝ち馬平均オッズ=10.4 (上限50.0)
    params: {'learning_rate': 0.03620404381097463, 'num_leaves': 22, 'max_depth': 9, 'min_child_samples': 20, 'reg_alpha': 0.006443176781121112, 'reg_lambda': 0.00773296177705515, 'n_estimators': 305}
    保存: C:\keiba_ai\keiba_ai_ver3.0\data\prediction\models\10_kokura\turf1200_lambdarank_model_v10ev_no26.txt

  芝1700m ...
    train=2729行 / val=680行 / 勝ち馬平均オッズ=8.9 (上限50.0)
    params: {'learning_rate': 0.009314947532206078, 'num_leaves': 56, 'max_depth': 3, 'min_child_samples': 18, 'reg_alpha': 0.846252351674196, 'reg_lambda': 0.5130629167233828, 'n_estimators': 428}
    保存: C:\keiba_ai\keiba_ai_ver3.0\data\prediction\models\10_kokura\turf1700_lambdarank_model_v10ev_no26.txt

  芝1800m ...
    train=2729行 / val=680行 / 勝ち馬平均オッズ=8.9 (上限50.0)
    params: {'learning_rate': 0.009314947532206078, 'num_leaves': 56, 'max_depth': 3, 'min_child_samples': 18, 'reg_alpha': 0.846252351674196, 'reg_lambda': 0.5130629167233828, 'n_estimators': 428}
    保存: C:\keiba_ai\keiba_ai_ver3.0\data\prediction\models\10_kokura\turf1800_lambdarank_model_v10ev_no26.txt

  芝2000m ...
    train=2468行 / val=615行 / 勝ち馬平均オッズ=8.3 (上限50.0)
    params: {'learning_rate': 0.007950000761038644, 'num_leaves': 55, 'max_depth': 3, 'min_child_samples': 2, 'reg_alpha': 2.0363064913190194, 'reg_lambda': 2.704680448585227, 'n_estimators': 389}
    保存: C:\keiba_ai\keiba_ai_ver3.0\data\prediction\models\10_kokura\turf2000_lambdarank_model_v10ev_no26.txt

  芝2600m ...
    train=632行 / val=156行 / 勝ち馬平均オッズ=7.4 (上限50.0)
    params: {'learning_rate': 0.026611818359548924, 'num_leaves': 21, 'max_depth': 7, 'min_child_samples': 2, 'reg_alpha': 0.006310869303521036, 'reg_lambda': 0.0010072959523070913, 'n_estimators': 447}
    保存: C:\keiba_ai\keiba_ai_ver3.0\data\prediction\models\10_kokura\turf2600_lambdarank_model_v10ev_no26.txt

  ダート1000m ...
    train=1944行 / val=479行 / 勝ち馬平均オッズ=9.0 (上限50.0)
    params: {'learning_rate': 0.005888518753760858, 'num_leaves': 20, 'max_depth': 3, 'min_child_samples': 26, 'reg_alpha': 0.5078616019492486, 'reg_lambda': 1.0595897111084032, 'n_estimators': 492}
    保存: C:\keiba_ai\keiba_ai_ver3.0\data\prediction\models\10_kokura\dirt1000_lambdarank_model_v10ev_no26.txt

  ダート1700m ...
    train=4740行 / val=1168行 / 勝ち馬平均オッズ=8.9 (上限50.0)
    params: {'learning_rate': 0.009314947532206078, 'num_leaves': 56, 'max_depth': 4, 'min_child_samples': 7, 'reg_alpha': 0.842447017245978, 'reg_lambda': 0.5600630265636652, 'n_estimators': 337}
    保存: C:\keiba_ai\keiba_ai_ver3.0\data\prediction\models\10_kokura\dirt1700_lambdarank_model_v10ev_no26.txt

  ダート2400m ...
    train=117行 / val=27行 / 勝ち馬平均オッズ=7.1 (上限50.0)
    params: {'learning_rate': 0.03148680311563485, 'num_leaves': 38, 'max_depth': 9, 'min_child_samples': 3, 'reg_alpha': 0.16791248331372585, 'reg_lambda': 0.003151060651827965, 'n_estimators': 478}
    保存: C:\keiba_ai\keiba_ai_ver3.0\data\prediction\models\10_kokura\dirt2400_lambdarank_model_v10ev_no26.txt

=======================================================
完了
=======================================================
