=======================================================
v5' モデル学習（v5データセット流用・オッズ/人気除外）
対象場: 全10場  訓練年: 2020～2026
除外列: ['current_odds', 'current_popularity']
=======================================================

=======================================================
[学習] 01_sapporo (place_id=1)
=======================================================

  芝1000m ...
    訓練 1753行 / テスト 440行 / 特徴量 67列
    最良パラメータ: {'n_estimators': 221, 'learning_rate': 0.005053181652137049, 'num_leaves': 54, 'max_depth': 7, 'min_child_samples': 6, 'reg_alpha': 0.04215883645911688, 'reg_lambda': 0.003419604635245375}
    保存完了: 芝1000m_v5prime

  芝1200m ...
    訓練 1753行 / テスト 440行 / 特徴量 67列
    最良パラメータ: {'n_estimators': 221, 'learning_rate': 0.005053181652137049, 'num_leaves': 54, 'max_depth': 7, 'min_child_samples': 6, 'reg_alpha': 0.04215883645911688, 'reg_lambda': 0.003419604635245375}
    保存完了: 芝1200m_v5prime

  芝1500m ...
    訓練 2265行 / テスト 577行 / 特徴量 67列
    最良パラメータ: {'n_estimators': 347, 'learning_rate': 0.020467543734830815, 'num_leaves': 46, 'max_depth': 10, 'min_child_samples': 21, 'reg_alpha': 0.017784946468432317, 'reg_lambda': 0.03308362546133902}
    保存完了: 芝1500m_v5prime

  芝1800m ...
    訓練 2265行 / テスト 577行 / 特徴量 67列
    最良パラメータ: {'n_estimators': 347, 'learning_rate': 0.020467543734830815, 'num_leaves': 46, 'max_depth': 10, 'min_child_samples': 21, 'reg_alpha': 0.017784946468432317, 'reg_lambda': 0.03308362546133902}
    保存完了: 芝1800m_v5prime

  芝2000m ...
    訓練 1420行 / テスト 361行 / 特徴量 67列
    最良パラメータ: {'n_estimators': 333, 'learning_rate': 0.021062083997815284, 'num_leaves': 54, 'max_depth': 8, 'min_child_samples': 30, 'reg_alpha': 0.008560318151633406, 'reg_lambda': 0.007711630081905115}
    保存完了: 芝2000m_v5prime

  芝2600m ...
    訓練 525行 / テスト 134行 / 特徴量 67列
    最良パラメータ: {'n_estimators': 481, 'learning_rate': 0.04774816432813516, 'num_leaves': 62, 'max_depth': 6, 'min_child_samples': 29, 'reg_alpha': 0.046383763805220656, 'reg_lambda': 0.36271909307406064}
    保存完了: 芝2600m_v5prime

  ダート1000m ...
    訓練 979行 / テスト 244行 / 特徴量 67列
    最良パラメータ: {'n_estimators': 155, 'learning_rate': 0.007862349874524862, 'num_leaves': 34, 'max_depth': 9, 'min_child_samples': 4, 'reg_alpha': 0.8196643530198039, 'reg_lambda': 0.0021584690047057415}
    保存完了: ダート1000m_v5prime

  ダート1700m ...
    訓練 3101行 / テスト 790行 / 特徴量 67列
    最良パラメータ: {'n_estimators': 379, 'learning_rate': 0.005743749302159308, 'num_leaves': 48, 'max_depth': 8, 'min_child_samples': 8, 'reg_alpha': 0.0028073229099750295, 'reg_lambda': 0.012496333968303307}
    保存完了: ダート1700m_v5prime

  ダート2400m ...
    訓練 105行 / テスト 34行 / 特徴量 67列
    最良パラメータ: {'n_estimators': 309, 'learning_rate': 0.01299068177733171, 'num_leaves': 28, 'max_depth': 9, 'min_child_samples': 6, 'reg_alpha': 0.09473572117188851, 'reg_lambda': 0.0011623432943295802}
    保存完了: ダート2400m_v5prime

=======================================================
[学習] 02_hakodate (place_id=2)
=======================================================

  芝1000m ...
    訓練 2759行 / テスト 697行 / 特徴量 67列
    最良パラメータ: {'n_estimators': 347, 'learning_rate': 0.020467543734830815, 'num_leaves': 46, 'max_depth': 10, 'min_child_samples': 21, 'reg_alpha': 0.017784946468432317, 'reg_lambda': 0.03308362546133902}
    保存完了: 芝1000m_v5prime

  芝1200m ...
    訓練 2759行 / テスト 697行 / 特徴量 67列
    最良パラメータ: {'n_estimators': 347, 'learning_rate': 0.020467543734830815, 'num_leaves': 46, 'max_depth': 10, 'min_child_samples': 21, 'reg_alpha': 0.017784946468432317, 'reg_lambda': 0.03308362546133902}
    保存完了: 芝1200m_v5prime

  芝1800m ...
    訓練 1253行 / テスト 332行 / 特徴量 67列
    最良パラメータ: {'n_estimators': 192, 'learning_rate': 0.015002346072291716, 'num_leaves': 54, 'max_depth': 6, 'min_child_samples': 9, 'reg_alpha': 0.4280512969386189, 'reg_lambda': 0.0034214424467354145}
    保存完了: 芝1800m_v5prime

  芝2000m ...
    訓練 876行 / テスト 237行 / 特徴量 67列
    最良パラメータ: {'n_estimators': 221, 'learning_rate': 0.02980376054635006, 'num_leaves': 64, 'max_depth': 7, 'min_child_samples': 29, 'reg_alpha': 0.26771306071527695, 'reg_lambda': 0.12314326104609911}
    保存完了: 芝2000m_v5prime

  芝2600m ...
    訓練 358行 / テスト 107行 / 特徴量 67列
    最良パラメータ: {'n_estimators': 439, 'learning_rate': 0.03358933614716506, 'num_leaves': 16, 'max_depth': 7, 'min_child_samples': 13, 'reg_alpha': 0.020642369798151587, 'reg_lambda': 0.8135147739220663}
    保存完了: 芝2600m_v5prime

  ダート1000m ...
    訓練 1116行 / テスト 278行 / 特徴量 67列
    最良パラメータ: {'n_estimators': 457, 'learning_rate': 0.04598675496284059, 'num_leaves': 34, 'max_depth': 9, 'min_child_samples': 17, 'reg_alpha': 0.09444083473101433, 'reg_lambda': 1.653528726720999}
    保存完了: ダート1000m_v5prime

  ダート1700m ...
    訓練 2303行 / テスト 576行 / 特徴量 67列
    最良パラメータ: {'n_estimators': 320, 'learning_rate': 0.02595131508847582, 'num_leaves': 45, 'max_depth': 7, 'min_child_samples': 14, 'reg_alpha': 0.17613763016070647, 'reg_lambda': 0.03323102927882457}
    保存完了: ダート1700m_v5prime

  ダート2400m ...
    訓練 119行 / テスト 32行 / 特徴量 67列
    最良パラメータ: {'n_estimators': 254, 'learning_rate': 0.03874684929776741, 'num_leaves': 42, 'max_depth': 3, 'min_child_samples': 4, 'reg_alpha': 0.00874888420236016, 'reg_lambda': 0.10141298044887512}
    保存完了: ダート2400m_v5prime

=======================================================
[学習] 03_fukushima (place_id=3)
=======================================================

  芝1200m ...
    訓練 3882行 / テスト 972行 / 特徴量 67列
    最良パラメータ: {'n_estimators': 230, 'learning_rate': 0.00518222917060897, 'num_leaves': 63, 'max_depth': 7, 'min_child_samples': 10, 'reg_alpha': 0.016778296767072123, 'reg_lambda': 0.05379222198413485}
    保存完了: 芝1200m_v5prime

  芝1800m ...
    訓練 2126行 / テスト 534行 / 特徴量 67列
    最良パラメータ: {'n_estimators': 379, 'learning_rate': 0.005743749302159308, 'num_leaves': 48, 'max_depth': 8, 'min_child_samples': 8, 'reg_alpha': 0.0028073229099750295, 'reg_lambda': 0.012496333968303307}
    保存完了: 芝1800m_v5prime

  芝2000m ...
    訓練 1794行 / テスト 455行 / 特徴量 67列
    最良パラメータ: {'n_estimators': 457, 'learning_rate': 0.04598675496284059, 'num_leaves': 34, 'max_depth': 9, 'min_child_samples': 17, 'reg_alpha': 0.09444083473101433, 'reg_lambda': 1.653528726720999}
    保存完了: 芝2000m_v5prime

  芝2600m ...
    訓練 794行 / テスト 203行 / 特徴量 67列
    最良パラメータ: {'n_estimators': 379, 'learning_rate': 0.005743749302159308, 'num_leaves': 48, 'max_depth': 8, 'min_child_samples': 8, 'reg_alpha': 0.0028073229099750295, 'reg_lambda': 0.012496333968303307}
    保存完了: 芝2600m_v5prime

  ダート1150m ...
    訓練 2636行 / テスト 675行 / 特徴量 67列
    最良パラメータ: {'n_estimators': 148, 'learning_rate': 0.005152511258411923, 'num_leaves': 19, 'max_depth': 7, 'min_child_samples': 30, 'reg_alpha': 2.981200837076743, 'reg_lambda': 0.3414786297556959}
    保存完了: ダート1150m_v5prime

  ダート1700m ...
    訓練 4000行 / テスト 1010行 / 特徴量 67列
    最良パラメータ: {'n_estimators': 251, 'learning_rate': 0.031281726653934604, 'num_leaves': 63, 'max_depth': 6, 'min_child_samples': 11, 'reg_alpha': 0.18575841386806666, 'reg_lambda': 0.2237961893668063}
    保存完了: ダート1700m_v5prime

  ダート2400m ...
    訓練 116行 / テスト 28行 / 特徴量 67列
    最良パラメータ: {'n_estimators': 159, 'learning_rate': 0.01709741698366094, 'num_leaves': 28, 'max_depth': 7, 'min_child_samples': 11, 'reg_alpha': 0.3288191100299443, 'reg_lambda': 0.10141298044887512}
    保存完了: ダート2400m_v5prime

=======================================================
[学習] 04_nigata (place_id=4)
=======================================================

  芝1000m ...
    訓練 3289行 / テスト 824行 / 特徴量 67列
    最良パラメータ: {'n_estimators': 155, 'learning_rate': 0.007862349874524862, 'num_leaves': 34, 'max_depth': 9, 'min_child_samples': 4, 'reg_alpha': 0.8196643530198039, 'reg_lambda': 0.0021584690047057415}
    保存完了: 芝1000m_v5prime

  芝1200m ...
    訓練 3289行 / テスト 824行 / 特徴量 67列
    最良パラメータ: {'n_estimators': 155, 'learning_rate': 0.007862349874524862, 'num_leaves': 34, 'max_depth': 9, 'min_child_samples': 4, 'reg_alpha': 0.8196643530198039, 'reg_lambda': 0.0021584690047057415}
    保存完了: 芝1200m_v5prime

  芝1400m ...
    訓練 6194行 / テスト 1550行 / 特徴量 67列
    最良パラメータ: {'n_estimators': 457, 'learning_rate': 0.04598675496284059, 'num_leaves': 34, 'max_depth': 9, 'min_child_samples': 17, 'reg_alpha': 0.09444083473101433, 'reg_lambda': 1.653528726720999}
    保存完了: 芝1400m_v5prime

  芝1600m ...
    訓練 6194行 / テスト 1550行 / 特徴量 67列
    最良パラメータ: {'n_estimators': 457, 'learning_rate': 0.04598675496284059, 'num_leaves': 34, 'max_depth': 9, 'min_child_samples': 17, 'reg_alpha': 0.09444083473101433, 'reg_lambda': 1.653528726720999}
    保存完了: 芝1600m_v5prime

  芝1800m ...
    訓練 6194行 / テスト 1550行 / 特徴量 67列
    最良パラメータ: {'n_estimators': 457, 'learning_rate': 0.04598675496284059, 'num_leaves': 34, 'max_depth': 9, 'min_child_samples': 17, 'reg_alpha': 0.09444083473101433, 'reg_lambda': 1.653528726720999}
    保存完了: 芝1800m_v5prime

  芝2000m ...
    訓練 1830行 / テスト 460行 / 特徴量 67列
    最良パラメータ: {'n_estimators': 457, 'learning_rate': 0.04598675496284059, 'num_leaves': 34, 'max_depth': 9, 'min_child_samples': 17, 'reg_alpha': 0.09444083473101433, 'reg_lambda': 1.653528726720999}
    保存完了: 芝2000m_v5prime

  芝2200m ...
    訓練 1015行 / テスト 259行 / 特徴量 67列
    最良パラメータ: {'n_estimators': 320, 'learning_rate': 0.02595131508847582, 'num_leaves': 45, 'max_depth': 7, 'min_child_samples': 14, 'reg_alpha': 0.17613763016070647, 'reg_lambda': 0.03323102927882457}
    保存完了: 芝2200m_v5prime

  芝2400m ...
    訓練 1015行 / テスト 259行 / 特徴量 67列
    最良パラメータ: {'n_estimators': 320, 'learning_rate': 0.02595131508847582, 'num_leaves': 45, 'max_depth': 7, 'min_child_samples': 14, 'reg_alpha': 0.17613763016070647, 'reg_lambda': 0.03323102927882457}
    保存完了: 芝2400m_v5prime

  ダート1200m ...
    訓練 4521行 / テスト 1135行 / 特徴量 67列
    最良パラメータ: {'n_estimators': 394, 'learning_rate': 0.034133501277301366, 'num_leaves': 29, 'max_depth': 8, 'min_child_samples': 27, 'reg_alpha': 0.052250021235735945, 'reg_lambda': 0.007146760244450201}
    保存完了: ダート1200m_v5prime

  ダート1800m ...
    訓練 5344行 / テスト 1342行 / 特徴量 67列
    最良パラメータ: {'n_estimators': 457, 'learning_rate': 0.04598675496284059, 'num_leaves': 34, 'max_depth': 9, 'min_child_samples': 17, 'reg_alpha': 0.09444083473101433, 'reg_lambda': 1.653528726720999}
    保存完了: ダート1800m_v5prime

  ダート2500m ...
    訓練 79行 / テスト 26行 / 特徴量 67列
    最良パラメータ: {'n_estimators': 101, 'learning_rate': 0.034133501277301366, 'num_leaves': 30, 'max_depth': 5, 'min_child_samples': 3, 'reg_alpha': 2.9533383235252932, 'reg_lambda': 0.12295311315244085}
    保存完了: ダート2500m_v5prime

=======================================================
[学習] 05_tokyo (place_id=5)
=======================================================

  芝1400m ...
    訓練 13053行 / テスト 3274行 / 特徴量 67列
    最良パラメータ: {'n_estimators': 347, 'learning_rate': 0.020467543734830815, 'num_leaves': 46, 'max_depth': 10, 'min_child_samples': 21, 'reg_alpha': 0.017784946468432317, 'reg_lambda': 0.03308362546133902}
    保存完了: 芝1400m_v5prime

  芝1600m ...
    訓練 13053行 / テスト 3274行 / 特徴量 67列
    最良パラメータ: {'n_estimators': 347, 'learning_rate': 0.020467543734830815, 'num_leaves': 46, 'max_depth': 10, 'min_child_samples': 21, 'reg_alpha': 0.017784946468432317, 'reg_lambda': 0.03308362546133902}
    保存完了: 芝1600m_v5prime

  芝1800m ...
    訓練 13053行 / テスト 3274行 / 特徴量 67列
    最良パラメータ: {'n_estimators': 347, 'learning_rate': 0.020467543734830815, 'num_leaves': 46, 'max_depth': 10, 'min_child_samples': 21, 'reg_alpha': 0.017784946468432317, 'reg_lambda': 0.03308362546133902}
    保存完了: 芝1800m_v5prime

  芝2000m ...
    訓練 2519行 / テスト 638行 / 特徴量 67列
    最良パラメータ: {'n_estimators': 225, 'learning_rate': 0.04721553607697163, 'num_leaves': 62, 'max_depth': 6, 'min_child_samples': 29, 'reg_alpha': 0.013695332647306414, 'reg_lambda': 0.17504739726856905}
    保存完了: 芝2000m_v5prime

  芝2300m ...
    訓練 2256行 / テスト 584行 / 特徴量 67列
    最良パラメータ: {'n_estimators': 244, 'learning_rate': 0.02910159559933183, 'num_leaves': 43, 'max_depth': 6, 'min_child_samples': 11, 'reg_alpha': 0.18857566648901275, 'reg_lambda': 0.00930831102908946}
    保存完了: 芝2300m_v5prime

  芝2400m ...
    訓練 2256行 / テスト 584行 / 特徴量 67列
    最良パラメータ: {'n_estimators': 244, 'learning_rate': 0.02910159559933183, 'num_leaves': 43, 'max_depth': 6, 'min_child_samples': 11, 'reg_alpha': 0.18857566648901275, 'reg_lambda': 0.00930831102908946}
    保存完了: 芝2400m_v5prime

  芝2500m ...
    訓練 2256行 / テスト 584行 / 特徴量 67列
    最良パラメータ: {'n_estimators': 244, 'learning_rate': 0.02910159559933183, 'num_leaves': 43, 'max_depth': 6, 'min_child_samples': 11, 'reg_alpha': 0.18857566648901275, 'reg_lambda': 0.00930831102908946}
    保存完了: 芝2500m_v5prime

  芝3400m ...
    訓練 71行 / テスト 32行 / 特徴量 67列
    最良パラメータ: {'n_estimators': 379, 'learning_rate': 0.005743749302159308, 'num_leaves': 48, 'max_depth': 8, 'min_child_samples': 3, 'reg_alpha': 0.0028073229099750295, 'reg_lambda': 0.012496333968303307}
    保存完了: 芝3400m_v5prime

  ダート1300m ...
    訓練 1917行 / テスト 495行 / 特徴量 67列
    最良パラメータ: {'n_estimators': 367, 'learning_rate': 0.02070472630404009, 'num_leaves': 43, 'max_depth': 7, 'min_child_samples': 20, 'reg_alpha': 2.6743160226130898, 'reg_lambda': 0.11482466522381679}
    保存完了: ダート1300m_v5prime

  ダート1400m ...
    訓練 16495行 / テスト 4138行 / 特徴量 67列
    最良パラメータ: {'n_estimators': 320, 'learning_rate': 0.02595131508847582, 'num_leaves': 45, 'max_depth': 7, 'min_child_samples': 14, 'reg_alpha': 0.17613763016070647, 'reg_lambda': 0.03323102927882457}
    保存完了: ダート1400m_v5prime

  ダート1600m ...
    訓練 16495行 / テスト 4138行 / 特徴量 67列
    最良パラメータ: {'n_estimators': 320, 'learning_rate': 0.02595131508847582, 'num_leaves': 45, 'max_depth': 7, 'min_child_samples': 14, 'reg_alpha': 0.17613763016070647, 'reg_lambda': 0.03323102927882457}
    保存完了: ダート1600m_v5prime

  ダート2100m ...
    訓練 2922行 / テスト 736行 / 特徴量 67列
    最良パラメータ: {'n_estimators': 186, 'learning_rate': 0.026728171968495536, 'num_leaves': 63, 'max_depth': 8, 'min_child_samples': 24, 'reg_alpha': 0.0011222292232466282, 'reg_lambda': 0.6167183343548353}
    保存完了: ダート2100m_v5prime

  ダート2400m ...
    v5データなし: スキップ

=======================================================
[学習] 06_nakayama (place_id=6)
=======================================================

  芝1200m ...
    訓練 2570行 / テスト 644行 / 特徴量 67列
    最良パラメータ: {'n_estimators': 181, 'learning_rate': 0.022790663238317514, 'num_leaves': 53, 'max_depth': 5, 'min_child_samples': 16, 'reg_alpha': 0.023547952625390396, 'reg_lambda': 0.051636601447406845}
    保存完了: 芝1200m_v5prime

  芝1600m ...
    訓練 7178行 / テスト 1801行 / 特徴量 67列
    最良パラメータ: {'n_estimators': 173, 'learning_rate': 0.018037651848065356, 'num_leaves': 54, 'max_depth': 9, 'min_child_samples': 25, 'reg_alpha': 0.007422447706789324, 'reg_lambda': 0.013252123620162131}
    保存完了: 芝1600m_v5prime

  芝1800m ...
    訓練 7178行 / テスト 1801行 / 特徴量 67列
    最良パラメータ: {'n_estimators': 173, 'learning_rate': 0.018037651848065356, 'num_leaves': 54, 'max_depth': 9, 'min_child_samples': 25, 'reg_alpha': 0.007422447706789324, 'reg_lambda': 0.013252123620162131}
    保存完了: 芝1800m_v5prime

  芝2000m ...
    訓練 3715行 / テスト 937行 / 特徴量 67列
    最良パラメータ: {'n_estimators': 320, 'learning_rate': 0.02595131508847582, 'num_leaves': 45, 'max_depth': 7, 'min_child_samples': 14, 'reg_alpha': 0.17613763016070647, 'reg_lambda': 0.03323102927882457}
    保存完了: 芝2000m_v5prime

  芝2200m ...
    訓練 2024行 / テスト 513行 / 特徴量 67列
    最良パラメータ: {'n_estimators': 411, 'learning_rate': 0.03824293161601632, 'num_leaves': 63, 'max_depth': 8, 'min_child_samples': 18, 'reg_alpha': 0.03754788196958231, 'reg_lambda': 0.017123253505277155}
    保存完了: 芝2200m_v5prime

  芝2500m ...
    訓練 2024行 / テスト 513行 / 特徴量 67列
    最良パラメータ: {'n_estimators': 411, 'learning_rate': 0.03824293161601632, 'num_leaves': 63, 'max_depth': 8, 'min_child_samples': 18, 'reg_alpha': 0.03754788196958231, 'reg_lambda': 0.017123253505277155}
    保存完了: 芝2500m_v5prime

  芝3600m ...
    訓練 58行 / テスト 28行 / 特徴量 67列
[LightGBM] [Warning] Met categorical feature which contains sparse values. Consider renumbering to consecutive integers started from zero
[LightGBM] [Warning] Met categorical feature which contains sparse values. Consider renumbering to consecutive integers started from zero
[LightGBM] [Warning] Met categorical feature which contains sparse values. Consider renumbering to consecutive integers started from zero
[LightGBM] [Warning] Met categorical feature which contains sparse values. Consider renumbering to consecutive integers started from zero
[LightGBM] [Warning] Met categorical feature which contains sparse values. Consider renumbering to consecutive integers started from zero
[LightGBM] [Warning] Met categorical feature which contains sparse values. Consider renumbering to consecutive integers started from zero
[LightGBM] [Warning] Met categorical feature which contains sparse values. Consider renumbering to consecutive integers started from zero
[LightGBM] [Warning] Met categorical feature which contains sparse values. Consider renumbering to consecutive integers started from zero
[LightGBM] [Warning] Met categorical feature which contains sparse values. Consider renumbering to consecutive integers started from zero
[LightGBM] [Warning] Met categorical feature which contains sparse values. Consider renumbering to consecutive integers started from zero
[LightGBM] [Warning] Met categorical feature which contains sparse values. Consider renumbering to consecutive integers started from zero
[LightGBM] [Warning] Met categorical feature which contains sparse values. Consider renumbering to consecutive integers started from zero
[LightGBM] [Warning] Met categorical feature which contains sparse values. Consider renumbering to consecutive integers started from zero
[LightGBM] [Warning] Met categorical feature which contains sparse values. Consider renumbering to consecutive integers started from zero
[LightGBM] [Warning] Met categorical feature which contains sparse values. Consider renumbering to consecutive integers started from zero
[LightGBM] [Warning] Met categorical feature which contains sparse values. Consider renumbering to consecutive integers started from zero
[LightGBM] [Warning] Met categorical feature which contains sparse values. Consider renumbering to consecutive integers started from zero
[LightGBM] [Warning] Met categorical feature which contains sparse values. Consider renumbering to consecutive integers started from zero
[LightGBM] [Warning] Met categorical feature which contains sparse values. Consider renumbering to consecutive integers started from zero
[LightGBM] [Warning] Met categorical feature which contains sparse values. Consider renumbering to consecutive integers started from zero
    最良パラメータ: {'n_estimators': 411, 'learning_rate': 0.007106987083032766, 'num_leaves': 23, 'max_depth': 5, 'min_child_samples': 2, 'reg_alpha': 1.574030529105525, 'reg_lambda': 0.08672773051879636}
[LightGBM] [Warning] Met categorical feature which contains sparse values. Consider renumbering to consecutive integers started from zero
    保存完了: 芝3600m_v5prime

  ダート1200m ...
    訓練 10332行 / テスト 2589行 / 特徴量 67列
    最良パラメータ: {'n_estimators': 481, 'learning_rate': 0.04774816432813516, 'num_leaves': 62, 'max_depth': 6, 'min_child_samples': 29, 'reg_alpha': 0.046383763805220656, 'reg_lambda': 0.36271909307406064}
    保存完了: ダート1200m_v5prime

  ダート1800m ...
    訓練 10850行 / テスト 2723行 / 特徴量 67列
    最良パラメータ: {'n_estimators': 275, 'learning_rate': 0.030582167255596437, 'num_leaves': 55, 'max_depth': 7, 'min_child_samples': 18, 'reg_alpha': 0.037961163443768146, 'reg_lambda': 0.025456502992427917}
    保存完了: ダート1800m_v5prime

  ダート2400m ...
    訓練 739行 / テスト 186行 / 特徴量 67列
    最良パラメータ: {'n_estimators': 457, 'learning_rate': 0.04598675496284059, 'num_leaves': 34, 'max_depth': 9, 'min_child_samples': 17, 'reg_alpha': 0.09444083473101433, 'reg_lambda': 1.653528726720999}
    保存完了: ダート2400m_v5prime

  ダート2500m ...
    訓練 739行 / テスト 186行 / 特徴量 67列
    最良パラメータ: {'n_estimators': 457, 'learning_rate': 0.04598675496284059, 'num_leaves': 34, 'max_depth': 9, 'min_child_samples': 17, 'reg_alpha': 0.09444083473101433, 'reg_lambda': 1.653528726720999}
    保存完了: ダート2500m_v5prime

=======================================================
[学習] 07_chukyo (place_id=7)
=======================================================

  芝1200m ...
    訓練 1706行 / テスト 440行 / 特徴量 67列
    最良パラメータ: {'n_estimators': 100, 'learning_rate': 0.022616737324305008, 'num_leaves': 46, 'max_depth': 10, 'min_child_samples': 30, 'reg_alpha': 0.007899753921635572, 'reg_lambda': 0.008475985132322311}
    保存完了: 芝1200m_v5prime

  芝1400m ...
    訓練 5259行 / テスト 1328行 / 特徴量 67列
    最良パラメータ: {'n_estimators': 309, 'learning_rate': 0.01299068177733171, 'num_leaves': 28, 'max_depth': 9, 'min_child_samples': 15, 'reg_alpha': 0.09473572117188851, 'reg_lambda': 0.0011623432943295802}
    保存完了: 芝1400m_v5prime

  芝1600m ...
    訓練 5259行 / テスト 1328行 / 特徴量 67列
    最良パラメータ: {'n_estimators': 309, 'learning_rate': 0.01299068177733171, 'num_leaves': 28, 'max_depth': 9, 'min_child_samples': 15, 'reg_alpha': 0.09473572117188851, 'reg_lambda': 0.0011623432943295802}
    保存完了: 芝1600m_v5prime

  芝2000m ...
    訓練 3437行 / テスト 867行 / 特徴量 67列
    最良パラメータ: {'n_estimators': 466, 'learning_rate': 0.01006290924610777, 'num_leaves': 58, 'max_depth': 6, 'min_child_samples': 8, 'reg_alpha': 0.058474006623797266, 'reg_lambda': 0.08899346741723511}
    保存完了: 芝2000m_v5prime

  芝2200m ...
    訓練 1410行 / テスト 353行 / 特徴量 67列
    最良パラメータ: {'n_estimators': 185, 'learning_rate': 0.033601668547116464, 'num_leaves': 54, 'max_depth': 7, 'min_child_samples': 11, 'reg_alpha': 0.03383300224407823, 'reg_lambda': 0.023489422727830632}
    保存完了: 芝2200m_v5prime

  ダート1200m ...
    訓練 3321行 / テスト 841行 / 特徴量 67列
    最良パラメータ: {'n_estimators': 177, 'learning_rate': 0.015668845186530528, 'num_leaves': 41, 'max_depth': 6, 'min_child_samples': 9, 'reg_alpha': 0.009223583315618233, 'reg_lambda': 0.0013497367720611002}
    保存完了: ダート1200m_v5prime

  ダート1400m ...
    訓練 10270行 / テスト 2583行 / 特徴量 67列
    最良パラメータ: {'n_estimators': 320, 'learning_rate': 0.02595131508847582, 'num_leaves': 45, 'max_depth': 7, 'min_child_samples': 14, 'reg_alpha': 0.17613763016070647, 'reg_lambda': 0.03323102927882457}
    保存完了: ダート1400m_v5prime

  ダート1800m ...
    訓練 10270行 / テスト 2583行 / 特徴量 67列
    最良パラメータ: {'n_estimators': 320, 'learning_rate': 0.02595131508847582, 'num_leaves': 45, 'max_depth': 7, 'min_child_samples': 14, 'reg_alpha': 0.17613763016070647, 'reg_lambda': 0.03323102927882457}
    保存完了: ダート1800m_v5prime

  ダート1900m ...
    訓練 1891行 / テスト 481行 / 特徴量 67列
    最良パラメータ: {'n_estimators': 427, 'learning_rate': 0.038542988614208996, 'num_leaves': 21, 'max_depth': 8, 'min_child_samples': 20, 'reg_alpha': 0.45359836287634886, 'reg_lambda': 0.9176296723093413}
    保存完了: ダート1900m_v5prime

=======================================================
[学習] 08_kyoto (place_id=8)
=======================================================

  芝1200m ...
    訓練 1172行 / テスト 299行 / 特徴量 67列
    最良パラメータ: {'n_estimators': 347, 'learning_rate': 0.020467543734830815, 'num_leaves': 46, 'max_depth': 10, 'min_child_samples': 21, 'reg_alpha': 0.017784946468432317, 'reg_lambda': 0.03308362546133902}
    保存完了: 芝1200m_v5prime

  芝1400m ...
    訓練 6044行 / テスト 1532行 / 特徴量 67列
    最良パラメータ: {'n_estimators': 347, 'learning_rate': 0.020467543734830815, 'num_leaves': 46, 'max_depth': 10, 'min_child_samples': 21, 'reg_alpha': 0.017784946468432317, 'reg_lambda': 0.03308362546133902}
    保存完了: 芝1400m_v5prime

  芝1600m ...
    訓練 6044行 / テスト 1532行 / 特徴量 67列
    最良パラメータ: {'n_estimators': 347, 'learning_rate': 0.020467543734830815, 'num_leaves': 46, 'max_depth': 10, 'min_child_samples': 21, 'reg_alpha': 0.017784946468432317, 'reg_lambda': 0.03308362546133902}
    保存完了: 芝1600m_v5prime

  芝1800m ...
    訓練 6044行 / テスト 1532行 / 特徴量 67列
    最良パラメータ: {'n_estimators': 347, 'learning_rate': 0.020467543734830815, 'num_leaves': 46, 'max_depth': 10, 'min_child_samples': 21, 'reg_alpha': 0.017784946468432317, 'reg_lambda': 0.03308362546133902}
    保存完了: 芝1800m_v5prime

  芝2000m ...
    訓練 1707行 / テスト 426行 / 特徴量 67列
    最良パラメータ: {'n_estimators': 235, 'learning_rate': 0.04701765185428197, 'num_leaves': 62, 'max_depth': 6, 'min_child_samples': 29, 'reg_alpha': 0.011908521753034695, 'reg_lambda': 0.32591222211464116}
    保存完了: 芝2000m_v5prime

  芝2200m ...
    訓練 1272行 / テスト 318行 / 特徴量 67列
    最良パラメータ: {'n_estimators': 245, 'learning_rate': 0.018585180132685557, 'num_leaves': 37, 'max_depth': 10, 'min_child_samples': 4, 'reg_alpha': 0.00532463457929216, 'reg_lambda': 0.0036382518028858744}
    保存完了: 芝2200m_v5prime

  芝2400m ...
    訓練 1272行 / テスト 318行 / 特徴量 67列
    最良パラメータ: {'n_estimators': 245, 'learning_rate': 0.018585180132685557, 'num_leaves': 37, 'max_depth': 10, 'min_child_samples': 4, 'reg_alpha': 0.00532463457929216, 'reg_lambda': 0.0036382518028858744}
    保存完了: 芝2400m_v5prime

  芝3000m ...
    訓練 178行 / テスト 47行 / 特徴量 67列
    最良パラメータ: {'n_estimators': 406, 'learning_rate': 0.01133314197631174, 'num_leaves': 26, 'max_depth': 7, 'min_child_samples': 7, 'reg_alpha': 0.2761694624808533, 'reg_lambda': 0.0112178596332227}
    保存完了: 芝3000m_v5prime

  芝3200m ...
    訓練 178行 / テスト 47行 / 特徴量 67列
    最良パラメータ: {'n_estimators': 406, 'learning_rate': 0.01133314197631174, 'num_leaves': 26, 'max_depth': 7, 'min_child_samples': 7, 'reg_alpha': 0.2761694624808533, 'reg_lambda': 0.0112178596332227}
    保存完了: 芝3200m_v5prime

  ダート1200m ...
    訓練 2863行 / テスト 724行 / 特徴量 67列
    最良パラメータ: {'n_estimators': 275, 'learning_rate': 0.03462392275090235, 'num_leaves': 43, 'max_depth': 5, 'min_child_samples': 18, 'reg_alpha': 0.4280512969386189, 'reg_lambda': 0.06383806962379923}
    保存完了: ダート1200m_v5prime

  ダート1400m ...
    訓練 8486行 / テスト 2129行 / 特徴量 67列
    最良パラメータ: {'n_estimators': 347, 'learning_rate': 0.020467543734830815, 'num_leaves': 46, 'max_depth': 10, 'min_child_samples': 21, 'reg_alpha': 0.017784946468432317, 'reg_lambda': 0.03308362546133902}
    保存完了: ダート1400m_v5prime

  ダート1800m ...
    訓練 8486行 / テスト 2129行 / 特徴量 67列
    最良パラメータ: {'n_estimators': 347, 'learning_rate': 0.020467543734830815, 'num_leaves': 46, 'max_depth': 10, 'min_child_samples': 21, 'reg_alpha': 0.017784946468432317, 'reg_lambda': 0.03308362546133902}
    保存完了: ダート1800m_v5prime

  ダート1900m ...
    訓練 1326行 / テスト 340行 / 特徴量 67列
    最良パラメータ: {'n_estimators': 361, 'learning_rate': 0.008959042707720502, 'num_leaves': 38, 'max_depth': 4, 'min_child_samples': 6, 'reg_alpha': 0.0024198461178770677, 'reg_lambda': 0.19148623742082843}
    保存完了: ダート1900m_v5prime

=======================================================
[学習] 09_hanshin (place_id=9)
=======================================================

  芝1200m ...
    訓練 1484行 / テスト 387行 / 特徴量 67列
    最良パラメータ: {'n_estimators': 320, 'learning_rate': 0.02595131508847582, 'num_leaves': 45, 'max_depth': 7, 'min_child_samples': 14, 'reg_alpha': 0.17613763016070647, 'reg_lambda': 0.03323102927882457}
    保存完了: 芝1200m_v5prime

  芝1400m ...
    訓練 8685行 / テスト 2189行 / 特徴量 67列
    最良パラメータ: {'n_estimators': 417, 'learning_rate': 0.012402827729481794, 'num_leaves': 53, 'max_depth': 5, 'min_child_samples': 2, 'reg_alpha': 0.2418023488628785, 'reg_lambda': 0.6559402232999012}
    保存完了: 芝1400m_v5prime

  芝1600m ...
    訓練 8685行 / テスト 2189行 / 特徴量 67列
    最良パラメータ: {'n_estimators': 417, 'learning_rate': 0.012402827729481794, 'num_leaves': 53, 'max_depth': 5, 'min_child_samples': 2, 'reg_alpha': 0.2418023488628785, 'reg_lambda': 0.6559402232999012}
    保存完了: 芝1600m_v5prime

  芝1800m ...
    訓練 8685行 / テスト 2189行 / 特徴量 67列
    最良パラメータ: {'n_estimators': 417, 'learning_rate': 0.012402827729481794, 'num_leaves': 53, 'max_depth': 5, 'min_child_samples': 2, 'reg_alpha': 0.2418023488628785, 'reg_lambda': 0.6559402232999012}
    保存完了: 芝1800m_v5prime

  芝2000m ...
    訓練 2453行 / テスト 619行 / 特徴量 67列
    最良パラメータ: {'n_estimators': 205, 'learning_rate': 0.03068450959060492, 'num_leaves': 64, 'max_depth': 7, 'min_child_samples': 12, 'reg_alpha': 0.014792632276067088, 'reg_lambda': 0.010193136094091847}
    保存完了: 芝2000m_v5prime

  芝2200m ...
    訓練 1759行 / テスト 441行 / 特徴量 67列
    最良パラメータ: {'n_estimators': 347, 'learning_rate': 0.020467543734830815, 'num_leaves': 46, 'max_depth': 10, 'min_child_samples': 21, 'reg_alpha': 0.017784946468432317, 'reg_lambda': 0.03308362546133902}
    保存完了: 芝2200m_v5prime

  芝2400m ...
    訓練 1759行 / テスト 441行 / 特徴量 67列
    最良パラメータ: {'n_estimators': 347, 'learning_rate': 0.020467543734830815, 'num_leaves': 46, 'max_depth': 10, 'min_child_samples': 21, 'reg_alpha': 0.017784946468432317, 'reg_lambda': 0.03308362546133902}
    保存完了: 芝2400m_v5prime

  芝2600m ...
    訓練 1759行 / テスト 441行 / 特徴量 67列
    最良パラメータ: {'n_estimators': 347, 'learning_rate': 0.020467543734830815, 'num_leaves': 46, 'max_depth': 10, 'min_child_samples': 21, 'reg_alpha': 0.017784946468432317, 'reg_lambda': 0.03308362546133902}
    保存完了: 芝2600m_v5prime

  芝3000m ...
    訓練 150行 / テスト 41行 / 特徴量 67列
    最良パラメータ: {'n_estimators': 309, 'learning_rate': 0.01299068177733171, 'num_leaves': 28, 'max_depth': 9, 'min_child_samples': 8, 'reg_alpha': 0.09473572117188851, 'reg_lambda': 0.0011623432943295802}
    保存完了: 芝3000m_v5prime

  ダート1200m ...
    訓練 4766行 / テスト 1201行 / 特徴量 67列
    最良パラメータ: {'n_estimators': 457, 'learning_rate': 0.04598675496284059, 'num_leaves': 34, 'max_depth': 9, 'min_child_samples': 17, 'reg_alpha': 0.09444083473101433, 'reg_lambda': 1.653528726720999}
    保存完了: ダート1200m_v5prime

  ダート1400m ...
    訓練 13770行 / テスト 3443行 / 特徴量 67列
    最良パラメータ: {'n_estimators': 411, 'learning_rate': 0.011249389838661935, 'num_leaves': 37, 'max_depth': 10, 'min_child_samples': 2, 'reg_alpha': 0.0010255501573352807, 'reg_lambda': 0.0010392393237707222}
    保存完了: ダート1400m_v5prime

  ダート1800m ...
    訓練 13770行 / テスト 3443行 / 特徴量 67列
    最良パラメータ: {'n_estimators': 411, 'learning_rate': 0.011249389838661935, 'num_leaves': 37, 'max_depth': 10, 'min_child_samples': 2, 'reg_alpha': 0.0010255501573352807, 'reg_lambda': 0.0010392393237707222}
    保存完了: ダート1800m_v5prime

  ダート2000m ...
    訓練 1344行 / テスト 341行 / 特徴量 67列
    最良パラメータ: {'n_estimators': 232, 'learning_rate': 0.01083556406814269, 'num_leaves': 36, 'max_depth': 4, 'min_child_samples': 3, 'reg_alpha': 0.0017187236597393579, 'reg_lambda': 0.20566496471276505}
    保存完了: ダート2000m_v5prime

=======================================================
[学習] 10_kokura (place_id=10)
=======================================================

  芝1200m ...
    訓練 5914行 / テスト 1498行 / 特徴量 67列
    最良パラメータ: {'n_estimators': 457, 'learning_rate': 0.04598675496284059, 'num_leaves': 34, 'max_depth': 9, 'min_child_samples': 17, 'reg_alpha': 0.09444083473101433, 'reg_lambda': 1.653528726720999}
    保存完了: 芝1200m_v5prime

  芝1700m ...
    訓練 2915行 / テスト 738行 / 特徴量 67列
    最良パラメータ: {'n_estimators': 457, 'learning_rate': 0.04598675496284059, 'num_leaves': 34, 'max_depth': 9, 'min_child_samples': 17, 'reg_alpha': 0.09444083473101433, 'reg_lambda': 1.653528726720999}
    保存完了: 芝1700m_v5prime

  芝1800m ...
    訓練 2915行 / テスト 738行 / 特徴量 67列
    最良パラメータ: {'n_estimators': 457, 'learning_rate': 0.04598675496284059, 'num_leaves': 34, 'max_depth': 9, 'min_child_samples': 17, 'reg_alpha': 0.09444083473101433, 'reg_lambda': 1.653528726720999}
    保存完了: 芝1800m_v5prime

  芝2000m ...
    訓練 2757行 / テスト 690行 / 特徴量 67列
    最良パラメータ: {'n_estimators': 457, 'learning_rate': 0.04598675496284059, 'num_leaves': 34, 'max_depth': 9, 'min_child_samples': 17, 'reg_alpha': 0.09444083473101433, 'reg_lambda': 1.653528726720999}
    保存完了: 芝2000m_v5prime

  芝2600m ...
    訓練 691行 / テスト 178行 / 特徴量 67列
    最良パラメータ: {'n_estimators': 490, 'learning_rate': 0.028063250871245404, 'num_leaves': 63, 'max_depth': 7, 'min_child_samples': 24, 'reg_alpha': 0.010552356776387, 'reg_lambda': 0.11482466522381679}
    保存完了: 芝2600m_v5prime

  ダート1000m ...
    訓練 2089行 / テスト 530行 / 特徴量 67列
    最良パラメータ: {'n_estimators': 245, 'learning_rate': 0.018585180132685557, 'num_leaves': 37, 'max_depth': 10, 'min_child_samples': 4, 'reg_alpha': 0.00532463457929216, 'reg_lambda': 0.0036382518028858744}
    保存完了: ダート1000m_v5prime

  ダート1700m ...
    訓練 5093行 / テスト 1290行 / 特徴量 67列
    最良パラメータ: {'n_estimators': 481, 'learning_rate': 0.04774816432813516, 'num_leaves': 62, 'max_depth': 6, 'min_child_samples': 29, 'reg_alpha': 0.046383763805220656, 'reg_lambda': 0.36271909307406064}
    保存完了: ダート1700m_v5prime

  ダート2400m ...
    訓練 131行 / テスト 35行 / 特徴量 67列
    最良パラメータ: {'n_estimators': 437, 'learning_rate': 0.007833954715103217, 'num_leaves': 29, 'max_depth': 8, 'min_child_samples': 8, 'reg_alpha': 0.027303883295203696, 'reg_lambda': 0.005252469243433545}
    保存完了: ダート2400m_v5prime

=======================================================
完了
=======================================================
