=======================================================
v6hit_binary モデル学習（binary classification・1着予測）
対象場: 全10場  訓練年: 2020～2026
=======================================================

=======================================================
[学習] 01_sapporo (place_id=1)
=======================================================

  芝1000m ...
    訓練 1754行 / テスト 439行 / 1着率 0.074
    最良パラメータ: {'n_estimators': 417, 'learning_rate': 0.00649449881811442, 'num_leaves': 35, 'max_depth': 5, 'min_child_samples': 3, 'reg_alpha': 0.015134853256347535, 'reg_lambda': 0.295646217082814, 'scale_pos_weight': 1.0123134774397313}
    保存完了: c:\keiba_ai\keiba_ai_ver3.0\data\prediction\models\01_sapporo\turf1000_lambdarank_model_v6hit_binary.txt

  芝1200m ...
    訓練 1754行 / テスト 439行 / 1着率 0.074
    最良パラメータ: {'n_estimators': 417, 'learning_rate': 0.00649449881811442, 'num_leaves': 35, 'max_depth': 5, 'min_child_samples': 3, 'reg_alpha': 0.015134853256347535, 'reg_lambda': 0.295646217082814, 'scale_pos_weight': 1.0123134774397313}
    保存完了: c:\keiba_ai\keiba_ai_ver3.0\data\prediction\models\01_sapporo\turf1200_lambdarank_model_v6hit_binary.txt

  芝1500m ...
    訓練 2273行 / テスト 569行 / 1着率 0.087
    最良パラメータ: {'n_estimators': 405, 'learning_rate': 0.007793938873502456, 'num_leaves': 30, 'max_depth': 5, 'min_child_samples': 3, 'reg_alpha': 0.021720389661735947, 'reg_lambda': 0.24393677366745484, 'scale_pos_weight': 1.157033755082567}
    保存完了: c:\keiba_ai\keiba_ai_ver3.0\data\prediction\models\01_sapporo\turf1500_lambdarank_model_v6hit_binary.txt

  芝1800m ...
    訓練 2273行 / テスト 569行 / 1着率 0.087
    最良パラメータ: {'n_estimators': 405, 'learning_rate': 0.007793938873502456, 'num_leaves': 30, 'max_depth': 5, 'min_child_samples': 3, 'reg_alpha': 0.021720389661735947, 'reg_lambda': 0.24393677366745484, 'scale_pos_weight': 1.157033755082567}
    保存完了: c:\keiba_ai\keiba_ai_ver3.0\data\prediction\models\01_sapporo\turf1800_lambdarank_model_v6hit_binary.txt

  芝2000m ...
    訓練 1424行 / テスト 357行 / 1着率 0.077
    最良パラメータ: {'n_estimators': 417, 'learning_rate': 0.00529123982255093, 'num_leaves': 62, 'max_depth': 5, 'min_child_samples': 2, 'reg_alpha': 0.012666662576822873, 'reg_lambda': 0.7964548229809731, 'scale_pos_weight': 1.1687695786136059}
    保存完了: c:\keiba_ai\keiba_ai_ver3.0\data\prediction\models\01_sapporo\turf2000_lambdarank_model_v6hit_binary.txt

  芝2600m ...
    訓練 527行 / テスト 132行 / 1着率 0.082
    最良パラメータ: {'n_estimators': 282, 'learning_rate': 0.018509894916536547, 'num_leaves': 16, 'max_depth': 7, 'min_child_samples': 19, 'reg_alpha': 0.13968646061027282, 'reg_lambda': 1.912170011585717, 'scale_pos_weight': 13.954585682966185}
    保存完了: c:\keiba_ai\keiba_ai_ver3.0\data\prediction\models\01_sapporo\turf2600_lambdarank_model_v6hit_binary.txt

  ダート1000m ...
    訓練 978行 / テスト 245行 / 1着率 0.087
    最良パラメータ: {'n_estimators': 337, 'learning_rate': 0.026836598696876497, 'num_leaves': 27, 'max_depth': 9, 'min_child_samples': 14, 'reg_alpha': 0.034471570430353655, 'reg_lambda': 0.06718052314415424, 'scale_pos_weight': 14.916538770111263}
    保存完了: c:\keiba_ai\keiba_ai_ver3.0\data\prediction\models\01_sapporo\dirt1000_lambdarank_model_v6hit_binary.txt

  ダート1700m ...
    訓練 3112行 / テスト 779行 / 1着率 0.076
    最良パラメータ: {'n_estimators': 375, 'learning_rate': 0.027969028453846256, 'num_leaves': 25, 'max_depth': 6, 'min_child_samples': 7, 'reg_alpha': 0.059974420207602304, 'reg_lambda': 0.145271578666017, 'scale_pos_weight': 1.0165259707282877}
    保存完了: c:\keiba_ai\keiba_ai_ver3.0\data\prediction\models\01_sapporo\dirt1700_lambdarank_model_v6hit_binary.txt

  ダート2400m ...
    訓練 111行 / テスト 28行 / 1着率 0.090
    最良パラメータ: {'n_estimators': 456, 'learning_rate': 0.00693883400599407, 'num_leaves': 31, 'max_depth': 6, 'min_child_samples': 2, 'reg_alpha': 0.007461733717998688, 'reg_lambda': 0.703990008538018, 'scale_pos_weight': 6.693915723782215}
    保存完了: c:\keiba_ai\keiba_ai_ver3.0\data\prediction\models\01_sapporo\dirt2400_lambdarank_model_v6hit_binary.txt

=======================================================
[学習] 02_hakodate (place_id=2)
=======================================================

  芝1000m ...
    訓練 2764行 / テスト 692行 / 1着率 0.079
    最良パラメータ: {'n_estimators': 499, 'learning_rate': 0.04930480232815032, 'num_leaves': 62, 'max_depth': 8, 'min_child_samples': 11, 'reg_alpha': 2.521998215988086, 'reg_lambda': 0.0010627474504215676, 'scale_pos_weight': 1.011129343915962}
    保存完了: c:\keiba_ai\keiba_ai_ver3.0\data\prediction\models\02_hakodate\turf1000_lambdarank_model_v6hit_binary.txt

  芝1200m ...
    訓練 2764行 / テスト 692行 / 1着率 0.079
    最良パラメータ: {'n_estimators': 499, 'learning_rate': 0.04930480232815032, 'num_leaves': 62, 'max_depth': 8, 'min_child_samples': 11, 'reg_alpha': 2.521998215988086, 'reg_lambda': 0.0010627474504215676, 'scale_pos_weight': 1.011129343915962}
    保存完了: c:\keiba_ai\keiba_ai_ver3.0\data\prediction\models\02_hakodate\turf1200_lambdarank_model_v6hit_binary.txt

  芝1800m ...
    訓練 1268行 / テスト 317行 / 1着率 0.081
    最良パラメータ: {'n_estimators': 453, 'learning_rate': 0.030654960475474297, 'num_leaves': 48, 'max_depth': 9, 'min_child_samples': 25, 'reg_alpha': 0.059974420207602304, 'reg_lambda': 0.014314621423100133, 'scale_pos_weight': 1.022283872078767}
    保存完了: c:\keiba_ai\keiba_ai_ver3.0\data\prediction\models\02_hakodate\turf1800_lambdarank_model_v6hit_binary.txt

  芝2000m ...
    訓練 890行 / テスト 223行 / 1着率 0.080
    最良パラメータ: {'n_estimators': 320, 'learning_rate': 0.02595131508847582, 'num_leaves': 45, 'max_depth': 7, 'min_child_samples': 14, 'reg_alpha': 0.17613763016070647, 'reg_lambda': 0.03323102927882457, 'scale_pos_weight': 17.943687014859517}
    保存完了: c:\keiba_ai\keiba_ai_ver3.0\data\prediction\models\02_hakodate\turf2000_lambdarank_model_v6hit_binary.txt

  芝2600m ...
    訓練 372行 / テスト 93行 / 1着率 0.081
    最良パラメータ: {'n_estimators': 349, 'learning_rate': 0.006841270260087555, 'num_leaves': 24, 'max_depth': 6, 'min_child_samples': 11, 'reg_alpha': 0.0068047037596465475, 'reg_lambda': 0.054202515659413655, 'scale_pos_weight': 6.61313930845345}
    保存完了: c:\keiba_ai\keiba_ai_ver3.0\data\prediction\models\02_hakodate\turf2600_lambdarank_model_v6hit_binary.txt

  ダート1000m ...
    訓練 1115行 / テスト 279行 / 1着率 0.088
    最良パラメータ: {'n_estimators': 396, 'learning_rate': 0.04930480232815032, 'num_leaves': 61, 'max_depth': 3, 'min_child_samples': 10, 'reg_alpha': 0.016851827633627303, 'reg_lambda': 0.0011127901187522767, 'scale_pos_weight': 1.0130984003286123}
    保存完了: c:\keiba_ai\keiba_ai_ver3.0\data\prediction\models\02_hakodate\dirt1000_lambdarank_model_v6hit_binary.txt

  ダート1700m ...
    訓練 2303行 / テスト 576行 / 1着率 0.080
    最良パラメータ: {'n_estimators': 371, 'learning_rate': 0.03641808475853459, 'num_leaves': 24, 'max_depth': 9, 'min_child_samples': 4, 'reg_alpha': 0.0010357206437068233, 'reg_lambda': 0.0028035470550794336, 'scale_pos_weight': 1.3390084049513455}
    保存完了: c:\keiba_ai\keiba_ai_ver3.0\data\prediction\models\02_hakodate\dirt1700_lambdarank_model_v6hit_binary.txt

  ダート2400m ...
    訓練 120行 / テスト 31行 / 1着率 0.100
    最良パラメータ: {'n_estimators': 327, 'learning_rate': 0.037522887548684325, 'num_leaves': 31, 'max_depth': 5, 'min_child_samples': 4, 'reg_alpha': 0.0010564684129521851, 'reg_lambda': 0.12016904532843233, 'scale_pos_weight': 1.0551528790852833}
    保存完了: c:\keiba_ai\keiba_ai_ver3.0\data\prediction\models\02_hakodate\dirt2400_lambdarank_model_v6hit_binary.txt

=======================================================
[学習] 03_fukushima (place_id=3)
=======================================================

  芝1200m ...
    訓練 3883行 / テスト 971行 / 1着率 0.068
    最良パラメータ: {'n_estimators': 417, 'learning_rate': 0.00649449881811442, 'num_leaves': 38, 'max_depth': 4, 'min_child_samples': 8, 'reg_alpha': 0.009743461256037308, 'reg_lambda': 0.37443328952637567, 'scale_pos_weight': 1.018759088282641}
    保存完了: c:\keiba_ai\keiba_ai_ver3.0\data\prediction\models\03_fukushima\turf1200_lambdarank_model_v6hit_binary.txt

  芝1800m ...
    訓練 2128行 / テスト 532行 / 1着率 0.070
    最良パラメータ: {'n_estimators': 375, 'learning_rate': 0.04582738321119936, 'num_leaves': 37, 'max_depth': 4, 'min_child_samples': 27, 'reg_alpha': 0.059974420207602304, 'reg_lambda': 0.1052665054095828, 'scale_pos_weight': 1.0165259707282877}
    保存完了: c:\keiba_ai\keiba_ai_ver3.0\data\prediction\models\03_fukushima\turf1800_lambdarank_model_v6hit_binary.txt

  芝2000m ...
    訓練 1799行 / テスト 450行 / 1着率 0.071
    最良パラメータ: {'n_estimators': 396, 'learning_rate': 0.04930480232815032, 'num_leaves': 61, 'max_depth': 3, 'min_child_samples': 10, 'reg_alpha': 0.016851827633627303, 'reg_lambda': 0.0011127901187522767, 'scale_pos_weight': 1.0130984003286123}
    保存完了: c:\keiba_ai\keiba_ai_ver3.0\data\prediction\models\03_fukushima\turf2000_lambdarank_model_v6hit_binary.txt

  芝2600m ...
    訓練 797行 / テスト 200行 / 1着率 0.074
    最良パラメータ: {'n_estimators': 399, 'learning_rate': 0.007561381809659511, 'num_leaves': 36, 'max_depth': 6, 'min_child_samples': 25, 'reg_alpha': 0.019624211596310753, 'reg_lambda': 0.0010627474504215676, 'scale_pos_weight': 1.011129343915962}
    保存完了: c:\keiba_ai\keiba_ai_ver3.0\data\prediction\models\03_fukushima\turf2600_lambdarank_model_v6hit_binary.txt

  ダート1150m ...
    訓練 2648行 / テスト 663行 / 1着率 0.066
    最良パラメータ: {'n_estimators': 375, 'learning_rate': 0.04582738321119936, 'num_leaves': 37, 'max_depth': 4, 'min_child_samples': 27, 'reg_alpha': 0.059974420207602304, 'reg_lambda': 0.1052665054095828, 'scale_pos_weight': 1.0165259707282877}
    保存完了: c:\keiba_ai\keiba_ai_ver3.0\data\prediction\models\03_fukushima\dirt1150_lambdarank_model_v6hit_binary.txt

  ダート1700m ...
    訓練 4008行 / テスト 1002行 / 1着率 0.069
    最良パラメータ: {'n_estimators': 422, 'learning_rate': 0.04960031596941324, 'num_leaves': 30, 'max_depth': 8, 'min_child_samples': 9, 'reg_alpha': 0.021762320987542598, 'reg_lambda': 0.001231063297966399, 'scale_pos_weight': 1.157033755082567}
    保存完了: c:\keiba_ai\keiba_ai_ver3.0\data\prediction\models\03_fukushima\dirt1700_lambdarank_model_v6hit_binary.txt

  ダート2400m ...
    訓練 115行 / テスト 29行 / 1着率 0.078
    最良パラメータ: {'n_estimators': 407, 'learning_rate': 0.04566740578759215, 'num_leaves': 62, 'max_depth': 4, 'min_child_samples': 4, 'reg_alpha': 0.014724724537213607, 'reg_lambda': 0.0011472667786199626, 'scale_pos_weight': 1.0123175478342876}
    保存完了: c:\keiba_ai\keiba_ai_ver3.0\data\prediction\models\03_fukushima\dirt2400_lambdarank_model_v6hit_binary.txt

=======================================================
[学習] 04_nigata (place_id=4)
=======================================================

  芝1000m ...
    訓練 3290行 / テスト 823行 / 1着率 0.062
    最良パラメータ: {'n_estimators': 422, 'learning_rate': 0.04960031596941324, 'num_leaves': 30, 'max_depth': 8, 'min_child_samples': 9, 'reg_alpha': 0.021762320987542598, 'reg_lambda': 0.001231063297966399, 'scale_pos_weight': 1.157033755082567}
    保存完了: c:\keiba_ai\keiba_ai_ver3.0\data\prediction\models\04_nigata\turf1000_lambdarank_model_v6hit_binary.txt

  芝1200m ...
    訓練 3290行 / テスト 823行 / 1着率 0.062
    最良パラメータ: {'n_estimators': 422, 'learning_rate': 0.04960031596941324, 'num_leaves': 30, 'max_depth': 8, 'min_child_samples': 9, 'reg_alpha': 0.021762320987542598, 'reg_lambda': 0.001231063297966399, 'scale_pos_weight': 1.157033755082567}
    保存完了: c:\keiba_ai\keiba_ai_ver3.0\data\prediction\models\04_nigata\turf1200_lambdarank_model_v6hit_binary.txt

  芝1400m ...
    訓練 6195行 / テスト 1549行 / 1着率 0.067
    最良パラメータ: {'n_estimators': 375, 'learning_rate': 0.027969028453846256, 'num_leaves': 25, 'max_depth': 6, 'min_child_samples': 7, 'reg_alpha': 0.059974420207602304, 'reg_lambda': 0.145271578666017, 'scale_pos_weight': 1.0165259707282877}
    保存完了: c:\keiba_ai\keiba_ai_ver3.0\data\prediction\models\04_nigata\turf1400_lambdarank_model_v6hit_binary.txt

  芝1600m ...
    訓練 6195行 / テスト 1549行 / 1着率 0.067
    最良パラメータ: {'n_estimators': 375, 'learning_rate': 0.027969028453846256, 'num_leaves': 25, 'max_depth': 6, 'min_child_samples': 7, 'reg_alpha': 0.059974420207602304, 'reg_lambda': 0.145271578666017, 'scale_pos_weight': 1.0165259707282877}
    保存完了: c:\keiba_ai\keiba_ai_ver3.0\data\prediction\models\04_nigata\turf1600_lambdarank_model_v6hit_binary.txt

  芝1800m ...
    訓練 6195行 / テスト 1549行 / 1着率 0.067
    最良パラメータ: {'n_estimators': 375, 'learning_rate': 0.027969028453846256, 'num_leaves': 25, 'max_depth': 6, 'min_child_samples': 7, 'reg_alpha': 0.059974420207602304, 'reg_lambda': 0.145271578666017, 'scale_pos_weight': 1.0165259707282877}
    保存完了: c:\keiba_ai\keiba_ai_ver3.0\data\prediction\models\04_nigata\turf1800_lambdarank_model_v6hit_binary.txt

  芝2000m ...
    訓練 1832行 / テスト 458行 / 1着率 0.074
    最良パラメータ: {'n_estimators': 396, 'learning_rate': 0.04930480232815032, 'num_leaves': 61, 'max_depth': 3, 'min_child_samples': 10, 'reg_alpha': 0.016851827633627303, 'reg_lambda': 0.0011127901187522767, 'scale_pos_weight': 1.0130984003286123}
    保存完了: c:\keiba_ai\keiba_ai_ver3.0\data\prediction\models\04_nigata\turf2000_lambdarank_model_v6hit_binary.txt

  芝2200m ...
    訓練 1019行 / テスト 255行 / 1着率 0.076
    最良パラメータ: {'n_estimators': 206, 'learning_rate': 0.03324751297451666, 'num_leaves': 31, 'max_depth': 10, 'min_child_samples': 15, 'reg_alpha': 0.014188780687579002, 'reg_lambda': 0.1334022931553898, 'scale_pos_weight': 11.401592768523164}
    保存完了: c:\keiba_ai\keiba_ai_ver3.0\data\prediction\models\04_nigata\turf2200_lambdarank_model_v6hit_binary.txt

  芝2400m ...
    訓練 1019行 / テスト 255行 / 1着率 0.076
    最良パラメータ: {'n_estimators': 206, 'learning_rate': 0.03324751297451666, 'num_leaves': 31, 'max_depth': 10, 'min_child_samples': 15, 'reg_alpha': 0.014188780687579002, 'reg_lambda': 0.1334022931553898, 'scale_pos_weight': 11.401592768523164}
    保存完了: c:\keiba_ai\keiba_ai_ver3.0\data\prediction\models\04_nigata\turf2400_lambdarank_model_v6hit_binary.txt

  ダート1200m ...
    訓練 4524行 / テスト 1132行 / 1着率 0.070
    最良パラメータ: {'n_estimators': 396, 'learning_rate': 0.04930480232815032, 'num_leaves': 61, 'max_depth': 3, 'min_child_samples': 10, 'reg_alpha': 0.016851827633627303, 'reg_lambda': 0.0011127901187522767, 'scale_pos_weight': 1.0130984003286123}
    保存完了: c:\keiba_ai\keiba_ai_ver3.0\data\prediction\models\04_nigata\dirt1200_lambdarank_model_v6hit_binary.txt

  ダート1800m ...
    訓練 5348行 / テスト 1338行 / 1着率 0.073
    最良パラメータ: {'n_estimators': 375, 'learning_rate': 0.027969028453846256, 'num_leaves': 25, 'max_depth': 6, 'min_child_samples': 7, 'reg_alpha': 0.059974420207602304, 'reg_lambda': 0.145271578666017, 'scale_pos_weight': 1.0165259707282877}
    保存完了: c:\keiba_ai\keiba_ai_ver3.0\data\prediction\models\04_nigata\dirt1800_lambdarank_model_v6hit_binary.txt

  ダート2500m ...
    訓練 84行 / テスト 21行 / 1着率 0.095
    最良パラメータ: {'n_estimators': 173, 'learning_rate': 0.008330086028502466, 'num_leaves': 29, 'max_depth': 9, 'min_child_samples': 5, 'reg_alpha': 0.0552771267965876, 'reg_lambda': 0.0012396904506198113, 'scale_pos_weight': 18.972348570018408}
    保存完了: c:\keiba_ai\keiba_ai_ver3.0\data\prediction\models\04_nigata\dirt2500_lambdarank_model_v6hit_binary.txt

=======================================================
[学習] 05_tokyo (place_id=5)
=======================================================

  芝1400m ...
    訓練 13061行 / テスト 3266行 / 1着率 0.072
    最良パラメータ: {'n_estimators': 375, 'learning_rate': 0.027969028453846256, 'num_leaves': 25, 'max_depth': 6, 'min_child_samples': 7, 'reg_alpha': 0.059974420207602304, 'reg_lambda': 0.145271578666017, 'scale_pos_weight': 1.0165259707282877}
    保存完了: c:\keiba_ai\keiba_ai_ver3.0\data\prediction\models\05_tokyo\turf1400_lambdarank_model_v6hit_binary.txt

  芝1600m ...
    訓練 13061行 / テスト 3266行 / 1着率 0.072
    最良パラメータ: {'n_estimators': 375, 'learning_rate': 0.027969028453846256, 'num_leaves': 25, 'max_depth': 6, 'min_child_samples': 7, 'reg_alpha': 0.059974420207602304, 'reg_lambda': 0.145271578666017, 'scale_pos_weight': 1.0165259707282877}
    保存完了: c:\keiba_ai\keiba_ai_ver3.0\data\prediction\models\05_tokyo\turf1600_lambdarank_model_v6hit_binary.txt

  芝1800m ...
    訓練 13061行 / テスト 3266行 / 1着率 0.072
    最良パラメータ: {'n_estimators': 375, 'learning_rate': 0.027969028453846256, 'num_leaves': 25, 'max_depth': 6, 'min_child_samples': 7, 'reg_alpha': 0.059974420207602304, 'reg_lambda': 0.145271578666017, 'scale_pos_weight': 1.0165259707282877}
    保存完了: c:\keiba_ai\keiba_ai_ver3.0\data\prediction\models\05_tokyo\turf1800_lambdarank_model_v6hit_binary.txt

  芝2000m ...
    訓練 2525行 / テスト 632行 / 1着率 0.086
    最良パラメータ: {'n_estimators': 399, 'learning_rate': 0.007561381809659511, 'num_leaves': 36, 'max_depth': 6, 'min_child_samples': 25, 'reg_alpha': 0.019624211596310753, 'reg_lambda': 0.0010627474504215676, 'scale_pos_weight': 1.011129343915962}
    保存完了: c:\keiba_ai\keiba_ai_ver3.0\data\prediction\models\05_tokyo\turf2000_lambdarank_model_v6hit_binary.txt

  芝2300m ...
    訓練 2272行 / テスト 568行 / 1着率 0.081
    最良パラメータ: {'n_estimators': 446, 'learning_rate': 0.04582738321119936, 'num_leaves': 16, 'max_depth': 5, 'min_child_samples': 21, 'reg_alpha': 0.00815094298858807, 'reg_lambda': 0.1052665054095828, 'scale_pos_weight': 1.016529253790149}
    保存完了: c:\keiba_ai\keiba_ai_ver3.0\data\prediction\models\05_tokyo\turf2300_lambdarank_model_v6hit_binary.txt

  芝2400m ...
    訓練 2272行 / テスト 568行 / 1着率 0.081
    最良パラメータ: {'n_estimators': 446, 'learning_rate': 0.04582738321119936, 'num_leaves': 16, 'max_depth': 5, 'min_child_samples': 21, 'reg_alpha': 0.00815094298858807, 'reg_lambda': 0.1052665054095828, 'scale_pos_weight': 1.016529253790149}
    保存完了: c:\keiba_ai\keiba_ai_ver3.0\data\prediction\models\05_tokyo\turf2400_lambdarank_model_v6hit_binary.txt

  芝2500m ...
    訓練 2272行 / テスト 568行 / 1着率 0.081
    最良パラメータ: {'n_estimators': 446, 'learning_rate': 0.04582738321119936, 'num_leaves': 16, 'max_depth': 5, 'min_child_samples': 21, 'reg_alpha': 0.00815094298858807, 'reg_lambda': 0.1052665054095828, 'scale_pos_weight': 1.016529253790149}
    保存完了: c:\keiba_ai\keiba_ai_ver3.0\data\prediction\models\05_tokyo\turf2500_lambdarank_model_v6hit_binary.txt

  芝3400m ...
    訓練 82行 / テスト 21行 / 1着率 0.073
    最良パラメータ: {'n_estimators': 288, 'learning_rate': 0.038760880605210685, 'num_leaves': 31, 'max_depth': 9, 'min_child_samples': 4, 'reg_alpha': 0.006905361701910309, 'reg_lambda': 0.001248289083627457, 'scale_pos_weight': 6.347594667043549}
    保存完了: c:\keiba_ai\keiba_ai_ver3.0\data\prediction\models\05_tokyo\turf3400_lambdarank_model_v6hit_binary.txt

  ダート1300m ...
    訓練 1929行 / テスト 483行 / 1着率 0.065
    最良パラメータ: {'n_estimators': 424, 'learning_rate': 0.043975783950893556, 'num_leaves': 32, 'max_depth': 8, 'min_child_samples': 12, 'reg_alpha': 0.022111729550311314, 'reg_lambda': 0.0010558197973323977, 'scale_pos_weight': 1.0123134774397313}
    保存完了: c:\keiba_ai\keiba_ai_ver3.0\data\prediction\models\05_tokyo\dirt1300_lambdarank_model_v6hit_binary.txt

  ダート1400m ...
    訓練 16506行 / テスト 4127行 / 1着率 0.066
    最良パラメータ: {'n_estimators': 375, 'learning_rate': 0.027969028453846256, 'num_leaves': 25, 'max_depth': 6, 'min_child_samples': 7, 'reg_alpha': 0.059974420207602304, 'reg_lambda': 0.145271578666017, 'scale_pos_weight': 1.0165259707282877}
    保存完了: c:\keiba_ai\keiba_ai_ver3.0\data\prediction\models\05_tokyo\dirt1400_lambdarank_model_v6hit_binary.txt

  ダート1600m ...
    訓練 16506行 / テスト 4127行 / 1着率 0.066
    最良パラメータ: {'n_estimators': 375, 'learning_rate': 0.027969028453846256, 'num_leaves': 25, 'max_depth': 6, 'min_child_samples': 7, 'reg_alpha': 0.059974420207602304, 'reg_lambda': 0.145271578666017, 'scale_pos_weight': 1.0165259707282877}
    保存完了: c:\keiba_ai\keiba_ai_ver3.0\data\prediction\models\05_tokyo\dirt1600_lambdarank_model_v6hit_binary.txt

  ダート2100m ...
    訓練 2926行 / テスト 732行 / 1着率 0.069
    最良パラメータ: {'n_estimators': 369, 'learning_rate': 0.04582738321119936, 'num_leaves': 36, 'max_depth': 4, 'min_child_samples': 4, 'reg_alpha': 0.059974420207602304, 'reg_lambda': 0.053785008752723344, 'scale_pos_weight': 1.0165259707282877}
    保存完了: c:\keiba_ai\keiba_ai_ver3.0\data\prediction\models\05_tokyo\dirt2100_lambdarank_model_v6hit_binary.txt

  ダート2400m ...
    v4データなし: スキップ

=======================================================
[学習] 06_nakayama (place_id=6)
=======================================================

  芝1200m ...
    訓練 2571行 / テスト 643行 / 1着率 0.068
    最良パラメータ: {'n_estimators': 391, 'learning_rate': 0.0072430613261538134, 'num_leaves': 34, 'max_depth': 5, 'min_child_samples': 4, 'reg_alpha': 0.01966042356044561, 'reg_lambda': 0.4591588095070738, 'scale_pos_weight': 1.011129343915962}
    保存完了: c:\keiba_ai\keiba_ai_ver3.0\data\prediction\models\06_nakayama\turf1200_lambdarank_model_v6hit_binary.txt

  芝1600m ...
    訓練 7183行 / テスト 1796行 / 1着率 0.072
    最良パラメータ: {'n_estimators': 499, 'learning_rate': 0.04930480232815032, 'num_leaves': 33, 'max_depth': 8, 'min_child_samples': 11, 'reg_alpha': 0.019707302916892603, 'reg_lambda': 0.0010627474504215676, 'scale_pos_weight': 1.011129343915962}
    保存完了: c:\keiba_ai\keiba_ai_ver3.0\data\prediction\models\06_nakayama\turf1600_lambdarank_model_v6hit_binary.txt

  芝1800m ...
    訓練 7183行 / テスト 1796行 / 1着率 0.072
    最良パラメータ: {'n_estimators': 499, 'learning_rate': 0.04930480232815032, 'num_leaves': 33, 'max_depth': 8, 'min_child_samples': 11, 'reg_alpha': 0.019707302916892603, 'reg_lambda': 0.0010627474504215676, 'scale_pos_weight': 1.011129343915962}
    保存完了: c:\keiba_ai\keiba_ai_ver3.0\data\prediction\models\06_nakayama\turf1800_lambdarank_model_v6hit_binary.txt

  芝2000m ...
    訓練 3721行 / テスト 931行 / 1着率 0.070
    最良パラメータ: {'n_estimators': 343, 'learning_rate': 0.0422250198230109, 'num_leaves': 16, 'max_depth': 8, 'min_child_samples': 2, 'reg_alpha': 0.007154333511217147, 'reg_lambda': 0.0028163422794155106, 'scale_pos_weight': 1.542746846131105}
    保存完了: c:\keiba_ai\keiba_ai_ver3.0\data\prediction\models\06_nakayama\turf2000_lambdarank_model_v6hit_binary.txt

  芝2200m ...
    訓練 2029行 / テスト 508行 / 1着率 0.074
    最良パラメータ: {'n_estimators': 438, 'learning_rate': 0.007883429798718011, 'num_leaves': 22, 'max_depth': 6, 'min_child_samples': 5, 'reg_alpha': 0.007154333511217147, 'reg_lambda': 0.15395993990843923, 'scale_pos_weight': 1.542746846131105}
    保存完了: c:\keiba_ai\keiba_ai_ver3.0\data\prediction\models\06_nakayama\turf2200_lambdarank_model_v6hit_binary.txt

  芝2500m ...
    訓練 2029行 / テスト 508行 / 1着率 0.074
    最良パラメータ: {'n_estimators': 438, 'learning_rate': 0.007883429798718011, 'num_leaves': 22, 'max_depth': 6, 'min_child_samples': 5, 'reg_alpha': 0.007154333511217147, 'reg_lambda': 0.15395993990843923, 'scale_pos_weight': 1.542746846131105}
    保存完了: c:\keiba_ai\keiba_ai_ver3.0\data\prediction\models\06_nakayama\turf2500_lambdarank_model_v6hit_binary.txt

  芝3600m ...
    訓練 68行 / テスト 18行 / 1着率 0.074
    最良パラメータ: {'n_estimators': 178, 'learning_rate': 0.01168678824351408, 'num_leaves': 56, 'max_depth': 3, 'min_child_samples': 6, 'reg_alpha': 0.0021584690047057415, 'reg_lambda': 2.484665673886663, 'scale_pos_weight': 9.904372831306329}
    保存完了: c:\keiba_ai\keiba_ai_ver3.0\data\prediction\models\06_nakayama\turf3600_lambdarank_model_v6hit_binary.txt

  ダート1200m ...
    訓練 10336行 / テスト 2585行 / 1着率 0.064
    最良パラメータ: {'n_estimators': 375, 'learning_rate': 0.027969028453846256, 'num_leaves': 25, 'max_depth': 6, 'min_child_samples': 15, 'reg_alpha': 0.059974420207602304, 'reg_lambda': 0.1052665054095828, 'scale_pos_weight': 1.0165259707282877}
    保存完了: c:\keiba_ai\keiba_ai_ver3.0\data\prediction\models\06_nakayama\dirt1200_lambdarank_model_v6hit_binary.txt

  ダート1800m ...
    訓練 10858行 / テスト 2715行 / 1着率 0.068
    最良パラメータ: {'n_estimators': 409, 'learning_rate': 0.00649449881811442, 'num_leaves': 32, 'max_depth': 8, 'min_child_samples': 24, 'reg_alpha': 0.022063728829552366, 'reg_lambda': 0.0010558197973323977, 'scale_pos_weight': 1.0123134774397313}
    保存完了: c:\keiba_ai\keiba_ai_ver3.0\data\prediction\models\06_nakayama\dirt1800_lambdarank_model_v6hit_binary.txt

  ダート2400m ...
    訓練 740行 / テスト 185行 / 1着率 0.074
    最良パラメータ: {'n_estimators': 439, 'learning_rate': 0.008643071219082135, 'num_leaves': 28, 'max_depth': 10, 'min_child_samples': 7, 'reg_alpha': 0.007096304420409051, 'reg_lambda': 0.002132700063453842, 'scale_pos_weight': 6.209466808087392}
    保存完了: c:\keiba_ai\keiba_ai_ver3.0\data\prediction\models\06_nakayama\dirt2400_lambdarank_model_v6hit_binary.txt

  ダート2500m ...
    訓練 740行 / テスト 185行 / 1着率 0.074
    最良パラメータ: {'n_estimators': 439, 'learning_rate': 0.008643071219082135, 'num_leaves': 28, 'max_depth': 10, 'min_child_samples': 7, 'reg_alpha': 0.007096304420409051, 'reg_lambda': 0.002132700063453842, 'scale_pos_weight': 6.209466808087392}
    保存完了: c:\keiba_ai\keiba_ai_ver3.0\data\prediction\models\06_nakayama\dirt2500_lambdarank_model_v6hit_binary.txt

=======================================================
[学習] 07_chukyo (place_id=7)
=======================================================

  芝1200m ...
    訓練 1716行 / テスト 430行 / 1着率 0.067
    最良パラメータ: {'n_estimators': 486, 'learning_rate': 0.012089588621664739, 'num_leaves': 54, 'max_depth': 7, 'min_child_samples': 18, 'reg_alpha': 1.653528726720999, 'reg_lambda': 0.0017660418375786328, 'scale_pos_weight': 2.6554566943292732}
    保存完了: c:\keiba_ai\keiba_ai_ver3.0\data\prediction\models\07_chukyo\turf1200_lambdarank_model_v6hit_binary.txt

  芝1400m ...
    訓練 5269行 / テスト 1318行 / 1着率 0.072
    最良パラメータ: {'n_estimators': 375, 'learning_rate': 0.027969028453846256, 'num_leaves': 25, 'max_depth': 6, 'min_child_samples': 15, 'reg_alpha': 0.059974420207602304, 'reg_lambda': 0.1052665054095828, 'scale_pos_weight': 1.0165259707282877}
    保存完了: c:\keiba_ai\keiba_ai_ver3.0\data\prediction\models\07_chukyo\turf1400_lambdarank_model_v6hit_binary.txt

  芝1600m ...
    訓練 5269行 / テスト 1318行 / 1着率 0.072
    最良パラメータ: {'n_estimators': 375, 'learning_rate': 0.027969028453846256, 'num_leaves': 25, 'max_depth': 6, 'min_child_samples': 15, 'reg_alpha': 0.059974420207602304, 'reg_lambda': 0.1052665054095828, 'scale_pos_weight': 1.0165259707282877}
    保存完了: c:\keiba_ai\keiba_ai_ver3.0\data\prediction\models\07_chukyo\turf1600_lambdarank_model_v6hit_binary.txt

  芝2000m ...
    訓練 3443行 / テスト 861行 / 1着率 0.082
    最良パラメータ: {'n_estimators': 499, 'learning_rate': 0.04930480232815032, 'num_leaves': 33, 'max_depth': 8, 'min_child_samples': 11, 'reg_alpha': 0.019707302916892603, 'reg_lambda': 0.0010627474504215676, 'scale_pos_weight': 1.011129343915962}
    保存完了: c:\keiba_ai\keiba_ai_ver3.0\data\prediction\models\07_chukyo\turf2000_lambdarank_model_v6hit_binary.txt

  芝2200m ...
    訓練 1410行 / テスト 353行 / 1着率 0.084
    最良パラメータ: {'n_estimators': 391, 'learning_rate': 0.0072430613261538134, 'num_leaves': 34, 'max_depth': 5, 'min_child_samples': 4, 'reg_alpha': 0.01966042356044561, 'reg_lambda': 0.4591588095070738, 'scale_pos_weight': 1.011129343915962}
    保存完了: c:\keiba_ai\keiba_ai_ver3.0\data\prediction\models\07_chukyo\turf2200_lambdarank_model_v6hit_binary.txt

  ダート1200m ...
    訓練 3329行 / テスト 833行 / 1着率 0.068
    最良パラメータ: {'n_estimators': 499, 'learning_rate': 0.04930480232815032, 'num_leaves': 62, 'max_depth': 8, 'min_child_samples': 11, 'reg_alpha': 2.521998215988086, 'reg_lambda': 0.0010627474504215676, 'scale_pos_weight': 1.011129343915962}
    保存完了: c:\keiba_ai\keiba_ai_ver3.0\data\prediction\models\07_chukyo\dirt1200_lambdarank_model_v6hit_binary.txt

  ダート1400m ...
    訓練 10282行 / テスト 2571行 / 1着率 0.074
    最良パラメータ: {'n_estimators': 424, 'learning_rate': 0.043975783950893556, 'num_leaves': 32, 'max_depth': 8, 'min_child_samples': 12, 'reg_alpha': 0.022111729550311314, 'reg_lambda': 0.0010558197973323977, 'scale_pos_weight': 1.0123134774397313}
    保存完了: c:\keiba_ai\keiba_ai_ver3.0\data\prediction\models\07_chukyo\dirt1400_lambdarank_model_v6hit_binary.txt

  ダート1800m ...
    訓練 10282行 / テスト 2571行 / 1着率 0.074
    最良パラメータ: {'n_estimators': 424, 'learning_rate': 0.043975783950893556, 'num_leaves': 32, 'max_depth': 8, 'min_child_samples': 12, 'reg_alpha': 0.022111729550311314, 'reg_lambda': 0.0010558197973323977, 'scale_pos_weight': 1.0123134774397313}
    保存完了: c:\keiba_ai\keiba_ai_ver3.0\data\prediction\models\07_chukyo\dirt1800_lambdarank_model_v6hit_binary.txt

  ダート1900m ...
    訓練 1897行 / テスト 475行 / 1着率 0.076
    最良パラメータ: {'n_estimators': 417, 'learning_rate': 0.04430170452807299, 'num_leaves': 62, 'max_depth': 9, 'min_child_samples': 23, 'reg_alpha': 2.299345036591219, 'reg_lambda': 0.001100278930814963, 'scale_pos_weight': 1.0123134774397313}
    保存完了: c:\keiba_ai\keiba_ai_ver3.0\data\prediction\models\07_chukyo\dirt1900_lambdarank_model_v6hit_binary.txt

=======================================================
[学習] 08_kyoto (place_id=8)
=======================================================

  芝1200m ...
    訓練 1176行 / テスト 295行 / 1着率 0.067
    最良パラメータ: {'n_estimators': 499, 'learning_rate': 0.0072430613261538134, 'num_leaves': 62, 'max_depth': 5, 'min_child_samples': 4, 'reg_alpha': 2.521998215988086, 'reg_lambda': 0.0011176136960611468, 'scale_pos_weight': 1.011129343915962}
    保存完了: c:\keiba_ai\keiba_ai_ver3.0\data\prediction\models\08_kyoto\turf1200_lambdarank_model_v6hit_binary.txt

  芝1400m ...
    訓練 6060行 / テスト 1516行 / 1着率 0.075
    最良パラメータ: {'n_estimators': 434, 'learning_rate': 0.02638316700080709, 'num_leaves': 37, 'max_depth': 6, 'min_child_samples': 15, 'reg_alpha': 0.059974420207602304, 'reg_lambda': 0.1052665054095828, 'scale_pos_weight': 1.016529253790149}
    保存完了: c:\keiba_ai\keiba_ai_ver3.0\data\prediction\models\08_kyoto\turf1400_lambdarank_model_v6hit_binary.txt

  芝1600m ...
    訓練 6060行 / テスト 1516行 / 1着率 0.075
    最良パラメータ: {'n_estimators': 434, 'learning_rate': 0.02638316700080709, 'num_leaves': 37, 'max_depth': 6, 'min_child_samples': 15, 'reg_alpha': 0.059974420207602304, 'reg_lambda': 0.1052665054095828, 'scale_pos_weight': 1.016529253790149}
    保存完了: c:\keiba_ai\keiba_ai_ver3.0\data\prediction\models\08_kyoto\turf1600_lambdarank_model_v6hit_binary.txt

  芝1800m ...
    訓練 6060行 / テスト 1516行 / 1着率 0.075
    最良パラメータ: {'n_estimators': 434, 'learning_rate': 0.02638316700080709, 'num_leaves': 37, 'max_depth': 6, 'min_child_samples': 15, 'reg_alpha': 0.059974420207602304, 'reg_lambda': 0.1052665054095828, 'scale_pos_weight': 1.016529253790149}
    保存完了: c:\keiba_ai\keiba_ai_ver3.0\data\prediction\models\08_kyoto\turf1800_lambdarank_model_v6hit_binary.txt

  芝2000m ...
    訓練 1706行 / テスト 427行 / 1着率 0.089
    最良パラメータ: {'n_estimators': 424, 'learning_rate': 0.043975783950893556, 'num_leaves': 32, 'max_depth': 8, 'min_child_samples': 12, 'reg_alpha': 0.022111729550311314, 'reg_lambda': 0.0010558197973323977, 'scale_pos_weight': 1.0123134774397313}
    保存完了: c:\keiba_ai\keiba_ai_ver3.0\data\prediction\models\08_kyoto\turf2000_lambdarank_model_v6hit_binary.txt

  芝2200m ...
    訓練 1272行 / テスト 318行 / 1着率 0.086
    最良パラメータ: {'n_estimators': 486, 'learning_rate': 0.012089588621664739, 'num_leaves': 54, 'max_depth': 7, 'min_child_samples': 18, 'reg_alpha': 1.653528726720999, 'reg_lambda': 0.0017660418375786328, 'scale_pos_weight': 2.6554566943292732}
    保存完了: c:\keiba_ai\keiba_ai_ver3.0\data\prediction\models\08_kyoto\turf2200_lambdarank_model_v6hit_binary.txt

  芝2400m ...
    訓練 1272行 / テスト 318行 / 1着率 0.086
    最良パラメータ: {'n_estimators': 486, 'learning_rate': 0.012089588621664739, 'num_leaves': 54, 'max_depth': 7, 'min_child_samples': 18, 'reg_alpha': 1.653528726720999, 'reg_lambda': 0.0017660418375786328, 'scale_pos_weight': 2.6554566943292732}
    保存完了: c:\keiba_ai\keiba_ai_ver3.0\data\prediction\models\08_kyoto\turf2400_lambdarank_model_v6hit_binary.txt

  芝3000m ...
    訓練 180行 / テスト 45行 / 1着率 0.067
    最良パラメータ: {'n_estimators': 416, 'learning_rate': 0.005018969333355401, 'num_leaves': 29, 'max_depth': 5, 'min_child_samples': 2, 'reg_alpha': 0.014607558591703604, 'reg_lambda': 0.47588684546283216, 'scale_pos_weight': 8.84882303110864}
    保存完了: c:\keiba_ai\keiba_ai_ver3.0\data\prediction\models\08_kyoto\turf3000_lambdarank_model_v6hit_binary.txt

  芝3200m ...
    訓練 180行 / テスト 45行 / 1着率 0.067
    最良パラメータ: {'n_estimators': 416, 'learning_rate': 0.005018969333355401, 'num_leaves': 29, 'max_depth': 5, 'min_child_samples': 2, 'reg_alpha': 0.014607558591703604, 'reg_lambda': 0.47588684546283216, 'scale_pos_weight': 8.84882303110864}
    保存完了: c:\keiba_ai\keiba_ai_ver3.0\data\prediction\models\08_kyoto\turf3200_lambdarank_model_v6hit_binary.txt

  ダート1200m ...
    訓練 2869行 / テスト 718行 / 1着率 0.068
    最良パラメータ: {'n_estimators': 409, 'learning_rate': 0.04960031596941324, 'num_leaves': 30, 'max_depth': 8, 'min_child_samples': 24, 'reg_alpha': 2.7542797383002404, 'reg_lambda': 0.001231063297966399, 'scale_pos_weight': 1.157033755082567}
    保存完了: c:\keiba_ai\keiba_ai_ver3.0\data\prediction\models\08_kyoto\dirt1200_lambdarank_model_v6hit_binary.txt

  ダート1400m ...
    訓練 8492行 / テスト 2123行 / 1着率 0.073
    最良パラメータ: {'n_estimators': 434, 'learning_rate': 0.02638316700080709, 'num_leaves': 37, 'max_depth': 6, 'min_child_samples': 15, 'reg_alpha': 0.059974420207602304, 'reg_lambda': 0.1052665054095828, 'scale_pos_weight': 1.016529253790149}
    保存完了: c:\keiba_ai\keiba_ai_ver3.0\data\prediction\models\08_kyoto\dirt1400_lambdarank_model_v6hit_binary.txt

  ダート1800m ...
    訓練 8492行 / テスト 2123行 / 1着率 0.073
    最良パラメータ: {'n_estimators': 434, 'learning_rate': 0.02638316700080709, 'num_leaves': 37, 'max_depth': 6, 'min_child_samples': 15, 'reg_alpha': 0.059974420207602304, 'reg_lambda': 0.1052665054095828, 'scale_pos_weight': 1.016529253790149}
    保存完了: c:\keiba_ai\keiba_ai_ver3.0\data\prediction\models\08_kyoto\dirt1800_lambdarank_model_v6hit_binary.txt

  ダート1900m ...
    訓練 1332行 / テスト 334行 / 1着率 0.077
    最良パラメータ: {'n_estimators': 486, 'learning_rate': 0.012089588621664739, 'num_leaves': 54, 'max_depth': 7, 'min_child_samples': 18, 'reg_alpha': 1.653528726720999, 'reg_lambda': 0.0017660418375786328, 'scale_pos_weight': 2.6554566943292732}
    保存完了: c:\keiba_ai\keiba_ai_ver3.0\data\prediction\models\08_kyoto\dirt1900_lambdarank_model_v6hit_binary.txt

=======================================================
[学習] 09_hanshin (place_id=9)
=======================================================

  芝1200m ...
    訓練 1496行 / テスト 375行 / 1着率 0.076
    最良パラメータ: {'n_estimators': 401, 'learning_rate': 0.015809297120877308, 'num_leaves': 35, 'max_depth': 5, 'min_child_samples': 10, 'reg_alpha': 0.46769768052221655, 'reg_lambda': 0.021601498695479407, 'scale_pos_weight': 1.0174260134659128}
    保存完了: c:\keiba_ai\keiba_ai_ver3.0\data\prediction\models\09_hanshin\turf1200_lambdarank_model_v6hit_binary.txt

  芝1400m ...
    訓練 8699行 / テスト 2175行 / 1着率 0.075
    最良パラメータ: {'n_estimators': 434, 'learning_rate': 0.02638316700080709, 'num_leaves': 37, 'max_depth': 6, 'min_child_samples': 15, 'reg_alpha': 0.059974420207602304, 'reg_lambda': 0.1052665054095828, 'scale_pos_weight': 1.016529253790149}
    保存完了: c:\keiba_ai\keiba_ai_ver3.0\data\prediction\models\09_hanshin\turf1400_lambdarank_model_v6hit_binary.txt

  芝1600m ...
    訓練 8699行 / テスト 2175行 / 1着率 0.075
    最良パラメータ: {'n_estimators': 434, 'learning_rate': 0.02638316700080709, 'num_leaves': 37, 'max_depth': 6, 'min_child_samples': 15, 'reg_alpha': 0.059974420207602304, 'reg_lambda': 0.1052665054095828, 'scale_pos_weight': 1.016529253790149}
    保存完了: c:\keiba_ai\keiba_ai_ver3.0\data\prediction\models\09_hanshin\turf1600_lambdarank_model_v6hit_binary.txt

  芝1800m ...
    訓練 8699行 / テスト 2175行 / 1着率 0.075
    最良パラメータ: {'n_estimators': 434, 'learning_rate': 0.02638316700080709, 'num_leaves': 37, 'max_depth': 6, 'min_child_samples': 15, 'reg_alpha': 0.059974420207602304, 'reg_lambda': 0.1052665054095828, 'scale_pos_weight': 1.016529253790149}
    保存完了: c:\keiba_ai\keiba_ai_ver3.0\data\prediction\models\09_hanshin\turf1800_lambdarank_model_v6hit_binary.txt

  芝2000m ...
    訓練 2457行 / テスト 615行 / 1着率 0.088
    最良パラメータ: {'n_estimators': 369, 'learning_rate': 0.04582738321119936, 'num_leaves': 36, 'max_depth': 4, 'min_child_samples': 4, 'reg_alpha': 0.059974420207602304, 'reg_lambda': 0.053785008752723344, 'scale_pos_weight': 1.0165259707282877}
    保存完了: c:\keiba_ai\keiba_ai_ver3.0\data\prediction\models\09_hanshin\turf2000_lambdarank_model_v6hit_binary.txt

  芝2200m ...
    訓練 1760行 / テスト 440行 / 1着率 0.087
    最良パラメータ: {'n_estimators': 361, 'learning_rate': 0.036186747829085895, 'num_leaves': 58, 'max_depth': 6, 'min_child_samples': 24, 'reg_alpha': 0.5038796166137866, 'reg_lambda': 0.08229992343382572, 'scale_pos_weight': 1.3383067251108827}
    保存完了: c:\keiba_ai\keiba_ai_ver3.0\data\prediction\models\09_hanshin\turf2200_lambdarank_model_v6hit_binary.txt

  芝2400m ...
    訓練 1760行 / テスト 440行 / 1着率 0.087
    最良パラメータ: {'n_estimators': 361, 'learning_rate': 0.036186747829085895, 'num_leaves': 58, 'max_depth': 6, 'min_child_samples': 24, 'reg_alpha': 0.5038796166137866, 'reg_lambda': 0.08229992343382572, 'scale_pos_weight': 1.3383067251108827}
    保存完了: c:\keiba_ai\keiba_ai_ver3.0\data\prediction\models\09_hanshin\turf2400_lambdarank_model_v6hit_binary.txt

  芝2600m ...
    訓練 1760行 / テスト 440行 / 1着率 0.087
    最良パラメータ: {'n_estimators': 361, 'learning_rate': 0.036186747829085895, 'num_leaves': 58, 'max_depth': 6, 'min_child_samples': 24, 'reg_alpha': 0.5038796166137866, 'reg_lambda': 0.08229992343382572, 'scale_pos_weight': 1.3383067251108827}
    保存完了: c:\keiba_ai\keiba_ai_ver3.0\data\prediction\models\09_hanshin\turf2600_lambdarank_model_v6hit_binary.txt

  芝3000m ...
    訓練 152行 / テスト 39行 / 1着率 0.079
    最良パラメータ: {'n_estimators': 417, 'learning_rate': 0.032794289276105074, 'num_leaves': 60, 'max_depth': 9, 'min_child_samples': 13, 'reg_alpha': 0.7529844036061999, 'reg_lambda': 0.0023628005006449846, 'scale_pos_weight': 1.3225957288184453}
    保存完了: c:\keiba_ai\keiba_ai_ver3.0\data\prediction\models\09_hanshin\turf3000_lambdarank_model_v6hit_binary.txt

  ダート1200m ...
    訓練 4773行 / テスト 1194行 / 1着率 0.068
    最良パラメータ: {'n_estimators': 409, 'learning_rate': 0.00649449881811442, 'num_leaves': 32, 'max_depth': 8, 'min_child_samples': 24, 'reg_alpha': 0.022063728829552366, 'reg_lambda': 0.0010558197973323977, 'scale_pos_weight': 1.0123134774397313}
    保存完了: c:\keiba_ai\keiba_ai_ver3.0\data\prediction\models\09_hanshin\dirt1200_lambdarank_model_v6hit_binary.txt

  ダート1400m ...
    訓練 13770行 / テスト 3443行 / 1着率 0.074
    最良パラメータ: {'n_estimators': 424, 'learning_rate': 0.043975783950893556, 'num_leaves': 32, 'max_depth': 8, 'min_child_samples': 12, 'reg_alpha': 0.022111729550311314, 'reg_lambda': 0.0010558197973323977, 'scale_pos_weight': 1.0123134774397313}
    保存完了: c:\keiba_ai\keiba_ai_ver3.0\data\prediction\models\09_hanshin\dirt1400_lambdarank_model_v6hit_binary.txt

  ダート1800m ...
    訓練 13770行 / テスト 3443行 / 1着率 0.074
    最良パラメータ: {'n_estimators': 424, 'learning_rate': 0.043975783950893556, 'num_leaves': 32, 'max_depth': 8, 'min_child_samples': 12, 'reg_alpha': 0.022111729550311314, 'reg_lambda': 0.0010558197973323977, 'scale_pos_weight': 1.0123134774397313}
    保存完了: c:\keiba_ai\keiba_ai_ver3.0\data\prediction\models\09_hanshin\dirt1800_lambdarank_model_v6hit_binary.txt

  ダート2000m ...
    訓練 1348行 / テスト 337行 / 1着率 0.080
    最良パラメータ: {'n_estimators': 445, 'learning_rate': 0.01566435690475612, 'num_leaves': 24, 'max_depth': 6, 'min_child_samples': 13, 'reg_alpha': 0.0010357206437068233, 'reg_lambda': 1.074170817156268, 'scale_pos_weight': 1.3390084049513455}
    保存完了: c:\keiba_ai\keiba_ai_ver3.0\data\prediction\models\09_hanshin\dirt2000_lambdarank_model_v6hit_binary.txt

=======================================================
[学習] 10_kokura (place_id=10)
=======================================================

  芝1200m ...
    訓練 5929行 / テスト 1483行 / 1着率 0.064
    最良パラメータ: {'n_estimators': 375, 'learning_rate': 0.027969028453846256, 'num_leaves': 25, 'max_depth': 6, 'min_child_samples': 7, 'reg_alpha': 0.059974420207602304, 'reg_lambda': 0.145271578666017, 'scale_pos_weight': 1.0165259707282877}
    保存完了: c:\keiba_ai\keiba_ai_ver3.0\data\prediction\models\10_kokura\turf1200_lambdarank_model_v6hit_binary.txt

  芝1700m ...
    訓練 2922行 / テスト 731行 / 1着率 0.075
    最良パラメータ: {'n_estimators': 424, 'learning_rate': 0.043975783950893556, 'num_leaves': 32, 'max_depth': 8, 'min_child_samples': 12, 'reg_alpha': 0.022111729550311314, 'reg_lambda': 0.0010558197973323977, 'scale_pos_weight': 1.0123134774397313}
    保存完了: c:\keiba_ai\keiba_ai_ver3.0\data\prediction\models\10_kokura\turf1700_lambdarank_model_v6hit_binary.txt

  芝1800m ...
    訓練 2922行 / テスト 731行 / 1着率 0.075
    最良パラメータ: {'n_estimators': 424, 'learning_rate': 0.043975783950893556, 'num_leaves': 32, 'max_depth': 8, 'min_child_samples': 12, 'reg_alpha': 0.022111729550311314, 'reg_lambda': 0.0010558197973323977, 'scale_pos_weight': 1.0123134774397313}
    保存完了: c:\keiba_ai\keiba_ai_ver3.0\data\prediction\models\10_kokura\turf1800_lambdarank_model_v6hit_binary.txt

  芝2000m ...
    訓練 2757行 / テスト 690行 / 1着率 0.077
    最良パラメータ: {'n_estimators': 396, 'learning_rate': 0.04930480232815032, 'num_leaves': 61, 'max_depth': 3, 'min_child_samples': 10, 'reg_alpha': 0.016851827633627303, 'reg_lambda': 0.0011127901187522767, 'scale_pos_weight': 1.0130984003286123}
    保存完了: c:\keiba_ai\keiba_ai_ver3.0\data\prediction\models\10_kokura\turf2000_lambdarank_model_v6hit_binary.txt

  芝2600m ...
    訓練 695行 / テスト 174行 / 1着率 0.083
    最良パラメータ: {'n_estimators': 399, 'learning_rate': 0.007561381809659511, 'num_leaves': 36, 'max_depth': 6, 'min_child_samples': 25, 'reg_alpha': 0.019624211596310753, 'reg_lambda': 0.0010627474504215676, 'scale_pos_weight': 1.011129343915962}
    保存完了: c:\keiba_ai\keiba_ai_ver3.0\data\prediction\models\10_kokura\turf2600_lambdarank_model_v6hit_binary.txt

  ダート1000m ...
    訓練 2095行 / テスト 524行 / 1着率 0.075
    最良パラメータ: {'n_estimators': 337, 'learning_rate': 0.015209634703242202, 'num_leaves': 58, 'max_depth': 4, 'min_child_samples': 14, 'reg_alpha': 0.27408517235597324, 'reg_lambda': 0.10456750511897676, 'scale_pos_weight': 1.026218518344233}
    保存完了: c:\keiba_ai\keiba_ai_ver3.0\data\prediction\models\10_kokura\dirt1000_lambdarank_model_v6hit_binary.txt

  ダート1700m ...
    訓練 5106行 / テスト 1277行 / 1着率 0.068
    最良パラメータ: {'n_estimators': 375, 'learning_rate': 0.027969028453846256, 'num_leaves': 25, 'max_depth': 6, 'min_child_samples': 7, 'reg_alpha': 0.059974420207602304, 'reg_lambda': 0.145271578666017, 'scale_pos_weight': 1.0165259707282877}
    保存完了: c:\keiba_ai\keiba_ai_ver3.0\data\prediction\models\10_kokura\dirt1700_lambdarank_model_v6hit_binary.txt

  ダート2400m ...
    訓練 132行 / テスト 34行 / 1着率 0.098
    最良パラメータ: {'n_estimators': 197, 'learning_rate': 0.009345257697842108, 'num_leaves': 18, 'max_depth': 8, 'min_child_samples': 6, 'reg_alpha': 0.006762965006252399, 'reg_lambda': 0.07635743040442479, 'scale_pos_weight': 13.621068758370106}
    保存完了: c:\keiba_ai\keiba_ai_ver3.0\data\prediction\models\10_kokura\dirt2400_lambdarank_model_v6hit_binary.txt

=======================================================
完了
=======================================================
