=======================================================
v11blend_no26  学習年: 2020〜2025
特徴量: v11（114列 = v10 + trainer/same_cond/ground_delta）
目的関数: 統合EV回帰（単勝EV + 0.5×複勝EV）
  TAN_ODDS_CAP=50.0  FUKU_ODDS_CAP=30.0
評価指標: 複勝ROI（Optuna / early-stopping）
=======================================================

=======================================================
[学習] 01_sapporo
=======================================================
  複勝ルックアップ構築中 ...
  ルックアップ完了: 329 レース

  芝1000m ...
    train=1,765行 / val=428行 / 1着=130 / top3=389 / 複勝カバー率≈634%
    params: {'learning_rate': 0.01769226795453276, 'num_leaves': 51, 'max_depth': 7, 'min_child_samples': 17, 'reg_alpha': 0.029723442531939294, 'reg_lambda': 0.17613763016070647, 'n_estimators': 275}
    保存: C:\keiba_ai\keiba_ai_ver3.0\data\prediction\models\01_sapporo\turf1000_lambdarank_model_v11blend_no26.txt

  芝1200m ...
    train=1,765行 / val=428行 / 1着=130 / top3=389 / 複勝カバー率≈634%
    params: {'learning_rate': 0.01769226795453276, 'num_leaves': 51, 'max_depth': 7, 'min_child_samples': 17, 'reg_alpha': 0.029723442531939294, 'reg_lambda': 0.17613763016070647, 'n_estimators': 275}
    保存: C:\keiba_ai\keiba_ai_ver3.0\data\prediction\models\01_sapporo\turf1200_lambdarank_model_v11blend_no26.txt

  芝1500m ...
    train=2,273行 / val=569行 / 1着=198 / top3=591 / 複勝カバー率≈471%
    params: {'learning_rate': 0.01769226795453276, 'num_leaves': 51, 'max_depth': 7, 'min_child_samples': 17, 'reg_alpha': 0.029723442531939294, 'reg_lambda': 0.17613763016070647, 'n_estimators': 275}
    保存: C:\keiba_ai\keiba_ai_ver3.0\data\prediction\models\01_sapporo\turf1500_lambdarank_model_v11blend_no26.txt

  芝1800m ...
    train=2,273行 / val=569行 / 1着=198 / top3=591 / 複勝カバー率≈471%
    params: {'learning_rate': 0.01769226795453276, 'num_leaves': 51, 'max_depth': 7, 'min_child_samples': 17, 'reg_alpha': 0.029723442531939294, 'reg_lambda': 0.17613763016070647, 'n_estimators': 275}
    保存: C:\keiba_ai\keiba_ai_ver3.0\data\prediction\models\01_sapporo\turf1800_lambdarank_model_v11blend_no26.txt

  芝2000m ...
    train=1,425行 / val=356行 / 1着=109 / top3=324 / 複勝カバー率≈484%
    params: {'learning_rate': 0.01769226795453276, 'num_leaves': 51, 'max_depth': 7, 'min_child_samples': 17, 'reg_alpha': 0.029723442531939294, 'reg_lambda': 0.17613763016070647, 'n_estimators': 275}
    保存: C:\keiba_ai\keiba_ai_ver3.0\data\prediction\models\01_sapporo\turf2000_lambdarank_model_v11blend_no26.txt

  芝2600m ...
    train=537行 / val=122行 / 1着=43 / top3=129 / 複勝カバー率≈495%
    params: {'learning_rate': 0.01769226795453276, 'num_leaves': 51, 'max_depth': 7, 'min_child_samples': 17, 'reg_alpha': 0.029723442531939294, 'reg_lambda': 0.17613763016070647, 'n_estimators': 275}
    保存: C:\keiba_ai\keiba_ai_ver3.0\data\prediction\models\01_sapporo\turf2600_lambdarank_model_v11blend_no26.txt

  ダート1000m ...
    train=983行 / val=240行 / 1着=85 / top3=255 / 複勝カバー率≈492%
    params: {'learning_rate': 0.01769226795453276, 'num_leaves': 51, 'max_depth': 7, 'min_child_samples': 17, 'reg_alpha': 0.029723442531939294, 'reg_lambda': 0.17613763016070647, 'n_estimators': 275}
    保存: C:\keiba_ai\keiba_ai_ver3.0\data\prediction\models\01_sapporo\dirt1000_lambdarank_model_v11blend_no26.txt

  ダート1700m ...
    train=3,124行 / val=767行 / 1着=237 / top3=712 / 複勝カバー率≈534%
    params: {'learning_rate': 0.01769226795453276, 'num_leaves': 51, 'max_depth': 7, 'min_child_samples': 17, 'reg_alpha': 0.029723442531939294, 'reg_lambda': 0.17613763016070647, 'n_estimators': 275}
    保存: C:\keiba_ai\keiba_ai_ver3.0\data\prediction\models\01_sapporo\dirt1700_lambdarank_model_v11blend_no26.txt

  ダート2400m ...
    train=118行 / val=21行 / 1着=10 / top3=30 / 複勝カバー率≈480%
    params: {'learning_rate': 0.01769226795453276, 'num_leaves': 51, 'max_depth': 7, 'min_child_samples': 7, 'reg_alpha': 0.029723442531939294, 'reg_lambda': 0.17613763016070647, 'n_estimators': 275}
    保存: C:\keiba_ai\keiba_ai_ver3.0\data\prediction\models\01_sapporo\dirt2400_lambdarank_model_v11blend_no26.txt

=======================================================
[学習] 02_hakodate
=======================================================
  複勝ルックアップ構築中 ...
  ルックアップ完了: 287 レース

  芝1000m ...
    train=2,685行 / val=669行 / 1着=213 / top3=637 / 複勝カバー率≈504%
    params: {'learning_rate': 0.01769226795453276, 'num_leaves': 51, 'max_depth': 7, 'min_child_samples': 17, 'reg_alpha': 0.029723442531939294, 'reg_lambda': 0.17613763016070647, 'n_estimators': 275}
    保存: C:\keiba_ai\keiba_ai_ver3.0\data\prediction\models\02_hakodate\turf1000_lambdarank_model_v11blend_no26.txt

  芝1200m ...
    train=2,685行 / val=669行 / 1着=213 / top3=637 / 複勝カバー率≈504%
    params: {'learning_rate': 0.01769226795453276, 'num_leaves': 51, 'max_depth': 7, 'min_child_samples': 17, 'reg_alpha': 0.029723442531939294, 'reg_lambda': 0.17613763016070647, 'n_estimators': 275}
    保存: C:\keiba_ai\keiba_ai_ver3.0\data\prediction\models\02_hakodate\turf1200_lambdarank_model_v11blend_no26.txt

  芝1800m ...
    train=1,243行 / val=300行 / 1着=100 / top3=300 / 複勝カバー率≈522%
    params: {'learning_rate': 0.01769226795453276, 'num_leaves': 51, 'max_depth': 7, 'min_child_samples': 17, 'reg_alpha': 0.029723442531939294, 'reg_lambda': 0.17613763016070647, 'n_estimators': 275}
    保存: C:\keiba_ai\keiba_ai_ver3.0\data\prediction\models\02_hakodate\turf1800_lambdarank_model_v11blend_no26.txt

  芝2000m ...
    train=873行 / val=213行 / 1着=69 / top3=208 / 複勝カバー率≈588%
    params: {'learning_rate': 0.01769226795453276, 'num_leaves': 51, 'max_depth': 7, 'min_child_samples': 17, 'reg_alpha': 0.029723442531939294, 'reg_lambda': 0.17613763016070647, 'n_estimators': 275}
    保存: C:\keiba_ai\keiba_ai_ver3.0\data\prediction\models\02_hakodate\turf2000_lambdarank_model_v11blend_no26.txt

  芝2600m ...
    train=362行 / val=88行 / 1着=29 / top3=87 / 複勝カバー率≈590%
    params: {'learning_rate': 0.01769226795453276, 'num_leaves': 51, 'max_depth': 7, 'min_child_samples': 17, 'reg_alpha': 0.029723442531939294, 'reg_lambda': 0.17613763016070647, 'n_estimators': 275}
    保存: C:\keiba_ai\keiba_ai_ver3.0\data\prediction\models\02_hakodate\turf2600_lambdarank_model_v11blend_no26.txt

  ダート1000m ...
    train=1,081行 / val=265行 / 1着=95 / top3=285 / 複勝カバー率≈454%
    params: {'learning_rate': 0.01769226795453276, 'num_leaves': 51, 'max_depth': 7, 'min_child_samples': 17, 'reg_alpha': 0.029723442531939294, 'reg_lambda': 0.17613763016070647, 'n_estimators': 275}
    保存: C:\keiba_ai\keiba_ai_ver3.0\data\prediction\models\02_hakodate\dirt1000_lambdarank_model_v11blend_no26.txt

  ダート1700m ...
    train=2,253行 / val=555行 / 1着=179 / top3=537 / 複勝カバー率≈545%
    params: {'learning_rate': 0.01769226795453276, 'num_leaves': 51, 'max_depth': 7, 'min_child_samples': 17, 'reg_alpha': 0.029723442531939294, 'reg_lambda': 0.17613763016070647, 'n_estimators': 275}
    保存: C:\keiba_ai\keiba_ai_ver3.0\data\prediction\models\02_hakodate\dirt1700_lambdarank_model_v11blend_no26.txt

  ダート2400m ...
    train=128行 / val=23行 / 1着=12 / top3=36 / 複勝カバー率≈375%
    params: {'learning_rate': 0.01769226795453276, 'num_leaves': 51, 'max_depth': 7, 'min_child_samples': 7, 'reg_alpha': 0.029723442531939294, 'reg_lambda': 0.17613763016070647, 'n_estimators': 275}
    保存: C:\keiba_ai\keiba_ai_ver3.0\data\prediction\models\02_hakodate\dirt2400_lambdarank_model_v11blend_no26.txt

=======================================================
[学習] 03_fukushima
=======================================================
  複勝ルックアップ構築中 ...
  ルックアップ完了: 380 レース

  芝1200m ...
    train=3,664行 / val=907行 / 1着=249 / top3=748 / 複勝カバー率≈509%
    params: {'learning_rate': 0.01769226795453276, 'num_leaves': 51, 'max_depth': 7, 'min_child_samples': 17, 'reg_alpha': 0.029723442531939294, 'reg_lambda': 0.17613763016070647, 'n_estimators': 275}
    保存: C:\keiba_ai\keiba_ai_ver3.0\data\prediction\models\03_fukushima\turf1200_lambdarank_model_v11blend_no26.txt

  芝1800m ...
    train=2,036行 / val=500行 / 1着=143 / top3=429 / 複勝カバー率≈539%
    params: {'learning_rate': 0.01769226795453276, 'num_leaves': 51, 'max_depth': 7, 'min_child_samples': 17, 'reg_alpha': 0.029723442531939294, 'reg_lambda': 0.17613763016070647, 'n_estimators': 275}
    保存: C:\keiba_ai\keiba_ai_ver3.0\data\prediction\models\03_fukushima\turf1800_lambdarank_model_v11blend_no26.txt

  芝2000m ...
    train=1,680行 / val=419行 / 1着=118 / top3=351 / 複勝カバー率≈450%
    params: {'learning_rate': 0.01769226795453276, 'num_leaves': 51, 'max_depth': 7, 'min_child_samples': 17, 'reg_alpha': 0.029723442531939294, 'reg_lambda': 0.17613763016070647, 'n_estimators': 275}
    保存: C:\keiba_ai\keiba_ai_ver3.0\data\prediction\models\03_fukushima\turf2000_lambdarank_model_v11blend_no26.txt

  芝2600m ...
    train=747行 / val=181行 / 1着=55 / top3=162 / 複勝カバー率≈456%
    params: {'learning_rate': 0.01769226795453276, 'num_leaves': 51, 'max_depth': 7, 'min_child_samples': 17, 'reg_alpha': 0.029723442531939294, 'reg_lambda': 0.17613763016070647, 'n_estimators': 275}
    保存: C:\keiba_ai\keiba_ai_ver3.0\data\prediction\models\03_fukushima\turf2600_lambdarank_model_v11blend_no26.txt

  ダート1150m ...
    train=2,516行 / val=625行 / 1着=166 / top3=498 / 複勝カバー率≈529%
    params: {'learning_rate': 0.01769226795453276, 'num_leaves': 51, 'max_depth': 7, 'min_child_samples': 17, 'reg_alpha': 0.029723442531939294, 'reg_lambda': 0.17613763016070647, 'n_estimators': 275}
    保存: C:\keiba_ai\keiba_ai_ver3.0\data\prediction\models\03_fukushima\dirt1150_lambdarank_model_v11blend_no26.txt

  ダート1700m ...
    train=3,789行 / val=936行 / 1着=263 / top3=786 / 複勝カバー率≈505%
    params: {'learning_rate': 0.01769226795453276, 'num_leaves': 51, 'max_depth': 7, 'min_child_samples': 17, 'reg_alpha': 0.029723442531939294, 'reg_lambda': 0.17613763016070647, 'n_estimators': 275}
    保存: C:\keiba_ai\keiba_ai_ver3.0\data\prediction\models\03_fukushima\dirt1700_lambdarank_model_v11blend_no26.txt

  ダート2400m ...
    train=117行 / val=27行 / 1着=9 / top3=27 / 複勝カバー率≈622%
    params: {'learning_rate': 0.01769226795453276, 'num_leaves': 51, 'max_depth': 7, 'min_child_samples': 7, 'reg_alpha': 0.029723442531939294, 'reg_lambda': 0.17613763016070647, 'n_estimators': 275}
    保存: C:\keiba_ai\keiba_ai_ver3.0\data\prediction\models\03_fukushima\dirt2400_lambdarank_model_v11blend_no26.txt

=======================================================
[学習] 04_nigata
=======================================================
  複勝ルックアップ構築中 ...
  ルックアップ完了: 720 レース

  芝1000m ...
    train=3,124行 / val=770行 / 1着=192 / top3=573 / 複勝カバー率≈779%
    params: {'learning_rate': 0.01769226795453276, 'num_leaves': 51, 'max_depth': 7, 'min_child_samples': 17, 'reg_alpha': 0.029723442531939294, 'reg_lambda': 0.17613763016070647, 'n_estimators': 275}
    保存: C:\keiba_ai\keiba_ai_ver3.0\data\prediction\models\04_nigata\turf1000_lambdarank_model_v11blend_no26.txt

  芝1200m ...
    train=3,124行 / val=770行 / 1着=192 / top3=573 / 複勝カバー率≈779%
    params: {'learning_rate': 0.01769226795453276, 'num_leaves': 51, 'max_depth': 7, 'min_child_samples': 17, 'reg_alpha': 0.029723442531939294, 'reg_lambda': 0.17613763016070647, 'n_estimators': 275}
    保存: C:\keiba_ai\keiba_ai_ver3.0\data\prediction\models\04_nigata\turf1200_lambdarank_model_v11blend_no26.txt

  芝1400m ...
    train=6,018行 / val=1,487行 / 1着=405 / top3=1214 / 複勝カバー率≈621%
    params: {'learning_rate': 0.01769226795453276, 'num_leaves': 51, 'max_depth': 7, 'min_child_samples': 17, 'reg_alpha': 0.029723442531939294, 'reg_lambda': 0.17613763016070647, 'n_estimators': 275}
    保存: C:\keiba_ai\keiba_ai_ver3.0\data\prediction\models\04_nigata\turf1400_lambdarank_model_v11blend_no26.txt

  芝1600m ...
    train=6,018行 / val=1,487行 / 1着=405 / top3=1214 / 複勝カバー率≈621%
    params: {'learning_rate': 0.01769226795453276, 'num_leaves': 51, 'max_depth': 7, 'min_child_samples': 17, 'reg_alpha': 0.029723442531939294, 'reg_lambda': 0.17613763016070647, 'n_estimators': 275}
    保存: C:\keiba_ai\keiba_ai_ver3.0\data\prediction\models\04_nigata\turf1600_lambdarank_model_v11blend_no26.txt

  芝1800m ...
    train=6,018行 / val=1,487行 / 1着=405 / top3=1214 / 複勝カバー率≈621%
    params: {'learning_rate': 0.01769226795453276, 'num_leaves': 51, 'max_depth': 7, 'min_child_samples': 17, 'reg_alpha': 0.029723442531939294, 'reg_lambda': 0.17613763016070647, 'n_estimators': 275}
    保存: C:\keiba_ai\keiba_ai_ver3.0\data\prediction\models\04_nigata\turf1800_lambdarank_model_v11blend_no26.txt

  芝2000m ...
    train=1,736行 / val=431行 / 1着=128 / top3=385 / 複勝カバー率≈558%
    params: {'learning_rate': 0.01769226795453276, 'num_leaves': 51, 'max_depth': 7, 'min_child_samples': 17, 'reg_alpha': 0.029723442531939294, 'reg_lambda': 0.17613763016070647, 'n_estimators': 275}
    保存: C:\keiba_ai\keiba_ai_ver3.0\data\prediction\models\04_nigata\turf2000_lambdarank_model_v11blend_no26.txt

  芝2200m ...
    train=984行 / val=246行 / 1着=74 / top3=219 / 複勝カバー率≈599%
    params: {'learning_rate': 0.01769226795453276, 'num_leaves': 51, 'max_depth': 7, 'min_child_samples': 17, 'reg_alpha': 0.029723442531939294, 'reg_lambda': 0.17613763016070647, 'n_estimators': 275}
    保存: C:\keiba_ai\keiba_ai_ver3.0\data\prediction\models\04_nigata\turf2200_lambdarank_model_v11blend_no26.txt

  芝2400m ...
    train=984行 / val=246行 / 1着=74 / top3=219 / 複勝カバー率≈599%
    params: {'learning_rate': 0.01769226795453276, 'num_leaves': 51, 'max_depth': 7, 'min_child_samples': 17, 'reg_alpha': 0.029723442531939294, 'reg_lambda': 0.17613763016070647, 'n_estimators': 275}
    保存: C:\keiba_ai\keiba_ai_ver3.0\data\prediction\models\04_nigata\turf2400_lambdarank_model_v11blend_no26.txt

  ダート1200m ...
    train=4,314行 / val=1,078行 / 1着=299 / top3=895 / 複勝カバー率≈711%
    params: {'learning_rate': 0.01769226795453276, 'num_leaves': 51, 'max_depth': 7, 'min_child_samples': 17, 'reg_alpha': 0.029723442531939294, 'reg_lambda': 0.17613763016070647, 'n_estimators': 275}
    保存: C:\keiba_ai\keiba_ai_ver3.0\data\prediction\models\04_nigata\dirt1200_lambdarank_model_v11blend_no26.txt

  ダート1800m ...
    train=5,083行 / val=1,265行 / 1着=366 / top3=1094 / 複勝カバー率≈663%
    params: {'learning_rate': 0.01769226795453276, 'num_leaves': 51, 'max_depth': 7, 'min_child_samples': 17, 'reg_alpha': 0.029723442531939294, 'reg_lambda': 0.17613763016070647, 'n_estimators': 275}
    保存: C:\keiba_ai\keiba_ai_ver3.0\data\prediction\models\04_nigata\dirt1800_lambdarank_model_v11blend_no26.txt

  ダート2500m ...
    train=90行 / val=15行 / 1着=8 / top3=24 / 複勝カバー率≈625%
    params: {'learning_rate': 0.01769226795453276, 'num_leaves': 51, 'max_depth': 7, 'min_child_samples': 6, 'reg_alpha': 0.029723442531939294, 'reg_lambda': 0.17613763016070647, 'n_estimators': 275}
    保存: C:\keiba_ai\keiba_ai_ver3.0\data\prediction\models\04_nigata\dirt2500_lambdarank_model_v11blend_no26.txt

=======================================================
[学習] 05_tokyo
=======================================================
  複勝ルックアップ構築中 ...
  ルックアップ完了: 1,001 レース

  芝1400m ...
    train=12,082行 / val=3,010行 / 1着=873 / top3=2622 / 複勝カバー率≈537%
    params: {'learning_rate': 0.005888518753760858, 'num_leaves': 20, 'max_depth': 3, 'min_child_samples': 26, 'reg_alpha': 0.5078616019492486, 'reg_lambda': 1.0595897111084032, 'n_estimators': 492}
    保存: C:\keiba_ai\keiba_ai_ver3.0\data\prediction\models\05_tokyo\turf1400_lambdarank_model_v11blend_no26.txt

  芝1600m ...
    train=12,082行 / val=3,010行 / 1着=873 / top3=2622 / 複勝カバー率≈537%
    params: {'learning_rate': 0.005888518753760858, 'num_leaves': 20, 'max_depth': 3, 'min_child_samples': 26, 'reg_alpha': 0.5078616019492486, 'reg_lambda': 1.0595897111084032, 'n_estimators': 492}
    保存: C:\keiba_ai\keiba_ai_ver3.0\data\prediction\models\05_tokyo\turf1600_lambdarank_model_v11blend_no26.txt

  芝1800m ...
    train=12,082行 / val=3,010行 / 1着=873 / top3=2622 / 複勝カバー率≈537%
    params: {'learning_rate': 0.005888518753760858, 'num_leaves': 20, 'max_depth': 3, 'min_child_samples': 26, 'reg_alpha': 0.5078616019492486, 'reg_lambda': 1.0595897111084032, 'n_estimators': 492}
    保存: C:\keiba_ai\keiba_ai_ver3.0\data\prediction\models\05_tokyo\turf1800_lambdarank_model_v11blend_no26.txt

  芝2000m ...
    train=2,363行 / val=591行 / 1着=204 / top3=612 / 複勝カバー率≈445%
    params: {'learning_rate': 0.01769226795453276, 'num_leaves': 51, 'max_depth': 7, 'min_child_samples': 17, 'reg_alpha': 0.029723442531939294, 'reg_lambda': 0.17613763016070647, 'n_estimators': 275}
    保存: C:\keiba_ai\keiba_ai_ver3.0\data\prediction\models\05_tokyo\turf2000_lambdarank_model_v11blend_no26.txt

  芝2300m ...
    train=2,034行 / val=508行 / 1着=163 / top3=490 / 複勝カバー率≈486%
    params: {'learning_rate': 0.01769226795453276, 'num_leaves': 51, 'max_depth': 7, 'min_child_samples': 17, 'reg_alpha': 0.029723442531939294, 'reg_lambda': 0.17613763016070647, 'n_estimators': 275}
    保存: C:\keiba_ai\keiba_ai_ver3.0\data\prediction\models\05_tokyo\turf2300_lambdarank_model_v11blend_no26.txt

  芝2400m ...
    train=2,034行 / val=508行 / 1着=163 / top3=490 / 複勝カバー率≈486%
    params: {'learning_rate': 0.01769226795453276, 'num_leaves': 51, 'max_depth': 7, 'min_child_samples': 17, 'reg_alpha': 0.029723442531939294, 'reg_lambda': 0.17613763016070647, 'n_estimators': 275}
    保存: C:\keiba_ai\keiba_ai_ver3.0\data\prediction\models\05_tokyo\turf2400_lambdarank_model_v11blend_no26.txt

  芝2500m ...
    train=2,034行 / val=508行 / 1着=163 / top3=490 / 複勝カバー率≈486%
    params: {'learning_rate': 0.01769226795453276, 'num_leaves': 51, 'max_depth': 7, 'min_child_samples': 17, 'reg_alpha': 0.029723442531939294, 'reg_lambda': 0.17613763016070647, 'n_estimators': 275}
    保存: C:\keiba_ai\keiba_ai_ver3.0\data\prediction\models\05_tokyo\turf2500_lambdarank_model_v11blend_no26.txt

  芝3400m ...
    train=72行 / val=16行 / 1着=5 / top3=15 / 複勝カバー率≈600%
    params: {'learning_rate': 0.01769226795453276, 'num_leaves': 51, 'max_depth': 7, 'min_child_samples': 5, 'reg_alpha': 0.029723442531939294, 'reg_lambda': 0.17613763016070647, 'n_estimators': 275}
    保存: C:\keiba_ai\keiba_ai_ver3.0\data\prediction\models\05_tokyo\turf3400_lambdarank_model_v11blend_no26.txt

  ダート1300m ...
    train=1,788行 / val=436行 / 1着=115 / top3=345 / 複勝カバー率≈597%
    params: {'learning_rate': 0.01769226795453276, 'num_leaves': 51, 'max_depth': 7, 'min_child_samples': 17, 'reg_alpha': 0.029723442531939294, 'reg_lambda': 0.17613763016070647, 'n_estimators': 275}
    保存: C:\keiba_ai\keiba_ai_ver3.0\data\prediction\models\05_tokyo\dirt1300_lambdarank_model_v11blend_no26.txt

  ダート1400m ...
    train=15,083行 / val=3,764行 / 1着=989 / top3=2966 / 複勝カバー率≈594%
    params: {'learning_rate': 0.03009964589663643, 'num_leaves': 58, 'max_depth': 8, 'min_child_samples': 11, 'reg_alpha': 0.0011574818528039433, 'reg_lambda': 0.009200122778007955, 'n_estimators': 325}
    保存: C:\keiba_ai\keiba_ai_ver3.0\data\prediction\models\05_tokyo\dirt1400_lambdarank_model_v11blend_no26.txt

  ダート1600m ...
    train=15,083行 / val=3,764行 / 1着=989 / top3=2966 / 複勝カバー率≈594%
    params: {'learning_rate': 0.03009964589663643, 'num_leaves': 58, 'max_depth': 8, 'min_child_samples': 11, 'reg_alpha': 0.0011574818528039433, 'reg_lambda': 0.009200122778007955, 'n_estimators': 325}
    保存: C:\keiba_ai\keiba_ai_ver3.0\data\prediction\models\05_tokyo\dirt1600_lambdarank_model_v11blend_no26.txt

  ダート2100m ...
    train=2,646行 / val=662行 / 1着=181 / top3=543 / 複勝カバー率≈584%
    params: {'learning_rate': 0.038971130575804744, 'num_leaves': 63, 'max_depth': 6, 'min_child_samples': 24, 'reg_alpha': 0.06902902940976643, 'reg_lambda': 0.09444083473101433, 'n_estimators': 471}
    保存: C:\keiba_ai\keiba_ai_ver3.0\data\prediction\models\05_tokyo\dirt2100_lambdarank_model_v11blend_no26.txt

  ダート2400m ...
    データなし: スキップ

=======================================================
[学習] 06_nakayama
=======================================================
  複勝ルックアップ構築中 ...
  ルックアップ完了: 962 レース

  芝1200m ...
    train=2,431行 / val=596行 / 1着=167 / top3=502 / 複勝カバー率≈605%
    params: {'learning_rate': 0.01769226795453276, 'num_leaves': 51, 'max_depth': 7, 'min_child_samples': 17, 'reg_alpha': 0.029723442531939294, 'reg_lambda': 0.17613763016070647, 'n_estimators': 275}
    保存: C:\keiba_ai\keiba_ai_ver3.0\data\prediction\models\06_nakayama\turf1200_lambdarank_model_v11blend_no26.txt

  芝1600m ...
    train=6,611行 / val=1,653行 / 1着=472 / top3=1418 / 複勝カバー率≈578%
    params: {'learning_rate': 0.01769226795453276, 'num_leaves': 51, 'max_depth': 7, 'min_child_samples': 17, 'reg_alpha': 0.029723442531939294, 'reg_lambda': 0.17613763016070647, 'n_estimators': 275}
    保存: C:\keiba_ai\keiba_ai_ver3.0\data\prediction\models\06_nakayama\turf1600_lambdarank_model_v11blend_no26.txt

  芝1800m ...
    train=6,611行 / val=1,653行 / 1着=472 / top3=1418 / 複勝カバー率≈578%
    params: {'learning_rate': 0.01769226795453276, 'num_leaves': 51, 'max_depth': 7, 'min_child_samples': 17, 'reg_alpha': 0.029723442531939294, 'reg_lambda': 0.17613763016070647, 'n_estimators': 275}
    保存: C:\keiba_ai\keiba_ai_ver3.0\data\prediction\models\06_nakayama\turf1800_lambdarank_model_v11blend_no26.txt

  芝2000m ...
    train=3,375行 / val=831行 / 1着=241 / top3=723 / 複勝カバー率≈534%
    params: {'learning_rate': 0.01769226795453276, 'num_leaves': 51, 'max_depth': 7, 'min_child_samples': 17, 'reg_alpha': 0.029723442531939294, 'reg_lambda': 0.17613763016070647, 'n_estimators': 275}
    保存: C:\keiba_ai\keiba_ai_ver3.0\data\prediction\models\06_nakayama\turf2000_lambdarank_model_v11blend_no26.txt

  芝2200m ...
    train=1,821行 / val=456行 / 1着=136 / top3=406 / 複勝カバー率≈497%
    params: {'learning_rate': 0.01769226795453276, 'num_leaves': 51, 'max_depth': 7, 'min_child_samples': 17, 'reg_alpha': 0.029723442531939294, 'reg_lambda': 0.17613763016070647, 'n_estimators': 275}
    保存: C:\keiba_ai\keiba_ai_ver3.0\data\prediction\models\06_nakayama\turf2200_lambdarank_model_v11blend_no26.txt

  芝2500m ...
    train=1,821行 / val=456行 / 1着=136 / top3=406 / 複勝カバー率≈497%
    params: {'learning_rate': 0.01769226795453276, 'num_leaves': 51, 'max_depth': 7, 'min_child_samples': 17, 'reg_alpha': 0.029723442531939294, 'reg_lambda': 0.17613763016070647, 'n_estimators': 275}
    保存: C:\keiba_ai\keiba_ai_ver3.0\data\prediction\models\06_nakayama\turf2500_lambdarank_model_v11blend_no26.txt

  芝3600m ...
    train=72行 / val=14行 / 1着=5 / top3=15 / 複勝カバー率≈540%
    params: {'learning_rate': 0.01769226795453276, 'num_leaves': 51, 'max_depth': 7, 'min_child_samples': 5, 'reg_alpha': 0.029723442531939294, 'reg_lambda': 0.17613763016070647, 'n_estimators': 275}
    保存: C:\keiba_ai\keiba_ai_ver3.0\data\prediction\models\06_nakayama\turf3600_lambdarank_model_v11blend_no26.txt

  ダート1200m ...
    train=9,401行 / val=2,345行 / 1着=602 / top3=1808 / 複勝カバー率≈631%
    params: {'learning_rate': 0.01769226795453276, 'num_leaves': 51, 'max_depth': 7, 'min_child_samples': 17, 'reg_alpha': 0.029723442531939294, 'reg_lambda': 0.17613763016070647, 'n_estimators': 275}
    保存: C:\keiba_ai\keiba_ai_ver3.0\data\prediction\models\06_nakayama\dirt1200_lambdarank_model_v11blend_no26.txt

  ダート1800m ...
    train=9,808行 / val=2,448行 / 1着=673 / top3=2017 / 複勝カバー率≈569%
    params: {'learning_rate': 0.01769226795453276, 'num_leaves': 51, 'max_depth': 7, 'min_child_samples': 17, 'reg_alpha': 0.029723442531939294, 'reg_lambda': 0.17613763016070647, 'n_estimators': 275}
    保存: C:\keiba_ai\keiba_ai_ver3.0\data\prediction\models\06_nakayama\dirt1800_lambdarank_model_v11blend_no26.txt

  ダート2400m ...
    train=674行 / val=167行 / 1着=50 / top3=150 / 複勝カバー率≈514%
    params: {'learning_rate': 0.01769226795453276, 'num_leaves': 51, 'max_depth': 7, 'min_child_samples': 17, 'reg_alpha': 0.029723442531939294, 'reg_lambda': 0.17613763016070647, 'n_estimators': 275}
    保存: C:\keiba_ai\keiba_ai_ver3.0\data\prediction\models\06_nakayama\dirt2400_lambdarank_model_v11blend_no26.txt

  ダート2500m ...
    train=674行 / val=167行 / 1着=50 / top3=150 / 複勝カバー率≈514%
    params: {'learning_rate': 0.01769226795453276, 'num_leaves': 51, 'max_depth': 7, 'min_child_samples': 17, 'reg_alpha': 0.029723442531939294, 'reg_lambda': 0.17613763016070647, 'n_estimators': 275}
    保存: C:\keiba_ai\keiba_ai_ver3.0\data\prediction\models\06_nakayama\dirt2500_lambdarank_model_v11blend_no26.txt

=======================================================
[学習] 07_chukyo
=======================================================
  複勝ルックアップ構築中 ...
  ルックアップ完了: 1,009 レース

  芝1200m ...
    train=1,678行 / val=414行 / 1着=111 / top3=333 / 複勝カバー率≈765%
    params: {'learning_rate': 0.01769226795453276, 'num_leaves': 51, 'max_depth': 7, 'min_child_samples': 17, 'reg_alpha': 0.029723442531939294, 'reg_lambda': 0.17613763016070647, 'n_estimators': 275}
    保存: C:\keiba_ai\keiba_ai_ver3.0\data\prediction\models\07_chukyo\turf1200_lambdarank_model_v11blend_no26.txt

  芝1400m ...
    train=5,049行 / val=1,253行 / 1着=366 / top3=1099 / 複勝カバー率≈596%
    params: {'learning_rate': 0.01769226795453276, 'num_leaves': 51, 'max_depth': 7, 'min_child_samples': 17, 'reg_alpha': 0.029723442531939294, 'reg_lambda': 0.17613763016070647, 'n_estimators': 275}
    保存: C:\keiba_ai\keiba_ai_ver3.0\data\prediction\models\07_chukyo\turf1400_lambdarank_model_v11blend_no26.txt

  芝1600m ...
    train=5,049行 / val=1,253行 / 1着=366 / top3=1099 / 複勝カバー率≈596%
    params: {'learning_rate': 0.01769226795453276, 'num_leaves': 51, 'max_depth': 7, 'min_child_samples': 17, 'reg_alpha': 0.029723442531939294, 'reg_lambda': 0.17613763016070647, 'n_estimators': 275}
    保存: C:\keiba_ai\keiba_ai_ver3.0\data\prediction\models\07_chukyo\turf1600_lambdarank_model_v11blend_no26.txt

  芝2000m ...
    train=3,317行 / val=821行 / 1着=274 / top3=822 / 複勝カバー率≈610%
    params: {'learning_rate': 0.01769226795453276, 'num_leaves': 51, 'max_depth': 7, 'min_child_samples': 17, 'reg_alpha': 0.029723442531939294, 'reg_lambda': 0.17613763016070647, 'n_estimators': 275}
    保存: C:\keiba_ai\keiba_ai_ver3.0\data\prediction\models\07_chukyo\turf2000_lambdarank_model_v11blend_no26.txt

  芝2200m ...
    train=1,354行 / val=337行 / 1着=114 / top3=342 / 複勝カバー率≈652%
    params: {'learning_rate': 0.01769226795453276, 'num_leaves': 51, 'max_depth': 7, 'min_child_samples': 17, 'reg_alpha': 0.029723442531939294, 'reg_lambda': 0.17613763016070647, 'n_estimators': 275}
    保存: C:\keiba_ai\keiba_ai_ver3.0\data\prediction\models\07_chukyo\turf2200_lambdarank_model_v11blend_no26.txt

  ダート1200m ...
    train=3,253行 / val=814行 / 1着=219 / top3=655 / 複勝カバー率≈815%
    params: {'learning_rate': 0.01769226795453276, 'num_leaves': 51, 'max_depth': 7, 'min_child_samples': 17, 'reg_alpha': 0.029723442531939294, 'reg_lambda': 0.17613763016070647, 'n_estimators': 275}
    保存: C:\keiba_ai\keiba_ai_ver3.0\data\prediction\models\07_chukyo\dirt1200_lambdarank_model_v11blend_no26.txt

  ダート1400m ...
    train=10,035行 / val=2,497行 / 1着=735 / top3=2203 / 複勝カバー率≈704%
    params: {'learning_rate': 0.01769226795453276, 'num_leaves': 51, 'max_depth': 7, 'min_child_samples': 17, 'reg_alpha': 0.029723442531939294, 'reg_lambda': 0.17613763016070647, 'n_estimators': 275}
    保存: C:\keiba_ai\keiba_ai_ver3.0\data\prediction\models\07_chukyo\dirt1400_lambdarank_model_v11blend_no26.txt

  ダート1800m ...
    train=10,035行 / val=2,497行 / 1着=735 / top3=2203 / 複勝カバー率≈704%
    params: {'learning_rate': 0.01769226795453276, 'num_leaves': 51, 'max_depth': 7, 'min_child_samples': 17, 'reg_alpha': 0.029723442531939294, 'reg_lambda': 0.17613763016070647, 'n_estimators': 275}
    保存: C:\keiba_ai\keiba_ai_ver3.0\data\prediction\models\07_chukyo\dirt1800_lambdarank_model_v11blend_no26.txt

  ダート1900m ...
    train=1,841行 / val=451行 / 1着=140 / top3=420 / 複勝カバー率≈761%
    params: {'learning_rate': 0.01662716957700292, 'num_leaves': 36, 'max_depth': 5, 'min_child_samples': 24, 'reg_alpha': 0.03855582634068694, 'reg_lambda': 0.09473572117188851, 'n_estimators': 107}
    保存: C:\keiba_ai\keiba_ai_ver3.0\data\prediction\models\07_chukyo\dirt1900_lambdarank_model_v11blend_no26.txt

=======================================================
[学習] 08_kyoto
=======================================================
  複勝ルックアップ構築中 ...
  ルックアップ完了: 12 レース

  芝1200m ...
    train=1,030行 / val=256行 / 1着=69 / top3=207 / 複勝カバー率≈0%
    params: {'learning_rate': 0.01769226795453276, 'num_leaves': 51, 'max_depth': 7, 'min_child_samples': 17, 'reg_alpha': 0.029723442531939294, 'reg_lambda': 0.17613763016070647, 'n_estimators': 275}
    保存: C:\keiba_ai\keiba_ai_ver3.0\data\prediction\models\08_kyoto\turf1200_lambdarank_model_v11blend_no26.txt

  芝1400m ...
    train=5,192行 / val=1,288行 / 1着=390 / top3=1171 / 複勝カバー率≈8%
    params: {'learning_rate': 0.022494602842311313, 'num_leaves': 28, 'max_depth': 6, 'min_child_samples': 9, 'reg_alpha': 0.0035707259367316726, 'reg_lambda': 0.0024198461178770677, 'n_estimators': 363}
    保存: C:\keiba_ai\keiba_ai_ver3.0\data\prediction\models\08_kyoto\turf1400_lambdarank_model_v11blend_no26.txt

  芝1600m ...
    train=5,192行 / val=1,288行 / 1着=390 / top3=1171 / 複勝カバー率≈8%
    params: {'learning_rate': 0.022494602842311313, 'num_leaves': 28, 'max_depth': 6, 'min_child_samples': 9, 'reg_alpha': 0.0035707259367316726, 'reg_lambda': 0.0024198461178770677, 'n_estimators': 363}
    保存: C:\keiba_ai\keiba_ai_ver3.0\data\prediction\models\08_kyoto\turf1600_lambdarank_model_v11blend_no26.txt

  芝1800m ...
    train=5,192行 / val=1,288行 / 1着=390 / top3=1171 / 複勝カバー率≈8%
    params: {'learning_rate': 0.022494602842311313, 'num_leaves': 28, 'max_depth': 6, 'min_child_samples': 9, 'reg_alpha': 0.0035707259367316726, 'reg_lambda': 0.0024198461178770677, 'n_estimators': 363}
    保存: C:\keiba_ai\keiba_ai_ver3.0\data\prediction\models\08_kyoto\turf1800_lambdarank_model_v11blend_no26.txt

  芝2000m ...
    train=1,448行 / val=356行 / 1着=126 / top3=378 / 複勝カバー率≈0%
    params: {'learning_rate': 0.022494602842311313, 'num_leaves': 28, 'max_depth': 6, 'min_child_samples': 9, 'reg_alpha': 0.0035707259367316726, 'reg_lambda': 0.0024198461178770677, 'n_estimators': 363}
    保存: C:\keiba_ai\keiba_ai_ver3.0\data\prediction\models\08_kyoto\turf2000_lambdarank_model_v11blend_no26.txt

  芝2200m ...
    train=1,060行 / val=261行 / 1着=93 / top3=278 / 複勝カバー率≈0%
    params: {'learning_rate': 0.01769226795453276, 'num_leaves': 51, 'max_depth': 7, 'min_child_samples': 17, 'reg_alpha': 0.029723442531939294, 'reg_lambda': 0.17613763016070647, 'n_estimators': 275}
    保存: C:\keiba_ai\keiba_ai_ver3.0\data\prediction\models\08_kyoto\turf2200_lambdarank_model_v11blend_no26.txt

  芝2400m ...
    train=1,060行 / val=261行 / 1着=93 / top3=278 / 複勝カバー率≈0%
    params: {'learning_rate': 0.01769226795453276, 'num_leaves': 51, 'max_depth': 7, 'min_child_samples': 17, 'reg_alpha': 0.029723442531939294, 'reg_lambda': 0.17613763016070647, 'n_estimators': 275}
    保存: C:\keiba_ai\keiba_ai_ver3.0\data\prediction\models\08_kyoto\turf2400_lambdarank_model_v11blend_no26.txt

  芝3000m ...
    train=173行 / val=28行 / 1着=11 / top3=33 / 複勝カバー率≈0%
    params: {'learning_rate': 0.01769226795453276, 'num_leaves': 51, 'max_depth': 7, 'min_child_samples': 10, 'reg_alpha': 0.029723442531939294, 'reg_lambda': 0.17613763016070647, 'n_estimators': 275}
    保存: C:\keiba_ai\keiba_ai_ver3.0\data\prediction\models\08_kyoto\turf3000_lambdarank_model_v11blend_no26.txt

  芝3200m ...
    train=173行 / val=28行 / 1着=11 / top3=33 / 複勝カバー率≈0%
    params: {'learning_rate': 0.01769226795453276, 'num_leaves': 51, 'max_depth': 7, 'min_child_samples': 10, 'reg_alpha': 0.029723442531939294, 'reg_lambda': 0.17613763016070647, 'n_estimators': 275}
    保存: C:\keiba_ai\keiba_ai_ver3.0\data\prediction\models\08_kyoto\turf3200_lambdarank_model_v11blend_no26.txt

  ダート1200m ...
    train=2,435行 / val=608行 / 1着=165 / top3=495 / 複勝カバー率≈0%
    params: {'learning_rate': 0.01769226795453276, 'num_leaves': 51, 'max_depth': 7, 'min_child_samples': 17, 'reg_alpha': 0.029723442531939294, 'reg_lambda': 0.17613763016070647, 'n_estimators': 275}
    保存: C:\keiba_ai\keiba_ai_ver3.0\data\prediction\models\08_kyoto\dirt1200_lambdarank_model_v11blend_no26.txt

  ダート1400m ...
    train=7,229行 / val=1,800行 / 1着=526 / top3=1573 / 複勝カバー率≈6%
    params: {'learning_rate': 0.005888518753760858, 'num_leaves': 20, 'max_depth': 3, 'min_child_samples': 26, 'reg_alpha': 0.5078616019492486, 'reg_lambda': 1.0595897111084032, 'n_estimators': 492}
    保存: C:\keiba_ai\keiba_ai_ver3.0\data\prediction\models\08_kyoto\dirt1400_lambdarank_model_v11blend_no26.txt

  ダート1800m ...
    train=7,229行 / val=1,800行 / 1着=526 / top3=1573 / 複勝カバー率≈6%
    params: {'learning_rate': 0.005888518753760858, 'num_leaves': 20, 'max_depth': 3, 'min_child_samples': 26, 'reg_alpha': 0.5078616019492486, 'reg_lambda': 1.0595897111084032, 'n_estimators': 492}
    保存: C:\keiba_ai\keiba_ai_ver3.0\data\prediction\models\08_kyoto\dirt1800_lambdarank_model_v11blend_no26.txt

  ダート1900m ...
    train=1,073行 / val=262行 / 1着=83 / top3=246 / 複勝カバー率≈0%
    params: {'learning_rate': 0.038971130575804744, 'num_leaves': 63, 'max_depth': 6, 'min_child_samples': 24, 'reg_alpha': 0.06902902940976643, 'reg_lambda': 0.09444083473101433, 'n_estimators': 471}
    保存: C:\keiba_ai\keiba_ai_ver3.0\data\prediction\models\08_kyoto\dirt1900_lambdarank_model_v11blend_no26.txt

=======================================================
[学習] 09_hanshin
=======================================================
  複勝ルックアップ構築中 ...
  ルックアップ完了: 1,156 レース

  芝1200m ...
    train=1,390行 / val=335行 / 1着=105 / top3=316 / 複勝カバー率≈535%
    params: {'learning_rate': 0.01769226795453276, 'num_leaves': 51, 'max_depth': 7, 'min_child_samples': 17, 'reg_alpha': 0.029723442531939294, 'reg_lambda': 0.17613763016070647, 'n_estimators': 275}
    保存: C:\keiba_ai\keiba_ai_ver3.0\data\prediction\models\09_hanshin\turf1200_lambdarank_model_v11blend_no26.txt

  芝1400m ...
    train=8,113行 / val=2,018行 / 1着=612 / top3=1832 / 複勝カバー率≈608%
    params: {'learning_rate': 0.01769226795453276, 'num_leaves': 51, 'max_depth': 7, 'min_child_samples': 17, 'reg_alpha': 0.029723442531939294, 'reg_lambda': 0.17613763016070647, 'n_estimators': 275}
    保存: C:\keiba_ai\keiba_ai_ver3.0\data\prediction\models\09_hanshin\turf1400_lambdarank_model_v11blend_no26.txt

  芝1600m ...
    train=8,113行 / val=2,018行 / 1着=612 / top3=1832 / 複勝カバー率≈608%
    params: {'learning_rate': 0.01769226795453276, 'num_leaves': 51, 'max_depth': 7, 'min_child_samples': 17, 'reg_alpha': 0.029723442531939294, 'reg_lambda': 0.17613763016070647, 'n_estimators': 275}
    保存: C:\keiba_ai\keiba_ai_ver3.0\data\prediction\models\09_hanshin\turf1600_lambdarank_model_v11blend_no26.txt

  芝1800m ...
    train=8,113行 / val=2,018行 / 1着=612 / top3=1832 / 複勝カバー率≈608%
    params: {'learning_rate': 0.01769226795453276, 'num_leaves': 51, 'max_depth': 7, 'min_child_samples': 17, 'reg_alpha': 0.029723442531939294, 'reg_lambda': 0.17613763016070647, 'n_estimators': 275}
    保存: C:\keiba_ai\keiba_ai_ver3.0\data\prediction\models\09_hanshin\turf1800_lambdarank_model_v11blend_no26.txt

  芝2000m ...
    train=2,267行 / val=567行 / 1着=200 / top3=594 / 複勝カバー率≈458%
    params: {'learning_rate': 0.01769226795453276, 'num_leaves': 51, 'max_depth': 7, 'min_child_samples': 17, 'reg_alpha': 0.029723442531939294, 'reg_lambda': 0.17613763016070647, 'n_estimators': 275}
    保存: C:\keiba_ai\keiba_ai_ver3.0\data\prediction\models\09_hanshin\turf2000_lambdarank_model_v11blend_no26.txt

  芝2200m ...
    train=1,582行 / val=395行 / 1着=139 / top3=414 / 複勝カバー率≈480%
    params: {'learning_rate': 0.01769226795453276, 'num_leaves': 51, 'max_depth': 7, 'min_child_samples': 17, 'reg_alpha': 0.029723442531939294, 'reg_lambda': 0.17613763016070647, 'n_estimators': 275}
    保存: C:\keiba_ai\keiba_ai_ver3.0\data\prediction\models\09_hanshin\turf2200_lambdarank_model_v11blend_no26.txt

  芝2400m ...
    train=1,582行 / val=395行 / 1着=139 / top3=414 / 複勝カバー率≈480%
    params: {'learning_rate': 0.01769226795453276, 'num_leaves': 51, 'max_depth': 7, 'min_child_samples': 17, 'reg_alpha': 0.029723442531939294, 'reg_lambda': 0.17613763016070647, 'n_estimators': 275}
    保存: C:\keiba_ai\keiba_ai_ver3.0\data\prediction\models\09_hanshin\turf2400_lambdarank_model_v11blend_no26.txt

  芝2600m ...
    train=1,582行 / val=395行 / 1着=139 / top3=414 / 複勝カバー率≈480%
    params: {'learning_rate': 0.01769226795453276, 'num_leaves': 51, 'max_depth': 7, 'min_child_samples': 17, 'reg_alpha': 0.029723442531939294, 'reg_lambda': 0.17613763016070647, 'n_estimators': 275}
    保存: C:\keiba_ai\keiba_ai_ver3.0\data\prediction\models\09_hanshin\turf2600_lambdarank_model_v11blend_no26.txt

  芝3000m ...
    train=151行 / val=21行 / 1着=11 / top3=33 / 複勝カバー率≈791%
    params: {'learning_rate': 0.01769226795453276, 'num_leaves': 51, 'max_depth': 7, 'min_child_samples': 9, 'reg_alpha': 0.029723442531939294, 'reg_lambda': 0.17613763016070647, 'n_estimators': 275}
    保存: C:\keiba_ai\keiba_ai_ver3.0\data\prediction\models\09_hanshin\turf3000_lambdarank_model_v11blend_no26.txt

  ダート1200m ...
    train=4,395行 / val=1,087行 / 1着=300 / top3=899 / 複勝カバー率≈776%
    params: {'learning_rate': 0.01769226795453276, 'num_leaves': 51, 'max_depth': 7, 'min_child_samples': 17, 'reg_alpha': 0.029723442531939294, 'reg_lambda': 0.17613763016070647, 'n_estimators': 275}
    保存: C:\keiba_ai\keiba_ai_ver3.0\data\prediction\models\09_hanshin\dirt1200_lambdarank_model_v11blend_no26.txt

  ダート1400m ...
    train=12,576行 / val=3,137行 / 1着=928 / top3=2782 / 複勝カバー率≈651%
    params: {'learning_rate': 0.01769226795453276, 'num_leaves': 51, 'max_depth': 7, 'min_child_samples': 17, 'reg_alpha': 0.029723442531939294, 'reg_lambda': 0.17613763016070647, 'n_estimators': 275}
    保存: C:\keiba_ai\keiba_ai_ver3.0\data\prediction\models\09_hanshin\dirt1400_lambdarank_model_v11blend_no26.txt

  ダート1800m ...
    train=12,576行 / val=3,137行 / 1着=928 / top3=2782 / 複勝カバー率≈651%
    params: {'learning_rate': 0.01769226795453276, 'num_leaves': 51, 'max_depth': 7, 'min_child_samples': 17, 'reg_alpha': 0.029723442531939294, 'reg_lambda': 0.17613763016070647, 'n_estimators': 275}
    保存: C:\keiba_ai\keiba_ai_ver3.0\data\prediction\models\09_hanshin\dirt1800_lambdarank_model_v11blend_no26.txt

  ダート2000m ...
    train=1,255行 / val=303行 / 1着=100 / top3=300 / 複勝カバー率≈622%
    params: {'learning_rate': 0.01769226795453276, 'num_leaves': 51, 'max_depth': 7, 'min_child_samples': 17, 'reg_alpha': 0.029723442531939294, 'reg_lambda': 0.17613763016070647, 'n_estimators': 275}
    保存: C:\keiba_ai\keiba_ai_ver3.0\data\prediction\models\09_hanshin\dirt2000_lambdarank_model_v11blend_no26.txt

=======================================================
[学習] 10_kokura
=======================================================
  複勝ルックアップ構築中 ...
  ルックアップ完了: 697 レース

  芝1200m ...
    train=5,497行 / val=1,362行 / 1着=351 / top3=1053 / 複勝カバー率≈760%
    params: {'learning_rate': 0.01769226795453276, 'num_leaves': 51, 'max_depth': 7, 'min_child_samples': 17, 'reg_alpha': 0.029723442531939294, 'reg_lambda': 0.17613763016070647, 'n_estimators': 275}
    保存: C:\keiba_ai\keiba_ai_ver3.0\data\prediction\models\10_kokura\turf1200_lambdarank_model_v11blend_no26.txt

  芝1700m ...
    train=2,729行 / val=680行 / 1着=204 / top3=613 / 複勝カバー率≈670%
    params: {'learning_rate': 0.01769226795453276, 'num_leaves': 51, 'max_depth': 7, 'min_child_samples': 17, 'reg_alpha': 0.029723442531939294, 'reg_lambda': 0.17613763016070647, 'n_estimators': 275}
    保存: C:\keiba_ai\keiba_ai_ver3.0\data\prediction\models\10_kokura\turf1700_lambdarank_model_v11blend_no26.txt

  芝1800m ...
    train=2,729行 / val=680行 / 1着=204 / top3=613 / 複勝カバー率≈670%
    params: {'learning_rate': 0.01769226795453276, 'num_leaves': 51, 'max_depth': 7, 'min_child_samples': 17, 'reg_alpha': 0.029723442531939294, 'reg_lambda': 0.17613763016070647, 'n_estimators': 275}
    保存: C:\keiba_ai\keiba_ai_ver3.0\data\prediction\models\10_kokura\turf1800_lambdarank_model_v11blend_no26.txt

  芝2000m ...
    train=2,468行 / val=615行 / 1着=192 / top3=569 / 複勝カバー率≈590%
    params: {'learning_rate': 0.01769226795453276, 'num_leaves': 51, 'max_depth': 7, 'min_child_samples': 17, 'reg_alpha': 0.029723442531939294, 'reg_lambda': 0.17613763016070647, 'n_estimators': 275}
    保存: C:\keiba_ai\keiba_ai_ver3.0\data\prediction\models\10_kokura\turf2000_lambdarank_model_v11blend_no26.txt

  芝2600m ...
    train=632行 / val=156行 / 1着=53 / top3=159 / 複勝カバー率≈575%
    params: {'learning_rate': 0.01769226795453276, 'num_leaves': 51, 'max_depth': 7, 'min_child_samples': 17, 'reg_alpha': 0.029723442531939294, 'reg_lambda': 0.17613763016070647, 'n_estimators': 275}
    保存: C:\keiba_ai\keiba_ai_ver3.0\data\prediction\models\10_kokura\turf2600_lambdarank_model_v11blend_no26.txt

  ダート1000m ...
    train=1,944行 / val=479行 / 1着=145 / top3=436 / 複勝カバー率≈702%
    params: {'learning_rate': 0.01769226795453276, 'num_leaves': 51, 'max_depth': 7, 'min_child_samples': 17, 'reg_alpha': 0.029723442531939294, 'reg_lambda': 0.17613763016070647, 'n_estimators': 275}
    保存: C:\keiba_ai\keiba_ai_ver3.0\data\prediction\models\10_kokura\dirt1000_lambdarank_model_v11blend_no26.txt

  ダート1700m ...
    train=4,740行 / val=1,168行 / 1着=324 / top3=972 / 複勝カバー率≈733%
    params: {'learning_rate': 0.01769226795453276, 'num_leaves': 51, 'max_depth': 7, 'min_child_samples': 17, 'reg_alpha': 0.029723442531939294, 'reg_lambda': 0.17613763016070647, 'n_estimators': 275}
    保存: C:\keiba_ai\keiba_ai_ver3.0\data\prediction\models\10_kokura\dirt1700_lambdarank_model_v11blend_no26.txt

  ダート2400m ...
    train=117行 / val=27行 / 1着=11 / top3=33 / 複勝カバー率≈364%
    params: {'learning_rate': 0.01769226795453276, 'num_leaves': 51, 'max_depth': 7, 'min_child_samples': 7, 'reg_alpha': 0.029723442531939294, 'reg_lambda': 0.17613763016070647, 'n_estimators': 275}
    保存: C:\keiba_ai\keiba_ai_ver3.0\data\prediction\models\10_kokura\dirt2400_lambdarank_model_v11blend_no26.txt

=======================================================
完了
=======================================================
