=======================================================
v6hit_extreme_no26  学習年: 2020～2025
label_gain: [0, 0, 0, 0, 100]
split: 先頭80%=train / 後ろ20%=validation（時系列正順）
=======================================================

=======================================================
[学習] 01_sapporo
=======================================================

  芝1000m ...
    train=1765行 / val=428行 / 66列
    params: {'n_estimators': 235, 'learning_rate': 0.04701765185428197, 'num_leaves': 62, 'max_depth': 6, 'min_child_samples': 29, 'reg_alpha': 0.011908521753034695, 'reg_lambda': 0.32591222211464116}
    保存: 芝1000m_v6hit_extreme_no26

  芝1200m ...
    train=1765行 / val=428行 / 66列
    params: {'n_estimators': 235, 'learning_rate': 0.04701765185428197, 'num_leaves': 62, 'max_depth': 6, 'min_child_samples': 29, 'reg_alpha': 0.011908521753034695, 'reg_lambda': 0.32591222211464116}
    保存: 芝1200m_v6hit_extreme_no26

  芝1500m ...
    train=2273行 / val=569行 / 66列
    params: {'n_estimators': 294, 'learning_rate': 0.030009506212331092, 'num_leaves': 26, 'max_depth': 7, 'min_child_samples': 13, 'reg_alpha': 0.038063241205076294, 'reg_lambda': 0.19702390218178892}
    保存: 芝1500m_v6hit_extreme_no26

  芝1800m ...
    train=2273行 / val=569行 / 66列
    params: {'n_estimators': 294, 'learning_rate': 0.030009506212331092, 'num_leaves': 26, 'max_depth': 7, 'min_child_samples': 13, 'reg_alpha': 0.038063241205076294, 'reg_lambda': 0.19702390218178892}
    保存: 芝1800m_v6hit_extreme_no26

  芝2000m ...
    train=1425行 / val=356行 / 66列
    params: {'n_estimators': 481, 'learning_rate': 0.04774816432813516, 'num_leaves': 62, 'max_depth': 6, 'min_child_samples': 29, 'reg_alpha': 0.046383763805220656, 'reg_lambda': 0.36271909307406064}
    保存: 芝2000m_v6hit_extreme_no26

  芝2600m ...
    train=537行 / val=122行 / 66列
    params: {'n_estimators': 379, 'learning_rate': 0.005743749302159308, 'num_leaves': 48, 'max_depth': 8, 'min_child_samples': 8, 'reg_alpha': 0.0028073229099750295, 'reg_lambda': 0.012496333968303307}
    保存: 芝2600m_v6hit_extreme_no26

  ダート1000m ...
    train=983行 / val=240行 / 66列
    params: {'n_estimators': 309, 'learning_rate': 0.01299068177733171, 'num_leaves': 28, 'max_depth': 9, 'min_child_samples': 15, 'reg_alpha': 0.09473572117188851, 'reg_lambda': 0.0011623432943295802}
    保存: ダート1000m_v6hit_extreme_no26

  ダート1700m ...
    train=3124行 / val=767行 / 66列
    params: {'n_estimators': 205, 'learning_rate': 0.02430184781872122, 'num_leaves': 56, 'max_depth': 5, 'min_child_samples': 12, 'reg_alpha': 2.9533383235252932, 'reg_lambda': 0.04557571886979141}
    保存: ダート1700m_v6hit_extreme_no26

  ダート2400m ...
    train=118行 / val=21行 / 66列
    params: {'n_estimators': 180, 'learning_rate': 0.04898972583838678, 'num_leaves': 17, 'max_depth': 7, 'min_child_samples': 10, 'reg_alpha': 2.981200837076743, 'reg_lambda': 2.521998215988086}
    保存: ダート2400m_v6hit_extreme_no26

=======================================================
[学習] 02_hakodate
=======================================================

  芝1000m ...
    train=2685行 / val=669行 / 66列
    params: {'n_estimators': 379, 'learning_rate': 0.005743749302159308, 'num_leaves': 48, 'max_depth': 8, 'min_child_samples': 8, 'reg_alpha': 0.0028073229099750295, 'reg_lambda': 0.012496333968303307}
    保存: 芝1000m_v6hit_extreme_no26

  芝1200m ...
    train=2685行 / val=669行 / 66列
    params: {'n_estimators': 379, 'learning_rate': 0.005743749302159308, 'num_leaves': 48, 'max_depth': 8, 'min_child_samples': 8, 'reg_alpha': 0.0028073229099750295, 'reg_lambda': 0.012496333968303307}
    保存: 芝1200m_v6hit_extreme_no26

  芝1800m ...
    train=1243行 / val=300行 / 66列
    params: {'n_estimators': 251, 'learning_rate': 0.03277035209720187, 'num_leaves': 19, 'max_depth': 5, 'min_child_samples': 28, 'reg_alpha': 0.25706281830353156, 'reg_lambda': 0.0010602979975561822}
    保存: 芝1800m_v6hit_extreme_no26

  芝2000m ...
    train=873行 / val=213行 / 66列
    params: {'n_estimators': 347, 'learning_rate': 0.020467543734830815, 'num_leaves': 46, 'max_depth': 10, 'min_child_samples': 21, 'reg_alpha': 0.017784946468432317, 'reg_lambda': 0.03308362546133902}
    保存: 芝2000m_v6hit_extreme_no26

  芝2600m ...
    train=362行 / val=88行 / 66列
    params: {'n_estimators': 361, 'learning_rate': 0.008959042707720502, 'num_leaves': 38, 'max_depth': 4, 'min_child_samples': 6, 'reg_alpha': 0.0024198461178770677, 'reg_lambda': 0.19148623742082843}
    保存: 芝2600m_v6hit_extreme_no26

  ダート1000m ...
    train=1081行 / val=265行 / 66列
    params: {'n_estimators': 265, 'learning_rate': 0.035710034316280344, 'num_leaves': 39, 'max_depth': 9, 'min_child_samples': 25, 'reg_alpha': 0.006900025442782297, 'reg_lambda': 0.10141298044887512}
    保存: ダート1000m_v6hit_extreme_no26

  ダート1700m ...
    train=2253行 / val=555行 / 66列
    params: {'n_estimators': 200, 'learning_rate': 0.04000251291726538, 'num_leaves': 42, 'max_depth': 7, 'min_child_samples': 17, 'reg_alpha': 0.007202060317948558, 'reg_lambda': 0.10141298044887512}
    保存: ダート1700m_v6hit_extreme_no26

  ダート2400m ...
    train=128行 / val=23行 / 66列
    params: {'n_estimators': 214, 'learning_rate': 0.010502295478743375, 'num_leaves': 27, 'max_depth': 8, 'min_child_samples': 6, 'reg_alpha': 0.0027877419473177276, 'reg_lambda': 0.007826347184735254}
    保存: ダート2400m_v6hit_extreme_no26

=======================================================
[学習] 03_fukushima
=======================================================

  芝1200m ...
    train=3664行 / val=907行 / 66列
    params: {'n_estimators': 267, 'learning_rate': 0.02866122297762791, 'num_leaves': 29, 'max_depth': 7, 'min_child_samples': 2, 'reg_alpha': 0.015540232832113119, 'reg_lambda': 0.007487762517657084}
    保存: 芝1200m_v6hit_extreme_no26

  芝1800m ...
    train=2036行 / val=500行 / 66列
    params: {'n_estimators': 208, 'learning_rate': 0.024336537724432585, 'num_leaves': 24, 'max_depth': 8, 'min_child_samples': 26, 'reg_alpha': 0.03680571061738322, 'reg_lambda': 0.0011193482060031757}
    保存: 芝1800m_v6hit_extreme_no26

  芝2000m ...
    train=1680行 / val=419行 / 66列
    params: {'n_estimators': 420, 'learning_rate': 0.014469361482488454, 'num_leaves': 54, 'max_depth': 3, 'min_child_samples': 20, 'reg_alpha': 0.003151060651827965, 'reg_lambda': 1.9263197180254745}
    保存: 芝2000m_v6hit_extreme_no26

  芝2600m ...
    train=747行 / val=181行 / 66列
    params: {'n_estimators': 182, 'learning_rate': 0.034133501277301366, 'num_leaves': 41, 'max_depth': 7, 'min_child_samples': 2, 'reg_alpha': 0.024194220602307498, 'reg_lambda': 0.027783831388647057}
    保存: 芝2600m_v6hit_extreme_no26

  ダート1150m ...
    train=2516行 / val=625行 / 66列
    params: {'n_estimators': 309, 'learning_rate': 0.01299068177733171, 'num_leaves': 28, 'max_depth': 9, 'min_child_samples': 15, 'reg_alpha': 0.09473572117188851, 'reg_lambda': 0.0011623432943295802}
    保存: ダート1150m_v6hit_extreme_no26

  ダート1700m ...
    train=3789行 / val=936行 / 66列
    params: {'n_estimators': 481, 'learning_rate': 0.04774816432813516, 'num_leaves': 62, 'max_depth': 6, 'min_child_samples': 29, 'reg_alpha': 0.046383763805220656, 'reg_lambda': 0.36271909307406064}
    保存: ダート1700m_v6hit_extreme_no26

  ダート2400m ...
    train=117行 / val=27行 / 66列
    params: {'n_estimators': 235, 'learning_rate': 0.04701765185428197, 'num_leaves': 62, 'max_depth': 6, 'min_child_samples': 11, 'reg_alpha': 0.011908521753034695, 'reg_lambda': 0.32591222211464116}
    保存: ダート2400m_v6hit_extreme_no26

=======================================================
[学習] 04_nigata
=======================================================

  芝1000m ...
    train=3124行 / val=770行 / 66列
    params: {'n_estimators': 173, 'learning_rate': 0.009849860002951766, 'num_leaves': 64, 'max_depth': 6, 'min_child_samples': 2, 'reg_alpha': 0.8977985737374932, 'reg_lambda': 2.745356671725401}
    保存: 芝1000m_v6hit_extreme_no26

  芝1200m ...
    train=3124行 / val=770行 / 66列
    params: {'n_estimators': 173, 'learning_rate': 0.009849860002951766, 'num_leaves': 64, 'max_depth': 6, 'min_child_samples': 2, 'reg_alpha': 0.8977985737374932, 'reg_lambda': 2.745356671725401}
    保存: 芝1200m_v6hit_extreme_no26

  芝1400m ...
    train=6018行 / val=1487行 / 66列
    params: {'n_estimators': 361, 'learning_rate': 0.008959042707720502, 'num_leaves': 38, 'max_depth': 4, 'min_child_samples': 6, 'reg_alpha': 0.0024198461178770677, 'reg_lambda': 0.19148623742082843}
    保存: 芝1400m_v6hit_extreme_no26

  芝1600m ...
    train=6018行 / val=1487行 / 66列
    params: {'n_estimators': 361, 'learning_rate': 0.008959042707720502, 'num_leaves': 38, 'max_depth': 4, 'min_child_samples': 6, 'reg_alpha': 0.0024198461178770677, 'reg_lambda': 0.19148623742082843}
    保存: 芝1600m_v6hit_extreme_no26

  芝1800m ...
    train=6018行 / val=1487行 / 66列
    params: {'n_estimators': 361, 'learning_rate': 0.008959042707720502, 'num_leaves': 38, 'max_depth': 4, 'min_child_samples': 6, 'reg_alpha': 0.0024198461178770677, 'reg_lambda': 0.19148623742082843}
    保存: 芝1800m_v6hit_extreme_no26

  芝2000m ...
    train=1736行 / val=431行 / 66列
    params: {'n_estimators': 306, 'learning_rate': 0.012920946447288919, 'num_leaves': 44, 'max_depth': 6, 'min_child_samples': 19, 'reg_alpha': 0.04648477009329726, 'reg_lambda': 0.010086150014305576}
    保存: 芝2000m_v6hit_extreme_no26

  芝2200m ...
    train=984行 / val=246行 / 66列
    params: {'n_estimators': 251, 'learning_rate': 0.03277035209720187, 'num_leaves': 19, 'max_depth': 5, 'min_child_samples': 28, 'reg_alpha': 0.25706281830353156, 'reg_lambda': 0.0010602979975561822}
    保存: 芝2200m_v6hit_extreme_no26

  芝2400m ...
    train=984行 / val=246行 / 66列
    params: {'n_estimators': 251, 'learning_rate': 0.03277035209720187, 'num_leaves': 19, 'max_depth': 5, 'min_child_samples': 28, 'reg_alpha': 0.25706281830353156, 'reg_lambda': 0.0010602979975561822}
    保存: 芝2400m_v6hit_extreme_no26

  ダート1200m ...
    train=4314行 / val=1078行 / 66列
    params: {'n_estimators': 159, 'learning_rate': 0.010732420028758934, 'num_leaves': 16, 'max_depth': 5, 'min_child_samples': 11, 'reg_alpha': 0.8259166048025806, 'reg_lambda': 0.5690652473269824}
    保存: ダート1200m_v6hit_extreme_no26

  ダート1800m ...
    train=5083行 / val=1265行 / 66列
    params: {'n_estimators': 297, 'learning_rate': 0.03235482073237677, 'num_leaves': 55, 'max_depth': 5, 'min_child_samples': 25, 'reg_alpha': 0.001145610741763563, 'reg_lambda': 0.05499895084197008}
    保存: ダート1800m_v6hit_extreme_no26

  ダート2500m ...
    train=90行 / val=15行 / 66列
    params: {'n_estimators': 279, 'learning_rate': 0.005189554684214532, 'num_leaves': 63, 'max_depth': 7, 'min_child_samples': 3, 'reg_alpha': 0.03210967275901964, 'reg_lambda': 0.01475024997127589}
    保存: ダート2500m_v6hit_extreme_no26

=======================================================
[学習] 05_tokyo
=======================================================

  芝1400m ...
    train=12082行 / val=3010行 / 66列
    params: {'n_estimators': 398, 'learning_rate': 0.00922582424261475, 'num_leaves': 53, 'max_depth': 5, 'min_child_samples': 29, 'reg_alpha': 0.0010793036325557755, 'reg_lambda': 0.204072997333789}
    保存: 芝1400m_v6hit_extreme_no26

  芝1600m ...
    train=12082行 / val=3010行 / 66列
    params: {'n_estimators': 398, 'learning_rate': 0.00922582424261475, 'num_leaves': 53, 'max_depth': 5, 'min_child_samples': 29, 'reg_alpha': 0.0010793036325557755, 'reg_lambda': 0.204072997333789}
    保存: 芝1600m_v6hit_extreme_no26

  芝1800m ...
    train=12082行 / val=3010行 / 66列
    params: {'n_estimators': 398, 'learning_rate': 0.00922582424261475, 'num_leaves': 53, 'max_depth': 5, 'min_child_samples': 29, 'reg_alpha': 0.0010793036325557755, 'reg_lambda': 0.204072997333789}
    保存: 芝1800m_v6hit_extreme_no26

  芝2000m ...
    train=2363行 / val=591行 / 66列
    params: {'n_estimators': 347, 'learning_rate': 0.020467543734830815, 'num_leaves': 46, 'max_depth': 10, 'min_child_samples': 21, 'reg_alpha': 0.017784946468432317, 'reg_lambda': 0.03308362546133902}
    保存: 芝2000m_v6hit_extreme_no26

  芝2300m ...
    train=2034行 / val=508行 / 66列
    params: {'n_estimators': 320, 'learning_rate': 0.02595131508847582, 'num_leaves': 45, 'max_depth': 7, 'min_child_samples': 14, 'reg_alpha': 0.17613763016070647, 'reg_lambda': 0.03323102927882457}
    保存: 芝2300m_v6hit_extreme_no26

  芝2400m ...
    train=2034行 / val=508行 / 66列
    params: {'n_estimators': 320, 'learning_rate': 0.02595131508847582, 'num_leaves': 45, 'max_depth': 7, 'min_child_samples': 14, 'reg_alpha': 0.17613763016070647, 'reg_lambda': 0.03323102927882457}
    保存: 芝2400m_v6hit_extreme_no26

  芝2500m ...
    train=2034行 / val=508行 / 66列
    params: {'n_estimators': 320, 'learning_rate': 0.02595131508847582, 'num_leaves': 45, 'max_depth': 7, 'min_child_samples': 14, 'reg_alpha': 0.17613763016070647, 'reg_lambda': 0.03323102927882457}
    保存: 芝2500m_v6hit_extreme_no26

  芝3400m ...
    train=72行 / val=16行 / 66列
    params: {'n_estimators': 320, 'learning_rate': 0.02595131508847582, 'num_leaves': 45, 'max_depth': 7, 'min_child_samples': 4, 'reg_alpha': 0.17613763016070647, 'reg_lambda': 0.03323102927882457}
    保存: 芝3400m_v6hit_extreme_no26

  ダート1300m ...
    train=1788行 / val=436行 / 66列
    params: {'n_estimators': 420, 'learning_rate': 0.014469361482488454, 'num_leaves': 54, 'max_depth': 3, 'min_child_samples': 20, 'reg_alpha': 0.003151060651827965, 'reg_lambda': 1.9263197180254745}
    保存: ダート1300m_v6hit_extreme_no26

  ダート1400m ...
    train=15083行 / val=3764行 / 66列
    params: {'n_estimators': 457, 'learning_rate': 0.04598675496284059, 'num_leaves': 34, 'max_depth': 9, 'min_child_samples': 17, 'reg_alpha': 0.09444083473101433, 'reg_lambda': 1.653528726720999}
    保存: ダート1400m_v6hit_extreme_no26

  ダート1600m ...
    train=15083行 / val=3764行 / 66列
    params: {'n_estimators': 457, 'learning_rate': 0.04598675496284059, 'num_leaves': 34, 'max_depth': 9, 'min_child_samples': 17, 'reg_alpha': 0.09444083473101433, 'reg_lambda': 1.653528726720999}
    保存: ダート1600m_v6hit_extreme_no26

  ダート2100m ...
    train=2646行 / val=662行 / 66列
    params: {'n_estimators': 192, 'learning_rate': 0.0051944885536644985, 'num_leaves': 24, 'max_depth': 6, 'min_child_samples': 13, 'reg_alpha': 0.006091146028937765, 'reg_lambda': 0.0534079646025254}
    保存: ダート2100m_v6hit_extreme_no26

  ダート2400m ...
    データなし: スキップ

=======================================================
[学習] 06_nakayama
=======================================================

  芝1200m ...
    train=2431行 / val=596行 / 66列
    params: {'n_estimators': 245, 'learning_rate': 0.00645389641317664, 'num_leaves': 28, 'max_depth': 8, 'min_child_samples': 26, 'reg_alpha': 1.0499932920019026, 'reg_lambda': 2.6808993521106546}
    保存: 芝1200m_v6hit_extreme_no26

  芝1600m ...
    train=6611行 / val=1653行 / 66列
    params: {'n_estimators': 272, 'learning_rate': 0.037317680063648606, 'num_leaves': 64, 'max_depth': 10, 'min_child_samples': 12, 'reg_alpha': 0.058474006623797266, 'reg_lambda': 0.011668422056936367}
    保存: 芝1600m_v6hit_extreme_no26

  芝1800m ...
    train=6611行 / val=1653行 / 66列
    params: {'n_estimators': 272, 'learning_rate': 0.037317680063648606, 'num_leaves': 64, 'max_depth': 10, 'min_child_samples': 12, 'reg_alpha': 0.058474006623797266, 'reg_lambda': 0.011668422056936367}
    保存: 芝1800m_v6hit_extreme_no26

  芝2000m ...
    train=3375行 / val=831行 / 66列
    params: {'n_estimators': 190, 'learning_rate': 0.007683758859011754, 'num_leaves': 25, 'max_depth': 8, 'min_child_samples': 11, 'reg_alpha': 0.3919240077786483, 'reg_lambda': 0.001069510905506106}
    保存: 芝2000m_v6hit_extreme_no26

  芝2200m ...
    train=1821行 / val=456行 / 66列
    params: {'n_estimators': 218, 'learning_rate': 0.005006116368289364, 'num_leaves': 55, 'max_depth': 7, 'min_child_samples': 10, 'reg_alpha': 0.01544726861682225, 'reg_lambda': 0.00955661273613721}
    保存: 芝2200m_v6hit_extreme_no26

  芝2500m ...
    train=1821行 / val=456行 / 66列
    params: {'n_estimators': 218, 'learning_rate': 0.005006116368289364, 'num_leaves': 55, 'max_depth': 7, 'min_child_samples': 10, 'reg_alpha': 0.01544726861682225, 'reg_lambda': 0.00955661273613721}
    保存: 芝2500m_v6hit_extreme_no26

  芝3600m ...
    train=72行 / val=14行 / 66列
    params: {'n_estimators': 221, 'learning_rate': 0.04750403931085677, 'num_leaves': 62, 'max_depth': 6, 'min_child_samples': 7, 'reg_alpha': 2.584006683164645, 'reg_lambda': 0.17519147151832634}
    保存: 芝3600m_v6hit_extreme_no26

  ダート1200m ...
    train=9401行 / val=2345行 / 66列
    params: {'n_estimators': 155, 'learning_rate': 0.007862349874524862, 'num_leaves': 34, 'max_depth': 9, 'min_child_samples': 4, 'reg_alpha': 0.8196643530198039, 'reg_lambda': 0.0021584690047057415}
    保存: ダート1200m_v6hit_extreme_no26

  ダート1800m ...
    train=9808行 / val=2448行 / 66列
    params: {'n_estimators': 128, 'learning_rate': 0.006110817364354473, 'num_leaves': 16, 'max_depth': 9, 'min_child_samples': 24, 'reg_alpha': 1.0595897111084032, 'reg_lambda': 2.527985846003494}
    保存: ダート1800m_v6hit_extreme_no26

  ダート2400m ...
    train=674行 / val=167行 / 66列
    params: {'n_estimators': 400, 'learning_rate': 0.007724521729051326, 'num_leaves': 54, 'max_depth': 8, 'min_child_samples': 14, 'reg_alpha': 0.006113837320191817, 'reg_lambda': 0.0062237375353120196}
    保存: ダート2400m_v6hit_extreme_no26

  ダート2500m ...
    train=674行 / val=167行 / 66列
    params: {'n_estimators': 400, 'learning_rate': 0.007724521729051326, 'num_leaves': 54, 'max_depth': 8, 'min_child_samples': 14, 'reg_alpha': 0.006113837320191817, 'reg_lambda': 0.0062237375353120196}
    保存: ダート2500m_v6hit_extreme_no26

=======================================================
[学習] 07_chukyo
=======================================================

  芝1200m ...
    train=1678行 / val=414行 / 66列
    params: {'n_estimators': 473, 'learning_rate': 0.03966121255697816, 'num_leaves': 22, 'max_depth': 5, 'min_child_samples': 15, 'reg_alpha': 0.25334315265702756, 'reg_lambda': 0.0037771760085175987}
    保存: 芝1200m_v6hit_extreme_no26

  芝1400m ...
    train=5049行 / val=1253行 / 66列
    params: {'n_estimators': 487, 'learning_rate': 0.00915026847815105, 'num_leaves': 27, 'max_depth': 7, 'min_child_samples': 2, 'reg_alpha': 0.4471611296684652, 'reg_lambda': 0.0011315979849981278}
    保存: 芝1400m_v6hit_extreme_no26

  芝1600m ...
    train=5049行 / val=1253行 / 66列
    params: {'n_estimators': 487, 'learning_rate': 0.00915026847815105, 'num_leaves': 27, 'max_depth': 7, 'min_child_samples': 2, 'reg_alpha': 0.4471611296684652, 'reg_lambda': 0.0011315979849981278}
    保存: 芝1600m_v6hit_extreme_no26

  芝2000m ...
    train=3317行 / val=821行 / 66列
    params: {'n_estimators': 462, 'learning_rate': 0.026737584334948796, 'num_leaves': 54, 'max_depth': 6, 'min_child_samples': 11, 'reg_alpha': 0.13354601662603474, 'reg_lambda': 0.031761558386954346}
    保存: 芝2000m_v6hit_extreme_no26

  芝2200m ...
    train=1354行 / val=337行 / 66列
    params: {'n_estimators': 420, 'learning_rate': 0.014469361482488454, 'num_leaves': 54, 'max_depth': 3, 'min_child_samples': 20, 'reg_alpha': 0.003151060651827965, 'reg_lambda': 1.9263197180254745}
    保存: 芝2200m_v6hit_extreme_no26

  ダート1200m ...
    train=3253行 / val=814行 / 66列
    params: {'n_estimators': 168, 'learning_rate': 0.011198880149716891, 'num_leaves': 42, 'max_depth': 7, 'min_child_samples': 5, 'reg_alpha': 1.0048843789513344, 'reg_lambda': 0.010647320214790193}
    保存: ダート1200m_v6hit_extreme_no26

  ダート1400m ...
    train=10035行 / val=2497行 / 66列
    params: {'n_estimators': 301, 'learning_rate': 0.03267577511857067, 'num_leaves': 43, 'max_depth': 7, 'min_child_samples': 11, 'reg_alpha': 0.26652435297086186, 'reg_lambda': 0.007016290800542434}
    保存: ダート1400m_v6hit_extreme_no26

  ダート1800m ...
    train=10035行 / val=2497行 / 66列
    params: {'n_estimators': 301, 'learning_rate': 0.03267577511857067, 'num_leaves': 43, 'max_depth': 7, 'min_child_samples': 11, 'reg_alpha': 0.26652435297086186, 'reg_lambda': 0.007016290800542434}
    保存: ダート1800m_v6hit_extreme_no26

  ダート1900m ...
    train=1841行 / val=451行 / 66列
    params: {'n_estimators': 333, 'learning_rate': 0.021062083997815284, 'num_leaves': 54, 'max_depth': 8, 'min_child_samples': 30, 'reg_alpha': 0.008560318151633406, 'reg_lambda': 0.007711630081905115}
    保存: ダート1900m_v6hit_extreme_no26

=======================================================
[学習] 08_kyoto
=======================================================

  芝1200m ...
    train=1030行 / val=256行 / 66列
    params: {'n_estimators': 261, 'learning_rate': 0.0069792031926637675, 'num_leaves': 30, 'max_depth': 8, 'min_child_samples': 2, 'reg_alpha': 2.8534510695324555, 'reg_lambda': 0.12985754302564714}
    保存: 芝1200m_v6hit_extreme_no26

  芝1400m ...
    train=5192行 / val=1288行 / 66列
    params: {'n_estimators': 250, 'learning_rate': 0.00865999295167794, 'num_leaves': 29, 'max_depth': 6, 'min_child_samples': 2, 'reg_alpha': 0.0011420137198718061, 'reg_lambda': 0.6856605013900238}
    保存: 芝1400m_v6hit_extreme_no26

  芝1600m ...
    train=5192行 / val=1288行 / 66列
    params: {'n_estimators': 250, 'learning_rate': 0.00865999295167794, 'num_leaves': 29, 'max_depth': 6, 'min_child_samples': 2, 'reg_alpha': 0.0011420137198718061, 'reg_lambda': 0.6856605013900238}
    保存: 芝1600m_v6hit_extreme_no26

  芝1800m ...
    train=5192行 / val=1288行 / 66列
    params: {'n_estimators': 250, 'learning_rate': 0.00865999295167794, 'num_leaves': 29, 'max_depth': 6, 'min_child_samples': 2, 'reg_alpha': 0.0011420137198718061, 'reg_lambda': 0.6856605013900238}
    保存: 芝1800m_v6hit_extreme_no26

  芝2000m ...
    train=1448行 / val=356行 / 66列
    params: {'n_estimators': 306, 'learning_rate': 0.01952182645892927, 'num_leaves': 63, 'max_depth': 7, 'min_child_samples': 30, 'reg_alpha': 0.3295730844738888, 'reg_lambda': 0.11482466522381679}
    保存: 芝2000m_v6hit_extreme_no26

  芝2200m ...
    train=1060行 / val=261行 / 66列
    params: {'n_estimators': 155, 'learning_rate': 0.007862349874524862, 'num_leaves': 34, 'max_depth': 9, 'min_child_samples': 4, 'reg_alpha': 0.8196643530198039, 'reg_lambda': 0.0021584690047057415}
    保存: 芝2200m_v6hit_extreme_no26

  芝2400m ...
    train=1060行 / val=261行 / 66列
    params: {'n_estimators': 155, 'learning_rate': 0.007862349874524862, 'num_leaves': 34, 'max_depth': 9, 'min_child_samples': 4, 'reg_alpha': 0.8196643530198039, 'reg_lambda': 0.0021584690047057415}
    保存: 芝2400m_v6hit_extreme_no26

  芝3000m ...
    train=173行 / val=28行 / 66列
    params: {'n_estimators': 347, 'learning_rate': 0.020467543734830815, 'num_leaves': 46, 'max_depth': 10, 'min_child_samples': 12, 'reg_alpha': 0.017784946468432317, 'reg_lambda': 0.03308362546133902}
    保存: 芝3000m_v6hit_extreme_no26

  芝3200m ...
    train=173行 / val=28行 / 66列
    params: {'n_estimators': 347, 'learning_rate': 0.020467543734830815, 'num_leaves': 46, 'max_depth': 10, 'min_child_samples': 12, 'reg_alpha': 0.017784946468432317, 'reg_lambda': 0.03308362546133902}
    保存: 芝3200m_v6hit_extreme_no26

  ダート1200m ...
    train=2435行 / val=608行 / 66列
    params: {'n_estimators': 217, 'learning_rate': 0.00645389641317664, 'num_leaves': 28, 'max_depth': 8, 'min_child_samples': 26, 'reg_alpha': 1.0499932920019026, 'reg_lambda': 2.678590062808856}
    保存: ダート1200m_v6hit_extreme_no26

  ダート1400m ...
    train=7229行 / val=1800行 / 66列
    params: {'n_estimators': 227, 'learning_rate': 0.04638945151639016, 'num_leaves': 62, 'max_depth': 6, 'min_child_samples': 29, 'reg_alpha': 0.0010980447267460633, 'reg_lambda': 0.011812419976497741}
    保存: ダート1400m_v6hit_extreme_no26

  ダート1800m ...
    train=7229行 / val=1800行 / 66列
    params: {'n_estimators': 227, 'learning_rate': 0.04638945151639016, 'num_leaves': 62, 'max_depth': 6, 'min_child_samples': 29, 'reg_alpha': 0.0010980447267460633, 'reg_lambda': 0.011812419976497741}
    保存: ダート1800m_v6hit_extreme_no26

  ダート1900m ...
    train=1073行 / val=262行 / 66列
    params: {'n_estimators': 246, 'learning_rate': 0.010518573252670993, 'num_leaves': 41, 'max_depth': 5, 'min_child_samples': 9, 'reg_alpha': 2.6779761207513437, 'reg_lambda': 0.8586560058038903}
    保存: ダート1900m_v6hit_extreme_no26

=======================================================
[学習] 09_hanshin
=======================================================

  芝1200m ...
    train=1390行 / val=335行 / 66列
    params: {'n_estimators': 347, 'learning_rate': 0.020467543734830815, 'num_leaves': 46, 'max_depth': 10, 'min_child_samples': 21, 'reg_alpha': 0.017784946468432317, 'reg_lambda': 0.03308362546133902}
    保存: 芝1200m_v6hit_extreme_no26

  芝1400m ...
    train=8113行 / val=2018行 / 66列
    params: {'n_estimators': 245, 'learning_rate': 0.018585180132685557, 'num_leaves': 37, 'max_depth': 10, 'min_child_samples': 4, 'reg_alpha': 0.00532463457929216, 'reg_lambda': 0.0036382518028858744}
    保存: 芝1400m_v6hit_extreme_no26

  芝1600m ...
    train=8113行 / val=2018行 / 66列
    params: {'n_estimators': 245, 'learning_rate': 0.018585180132685557, 'num_leaves': 37, 'max_depth': 10, 'min_child_samples': 4, 'reg_alpha': 0.00532463457929216, 'reg_lambda': 0.0036382518028858744}
    保存: 芝1600m_v6hit_extreme_no26

  芝1800m ...
    train=8113行 / val=2018行 / 66列
    params: {'n_estimators': 245, 'learning_rate': 0.018585180132685557, 'num_leaves': 37, 'max_depth': 10, 'min_child_samples': 4, 'reg_alpha': 0.00532463457929216, 'reg_lambda': 0.0036382518028858744}
    保存: 芝1800m_v6hit_extreme_no26

  芝2000m ...
    train=2267行 / val=567行 / 66列
    params: {'n_estimators': 494, 'learning_rate': 0.049629890103941615, 'num_leaves': 64, 'max_depth': 6, 'min_child_samples': 30, 'reg_alpha': 0.04602666228684508, 'reg_lambda': 0.46041358248698205}
    保存: 芝2000m_v6hit_extreme_no26

  芝2200m ...
    train=1582行 / val=395行 / 66列
    params: {'n_estimators': 279, 'learning_rate': 0.020470703558771917, 'num_leaves': 54, 'max_depth': 7, 'min_child_samples': 24, 'reg_alpha': 0.03931335721828287, 'reg_lambda': 0.5344636800346602}
    保存: 芝2200m_v6hit_extreme_no26

  芝2400m ...
    train=1582行 / val=395行 / 66列
    params: {'n_estimators': 279, 'learning_rate': 0.020470703558771917, 'num_leaves': 54, 'max_depth': 7, 'min_child_samples': 24, 'reg_alpha': 0.03931335721828287, 'reg_lambda': 0.5344636800346602}
    保存: 芝2400m_v6hit_extreme_no26

  芝2600m ...
    train=1582行 / val=395行 / 66列
    params: {'n_estimators': 279, 'learning_rate': 0.020470703558771917, 'num_leaves': 54, 'max_depth': 7, 'min_child_samples': 24, 'reg_alpha': 0.03931335721828287, 'reg_lambda': 0.5344636800346602}
    保存: 芝2600m_v6hit_extreme_no26

  芝3000m ...
    train=151行 / val=21行 / 66列
    params: {'n_estimators': 379, 'learning_rate': 0.005743749302159308, 'num_leaves': 48, 'max_depth': 8, 'min_child_samples': 4, 'reg_alpha': 0.0028073229099750295, 'reg_lambda': 0.012496333968303307}
    保存: 芝3000m_v6hit_extreme_no26

  ダート1200m ...
    train=4395行 / val=1087行 / 66列
    params: {'n_estimators': 110, 'learning_rate': 0.03154700972686709, 'num_leaves': 36, 'max_depth': 6, 'min_child_samples': 30, 'reg_alpha': 0.022257155168780858, 'reg_lambda': 0.8586560058038903}
    保存: ダート1200m_v6hit_extreme_no26

  ダート1400m ...
    train=12576行 / val=3137行 / 66列
    params: {'n_estimators': 416, 'learning_rate': 0.037113226700292726, 'num_leaves': 57, 'max_depth': 5, 'min_child_samples': 26, 'reg_alpha': 2.9533383235252932, 'reg_lambda': 0.6703522939783977}
    保存: ダート1400m_v6hit_extreme_no26

  ダート1800m ...
    train=12576行 / val=3137行 / 66列
    params: {'n_estimators': 416, 'learning_rate': 0.037113226700292726, 'num_leaves': 57, 'max_depth': 5, 'min_child_samples': 26, 'reg_alpha': 2.9533383235252932, 'reg_lambda': 0.6703522939783977}
    保存: ダート1800m_v6hit_extreme_no26

  ダート2000m ...
    train=1255行 / val=303行 / 66列
    params: {'n_estimators': 264, 'learning_rate': 0.025611776306143478, 'num_leaves': 30, 'max_depth': 7, 'min_child_samples': 28, 'reg_alpha': 0.05529512436030506, 'reg_lambda': 0.01956467316024847}
    保存: ダート2000m_v6hit_extreme_no26

=======================================================
[学習] 10_kokura
=======================================================

  芝1200m ...
    train=5497行 / val=1362行 / 66列
    params: {'n_estimators': 217, 'learning_rate': 0.00645389641317664, 'num_leaves': 28, 'max_depth': 8, 'min_child_samples': 26, 'reg_alpha': 1.0499932920019026, 'reg_lambda': 2.678590062808856}
    保存: 芝1200m_v6hit_extreme_no26

  芝1700m ...
    train=2729行 / val=680行 / 66列
    params: {'n_estimators': 177, 'learning_rate': 0.03750428129645759, 'num_leaves': 42, 'max_depth': 5, 'min_child_samples': 19, 'reg_alpha': 0.04507329004545332, 'reg_lambda': 0.058685198295374726}
    保存: 芝1700m_v6hit_extreme_no26

  芝1800m ...
    train=2729行 / val=680行 / 66列
    params: {'n_estimators': 177, 'learning_rate': 0.03750428129645759, 'num_leaves': 42, 'max_depth': 5, 'min_child_samples': 19, 'reg_alpha': 0.04507329004545332, 'reg_lambda': 0.058685198295374726}
    保存: 芝1800m_v6hit_extreme_no26

  芝2000m ...
    train=2468行 / val=615行 / 66列
    params: {'n_estimators': 320, 'learning_rate': 0.02595131508847582, 'num_leaves': 45, 'max_depth': 7, 'min_child_samples': 14, 'reg_alpha': 0.17613763016070647, 'reg_lambda': 0.03323102927882457}
    保存: 芝2000m_v6hit_extreme_no26

  芝2600m ...
    train=632行 / val=156行 / 66列
    params: {'n_estimators': 457, 'learning_rate': 0.04598675496284059, 'num_leaves': 34, 'max_depth': 9, 'min_child_samples': 17, 'reg_alpha': 0.09444083473101433, 'reg_lambda': 1.653528726720999}
    保存: 芝2600m_v6hit_extreme_no26

  ダート1000m ...
    train=1944行 / val=479行 / 66列
    params: {'n_estimators': 128, 'learning_rate': 0.006110817364354473, 'num_leaves': 16, 'max_depth': 9, 'min_child_samples': 24, 'reg_alpha': 1.0595897111084032, 'reg_lambda': 2.527985846003494}
    保存: ダート1000m_v6hit_extreme_no26

  ダート1700m ...
    train=4740行 / val=1168行 / 66列
    params: {'n_estimators': 225, 'learning_rate': 0.04721553607697163, 'num_leaves': 62, 'max_depth': 6, 'min_child_samples': 29, 'reg_alpha': 0.013695332647306414, 'reg_lambda': 0.17504739726856905}
    保存: ダート1700m_v6hit_extreme_no26

  ダート2400m ...
    train=117行 / val=27行 / 66列
    params: {'n_estimators': 320, 'learning_rate': 0.02595131508847582, 'num_leaves': 45, 'max_depth': 7, 'min_child_samples': 6, 'reg_alpha': 0.17613763016070647, 'reg_lambda': 0.03323102927882457}
    保存: ダート2400m_v6hit_extreme_no26

=======================================================
完了
=======================================================
