=======================================================
v5prime_no26  学習年: 2020～2025
split: 先頭80%=train / 後ろ20%=validation（時系列正順）
=======================================================

=======================================================
[学習] 01_sapporo
=======================================================

  芝1000m ...
    train=1765行 / val=428行 / 67列
    params: {'n_estimators': 257, 'learning_rate': 0.010221309955536276, 'num_leaves': 23, 'max_depth': 10, 'min_child_samples': 18, 'reg_alpha': 2.9533383235252932, 'reg_lambda': 0.006221747296657363}
    保存: 芝1000m_v5prime_no26

  芝1200m ...
    train=1765行 / val=428行 / 67列
    params: {'n_estimators': 257, 'learning_rate': 0.010221309955536276, 'num_leaves': 23, 'max_depth': 10, 'min_child_samples': 18, 'reg_alpha': 2.9533383235252932, 'reg_lambda': 0.006221747296657363}
    保存: 芝1200m_v5prime_no26

  芝1500m ...
    train=2273行 / val=569行 / 67列
    params: {'n_estimators': 457, 'learning_rate': 0.04598675496284059, 'num_leaves': 34, 'max_depth': 9, 'min_child_samples': 17, 'reg_alpha': 0.09444083473101433, 'reg_lambda': 1.653528726720999}
    保存: 芝1500m_v5prime_no26

  芝1800m ...
    train=2273行 / val=569行 / 67列
    params: {'n_estimators': 457, 'learning_rate': 0.04598675496284059, 'num_leaves': 34, 'max_depth': 9, 'min_child_samples': 17, 'reg_alpha': 0.09444083473101433, 'reg_lambda': 1.653528726720999}
    保存: 芝1800m_v5prime_no26

  芝2000m ...
    train=1425行 / val=356行 / 67列
    params: {'n_estimators': 420, 'learning_rate': 0.014469361482488454, 'num_leaves': 54, 'max_depth': 3, 'min_child_samples': 20, 'reg_alpha': 0.003151060651827965, 'reg_lambda': 1.9263197180254745}
    保存: 芝2000m_v5prime_no26

  芝2600m ...
    train=537行 / val=122行 / 67列
    params: {'n_estimators': 258, 'learning_rate': 0.011186113907709148, 'num_leaves': 55, 'max_depth': 7, 'min_child_samples': 30, 'reg_alpha': 0.001145610741763563, 'reg_lambda': 0.09492314953126717}
    保存: 芝2600m_v5prime_no26

  ダート1000m ...
    train=983行 / val=240行 / 67列
    params: {'n_estimators': 487, 'learning_rate': 0.00507574424116123, 'num_leaves': 63, 'max_depth': 6, 'min_child_samples': 9, 'reg_alpha': 0.014891314163139279, 'reg_lambda': 0.2636723611782621}
    保存: ダート1000m_v5prime_no26

  ダート1700m ...
    train=3124行 / val=767行 / 67列
    params: {'n_estimators': 405, 'learning_rate': 0.012481462378020485, 'num_leaves': 55, 'max_depth': 7, 'min_child_samples': 22, 'reg_alpha': 0.0043692947101156695, 'reg_lambda': 0.8586560058038903}
    保存: ダート1700m_v5prime_no26

  ダート2400m ...
    train=118行 / val=21行 / 67列
    params: {'n_estimators': 245, 'learning_rate': 0.018585180132685557, 'num_leaves': 37, 'max_depth': 10, 'min_child_samples': 3, 'reg_alpha': 0.00532463457929216, 'reg_lambda': 0.0036382518028858744}
    保存: ダート2400m_v5prime_no26

=======================================================
[学習] 02_hakodate
=======================================================

  芝1000m ...
    train=2685行 / val=669行 / 67列
    params: {'n_estimators': 347, 'learning_rate': 0.020467543734830815, 'num_leaves': 46, 'max_depth': 10, 'min_child_samples': 21, 'reg_alpha': 0.017784946468432317, 'reg_lambda': 0.03308362546133902}
    保存: 芝1000m_v5prime_no26

  芝1200m ...
    train=2685行 / val=669行 / 67列
    params: {'n_estimators': 347, 'learning_rate': 0.020467543734830815, 'num_leaves': 46, 'max_depth': 10, 'min_child_samples': 21, 'reg_alpha': 0.017784946468432317, 'reg_lambda': 0.03308362546133902}
    保存: 芝1200m_v5prime_no26

  芝1800m ...
    train=1243行 / val=300行 / 67列
    params: {'n_estimators': 128, 'learning_rate': 0.006110817364354473, 'num_leaves': 16, 'max_depth': 9, 'min_child_samples': 24, 'reg_alpha': 1.0595897111084032, 'reg_lambda': 2.527985846003494}
    保存: 芝1800m_v5prime_no26

  芝2000m ...
    train=873行 / val=213行 / 67列
    params: {'n_estimators': 420, 'learning_rate': 0.014469361482488454, 'num_leaves': 54, 'max_depth': 3, 'min_child_samples': 20, 'reg_alpha': 0.003151060651827965, 'reg_lambda': 1.9263197180254745}
    保存: 芝2000m_v5prime_no26

  芝2600m ...
    train=362行 / val=88行 / 67列
    params: {'n_estimators': 361, 'learning_rate': 0.008959042707720502, 'num_leaves': 38, 'max_depth': 4, 'min_child_samples': 6, 'reg_alpha': 0.0024198461178770677, 'reg_lambda': 0.19148623742082843}
    保存: 芝2600m_v5prime_no26

  ダート1000m ...
    train=1081行 / val=265行 / 67列
    params: {'n_estimators': 245, 'learning_rate': 0.018585180132685557, 'num_leaves': 37, 'max_depth': 10, 'min_child_samples': 4, 'reg_alpha': 0.00532463457929216, 'reg_lambda': 0.0036382518028858744}
    保存: ダート1000m_v5prime_no26

  ダート1700m ...
    train=2253行 / val=555行 / 67列
    params: {'n_estimators': 420, 'learning_rate': 0.014469361482488454, 'num_leaves': 54, 'max_depth': 3, 'min_child_samples': 20, 'reg_alpha': 0.003151060651827965, 'reg_lambda': 1.9263197180254745}
    保存: ダート1700m_v5prime_no26

  ダート2400m ...
    train=128行 / val=23行 / 67列
    params: {'n_estimators': 379, 'learning_rate': 0.005743749302159308, 'num_leaves': 48, 'max_depth': 8, 'min_child_samples': 4, 'reg_alpha': 0.0028073229099750295, 'reg_lambda': 0.012496333968303307}
    保存: ダート2400m_v5prime_no26

=======================================================
[学習] 03_fukushima
=======================================================

  芝1200m ...
    train=3664行 / val=907行 / 67列
    params: {'n_estimators': 420, 'learning_rate': 0.014469361482488454, 'num_leaves': 54, 'max_depth': 3, 'min_child_samples': 20, 'reg_alpha': 0.003151060651827965, 'reg_lambda': 1.9263197180254745}
    保存: 芝1200m_v5prime_no26

  芝1800m ...
    train=2036行 / val=500行 / 67列
    params: {'n_estimators': 361, 'learning_rate': 0.008959042707720502, 'num_leaves': 38, 'max_depth': 4, 'min_child_samples': 6, 'reg_alpha': 0.0024198461178770677, 'reg_lambda': 0.19148623742082843}
    保存: 芝1800m_v5prime_no26

  芝2000m ...
    train=1680行 / val=419行 / 67列
    params: {'n_estimators': 420, 'learning_rate': 0.014469361482488454, 'num_leaves': 54, 'max_depth': 3, 'min_child_samples': 20, 'reg_alpha': 0.003151060651827965, 'reg_lambda': 1.9263197180254745}
    保存: 芝2000m_v5prime_no26

  芝2600m ...
    train=747行 / val=181行 / 67列
    params: {'n_estimators': 309, 'learning_rate': 0.01299068177733171, 'num_leaves': 28, 'max_depth': 9, 'min_child_samples': 15, 'reg_alpha': 0.09473572117188851, 'reg_lambda': 0.0011623432943295802}
    保存: 芝2600m_v5prime_no26

  ダート1150m ...
    train=2516行 / val=625行 / 67列
    params: {'n_estimators': 420, 'learning_rate': 0.014469361482488454, 'num_leaves': 54, 'max_depth': 3, 'min_child_samples': 20, 'reg_alpha': 0.003151060651827965, 'reg_lambda': 1.9263197180254745}
    保存: ダート1150m_v5prime_no26

  ダート1700m ...
    train=3789行 / val=936行 / 67列
    params: {'n_estimators': 128, 'learning_rate': 0.006110817364354473, 'num_leaves': 16, 'max_depth': 9, 'min_child_samples': 24, 'reg_alpha': 1.0595897111084032, 'reg_lambda': 2.527985846003494}
    保存: ダート1700m_v5prime_no26

  ダート2400m ...
    train=117行 / val=27行 / 67列
    params: {'n_estimators': 347, 'learning_rate': 0.020467543734830815, 'num_leaves': 46, 'max_depth': 10, 'min_child_samples': 8, 'reg_alpha': 0.017784946468432317, 'reg_lambda': 0.03308362546133902}
    保存: ダート2400m_v5prime_no26

=======================================================
[学習] 04_nigata
=======================================================

  芝1000m ...
    train=3124行 / val=770行 / 67列
    params: {'n_estimators': 245, 'learning_rate': 0.018585180132685557, 'num_leaves': 37, 'max_depth': 10, 'min_child_samples': 4, 'reg_alpha': 0.00532463457929216, 'reg_lambda': 0.0036382518028858744}
    保存: 芝1000m_v5prime_no26

  芝1200m ...
    train=3124行 / val=770行 / 67列
    params: {'n_estimators': 245, 'learning_rate': 0.018585180132685557, 'num_leaves': 37, 'max_depth': 10, 'min_child_samples': 4, 'reg_alpha': 0.00532463457929216, 'reg_lambda': 0.0036382518028858744}
    保存: 芝1200m_v5prime_no26

  芝1400m ...
    train=6018行 / val=1487行 / 67列
    params: {'n_estimators': 490, 'learning_rate': 0.03307912095219401, 'num_leaves': 30, 'max_depth': 10, 'min_child_samples': 25, 'reg_alpha': 0.21175140854663585, 'reg_lambda': 0.6856605013900238}
    保存: 芝1400m_v5prime_no26

  芝1600m ...
    train=6018行 / val=1487行 / 67列
    params: {'n_estimators': 490, 'learning_rate': 0.03307912095219401, 'num_leaves': 30, 'max_depth': 10, 'min_child_samples': 25, 'reg_alpha': 0.21175140854663585, 'reg_lambda': 0.6856605013900238}
    保存: 芝1600m_v5prime_no26

  芝1800m ...
    train=6018行 / val=1487行 / 67列
    params: {'n_estimators': 490, 'learning_rate': 0.03307912095219401, 'num_leaves': 30, 'max_depth': 10, 'min_child_samples': 25, 'reg_alpha': 0.21175140854663585, 'reg_lambda': 0.6856605013900238}
    保存: 芝1800m_v5prime_no26

  芝2000m ...
    train=1736行 / val=431行 / 67列
    params: {'n_estimators': 306, 'learning_rate': 0.012920946447288919, 'num_leaves': 44, 'max_depth': 6, 'min_child_samples': 19, 'reg_alpha': 0.04648477009329726, 'reg_lambda': 0.010086150014305576}
    保存: 芝2000m_v5prime_no26

  芝2200m ...
    train=984行 / val=246行 / 67列
    params: {'n_estimators': 155, 'learning_rate': 0.007862349874524862, 'num_leaves': 34, 'max_depth': 9, 'min_child_samples': 4, 'reg_alpha': 0.8196643530198039, 'reg_lambda': 0.0021584690047057415}
    保存: 芝2200m_v5prime_no26

  芝2400m ...
    train=984行 / val=246行 / 67列
    params: {'n_estimators': 155, 'learning_rate': 0.007862349874524862, 'num_leaves': 34, 'max_depth': 9, 'min_child_samples': 4, 'reg_alpha': 0.8196643530198039, 'reg_lambda': 0.0021584690047057415}
    保存: 芝2400m_v5prime_no26

  ダート1200m ...
    train=4314行 / val=1078行 / 67列
    params: {'n_estimators': 155, 'learning_rate': 0.007862349874524862, 'num_leaves': 34, 'max_depth': 9, 'min_child_samples': 4, 'reg_alpha': 0.8196643530198039, 'reg_lambda': 0.0021584690047057415}
    保存: ダート1200m_v5prime_no26

  ダート1800m ...
    train=5083行 / val=1265行 / 67列
    params: {'n_estimators': 279, 'learning_rate': 0.037317680063648606, 'num_leaves': 27, 'max_depth': 7, 'min_child_samples': 19, 'reg_alpha': 0.005988276405235597, 'reg_lambda': 0.7582228512706071}
    保存: ダート1800m_v5prime_no26

  ダート2500m ...
    train=90行 / val=15行 / 67列
    params: {'n_estimators': 264, 'learning_rate': 0.02210514733717751, 'num_leaves': 44, 'max_depth': 7, 'min_child_samples': 4, 'reg_alpha': 0.03020177620899723, 'reg_lambda': 0.00941825763698229}
    保存: ダート2500m_v5prime_no26

=======================================================
[学習] 05_tokyo
=======================================================

  芝1400m ...
    train=12082行 / val=3010行 / 67列
    params: {'n_estimators': 221, 'learning_rate': 0.04750403931085677, 'num_leaves': 62, 'max_depth': 6, 'min_child_samples': 29, 'reg_alpha': 2.584006683164645, 'reg_lambda': 0.17519147151832634}
    保存: 芝1400m_v5prime_no26

  芝1600m ...
    train=12082行 / val=3010行 / 67列
    params: {'n_estimators': 221, 'learning_rate': 0.04750403931085677, 'num_leaves': 62, 'max_depth': 6, 'min_child_samples': 29, 'reg_alpha': 2.584006683164645, 'reg_lambda': 0.17519147151832634}
    保存: 芝1600m_v5prime_no26

  芝1800m ...
    train=12082行 / val=3010行 / 67列
    params: {'n_estimators': 221, 'learning_rate': 0.04750403931085677, 'num_leaves': 62, 'max_depth': 6, 'min_child_samples': 29, 'reg_alpha': 2.584006683164645, 'reg_lambda': 0.17519147151832634}
    保存: 芝1800m_v5prime_no26

  芝2000m ...
    train=2363行 / val=591行 / 67列
    params: {'n_estimators': 457, 'learning_rate': 0.04598675496284059, 'num_leaves': 34, 'max_depth': 9, 'min_child_samples': 17, 'reg_alpha': 0.09444083473101433, 'reg_lambda': 1.653528726720999}
    保存: 芝2000m_v5prime_no26

  芝2300m ...
    train=2034行 / val=508行 / 67列
    params: {'n_estimators': 347, 'learning_rate': 0.020467543734830815, 'num_leaves': 46, 'max_depth': 10, 'min_child_samples': 21, 'reg_alpha': 0.017784946468432317, 'reg_lambda': 0.03308362546133902}
    保存: 芝2300m_v5prime_no26

  芝2400m ...
    train=2034行 / val=508行 / 67列
    params: {'n_estimators': 347, 'learning_rate': 0.020467543734830815, 'num_leaves': 46, 'max_depth': 10, 'min_child_samples': 21, 'reg_alpha': 0.017784946468432317, 'reg_lambda': 0.03308362546133902}
    保存: 芝2400m_v5prime_no26

  芝2500m ...
    train=2034行 / val=508行 / 67列
    params: {'n_estimators': 347, 'learning_rate': 0.020467543734830815, 'num_leaves': 46, 'max_depth': 10, 'min_child_samples': 21, 'reg_alpha': 0.017784946468432317, 'reg_lambda': 0.03308362546133902}
    保存: 芝2500m_v5prime_no26

  芝3400m ...
    train=72行 / val=16行 / 67列
    params: {'n_estimators': 379, 'learning_rate': 0.005743749302159308, 'num_leaves': 48, 'max_depth': 8, 'min_child_samples': 3, 'reg_alpha': 0.0028073229099750295, 'reg_lambda': 0.012496333968303307}
    保存: 芝3400m_v5prime_no26

  ダート1300m ...
    train=1788行 / val=436行 / 67列
    params: {'n_estimators': 245, 'learning_rate': 0.018585180132685557, 'num_leaves': 37, 'max_depth': 10, 'min_child_samples': 4, 'reg_alpha': 0.00532463457929216, 'reg_lambda': 0.0036382518028858744}
    保存: ダート1300m_v5prime_no26

  ダート1400m ...
    train=15083行 / val=3764行 / 67列
    params: {'n_estimators': 379, 'learning_rate': 0.005743749302159308, 'num_leaves': 48, 'max_depth': 8, 'min_child_samples': 8, 'reg_alpha': 0.0028073229099750295, 'reg_lambda': 0.012496333968303307}
    保存: ダート1400m_v5prime_no26

  ダート1600m ...
    train=15083行 / val=3764行 / 67列
    params: {'n_estimators': 379, 'learning_rate': 0.005743749302159308, 'num_leaves': 48, 'max_depth': 8, 'min_child_samples': 8, 'reg_alpha': 0.0028073229099750295, 'reg_lambda': 0.012496333968303307}
    保存: ダート1600m_v5prime_no26

  ダート2100m ...
    train=2646行 / val=662行 / 67列
    params: {'n_estimators': 155, 'learning_rate': 0.007862349874524862, 'num_leaves': 34, 'max_depth': 9, 'min_child_samples': 4, 'reg_alpha': 0.8196643530198039, 'reg_lambda': 0.0021584690047057415}
    保存: ダート2100m_v5prime_no26

  ダート2400m ...
    データなし: スキップ

=======================================================
[学習] 06_nakayama
=======================================================

  芝1200m ...
    train=2431行 / val=596行 / 67列
    params: {'n_estimators': 128, 'learning_rate': 0.006110817364354473, 'num_leaves': 16, 'max_depth': 9, 'min_child_samples': 24, 'reg_alpha': 1.0595897111084032, 'reg_lambda': 2.527985846003494}
    保存: 芝1200m_v5prime_no26

  芝1600m ...
    train=6611行 / val=1653行 / 67列
    params: {'n_estimators': 185, 'learning_rate': 0.017489643561483973, 'num_leaves': 57, 'max_depth': 8, 'min_child_samples': 9, 'reg_alpha': 0.038742060194404786, 'reg_lambda': 0.030764920475491803}
    保存: 芝1600m_v5prime_no26

  芝1800m ...
    train=6611行 / val=1653行 / 67列
    params: {'n_estimators': 185, 'learning_rate': 0.017489643561483973, 'num_leaves': 57, 'max_depth': 8, 'min_child_samples': 9, 'reg_alpha': 0.038742060194404786, 'reg_lambda': 0.030764920475491803}
    保存: 芝1800m_v5prime_no26

  芝2000m ...
    train=3375行 / val=831行 / 67列
    params: {'n_estimators': 420, 'learning_rate': 0.014469361482488454, 'num_leaves': 54, 'max_depth': 3, 'min_child_samples': 20, 'reg_alpha': 0.003151060651827965, 'reg_lambda': 1.9263197180254745}
    保存: 芝2000m_v5prime_no26

  芝2200m ...
    train=1821行 / val=456行 / 67列
    params: {'n_estimators': 487, 'learning_rate': 0.008224475819127915, 'num_leaves': 57, 'max_depth': 8, 'min_child_samples': 2, 'reg_alpha': 0.4471611296684652, 'reg_lambda': 0.010306843379938624}
    保存: 芝2200m_v5prime_no26

  芝2500m ...
    train=1821行 / val=456行 / 67列
    params: {'n_estimators': 487, 'learning_rate': 0.008224475819127915, 'num_leaves': 57, 'max_depth': 8, 'min_child_samples': 2, 'reg_alpha': 0.4471611296684652, 'reg_lambda': 0.010306843379938624}
    保存: 芝2500m_v5prime_no26

  芝3600m ...
    train=72行 / val=14行 / 67列
    params: {'n_estimators': 379, 'learning_rate': 0.005743749302159308, 'num_leaves': 48, 'max_depth': 8, 'min_child_samples': 3, 'reg_alpha': 0.0028073229099750295, 'reg_lambda': 0.012496333968303307}
    保存: 芝3600m_v5prime_no26

  ダート1200m ...
    train=9401行 / val=2345行 / 67列
    params: {'n_estimators': 108, 'learning_rate': 0.0463761764664459, 'num_leaves': 17, 'max_depth': 6, 'min_child_samples': 29, 'reg_alpha': 2.638519885976584, 'reg_lambda': 0.3068785084453601}
    保存: ダート1200m_v5prime_no26

  ダート1800m ...
    train=9808行 / val=2448行 / 67列
    params: {'n_estimators': 320, 'learning_rate': 0.02595131508847582, 'num_leaves': 45, 'max_depth': 7, 'min_child_samples': 14, 'reg_alpha': 0.17613763016070647, 'reg_lambda': 0.03323102927882457}
    保存: ダート1800m_v5prime_no26

  ダート2400m ...
    train=674行 / val=167行 / 67列
    params: {'n_estimators': 227, 'learning_rate': 0.04638945151639016, 'num_leaves': 62, 'max_depth': 6, 'min_child_samples': 29, 'reg_alpha': 0.0010980447267460633, 'reg_lambda': 0.011812419976497741}
    保存: ダート2400m_v5prime_no26

  ダート2500m ...
    train=674行 / val=167行 / 67列
    params: {'n_estimators': 227, 'learning_rate': 0.04638945151639016, 'num_leaves': 62, 'max_depth': 6, 'min_child_samples': 29, 'reg_alpha': 0.0010980447267460633, 'reg_lambda': 0.011812419976497741}
    保存: ダート2500m_v5prime_no26

=======================================================
[学習] 07_chukyo
=======================================================

  芝1200m ...
    train=1678行 / val=414行 / 67列
    params: {'n_estimators': 320, 'learning_rate': 0.02595131508847582, 'num_leaves': 45, 'max_depth': 7, 'min_child_samples': 14, 'reg_alpha': 0.17613763016070647, 'reg_lambda': 0.03323102927882457}
    保存: 芝1200m_v5prime_no26

  芝1400m ...
    train=5049行 / val=1253行 / 67列
    params: {'n_estimators': 347, 'learning_rate': 0.020467543734830815, 'num_leaves': 46, 'max_depth': 10, 'min_child_samples': 21, 'reg_alpha': 0.017784946468432317, 'reg_lambda': 0.03308362546133902}
    保存: 芝1400m_v5prime_no26

  芝1600m ...
    train=5049行 / val=1253行 / 67列
    params: {'n_estimators': 347, 'learning_rate': 0.020467543734830815, 'num_leaves': 46, 'max_depth': 10, 'min_child_samples': 21, 'reg_alpha': 0.017784946468432317, 'reg_lambda': 0.03308362546133902}
    保存: 芝1600m_v5prime_no26

  芝2000m ...
    train=3317行 / val=821行 / 67列
    params: {'n_estimators': 266, 'learning_rate': 0.037317680063648606, 'num_leaves': 40, 'max_depth': 10, 'min_child_samples': 19, 'reg_alpha': 0.007154333511217147, 'reg_lambda': 0.14118455589004184}
    保存: 芝2000m_v5prime_no26

  芝2200m ...
    train=1354行 / val=337行 / 67列
    params: {'n_estimators': 200, 'learning_rate': 0.025490205826327265, 'num_leaves': 30, 'max_depth': 8, 'min_child_samples': 24, 'reg_alpha': 0.08152643601440367, 'reg_lambda': 0.011668422056936367}
    保存: 芝2200m_v5prime_no26

  ダート1200m ...
    train=3253行 / val=814行 / 67列
    params: {'n_estimators': 128, 'learning_rate': 0.006110817364354473, 'num_leaves': 16, 'max_depth': 9, 'min_child_samples': 24, 'reg_alpha': 1.0595897111084032, 'reg_lambda': 2.527985846003494}
    保存: ダート1200m_v5prime_no26

  ダート1400m ...
    train=10035行 / val=2497行 / 67列
    params: {'n_estimators': 320, 'learning_rate': 0.02595131508847582, 'num_leaves': 45, 'max_depth': 7, 'min_child_samples': 14, 'reg_alpha': 0.17613763016070647, 'reg_lambda': 0.03323102927882457}
    保存: ダート1400m_v5prime_no26

  ダート1800m ...
    train=10035行 / val=2497行 / 67列
    params: {'n_estimators': 320, 'learning_rate': 0.02595131508847582, 'num_leaves': 45, 'max_depth': 7, 'min_child_samples': 14, 'reg_alpha': 0.17613763016070647, 'reg_lambda': 0.03323102927882457}
    保存: ダート1800m_v5prime_no26

  ダート1900m ...
    train=1841行 / val=451行 / 67列
    params: {'n_estimators': 320, 'learning_rate': 0.02595131508847582, 'num_leaves': 45, 'max_depth': 7, 'min_child_samples': 14, 'reg_alpha': 0.17613763016070647, 'reg_lambda': 0.03323102927882457}
    保存: ダート1900m_v5prime_no26

=======================================================
[学習] 08_kyoto
=======================================================

  芝1200m ...
    train=1030行 / val=256行 / 67列
    params: {'n_estimators': 283, 'learning_rate': 0.005152511258411923, 'num_leaves': 22, 'max_depth': 7, 'min_child_samples': 10, 'reg_alpha': 0.029425259020558463, 'reg_lambda': 0.001200782917242048}
    保存: 芝1200m_v5prime_no26

  芝1400m ...
    train=5192行 / val=1288行 / 67列
    params: {'n_estimators': 457, 'learning_rate': 0.04598675496284059, 'num_leaves': 34, 'max_depth': 9, 'min_child_samples': 17, 'reg_alpha': 0.09444083473101433, 'reg_lambda': 1.653528726720999}
    保存: 芝1400m_v5prime_no26

  芝1600m ...
    train=5192行 / val=1288行 / 67列
    params: {'n_estimators': 457, 'learning_rate': 0.04598675496284059, 'num_leaves': 34, 'max_depth': 9, 'min_child_samples': 17, 'reg_alpha': 0.09444083473101433, 'reg_lambda': 1.653528726720999}
    保存: 芝1600m_v5prime_no26

  芝1800m ...
    train=5192行 / val=1288行 / 67列
    params: {'n_estimators': 457, 'learning_rate': 0.04598675496284059, 'num_leaves': 34, 'max_depth': 9, 'min_child_samples': 17, 'reg_alpha': 0.09444083473101433, 'reg_lambda': 1.653528726720999}
    保存: 芝1800m_v5prime_no26

  芝2000m ...
    train=1448行 / val=356行 / 67列
    params: {'n_estimators': 245, 'learning_rate': 0.018585180132685557, 'num_leaves': 37, 'max_depth': 10, 'min_child_samples': 4, 'reg_alpha': 0.00532463457929216, 'reg_lambda': 0.0036382518028858744}
    保存: 芝2000m_v5prime_no26

  芝2200m ...
    train=1060行 / val=261行 / 67列
    params: {'n_estimators': 487, 'learning_rate': 0.011622543474450766, 'num_leaves': 62, 'max_depth': 10, 'min_child_samples': 25, 'reg_alpha': 0.21175140854663585, 'reg_lambda': 0.08961642235310069}
    保存: 芝2200m_v5prime_no26

  芝2400m ...
    train=1060行 / val=261行 / 67列
    params: {'n_estimators': 487, 'learning_rate': 0.011622543474450766, 'num_leaves': 62, 'max_depth': 10, 'min_child_samples': 25, 'reg_alpha': 0.21175140854663585, 'reg_lambda': 0.08961642235310069}
    保存: 芝2400m_v5prime_no26

  芝3000m ...
    train=173行 / val=28行 / 67列
    params: {'n_estimators': 361, 'learning_rate': 0.008959042707720502, 'num_leaves': 38, 'max_depth': 4, 'min_child_samples': 4, 'reg_alpha': 0.0024198461178770677, 'reg_lambda': 0.19148623742082843}
    保存: 芝3000m_v5prime_no26

  芝3200m ...
    train=173行 / val=28行 / 67列
    params: {'n_estimators': 361, 'learning_rate': 0.008959042707720502, 'num_leaves': 38, 'max_depth': 4, 'min_child_samples': 4, 'reg_alpha': 0.0024198461178770677, 'reg_lambda': 0.19148623742082843}
    保存: 芝3200m_v5prime_no26

  ダート1200m ...
    train=2435行 / val=608行 / 67列
    params: {'n_estimators': 420, 'learning_rate': 0.014469361482488454, 'num_leaves': 54, 'max_depth': 3, 'min_child_samples': 20, 'reg_alpha': 0.003151060651827965, 'reg_lambda': 1.9263197180254745}
    保存: ダート1200m_v5prime_no26

  ダート1400m ...
    train=7229行 / val=1800行 / 67列
    params: {'n_estimators': 392, 'learning_rate': 0.023397416632956542, 'num_leaves': 21, 'max_depth': 5, 'min_child_samples': 26, 'reg_alpha': 0.010405815337636865, 'reg_lambda': 0.011668422056936367}
    保存: ダート1400m_v5prime_no26

  ダート1800m ...
    train=7229行 / val=1800行 / 67列
    params: {'n_estimators': 392, 'learning_rate': 0.023397416632956542, 'num_leaves': 21, 'max_depth': 5, 'min_child_samples': 26, 'reg_alpha': 0.010405815337636865, 'reg_lambda': 0.011668422056936367}
    保存: ダート1800m_v5prime_no26

  ダート1900m ...
    train=1073行 / val=262行 / 67列
    params: {'n_estimators': 405, 'learning_rate': 0.018427216090866345, 'num_leaves': 31, 'max_depth': 10, 'min_child_samples': 2, 'reg_alpha': 0.033553684529230306, 'reg_lambda': 0.011668422056936367}
    保存: ダート1900m_v5prime_no26

=======================================================
[学習] 09_hanshin
=======================================================

  芝1200m ...
    train=1390行 / val=335行 / 67列
    params: {'n_estimators': 420, 'learning_rate': 0.014469361482488454, 'num_leaves': 54, 'max_depth': 3, 'min_child_samples': 20, 'reg_alpha': 0.003151060651827965, 'reg_lambda': 1.9263197180254745}
    保存: 芝1200m_v5prime_no26

  芝1400m ...
    train=8113行 / val=2018行 / 67列
    params: {'n_estimators': 268, 'learning_rate': 0.034133501277301366, 'num_leaves': 34, 'max_depth': 8, 'min_child_samples': 2, 'reg_alpha': 0.4532339285984625, 'reg_lambda': 0.8134603500934835}
    保存: 芝1400m_v5prime_no26

  芝1600m ...
    train=8113行 / val=2018行 / 67列
    params: {'n_estimators': 268, 'learning_rate': 0.034133501277301366, 'num_leaves': 34, 'max_depth': 8, 'min_child_samples': 2, 'reg_alpha': 0.4532339285984625, 'reg_lambda': 0.8134603500934835}
    保存: 芝1600m_v5prime_no26

  芝1800m ...
    train=8113行 / val=2018行 / 67列
    params: {'n_estimators': 268, 'learning_rate': 0.034133501277301366, 'num_leaves': 34, 'max_depth': 8, 'min_child_samples': 2, 'reg_alpha': 0.4532339285984625, 'reg_lambda': 0.8134603500934835}
    保存: 芝1800m_v5prime_no26

  芝2000m ...
    train=2267行 / val=567行 / 67列
    params: {'n_estimators': 347, 'learning_rate': 0.020467543734830815, 'num_leaves': 46, 'max_depth': 10, 'min_child_samples': 21, 'reg_alpha': 0.017784946468432317, 'reg_lambda': 0.03308362546133902}
    保存: 芝2000m_v5prime_no26

  芝2200m ...
    train=1582行 / val=395行 / 67列
    params: {'n_estimators': 397, 'learning_rate': 0.019298851952243644, 'num_leaves': 44, 'max_depth': 10, 'min_child_samples': 27, 'reg_alpha': 0.3288191100299443, 'reg_lambda': 0.06380484810398498}
    保存: 芝2200m_v5prime_no26

  芝2400m ...
    train=1582行 / val=395行 / 67列
    params: {'n_estimators': 397, 'learning_rate': 0.019298851952243644, 'num_leaves': 44, 'max_depth': 10, 'min_child_samples': 27, 'reg_alpha': 0.3288191100299443, 'reg_lambda': 0.06380484810398498}
    保存: 芝2400m_v5prime_no26

  芝2600m ...
    train=1582行 / val=395行 / 67列
    params: {'n_estimators': 397, 'learning_rate': 0.019298851952243644, 'num_leaves': 44, 'max_depth': 10, 'min_child_samples': 27, 'reg_alpha': 0.3288191100299443, 'reg_lambda': 0.06380484810398498}
    保存: 芝2600m_v5prime_no26

  芝3000m ...
    train=151行 / val=21行 / 67列
    params: {'n_estimators': 361, 'learning_rate': 0.008959042707720502, 'num_leaves': 38, 'max_depth': 4, 'min_child_samples': 4, 'reg_alpha': 0.0024198461178770677, 'reg_lambda': 0.19148623742082843}
    保存: 芝3000m_v5prime_no26

  ダート1200m ...
    train=4395行 / val=1087行 / 67列
    params: {'n_estimators': 309, 'learning_rate': 0.01299068177733171, 'num_leaves': 28, 'max_depth': 9, 'min_child_samples': 15, 'reg_alpha': 0.09473572117188851, 'reg_lambda': 0.0011623432943295802}
    保存: ダート1200m_v5prime_no26

  ダート1400m ...
    train=12576行 / val=3137行 / 67列
    params: {'n_estimators': 268, 'learning_rate': 0.034133501277301366, 'num_leaves': 18, 'max_depth': 8, 'min_child_samples': 12, 'reg_alpha': 0.028211826887339947, 'reg_lambda': 0.06901605557344703}
    保存: ダート1400m_v5prime_no26

  ダート1800m ...
    train=12576行 / val=3137行 / 67列
    params: {'n_estimators': 268, 'learning_rate': 0.034133501277301366, 'num_leaves': 18, 'max_depth': 8, 'min_child_samples': 12, 'reg_alpha': 0.028211826887339947, 'reg_lambda': 0.06901605557344703}
    保存: ダート1800m_v5prime_no26

  ダート2000m ...
    train=1255行 / val=303行 / 67列
    params: {'n_estimators': 181, 'learning_rate': 0.034133501277301366, 'num_leaves': 54, 'max_depth': 6, 'min_child_samples': 22, 'reg_alpha': 0.04235889343884799, 'reg_lambda': 0.04557571886979141}
    保存: ダート2000m_v5prime_no26

=======================================================
[学習] 10_kokura
=======================================================

  芝1200m ...
    train=5497行 / val=1362行 / 67列
    params: {'n_estimators': 420, 'learning_rate': 0.014469361482488454, 'num_leaves': 54, 'max_depth': 3, 'min_child_samples': 20, 'reg_alpha': 0.003151060651827965, 'reg_lambda': 1.9263197180254745}
    保存: 芝1200m_v5prime_no26

  芝1700m ...
    train=2729行 / val=680行 / 67列
    params: {'n_estimators': 128, 'learning_rate': 0.006110817364354473, 'num_leaves': 16, 'max_depth': 9, 'min_child_samples': 24, 'reg_alpha': 1.0595897111084032, 'reg_lambda': 2.527985846003494}
    保存: 芝1700m_v5prime_no26

  芝1800m ...
    train=2729行 / val=680行 / 67列
    params: {'n_estimators': 128, 'learning_rate': 0.006110817364354473, 'num_leaves': 16, 'max_depth': 9, 'min_child_samples': 24, 'reg_alpha': 1.0595897111084032, 'reg_lambda': 2.527985846003494}
    保存: 芝1800m_v5prime_no26

  芝2000m ...
    train=2468行 / val=615行 / 67列
    params: {'n_estimators': 420, 'learning_rate': 0.014469361482488454, 'num_leaves': 54, 'max_depth': 3, 'min_child_samples': 20, 'reg_alpha': 0.003151060651827965, 'reg_lambda': 1.9263197180254745}
    保存: 芝2000m_v5prime_no26

  芝2600m ...
    train=632行 / val=156行 / 67列
    params: {'n_estimators': 320, 'learning_rate': 0.02595131508847582, 'num_leaves': 45, 'max_depth': 7, 'min_child_samples': 14, 'reg_alpha': 0.17613763016070647, 'reg_lambda': 0.03323102927882457}
    保存: 芝2600m_v5prime_no26

  ダート1000m ...
    train=1944行 / val=479行 / 67列
    params: {'n_estimators': 128, 'learning_rate': 0.006110817364354473, 'num_leaves': 16, 'max_depth': 9, 'min_child_samples': 24, 'reg_alpha': 1.0595897111084032, 'reg_lambda': 2.527985846003494}
    保存: ダート1000m_v5prime_no26

  ダート1700m ...
    train=4740行 / val=1168行 / 67列
    params: {'n_estimators': 101, 'learning_rate': 0.03698019355857243, 'num_leaves': 57, 'max_depth': 6, 'min_child_samples': 26, 'reg_alpha': 0.0010666784520768683, 'reg_lambda': 0.04557571886979141}
    保存: ダート1700m_v5prime_no26

  ダート2400m ...
    train=117行 / val=27行 / 67列
    params: {'n_estimators': 320, 'learning_rate': 0.02595131508847582, 'num_leaves': 45, 'max_depth': 7, 'min_child_samples': 6, 'reg_alpha': 0.17613763016070647, 'reg_lambda': 0.03323102927882457}
    保存: ダート2400m_v5prime_no26

=======================================================
完了
=======================================================
